******************************************************************************
                  TI ARM Linker PC v20.2.5                     
******************************************************************************
>> Linked Sun Sep 25 20:26:15 2022

OUTPUT FILE NAME:   <lab1_3.2.2_MSP_EXP432P401R_nortos_ccs5.out>
ENTRY POINT SYMBOL: "_c_int00_noargs"  address: 00002dc5


MEMORY CONFIGURATION

         name            origin    length      used     unused   attr    fill
----------------------  --------  ---------  --------  --------  ----  --------
  MAIN                  00000000   00040000  00003215  0003cdeb  R  X
  INFO                  00200000   00004000  00000000  00004000  R  X
  SRAM_CODE             01000000   00010000  00000db8  0000f248  RW X
  SRAM_DATA             20000000   00010000  00000db8  0000f248  RW  


SEGMENT ALLOCATION MAP

run origin  load origin   length   init length attrs members
----------  ----------- ---------- ----------- ----- -------
00000000    00000000    00003218   00003218    r-x
  00000000    00000000    000000e4   000000e4    r-- .intvecs
  000000e4    000000e4    00002fa0   00002fa0    r-x .text
  00003084    00003084    00000101   00000101    r-- .const
  00003188    00003188    00000090   00000090    r-- .cinit
20000000    20000000    00000bb8   00000000    rw-
  20000000    20000000    00000800   00000000    rw- .sysmem
  20000800    20000800    000001e8   00000000    rw- .data
  200009e8    200009e8    000001d0   00000000    rw- .bss
2000fe00    2000fe00    00000200   00000000    rw-
  2000fe00    2000fe00    00000200   00000000    rw- .stack


SECTION ALLOCATION MAP

 output                                  attributes/
section   page    origin      length       input sections
--------  ----  ----------  ----------   ----------------
.intvecs   0    00000000    000000e4     
                  00000000    000000e4     startup_msp432p401r_ccs.obj (.intvecs:retain)

.text      0    000000e4    00002fa0     
                  000000e4    00000a4e     rtsv7M4_T_le_v4SPD16_eabi.lib : _printfi.c.obj (.text:__TI_printfi)
                  00000b32    00000002     startup_msp432p401r_ccs.obj (.text:Default_Handler)
                  00000b34    00000270     rtsv7M4_T_le_v4SPD16_eabi.lib : _printfi.c.obj (.text:_pconv_a)
                  00000da4    000001d0                                   : _printfi.c.obj (.text:_pconv_g)
                  00000f74    000001b6                                   : fd_add_t2.asm.obj (.text)
                  0000112a    00000002                                   : _lock.c.obj (.text:_nop)
                  0000112c    00000168     main.obj (.text:main)
                  00001294    0000013c     rtsv7M4_T_le_v4SPD16_eabi.lib : _printfi.c.obj (.text:_pconv_e)
                  000013d0    00000136                                   : fd_div_t2.asm.obj (.text)
                  00001506    00000002                                   : div0.asm.obj (.text)
                  00001508    00000124                                   : _printfi.c.obj (.text:fcvt)
                  0000162c    00000114                                   : fputs.c.obj (.text:fputs)
                  00001740    00000110                                   : s_scalbn.c.obj (.text:scalbn)
                  00001850    00000104     msp432p4xx_driverlib.lib : cs.o (.text:_CSComputeCLKFrequency)
                  00001954    00000100     rtsv7M4_T_le_v4SPD16_eabi.lib : memory.c.obj (.text:aligned_alloc)
                  00001a54    000000fc                                   : fd_mul_t2.asm.obj (.text)
                  00001b50    000000f8     msp432p4xx_driverlib.lib : cs.o (.text:CS_getDCOFrequency)
                  00001c48    000000e4     rtsv7M4_T_le_v4SPD16_eabi.lib : memory.c.obj (.text:free)
                  00001d2c    000000dc                                   : setvbuf.c.obj (.text:setvbuf)
                  00001e08    000000b1                                   : _printfi.c.obj (.text:_ltostr)
                  00001eb9    00000001     --HOLE-- [fill = 0]
                  00001eba    0000009c                                   : memcpy_t2.asm.obj (.text)
                  00001f56    00000096                                   : ull_div_t2.asm.obj (.text)
                  00001fec    00000094     msp432p4xx_driverlib.lib : sysctl_a.o (.text:SysCtl_A_getTLVInfo)
                  00002080    0000008c     rtsv7M4_T_le_v4SPD16_eabi.lib : fputc.c.obj (.text:fputc)
                  0000210c    00000086                                   : fd_cmp_t2.asm.obj (.text:__aeabi_cdcmple)
                  00002192    00000086                                   : fd_cmp_t2.asm.obj (.text:__aeabi_cdrcmple)
                  00002218    0000007c     msp432p4xx_driverlib.lib : cs.o (.text:_CSGetDOCFrequency)
                  00002294    0000007a     rtsv7M4_T_le_v4SPD16_eabi.lib : memset_t2.asm.obj (.text)
                  0000230e    00000002     --HOLE-- [fill = 0]
                  00002310    00000078     system_msp432p401r.obj (.text:SystemInit)
                  00002388    00000074     rtsv7M4_T_le_v4SPD16_eabi.lib : fclose.c.obj (.text:__TI_closefile)
                  000023fc    00000070                                   : memory.c.obj (.text:split)
                  0000246c    0000006e                                   : _printfi.c.obj (.text:_mcpy)
                  000024da    00000002     --HOLE-- [fill = 0]
                  000024dc    0000006c                                   : hostrename.c.obj (.text:HOSTrename)
                  00002548    00000068                                   : hostlseek.c.obj (.text:HOSTlseek)
                  000025b0    00000068                                   : copy_decompress_lzss.c.obj (.text:decompress:lzss:__TI_decompress_lzss)
                  00002618    00000068                                   : printf.c.obj (.text:printf)
                  00002680    00000064                                   : s_frexp.c.obj (.text:frexp)
                  000026e4    00000064                                   : fseek.c.obj (.text:fseek)
                  00002748    00000062     msp432p4xx_driverlib.lib : cs.o (.text:_CSGetDividerValue)
                  000027aa    00000062     rtsv7M4_T_le_v4SPD16_eabi.lib : _io_perm.c.obj (.text:__TI_wrt_ok)
                  0000280c    00000060                                   : hostopen.c.obj (.text:HOSTopen)
                  0000286c    0000005c                                   : close.c.obj (.text:close)
                  000028c8    00000058                                   : hostread.c.obj (.text:HOSTread)
                  00002920    00000058                                   : hostwrite.c.obj (.text:HOSTwrite)
                  00002978    00000056                                   : _printfi.c.obj (.text:_pconv_f)
                  000029ce    00000054                                   : _ltoa.c.obj (.text:__TI_ltoa)
                  00002a22    00000052                                   : _printfi.c.obj (.text:_ecpy)
                  00002a74    0000004c                                   : fflush.c.obj (.text:__TI_doflush)
                  00002ac0    0000004c                                   : atoi.c.obj (.text:atoi)
                  00002b0c    00000048                                   : exit.c.obj (.text:exit)
                  00002b54    00000048                                   : fd_toi_t2.asm.obj (.text)
                  00002b9c    00000044                                   : hostclose.c.obj (.text:HOSTclose)
                  00002be0    00000044                                   : hostunlink.c.obj (.text:HOSTunlink)
                  00002c24    00000044                                   : autoinit.c.obj (.text:__TI_auto_init_nobinit_nopinit:__TI_auto_init_nobinit_nopinit)
                  00002c68    00000044                                   : getdevice.c.obj (.text:getdevice)
                  00002cac    0000003e                                   : _printfi.c.obj (.text:_fcpy)
                  00002cea    00000002     --HOLE-- [fill = 0]
                  00002cec    00000038                                   : trgmsg.c.obj (.text:__TI_writemsg)
                  00002d24    00000036                                   : strncpy.c.obj (.text:strncpy)
                  00002d5a    00000002     --HOLE-- [fill = 0]
                  00002d5c    00000034                                   : fopen.c.obj (.text:__TI_cleanup)
                  00002d90    00000034                                   : trgmsg.c.obj (.text:__TI_readmsg)
                  00002dc4    00000034                                   : boot_cortex_m.c.obj (.text:_c_int00_noargs:_c_int00_noargs)
                  00002df8    00000030     msp432p4xx_driverlib.lib : cs.o (.text:CS_clearInterruptFlag)
                  00002e28    00000030     rtsv7M4_T_le_v4SPD16_eabi.lib : getdevice.c.obj (.text:finddevice)
                  00002e58    0000002e                                   : i_tofd_t2.asm.obj (.text)
                  00002e86    00000002     --HOLE-- [fill = 0]
                  00002e88    0000002c                                   : unlink.c.obj (.text:unlink)
                  00002eb4    00000028     msp432p4xx_driverlib.lib : cs.o (.text:CS_getMCLK)
                  00002edc    00000028     rtsv7M4_T_le_v4SPD16_eabi.lib : memory.c.obj (.text:free_list_insert)
                  00002f04    00000028                                   : lseek.c.obj (.text:lseek)
                  00002f2c    00000028                                   : write.c.obj (.text:write)
                  00002f54    00000020                                   : memchr.c.obj (.text:memchr)
                  00002f74    0000001c                                   : copy_zero_init.c.obj (.text:decompress:ZI:__TI_zero_init_nomemset:__TI_zero_init_nomemset)
                  00002f90    0000001c                                   : memory.c.obj (.text:free_list_remove)
                  00002fac    0000001c                                   : memccpy.c.obj (.text:memccpy)
                  00002fc8    0000001a                                   : s_copysign.c.obj (.text:copysign)
                  00002fe2    00000018                                   : strcmp.c.obj (.text:strcmp)
                  00002ffa    00000016                                   : strchr.c.obj (.text:strchr)
                  00003010    00000014                                   : strcpy.c.obj (.text:strcpy)
                  00003024    00000014                                   : strlen.c.obj (.text:strlen)
                  00003038    00000012                                   : wcslen.c.obj (.text:wcslen)
                  0000304a    0000000e                                   : copy_decompress_none.c.obj (.text:decompress:none:__TI_decompress_none)
                  00003058    0000000c     startup_msp432p401r_ccs.obj (.text:Reset_Handler)
                  00003064    00000008     rtsv7M4_T_le_v4SPD16_eabi.lib : errno.c.obj (.text:__aeabi_errno_addr)
                  0000306c    00000008                                   : memory.c.obj (.text:malloc)
                  00003074    00000004                                   : printf.c.obj (.text:_outc)
                  00003078    00000004                                   : printf.c.obj (.text:_outs)
                  0000307c    00000004                                   : pre_init.c.obj (.text:_system_pre_init)
                  00003080    00000004                                   : exit.c.obj (.text:abort:abort)

.const     0    00003084    00000101     
                  00003084    00000101     rtsv7M4_T_le_v4SPD16_eabi.lib : ctype.c.obj (.const:.string:_ctypes_)

.cinit     0    00003188    00000090     
                  00003188    00000066     (.cinit..data.load) [load image, compression = lzss]
                  000031ee    00000002     --HOLE-- [fill = 0]
                  000031f0    0000000c     (__TI_handler_table)
                  000031fc    00000004     --HOLE-- [fill = 0]
                  00003200    00000008     (.cinit..bss.load) [load image, compression = zero_init]
                  00003208    00000010     (__TI_cinit_table)

.init_array 
*          0    00000000    00000000     UNINITIALIZED

.binit     0    00000000    00000000     

.sysmem    0    20000000    00000800     UNINITIALIZED
                  20000000    00000010     rtsv7M4_T_le_v4SPD16_eabi.lib : memory.c.obj (.sysmem)
                  20000010    000007f0     --HOLE--

.data      0    20000800    000001e8     UNINITIALIZED
                  20000800    000000f0     rtsv7M4_T_le_v4SPD16_eabi.lib : defs.c.obj (.data:_ftable)
                  200008f0    00000078                                   : host_device.c.obj (.data:_device)
                  20000968    00000050                                   : host_device.c.obj (.data:_stream)
                  200009b8    00000010                                   : defs.c.obj (.data)
                  200009c8    0000000c                                   : exit.c.obj (.data:$O1$$)
                  200009d4    00000008                                   : _lock.c.obj (.data:$O1$$)
                  200009dc    00000008                                   : memory.c.obj (.data:$O1$$)
                  200009e4    00000004                                   : errno.c.obj (.data)

.bss       0    200009e8    000001d0     UNINITIALIZED
                  200009e8    00000120     rtsv7M4_T_le_v4SPD16_eabi.lib : trgmsg.c.obj (.bss:_CIOBUF_)
                  20000b08    000000a0     (.common:__TI_tmpnams)
                  20000ba8    00000008     msp432p4xx_driverlib.lib : cs.o (.bss)
                  20000bb0    00000008     (.common:parmbuf)

.stack     0    2000fe00    00000200     UNINITIALIZED
                  2000fe00    00000004     rtsv7M4_T_le_v4SPD16_eabi.lib : boot_cortex_m.c.obj (.stack)
                  2000fe04    000001fc     --HOLE--

__llvm_prf_cnts 
*          0    20000000    00000000     UNINITIALIZED

MODULE SUMMARY

       Module                        code    ro data   rw data
       ------                        ----    -------   -------
    .\
       main.obj                      360     0         0      
       system_msp432p401r.obj        120     0         0      
    +--+-----------------------------+-------+---------+---------+
       Total:                        480     0         0      
                                                              
    .\ccs\
       startup_msp432p401r_ccs.obj   14      228       0      
    +--+-----------------------------+-------+---------+---------+
       Total:                        14      228       0      
                                                              
    C:/ti/simplelink_msp432p4_sdk_3_40_01_02/source/ti/devices/msp432p4xx/driverlib/ccs/msp432p4xx_driverlib.lib
       cs.o                          818     0         16     
       sysctl_a.o                    148     0         0      
    +--+-----------------------------+-------+---------+---------+
       Total:                        966     0         16     
                                                              
    C:\Software\ti\ccs1040\ccs\tools\compiler\ti-cgt-arm_20.2.5.LTS\lib\rtsv7M4_T_le_v4SPD16_eabi.lib
       _printfi.c.obj                4851    0         0      
       defs.c.obj                    0       0         832    
       memory.c.obj                  672     0         16     
       trgmsg.c.obj                  108     0         576    
       fd_add_t2.asm.obj             438     0         0      
       host_device.c.obj             0       0         400    
       fd_div_t2.asm.obj             310     0         0      
       fputs.c.obj                   276     0         0      
       s_scalbn.c.obj                272     0         0      
       fd_cmp_t2.asm.obj             268     0         0      
       ctype.c.obj                   0       257       0      
       fd_mul_t2.asm.obj             252     0         0      
       setvbuf.c.obj                 220     0         0      
       memcpy_t2.asm.obj             156     0         0      
       ull_div_t2.asm.obj            150     0         0      
       fputc.c.obj                   140     0         0      
       memset_t2.asm.obj             122     0         0      
       fclose.c.obj                  116     0         0      
       getdevice.c.obj               116     0         0      
       hostopen.c.obj                96      0         16     
       printf.c.obj                  112     0         0      
       hostrename.c.obj              108     0         0      
       copy_decompress_lzss.c.obj    104     0         0      
       hostlseek.c.obj               104     0         0      
       exit.c.obj                    76      0         24     
       fseek.c.obj                   100     0         0      
       s_frexp.c.obj                 100     0         0      
       _io_perm.c.obj                98      0         0      
       close.c.obj                   92      0         0      
       hostread.c.obj                88      0         0      
       hostwrite.c.obj               88      0         0      
       _ltoa.c.obj                   84      0         0      
       atoi.c.obj                    76      0         0      
       fflush.c.obj                  76      0         0      
       fd_toi_t2.asm.obj             72      0         0      
       autoinit.c.obj                68      0         0      
       hostclose.c.obj               68      0         0      
       hostunlink.c.obj              68      0         0      
       strncpy.c.obj                 54      0         0      
       boot_cortex_m.c.obj           52      0         0      
       fopen.c.obj                   52      0         0      
       i_tofd_t2.asm.obj             46      0         0      
       unlink.c.obj                  44      0         0      
       lseek.c.obj                   40      0         0      
       write.c.obj                   40      0         0      
       memchr.c.obj                  32      0         0      
       copy_zero_init.c.obj          28      0         0      
       memccpy.c.obj                 28      0         0      
       s_copysign.c.obj              26      0         0      
       strcmp.c.obj                  24      0         0      
       strchr.c.obj                  22      0         0      
       strcpy.c.obj                  20      0         0      
       strlen.c.obj                  20      0         0      
       _lock.c.obj                   2       0         16     
       wcslen.c.obj                  18      0         0      
       errno.c.obj                   8       0         8      
       copy_decompress_none.c.obj    14      0         0      
       pre_init.c.obj                4       0         0      
       div0.asm.obj                  2       0         0      
    +--+-----------------------------+-------+---------+---------+
       Total:                        10721   257       1888   
                                                              
       Heap:                         0       0         4096   
       Stack:                        0       0         1024   
       Linker Generated:             0       138       0      
    +--+-----------------------------+-------+---------+---------+
       Grand Total:                  12181   623       7024   


LINKER GENERATED COPY TABLES

__TI_cinit_table @ 00003208 records: 2, size/record: 8, table size: 16
	.data: load addr=00003188, load size=00000066 bytes, run addr=20000800, run size=000001e8 bytes, compression=lzss
	.bss: load addr=00003200, load size=00000008 bytes, run addr=200009e8, run size=000001d0 bytes, compression=zero_init


LINKER GENERATED HANDLER TABLE

__TI_handler_table @ 000031f0 records: 3, size/record: 4, table size: 12
	index: 0, handler: __TI_decompress_lzss
	index: 1, handler: __TI_decompress_none
	index: 2, handler: __TI_zero_init


GLOBAL SYMBOLS: SORTED ALPHABETICALLY BY Name 

address   name                           
-------   ----                           
00000b33  ADC14_IRQHandler               
00000b33  AES256_IRQHandler              
00000b33  BusFault_Handler               
00003081  C$$EXIT                        
00002d1b  C$$IO$$                        
00000b33  COMP_E0_IRQHandler             
00000b33  COMP_E1_IRQHandler             
00000b33  CS_IRQHandler                  
00002df9  CS_clearInterruptFlag          
00001b51  CS_getDCOFrequency             
00002eb5  CS_getMCLK                     
00000b33  DMA_ERR_IRQHandler             
00000b33  DMA_INT0_IRQHandler            
00000b33  DMA_INT1_IRQHandler            
00000b33  DMA_INT2_IRQHandler            
00000b33  DMA_INT3_IRQHandler            
00000b33  DebugMon_Handler               
00000b33  Default_Handler                
00000b33  EUSCIA0_IRQHandler             
00000b33  EUSCIA1_IRQHandler             
00000b33  EUSCIA2_IRQHandler             
00000b33  EUSCIA3_IRQHandler             
00000b33  EUSCIB0_IRQHandler             
00000b33  EUSCIB1_IRQHandler             
00000b33  EUSCIB2_IRQHandler             
00000b33  EUSCIB3_IRQHandler             
00000b33  FLCTL_IRQHandler               
00000b33  FPU_IRQHandler                 
00002b9d  HOSTclose                      
00002549  HOSTlseek                      
0000280d  HOSTopen                       
000028c9  HOSTread                       
000024dd  HOSTrename                     
00002be1  HOSTunlink                     
00002921  HOSTwrite                      
00000b33  HardFault_Handler              
00000b33  MemManage_Handler              
00000b33  NMI_Handler                    
00000b33  PCM_IRQHandler                 
00000b33  PORT1_IRQHandler               
00000b33  PORT2_IRQHandler               
00000b33  PORT3_IRQHandler               
00000b33  PORT4_IRQHandler               
00000b33  PORT5_IRQHandler               
00000b33  PORT6_IRQHandler               
00000b33  PSS_IRQHandler                 
00000b33  PendSV_Handler                 
00000b33  RTC_C_IRQHandler               
00003059  Reset_Handler                  
00000b33  SVC_Handler                    
00001fed  SysCtl_A_getTLVInfo            
00000b33  SysTick_Handler                
00002311  SystemInit                     
00000b33  T32_INT1_IRQHandler            
00000b33  T32_INT2_IRQHandler            
00000b33  T32_INTC_IRQHandler            
00000b33  TA0_0_IRQHandler               
00000b33  TA0_N_IRQHandler               
00000b33  TA1_0_IRQHandler               
00000b33  TA1_N_IRQHandler               
00000b33  TA2_0_IRQHandler               
00000b33  TA2_N_IRQHandler               
00000b33  TA3_0_IRQHandler               
00000b33  TA3_N_IRQHandler               
00000b33  UsageFault_Handler             
4000480c  WDTCTL_SYM                     
00000b33  WDT_A_IRQHandler               
200009e8  __CIOBUF_                      
20010000  __STACK_END                    
00000200  __STACK_SIZE                   
00000800  __SYSMEM_SIZE                  
00003208  __TI_CINIT_Base                
00003218  __TI_CINIT_Limit               
000031f0  __TI_Handler_Table_Base        
000031fc  __TI_Handler_Table_Limit       
00002c25  __TI_auto_init_nobinit_nopinit 
00002d5d  __TI_cleanup                   
200009c8  __TI_cleanup_ptr               
00002389  __TI_closefile                 
000025b1  __TI_decompress_lzss           
0000304b  __TI_decompress_none           
00002a75  __TI_doflush                   
200009cc  __TI_dtors_ptr                 
200009d0  __TI_enable_exit_profile_output
200009b8  __TI_ft_end                    
000029cf  __TI_ltoa                      
ffffffff  __TI_pprof_out_hndl            
000000e5  __TI_printfi                   
ffffffff  __TI_prof_data_size            
ffffffff  __TI_prof_data_start           
00002d91  __TI_readmsg                   
00000000  __TI_static_base__             
20000b08  __TI_tmpnams                   
00002ced  __TI_writemsg                  
000027ab  __TI_wrt_ok                    
00002f75  __TI_zero_init_nomemset        
0000210d  __aeabi_cdcmpeq                
0000210d  __aeabi_cdcmple                
00002193  __aeabi_cdrcmple               
00002b55  __aeabi_d2iz                   
00000f7f  __aeabi_dadd                   
000013d1  __aeabi_ddiv                   
00001a55  __aeabi_dmul                   
00000f75  __aeabi_dsub                   
00003065  __aeabi_errno_addr             
00002e59  __aeabi_i2d                    
00001507  __aeabi_idiv0                  
00001507  __aeabi_ldiv0                  
00002295  __aeabi_memclr                 
00002295  __aeabi_memclr4                
00002295  __aeabi_memclr8                
00001ebb  __aeabi_memcpy                 
00001ebb  __aeabi_memcpy4                
00001ebb  __aeabi_memcpy8                
00002297  __aeabi_memset                 
00002297  __aeabi_memset4                
00002297  __aeabi_memset8                
200009c4  __aeabi_stderr                 
200009bc  __aeabi_stdin                  
200009c0  __aeabi_stdout                 
00001f57  __aeabi_uldivmod               
ffffffff  __binit__                      
ffffffff  __c_args__                     
UNDEFED   __mpu_init                     
2000fe00  __stack                        
20000000  __start___llvm_prf_cnts        
20000000  __stop___llvm_prf_cnts         
00002dc5  _c_int00_noargs                
00003084  _ctypes_                       
200008f0  _device                        
20000800  _ftable                        
200009d4  _lock                          
0000112b  _nop                           
20000968  _stream                        
20000000  _sys_memory                    
UNDEFED   _system_post_cinit             
0000307d  _system_pre_init               
200009d8  _unlock                        
00003081  abort                          
00001955  aligned_alloc                  
00002ac1  atoi                           
ffffffff  binit                          
0000286d  close                          
00002fc9  copysign                       
00002fc9  copysignl                      
200009e4  errno                          
00002b0d  exit                           
00002e29  finddevice                     
00002081  fputc                          
0000162d  fputs                          
00001c49  free                           
00002681  frexp                          
00002681  frexpl                         
000026e5  fseek                          
00002c69  getdevice                      
00000000  interruptVectors               
00001741  ldexp                          
00001741  ldexpl                         
00002f05  lseek                          
0000112d  main                           
0000306d  malloc                         
00001955  memalign                       
00002fad  memccpy                        
00002f55  memchr                         
00001ebb  memcpy                         
0000229d  memset                         
20000bb0  parmbuf                        
00002619  printf                         
00002081  putc                           
00002e89  remove                         
00001741  scalbn                         
00001741  scalbnl                        
00001d2d  setvbuf                        
00002ffb  strchr                         
00002fe3  strcmp                         
00003011  strcpy                         
00003025  strlen                         
00002d25  strncpy                        
00002e89  unlink                         
00003039  wcslen                         
00002f2d  write                          


GLOBAL SYMBOLS: SORTED BY Symbol Address 

address   name                           
-------   ----                           
00000000  __TI_static_base__             
00000000  interruptVectors               
000000e5  __TI_printfi                   
00000200  __STACK_SIZE                   
00000800  __SYSMEM_SIZE                  
00000b33  ADC14_IRQHandler               
00000b33  AES256_IRQHandler              
00000b33  BusFault_Handler               
00000b33  COMP_E0_IRQHandler             
00000b33  COMP_E1_IRQHandler             
00000b33  CS_IRQHandler                  
00000b33  DMA_ERR_IRQHandler             
00000b33  DMA_INT0_IRQHandler            
00000b33  DMA_INT1_IRQHandler            
00000b33  DMA_INT2_IRQHandler            
00000b33  DMA_INT3_IRQHandler            
00000b33  DebugMon_Handler               
00000b33  Default_Handler                
00000b33  EUSCIA0_IRQHandler             
00000b33  EUSCIA1_IRQHandler             
00000b33  EUSCIA2_IRQHandler             
00000b33  EUSCIA3_IRQHandler             
00000b33  EUSCIB0_IRQHandler             
00000b33  EUSCIB1_IRQHandler             
00000b33  EUSCIB2_IRQHandler             
00000b33  EUSCIB3_IRQHandler             
00000b33  FLCTL_IRQHandler               
00000b33  FPU_IRQHandler                 
00000b33  HardFault_Handler              
00000b33  MemManage_Handler              
00000b33  NMI_Handler                    
00000b33  PCM_IRQHandler                 
00000b33  PORT1_IRQHandler               
00000b33  PORT2_IRQHandler               
00000b33  PORT3_IRQHandler               
00000b33  PORT4_IRQHandler               
00000b33  PORT5_IRQHandler               
00000b33  PORT6_IRQHandler               
00000b33  PSS_IRQHandler                 
00000b33  PendSV_Handler                 
00000b33  RTC_C_IRQHandler               
00000b33  SVC_Handler                    
00000b33  SysTick_Handler                
00000b33  T32_INT1_IRQHandler            
00000b33  T32_INT2_IRQHandler            
00000b33  T32_INTC_IRQHandler            
00000b33  TA0_0_IRQHandler               
00000b33  TA0_N_IRQHandler               
00000b33  TA1_0_IRQHandler               
00000b33  TA1_N_IRQHandler               
00000b33  TA2_0_IRQHandler               
00000b33  TA2_N_IRQHandler               
00000b33  TA3_0_IRQHandler               
00000b33  TA3_N_IRQHandler               
00000b33  UsageFault_Handler             
00000b33  WDT_A_IRQHandler               
00000f75  __aeabi_dsub                   
00000f7f  __aeabi_dadd                   
0000112b  _nop                           
0000112d  main                           
000013d1  __aeabi_ddiv                   
00001507  __aeabi_idiv0                  
00001507  __aeabi_ldiv0                  
0000162d  fputs                          
00001741  ldexp                          
00001741  ldexpl                         
00001741  scalbn                         
00001741  scalbnl                        
00001955  aligned_alloc                  
00001955  memalign                       
00001a55  __aeabi_dmul                   
00001b51  CS_getDCOFrequency             
00001c49  free                           
00001d2d  setvbuf                        
00001ebb  __aeabi_memcpy                 
00001ebb  __aeabi_memcpy4                
00001ebb  __aeabi_memcpy8                
00001ebb  memcpy                         
00001f57  __aeabi_uldivmod               
00001fed  SysCtl_A_getTLVInfo            
00002081  fputc                          
00002081  putc                           
0000210d  __aeabi_cdcmpeq                
0000210d  __aeabi_cdcmple                
00002193  __aeabi_cdrcmple               
00002295  __aeabi_memclr                 
00002295  __aeabi_memclr4                
00002295  __aeabi_memclr8                
00002297  __aeabi_memset                 
00002297  __aeabi_memset4                
00002297  __aeabi_memset8                
0000229d  memset                         
00002311  SystemInit                     
00002389  __TI_closefile                 
000024dd  HOSTrename                     
00002549  HOSTlseek                      
000025b1  __TI_decompress_lzss           
00002619  printf                         
00002681  frexp                          
00002681  frexpl                         
000026e5  fseek                          
000027ab  __TI_wrt_ok                    
0000280d  HOSTopen                       
0000286d  close                          
000028c9  HOSTread                       
00002921  HOSTwrite                      
000029cf  __TI_ltoa                      
00002a75  __TI_doflush                   
00002ac1  atoi                           
00002b0d  exit                           
00002b55  __aeabi_d2iz                   
00002b9d  HOSTclose                      
00002be1  HOSTunlink                     
00002c25  __TI_auto_init_nobinit_nopinit 
00002c69  getdevice                      
00002ced  __TI_writemsg                  
00002d1b  C$$IO$$                        
00002d25  strncpy                        
00002d5d  __TI_cleanup                   
00002d91  __TI_readmsg                   
00002dc5  _c_int00_noargs                
00002df9  CS_clearInterruptFlag          
00002e29  finddevice                     
00002e59  __aeabi_i2d                    
00002e89  remove                         
00002e89  unlink                         
00002eb5  CS_getMCLK                     
00002f05  lseek                          
00002f2d  write                          
00002f55  memchr                         
00002f75  __TI_zero_init_nomemset        
00002fad  memccpy                        
00002fc9  copysign                       
00002fc9  copysignl                      
00002fe3  strcmp                         
00002ffb  strchr                         
00003011  strcpy                         
00003025  strlen                         
00003039  wcslen                         
0000304b  __TI_decompress_none           
00003059  Reset_Handler                  
00003065  __aeabi_errno_addr             
0000306d  malloc                         
0000307d  _system_pre_init               
00003081  C$$EXIT                        
00003081  abort                          
00003084  _ctypes_                       
000031f0  __TI_Handler_Table_Base        
000031fc  __TI_Handler_Table_Limit       
00003208  __TI_CINIT_Base                
00003218  __TI_CINIT_Limit               
20000000  __start___llvm_prf_cnts        
20000000  __stop___llvm_prf_cnts         
20000000  _sys_memory                    
20000800  _ftable                        
200008f0  _device                        
20000968  _stream                        
200009b8  __TI_ft_end                    
200009bc  __aeabi_stdin                  
200009c0  __aeabi_stdout                 
200009c4  __aeabi_stderr                 
200009c8  __TI_cleanup_ptr               
200009cc  __TI_dtors_ptr                 
200009d0  __TI_enable_exit_profile_output
200009d4  _lock                          
200009d8  _unlock                        
200009e4  errno                          
200009e8  __CIOBUF_                      
20000b08  __TI_tmpnams                   
20000bb0  parmbuf                        
2000fe00  __stack                        
20010000  __STACK_END                    
4000480c  WDTCTL_SYM                     
ffffffff  __TI_pprof_out_hndl            
ffffffff  __TI_prof_data_size            
ffffffff  __TI_prof_data_start           
ffffffff  __binit__                      
ffffffff  __c_args__                     
ffffffff  binit                          
UNDEFED   __mpu_init                     
UNDEFED   _system_post_cinit             

[181 symbols]
