<?xml version="1.0" encoding="ISO-8859-1" ?>
<link_info>
   <banner>TI ARM Linker PC v20.2.5.LTS</banner>
   <copyright>Copyright (c) 1996-2018 Texas Instruments Incorporated</copyright>
   <link_time>0x6328c900</link_time>
   <link_errors>0x0</link_errors>
   <output_file>lab1_3.1_MSP_EXP432P401R_nortos_ccs3.out</output_file>
   <entry_point>
      <name>_c_int00_noargs</name>
      <address>0x2dc5</address>
   </entry_point>
   <input_file_list>
      <input_file id="fl-2">
         <path>.\</path>
         <kind>object</kind>
         <file>main.obj</file>
         <name>main.obj</name>
      </input_file>
      <input_file id="fl-3">
         <path>.\</path>
         <kind>object</kind>
         <file>system_msp432p401r.obj</file>
         <name>system_msp432p401r.obj</name>
      </input_file>
      <input_file id="fl-4">
         <path>.\ccs\</path>
         <kind>object</kind>
         <file>startup_msp432p401r_ccs.obj</file>
         <name>startup_msp432p401r_ccs.obj</name>
      </input_file>
      <input_file id="fl-e">
         <kind>object</kind>
         <file>&lt;internal&gt;</file>
         <name>&lt;internal&gt;</name>
      </input_file>
      <input_file id="fl-f">
         <path>C:\ti\simplelink_msp432p4_sdk_3_40_01_02\source\ti\devices\msp432p4xx\driverlib\ccs\</path>
         <kind>archive</kind>
         <file>msp432p4xx_driverlib.lib</file>
         <name>cs.o</name>
      </input_file>
      <input_file id="fl-10">
         <path>C:\ti\simplelink_msp432p4_sdk_3_40_01_02\source\ti\devices\msp432p4xx\driverlib\ccs\</path>
         <kind>archive</kind>
         <file>msp432p4xx_driverlib.lib</file>
         <name>interrupt.o</name>
      </input_file>
      <input_file id="fl-11">
         <path>C:\ti\simplelink_msp432p4_sdk_3_40_01_02\source\ti\devices\msp432p4xx\driverlib\ccs\</path>
         <kind>archive</kind>
         <file>msp432p4xx_driverlib.lib</file>
         <name>sysctl_a.o</name>
      </input_file>
      <input_file id="fl-12">
         <path>C:\ti\simplelink_msp432p4_sdk_3_40_01_02\source\ti\devices\msp432p4xx\driverlib\ccs\</path>
         <kind>archive</kind>
         <file>msp432p4xx_driverlib.lib</file>
         <name>cpu.o</name>
      </input_file>
      <input_file id="fl-c8">
         <path>C:\ti\ccs1040\ccs\tools\compiler\ti-cgt-arm_20.2.5.LTS\lib\</path>
         <kind>archive</kind>
         <file>rtsv7M4_T_le_v4SPD16_eabi.lib</file>
         <name>printf.c.obj</name>
      </input_file>
      <input_file id="fl-c9">
         <path>C:\ti\ccs1040\ccs\tools\compiler\ti-cgt-arm_20.2.5.LTS\lib\</path>
         <kind>archive</kind>
         <file>rtsv7M4_T_le_v4SPD16_eabi.lib</file>
         <name>_printfi.c.obj</name>
      </input_file>
      <input_file id="fl-ca">
         <path>C:\ti\ccs1040\ccs\tools\compiler\ti-cgt-arm_20.2.5.LTS\lib\</path>
         <kind>archive</kind>
         <file>rtsv7M4_T_le_v4SPD16_eabi.lib</file>
         <name>fputc.c.obj</name>
      </input_file>
      <input_file id="fl-cb">
         <path>C:\ti\ccs1040\ccs\tools\compiler\ti-cgt-arm_20.2.5.LTS\lib\</path>
         <kind>archive</kind>
         <file>rtsv7M4_T_le_v4SPD16_eabi.lib</file>
         <name>fputs.c.obj</name>
      </input_file>
      <input_file id="fl-cc">
         <path>C:\ti\ccs1040\ccs\tools\compiler\ti-cgt-arm_20.2.5.LTS\lib\</path>
         <kind>archive</kind>
         <file>rtsv7M4_T_le_v4SPD16_eabi.lib</file>
         <name>_io_perm.c.obj</name>
      </input_file>
      <input_file id="fl-cd">
         <path>C:\ti\ccs1040\ccs\tools\compiler\ti-cgt-arm_20.2.5.LTS\lib\</path>
         <kind>archive</kind>
         <file>rtsv7M4_T_le_v4SPD16_eabi.lib</file>
         <name>setvbuf.c.obj</name>
      </input_file>
      <input_file id="fl-ce">
         <path>C:\ti\ccs1040\ccs\tools\compiler\ti-cgt-arm_20.2.5.LTS\lib\</path>
         <kind>archive</kind>
         <file>rtsv7M4_T_le_v4SPD16_eabi.lib</file>
         <name>s_frexp.c.obj</name>
      </input_file>
      <input_file id="fl-cf">
         <path>C:\ti\ccs1040\ccs\tools\compiler\ti-cgt-arm_20.2.5.LTS\lib\</path>
         <kind>archive</kind>
         <file>rtsv7M4_T_le_v4SPD16_eabi.lib</file>
         <name>s_scalbn.c.obj</name>
      </input_file>
      <input_file id="fl-d0">
         <path>C:\ti\ccs1040\ccs\tools\compiler\ti-cgt-arm_20.2.5.LTS\lib\</path>
         <kind>archive</kind>
         <file>rtsv7M4_T_le_v4SPD16_eabi.lib</file>
         <name>wcslen.c.obj</name>
      </input_file>
      <input_file id="fl-d1">
         <path>C:\ti\ccs1040\ccs\tools\compiler\ti-cgt-arm_20.2.5.LTS\lib\</path>
         <kind>archive</kind>
         <file>rtsv7M4_T_le_v4SPD16_eabi.lib</file>
         <name>fd_add_t2.asm.obj</name>
      </input_file>
      <input_file id="fl-d2">
         <path>C:\ti\ccs1040\ccs\tools\compiler\ti-cgt-arm_20.2.5.LTS\lib\</path>
         <kind>archive</kind>
         <file>rtsv7M4_T_le_v4SPD16_eabi.lib</file>
         <name>fd_cmp_t2.asm.obj</name>
      </input_file>
      <input_file id="fl-d3">
         <path>C:\ti\ccs1040\ccs\tools\compiler\ti-cgt-arm_20.2.5.LTS\lib\</path>
         <kind>archive</kind>
         <file>rtsv7M4_T_le_v4SPD16_eabi.lib</file>
         <name>fd_div_t2.asm.obj</name>
      </input_file>
      <input_file id="fl-d4">
         <path>C:\ti\ccs1040\ccs\tools\compiler\ti-cgt-arm_20.2.5.LTS\lib\</path>
         <kind>archive</kind>
         <file>rtsv7M4_T_le_v4SPD16_eabi.lib</file>
         <name>fd_mul_t2.asm.obj</name>
      </input_file>
      <input_file id="fl-d5">
         <path>C:\ti\ccs1040\ccs\tools\compiler\ti-cgt-arm_20.2.5.LTS\lib\</path>
         <kind>archive</kind>
         <file>rtsv7M4_T_le_v4SPD16_eabi.lib</file>
         <name>fd_toi_t2.asm.obj</name>
      </input_file>
      <input_file id="fl-d6">
         <path>C:\ti\ccs1040\ccs\tools\compiler\ti-cgt-arm_20.2.5.LTS\lib\</path>
         <kind>archive</kind>
         <file>rtsv7M4_T_le_v4SPD16_eabi.lib</file>
         <name>i_tofd_t2.asm.obj</name>
      </input_file>
      <input_file id="fl-d7">
         <path>C:\ti\ccs1040\ccs\tools\compiler\ti-cgt-arm_20.2.5.LTS\lib\</path>
         <kind>archive</kind>
         <file>rtsv7M4_T_le_v4SPD16_eabi.lib</file>
         <name>memcpy_t2.asm.obj</name>
      </input_file>
      <input_file id="fl-d8">
         <path>C:\ti\ccs1040\ccs\tools\compiler\ti-cgt-arm_20.2.5.LTS\lib\</path>
         <kind>archive</kind>
         <file>rtsv7M4_T_le_v4SPD16_eabi.lib</file>
         <name>ull_div_t2.asm.obj</name>
      </input_file>
      <input_file id="fl-d9">
         <path>C:\ti\ccs1040\ccs\tools\compiler\ti-cgt-arm_20.2.5.LTS\lib\</path>
         <kind>archive</kind>
         <file>rtsv7M4_T_le_v4SPD16_eabi.lib</file>
         <name>memset_t2.asm.obj</name>
      </input_file>
      <input_file id="fl-da">
         <path>C:\ti\ccs1040\ccs\tools\compiler\ti-cgt-arm_20.2.5.LTS\lib\</path>
         <kind>archive</kind>
         <file>rtsv7M4_T_le_v4SPD16_eabi.lib</file>
         <name>copy_zero_init.c.obj</name>
      </input_file>
      <input_file id="fl-db">
         <path>C:\ti\ccs1040\ccs\tools\compiler\ti-cgt-arm_20.2.5.LTS\lib\</path>
         <kind>archive</kind>
         <file>rtsv7M4_T_le_v4SPD16_eabi.lib</file>
         <name>copy_decompress_none.c.obj</name>
      </input_file>
      <input_file id="fl-dc">
         <path>C:\ti\ccs1040\ccs\tools\compiler\ti-cgt-arm_20.2.5.LTS\lib\</path>
         <kind>archive</kind>
         <file>rtsv7M4_T_le_v4SPD16_eabi.lib</file>
         <name>copy_decompress_lzss.c.obj</name>
      </input_file>
      <input_file id="fl-dd">
         <path>C:\ti\ccs1040\ccs\tools\compiler\ti-cgt-arm_20.2.5.LTS\lib\</path>
         <kind>archive</kind>
         <file>rtsv7M4_T_le_v4SPD16_eabi.lib</file>
         <name>exit.c.obj</name>
      </input_file>
      <input_file id="fl-de">
         <path>C:\ti\ccs1040\ccs\tools\compiler\ti-cgt-arm_20.2.5.LTS\lib\</path>
         <kind>archive</kind>
         <file>rtsv7M4_T_le_v4SPD16_eabi.lib</file>
         <name>_lock.c.obj</name>
      </input_file>
      <input_file id="fl-df">
         <path>C:\ti\ccs1040\ccs\tools\compiler\ti-cgt-arm_20.2.5.LTS\lib\</path>
         <kind>archive</kind>
         <file>rtsv7M4_T_le_v4SPD16_eabi.lib</file>
         <name>_ltoa.c.obj</name>
      </input_file>
      <input_file id="fl-e0">
         <path>C:\ti\ccs1040\ccs\tools\compiler\ti-cgt-arm_20.2.5.LTS\lib\</path>
         <kind>archive</kind>
         <file>rtsv7M4_T_le_v4SPD16_eabi.lib</file>
         <name>atoi.c.obj</name>
      </input_file>
      <input_file id="fl-e1">
         <path>C:\ti\ccs1040\ccs\tools\compiler\ti-cgt-arm_20.2.5.LTS\lib\</path>
         <kind>archive</kind>
         <file>rtsv7M4_T_le_v4SPD16_eabi.lib</file>
         <name>ctype.c.obj</name>
      </input_file>
      <input_file id="fl-e2">
         <path>C:\ti\ccs1040\ccs\tools\compiler\ti-cgt-arm_20.2.5.LTS\lib\</path>
         <kind>archive</kind>
         <file>rtsv7M4_T_le_v4SPD16_eabi.lib</file>
         <name>defs.c.obj</name>
      </input_file>
      <input_file id="fl-e3">
         <path>C:\ti\ccs1040\ccs\tools\compiler\ti-cgt-arm_20.2.5.LTS\lib\</path>
         <kind>archive</kind>
         <file>rtsv7M4_T_le_v4SPD16_eabi.lib</file>
         <name>memccpy.c.obj</name>
      </input_file>
      <input_file id="fl-e4">
         <path>C:\ti\ccs1040\ccs\tools\compiler\ti-cgt-arm_20.2.5.LTS\lib\</path>
         <kind>archive</kind>
         <file>rtsv7M4_T_le_v4SPD16_eabi.lib</file>
         <name>memchr.c.obj</name>
      </input_file>
      <input_file id="fl-e5">
         <path>C:\ti\ccs1040\ccs\tools\compiler\ti-cgt-arm_20.2.5.LTS\lib\</path>
         <kind>archive</kind>
         <file>rtsv7M4_T_le_v4SPD16_eabi.lib</file>
         <name>memory.c.obj</name>
      </input_file>
      <input_file id="fl-e6">
         <path>C:\ti\ccs1040\ccs\tools\compiler\ti-cgt-arm_20.2.5.LTS\lib\</path>
         <kind>archive</kind>
         <file>rtsv7M4_T_le_v4SPD16_eabi.lib</file>
         <name>strchr.c.obj</name>
      </input_file>
      <input_file id="fl-e7">
         <path>C:\ti\ccs1040\ccs\tools\compiler\ti-cgt-arm_20.2.5.LTS\lib\</path>
         <kind>archive</kind>
         <file>rtsv7M4_T_le_v4SPD16_eabi.lib</file>
         <name>strlen.c.obj</name>
      </input_file>
      <input_file id="fl-e8">
         <path>C:\ti\ccs1040\ccs\tools\compiler\ti-cgt-arm_20.2.5.LTS\lib\</path>
         <kind>archive</kind>
         <file>rtsv7M4_T_le_v4SPD16_eabi.lib</file>
         <name>errno.c.obj</name>
      </input_file>
      <input_file id="fl-e9">
         <path>C:\ti\ccs1040\ccs\tools\compiler\ti-cgt-arm_20.2.5.LTS\lib\</path>
         <kind>archive</kind>
         <file>rtsv7M4_T_le_v4SPD16_eabi.lib</file>
         <name>boot_cortex_m.c.obj</name>
      </input_file>
      <input_file id="fl-ea">
         <path>C:\ti\ccs1040\ccs\tools\compiler\ti-cgt-arm_20.2.5.LTS\lib\</path>
         <kind>archive</kind>
         <file>rtsv7M4_T_le_v4SPD16_eabi.lib</file>
         <name>write.c.obj</name>
      </input_file>
      <input_file id="fl-eb">
         <path>C:\ti\ccs1040\ccs\tools\compiler\ti-cgt-arm_20.2.5.LTS\lib\</path>
         <kind>archive</kind>
         <file>rtsv7M4_T_le_v4SPD16_eabi.lib</file>
         <name>host_device.c.obj</name>
      </input_file>
      <input_file id="fl-ec">
         <path>C:\ti\ccs1040\ccs\tools\compiler\ti-cgt-arm_20.2.5.LTS\lib\</path>
         <kind>archive</kind>
         <file>rtsv7M4_T_le_v4SPD16_eabi.lib</file>
         <name>fflush.c.obj</name>
      </input_file>
      <input_file id="fl-ed">
         <path>C:\ti\ccs1040\ccs\tools\compiler\ti-cgt-arm_20.2.5.LTS\lib\</path>
         <kind>archive</kind>
         <file>rtsv7M4_T_le_v4SPD16_eabi.lib</file>
         <name>fopen.c.obj</name>
      </input_file>
      <input_file id="fl-ee">
         <path>C:\ti\ccs1040\ccs\tools\compiler\ti-cgt-arm_20.2.5.LTS\lib\</path>
         <kind>archive</kind>
         <file>rtsv7M4_T_le_v4SPD16_eabi.lib</file>
         <name>fseek.c.obj</name>
      </input_file>
      <input_file id="fl-ef">
         <path>C:\ti\ccs1040\ccs\tools\compiler\ti-cgt-arm_20.2.5.LTS\lib\</path>
         <kind>archive</kind>
         <file>rtsv7M4_T_le_v4SPD16_eabi.lib</file>
         <name>s_copysign.c.obj</name>
      </input_file>
      <input_file id="fl-f0">
         <path>C:\ti\ccs1040\ccs\tools\compiler\ti-cgt-arm_20.2.5.LTS\lib\</path>
         <kind>archive</kind>
         <file>rtsv7M4_T_le_v4SPD16_eabi.lib</file>
         <name>div0.asm.obj</name>
      </input_file>
      <input_file id="fl-f1">
         <path>C:\ti\ccs1040\ccs\tools\compiler\ti-cgt-arm_20.2.5.LTS\lib\</path>
         <kind>archive</kind>
         <file>rtsv7M4_T_le_v4SPD16_eabi.lib</file>
         <name>autoinit.c.obj</name>
      </input_file>
      <input_file id="fl-f2">
         <path>C:\ti\ccs1040\ccs\tools\compiler\ti-cgt-arm_20.2.5.LTS\lib\</path>
         <kind>archive</kind>
         <file>rtsv7M4_T_le_v4SPD16_eabi.lib</file>
         <name>pre_init.c.obj</name>
      </input_file>
      <input_file id="fl-f3">
         <path>C:\ti\ccs1040\ccs\tools\compiler\ti-cgt-arm_20.2.5.LTS\lib\</path>
         <kind>archive</kind>
         <file>rtsv7M4_T_le_v4SPD16_eabi.lib</file>
         <name>cpy_tbl.c.obj</name>
      </input_file>
      <input_file id="fl-f4">
         <path>C:\ti\ccs1040\ccs\tools\compiler\ti-cgt-arm_20.2.5.LTS\lib\</path>
         <kind>archive</kind>
         <file>rtsv7M4_T_le_v4SPD16_eabi.lib</file>
         <name>args_main.c.obj</name>
      </input_file>
      <input_file id="fl-f5">
         <path>C:\ti\ccs1040\ccs\tools\compiler\ti-cgt-arm_20.2.5.LTS\lib\</path>
         <kind>archive</kind>
         <file>rtsv7M4_T_le_v4SPD16_eabi.lib</file>
         <name>hostclose.c.obj</name>
      </input_file>
      <input_file id="fl-f6">
         <path>C:\ti\ccs1040\ccs\tools\compiler\ti-cgt-arm_20.2.5.LTS\lib\</path>
         <kind>archive</kind>
         <file>rtsv7M4_T_le_v4SPD16_eabi.lib</file>
         <name>hostlseek.c.obj</name>
      </input_file>
      <input_file id="fl-f7">
         <path>C:\ti\ccs1040\ccs\tools\compiler\ti-cgt-arm_20.2.5.LTS\lib\</path>
         <kind>archive</kind>
         <file>rtsv7M4_T_le_v4SPD16_eabi.lib</file>
         <name>hostopen.c.obj</name>
      </input_file>
      <input_file id="fl-f8">
         <path>C:\ti\ccs1040\ccs\tools\compiler\ti-cgt-arm_20.2.5.LTS\lib\</path>
         <kind>archive</kind>
         <file>rtsv7M4_T_le_v4SPD16_eabi.lib</file>
         <name>hostread.c.obj</name>
      </input_file>
      <input_file id="fl-f9">
         <path>C:\ti\ccs1040\ccs\tools\compiler\ti-cgt-arm_20.2.5.LTS\lib\</path>
         <kind>archive</kind>
         <file>rtsv7M4_T_le_v4SPD16_eabi.lib</file>
         <name>hostrename.c.obj</name>
      </input_file>
      <input_file id="fl-fa">
         <path>C:\ti\ccs1040\ccs\tools\compiler\ti-cgt-arm_20.2.5.LTS\lib\</path>
         <kind>archive</kind>
         <file>rtsv7M4_T_le_v4SPD16_eabi.lib</file>
         <name>hostunlink.c.obj</name>
      </input_file>
      <input_file id="fl-fb">
         <path>C:\ti\ccs1040\ccs\tools\compiler\ti-cgt-arm_20.2.5.LTS\lib\</path>
         <kind>archive</kind>
         <file>rtsv7M4_T_le_v4SPD16_eabi.lib</file>
         <name>hostwrite.c.obj</name>
      </input_file>
      <input_file id="fl-fc">
         <path>C:\ti\ccs1040\ccs\tools\compiler\ti-cgt-arm_20.2.5.LTS\lib\</path>
         <kind>archive</kind>
         <file>rtsv7M4_T_le_v4SPD16_eabi.lib</file>
         <name>trgmsg.c.obj</name>
      </input_file>
      <input_file id="fl-fd">
         <path>C:\ti\ccs1040\ccs\tools\compiler\ti-cgt-arm_20.2.5.LTS\lib\</path>
         <kind>archive</kind>
         <file>rtsv7M4_T_le_v4SPD16_eabi.lib</file>
         <name>open.c.obj</name>
      </input_file>
      <input_file id="fl-fe">
         <path>C:\ti\ccs1040\ccs\tools\compiler\ti-cgt-arm_20.2.5.LTS\lib\</path>
         <kind>archive</kind>
         <file>rtsv7M4_T_le_v4SPD16_eabi.lib</file>
         <name>lseek.c.obj</name>
      </input_file>
      <input_file id="fl-ff">
         <path>C:\ti\ccs1040\ccs\tools\compiler\ti-cgt-arm_20.2.5.LTS\lib\</path>
         <kind>archive</kind>
         <file>rtsv7M4_T_le_v4SPD16_eabi.lib</file>
         <name>fclose.c.obj</name>
      </input_file>
      <input_file id="fl-100">
         <path>C:\ti\ccs1040\ccs\tools\compiler\ti-cgt-arm_20.2.5.LTS\lib\</path>
         <kind>archive</kind>
         <file>rtsv7M4_T_le_v4SPD16_eabi.lib</file>
         <name>getdevice.c.obj</name>
      </input_file>
      <input_file id="fl-101">
         <path>C:\ti\ccs1040\ccs\tools\compiler\ti-cgt-arm_20.2.5.LTS\lib\</path>
         <kind>archive</kind>
         <file>rtsv7M4_T_le_v4SPD16_eabi.lib</file>
         <name>strcmp.c.obj</name>
      </input_file>
      <input_file id="fl-102">
         <path>C:\ti\ccs1040\ccs\tools\compiler\ti-cgt-arm_20.2.5.LTS\lib\</path>
         <kind>archive</kind>
         <file>rtsv7M4_T_le_v4SPD16_eabi.lib</file>
         <name>strcpy.c.obj</name>
      </input_file>
      <input_file id="fl-103">
         <path>C:\ti\ccs1040\ccs\tools\compiler\ti-cgt-arm_20.2.5.LTS\lib\</path>
         <kind>archive</kind>
         <file>rtsv7M4_T_le_v4SPD16_eabi.lib</file>
         <name>strncpy.c.obj</name>
      </input_file>
      <input_file id="fl-104">
         <path>C:\ti\ccs1040\ccs\tools\compiler\ti-cgt-arm_20.2.5.LTS\lib\</path>
         <kind>archive</kind>
         <file>rtsv7M4_T_le_v4SPD16_eabi.lib</file>
         <name>remove.c.obj</name>
      </input_file>
      <input_file id="fl-105">
         <path>C:\ti\ccs1040\ccs\tools\compiler\ti-cgt-arm_20.2.5.LTS\lib\</path>
         <kind>archive</kind>
         <file>rtsv7M4_T_le_v4SPD16_eabi.lib</file>
         <name>close.c.obj</name>
      </input_file>
      <input_file id="fl-106">
         <path>C:\ti\ccs1040\ccs\tools\compiler\ti-cgt-arm_20.2.5.LTS\lib\</path>
         <kind>archive</kind>
         <file>rtsv7M4_T_le_v4SPD16_eabi.lib</file>
         <name>unlink.c.obj</name>
      </input_file>
   </input_file_list>
   <object_component_list>
      <object_component id="oc-26">
         <name>.intvecs:retain</name>
         <load_address>0x0</load_address>
         <run_address>0x0</run_address>
         <size>0xe4</size>
         <input_file_ref idref="fl-4"/>
      </object_component>
      <object_component id="oc-145">
         <name>.text:__TI_printfi</name>
         <load_address>0xe4</load_address>
         <run_address>0xe4</run_address>
         <size>0xa4e</size>
         <input_file_ref idref="fl-c9"/>
      </object_component>
      <object_component id="oc-70">
         <name>.text:Default_Handler</name>
         <load_address>0xb32</load_address>
         <run_address>0xb32</run_address>
         <size>0x2</size>
         <input_file_ref idref="fl-4"/>
      </object_component>
      <object_component id="oc-1d6">
         <name>.text:_pconv_a</name>
         <load_address>0xb34</load_address>
         <run_address>0xb34</run_address>
         <size>0x270</size>
         <input_file_ref idref="fl-c9"/>
      </object_component>
      <object_component id="oc-1c4">
         <name>.text:_pconv_g</name>
         <load_address>0xda4</load_address>
         <run_address>0xda4</run_address>
         <size>0x1d0</size>
         <input_file_ref idref="fl-c9"/>
      </object_component>
      <object_component id="oc-273">
         <name>.text</name>
         <load_address>0xf74</load_address>
         <run_address>0xf74</run_address>
         <size>0x1b6</size>
         <input_file_ref idref="fl-d1"/>
      </object_component>
      <object_component id="oc-1fa">
         <name>.text:_nop</name>
         <load_address>0x112a</load_address>
         <run_address>0x112a</run_address>
         <size>0x2</size>
         <input_file_ref idref="fl-de"/>
      </object_component>
      <object_component id="oc-a0">
         <name>.text:main</name>
         <load_address>0x112c</load_address>
         <run_address>0x112c</run_address>
         <size>0x168</size>
         <input_file_ref idref="fl-2"/>
      </object_component>
      <object_component id="oc-1d0">
         <name>.text:_pconv_e</name>
         <load_address>0x1294</load_address>
         <run_address>0x1294</run_address>
         <size>0x13c</size>
         <input_file_ref idref="fl-c9"/>
      </object_component>
      <object_component id="oc-259">
         <name>.text</name>
         <load_address>0x13d0</load_address>
         <run_address>0x13d0</run_address>
         <size>0x136</size>
         <input_file_ref idref="fl-d3"/>
      </object_component>
      <object_component id="oc-312">
         <name>.text</name>
         <load_address>0x1506</load_address>
         <run_address>0x1506</run_address>
         <size>0x2</size>
         <input_file_ref idref="fl-f0"/>
      </object_component>
      <object_component id="oc-285">
         <name>.text:fcvt</name>
         <load_address>0x1508</load_address>
         <run_address>0x1508</run_address>
         <size>0x124</size>
         <input_file_ref idref="fl-c9"/>
      </object_component>
      <object_component id="oc-208">
         <name>.text:fputs</name>
         <load_address>0x162c</load_address>
         <run_address>0x162c</run_address>
         <size>0x114</size>
         <input_file_ref idref="fl-cb"/>
      </object_component>
      <object_component id="oc-299">
         <name>.text:scalbn</name>
         <load_address>0x1740</load_address>
         <run_address>0x1740</run_address>
         <size>0x110</size>
         <input_file_ref idref="fl-cf"/>
      </object_component>
      <object_component id="oc-139">
         <name>.text:_CSComputeCLKFrequency</name>
         <load_address>0x1850</load_address>
         <run_address>0x1850</run_address>
         <size>0x104</size>
         <input_file_ref idref="fl-f"/>
      </object_component>
      <object_component id="oc-3bf">
         <name>.text:aligned_alloc</name>
         <load_address>0x1954</load_address>
         <run_address>0x1954</run_address>
         <size>0x100</size>
         <input_file_ref idref="fl-e5"/>
      </object_component>
      <object_component id="oc-254">
         <name>.text</name>
         <load_address>0x1a54</load_address>
         <run_address>0x1a54</run_address>
         <size>0xfc</size>
         <input_file_ref idref="fl-d4"/>
      </object_component>
      <object_component id="oc-199">
         <name>.text:CS_getDCOFrequency</name>
         <load_address>0x1b50</load_address>
         <run_address>0x1b50</run_address>
         <size>0xf8</size>
         <input_file_ref idref="fl-f"/>
      </object_component>
      <object_component id="oc-37d">
         <name>.text:free</name>
         <load_address>0x1c48</load_address>
         <run_address>0x1c48</run_address>
         <size>0xe4</size>
         <input_file_ref idref="fl-e5"/>
      </object_component>
      <object_component id="oc-34d">
         <name>.text:setvbuf</name>
         <load_address>0x1d2c</load_address>
         <run_address>0x1d2c</run_address>
         <size>0xdc</size>
         <input_file_ref idref="fl-cd"/>
      </object_component>
      <object_component id="oc-1b9">
         <name>.text:_ltostr</name>
         <load_address>0x1e08</load_address>
         <run_address>0x1e08</run_address>
         <size>0xb1</size>
         <input_file_ref idref="fl-c9"/>
      </object_component>
      <object_component id="oc-3a">
         <name>.text</name>
         <load_address>0x1eba</load_address>
         <run_address>0x1eba</run_address>
         <size>0x9c</size>
         <input_file_ref idref="fl-d7"/>
      </object_component>
      <object_component id="oc-24d">
         <name>.text</name>
         <load_address>0x1f56</load_address>
         <run_address>0x1f56</run_address>
         <size>0x96</size>
         <input_file_ref idref="fl-d8"/>
      </object_component>
      <object_component id="oc-236">
         <name>.text:SysCtl_A_getTLVInfo</name>
         <load_address>0x1fec</load_address>
         <run_address>0x1fec</run_address>
         <size>0x94</size>
         <input_file_ref idref="fl-11"/>
      </object_component>
      <object_component id="oc-20f">
         <name>.text:fputc</name>
         <load_address>0x2080</load_address>
         <run_address>0x2080</run_address>
         <size>0x8c</size>
         <input_file_ref idref="fl-ca"/>
      </object_component>
      <object_component id="oc-1bf">
         <name>.text:__aeabi_cdcmple</name>
         <load_address>0x210c</load_address>
         <run_address>0x210c</run_address>
         <size>0x86</size>
         <input_file_ref idref="fl-d2"/>
      </object_component>
      <object_component id="oc-25e">
         <name>.text:__aeabi_cdrcmple</name>
         <load_address>0x2192</load_address>
         <run_address>0x2192</run_address>
         <size>0x86</size>
         <input_file_ref idref="fl-d2"/>
      </object_component>
      <object_component id="oc-23c">
         <name>.text:_CSGetDOCFrequency</name>
         <load_address>0x2218</load_address>
         <run_address>0x2218</run_address>
         <size>0x7c</size>
         <input_file_ref idref="fl-f"/>
      </object_component>
      <object_component id="oc-94">
         <name>.text</name>
         <load_address>0x2294</load_address>
         <run_address>0x2294</run_address>
         <size>0x7a</size>
         <input_file_ref idref="fl-d9"/>
      </object_component>
      <object_component id="oc-b2">
         <name>.text:SystemInit</name>
         <load_address>0x2310</load_address>
         <run_address>0x2310</run_address>
         <size>0x78</size>
         <input_file_ref idref="fl-3"/>
      </object_component>
      <object_component id="oc-3c6">
         <name>.text:__TI_closefile</name>
         <load_address>0x2388</load_address>
         <run_address>0x2388</run_address>
         <size>0x74</size>
         <input_file_ref idref="fl-ff"/>
      </object_component>
      <object_component id="oc-407">
         <name>.text:split</name>
         <load_address>0x23fc</load_address>
         <run_address>0x23fc</run_address>
         <size>0x70</size>
         <input_file_ref idref="fl-e5"/>
      </object_component>
      <object_component id="oc-27e">
         <name>.text:_mcpy</name>
         <load_address>0x246c</load_address>
         <run_address>0x246c</run_address>
         <size>0x6e</size>
         <input_file_ref idref="fl-c9"/>
      </object_component>
      <object_component id="oc-3f6">
         <name>.text:HOSTrename</name>
         <load_address>0x24dc</load_address>
         <run_address>0x24dc</run_address>
         <size>0x6c</size>
         <input_file_ref idref="fl-f9"/>
      </object_component>
      <object_component id="oc-3ea">
         <name>.text:HOSTlseek</name>
         <load_address>0x2548</load_address>
         <run_address>0x2548</run_address>
         <size>0x68</size>
         <input_file_ref idref="fl-f6"/>
      </object_component>
      <object_component id="oc-17">
         <name>.text:decompress:lzss:__TI_decompress_lzss</name>
         <load_address>0x25b0</load_address>
         <run_address>0x25b0</run_address>
         <size>0x68</size>
         <input_file_ref idref="fl-dc"/>
      </object_component>
      <object_component id="oc-e3">
         <name>.text:printf</name>
         <load_address>0x2618</load_address>
         <run_address>0x2618</run_address>
         <size>0x68</size>
         <input_file_ref idref="fl-c8"/>
      </object_component>
      <object_component id="oc-293">
         <name>.text:frexp</name>
         <load_address>0x2680</load_address>
         <run_address>0x2680</run_address>
         <size>0x64</size>
         <input_file_ref idref="fl-ce"/>
      </object_component>
      <object_component id="oc-347">
         <name>.text:fseek</name>
         <load_address>0x26e4</load_address>
         <run_address>0x26e4</run_address>
         <size>0x64</size>
         <input_file_ref idref="fl-ee"/>
      </object_component>
      <object_component id="oc-18d">
         <name>.text:_CSGetDividerValue</name>
         <load_address>0x2748</load_address>
         <run_address>0x2748</run_address>
         <size>0x62</size>
         <input_file_ref idref="fl-f"/>
      </object_component>
      <object_component id="oc-2ca">
         <name>.text:__TI_wrt_ok</name>
         <load_address>0x27aa</load_address>
         <run_address>0x27aa</run_address>
         <size>0x62</size>
         <input_file_ref idref="fl-cc"/>
      </object_component>
      <object_component id="oc-3d2">
         <name>.text:HOSTopen</name>
         <load_address>0x280c</load_address>
         <run_address>0x280c</run_address>
         <size>0x60</size>
         <input_file_ref idref="fl-f7"/>
      </object_component>
      <object_component id="oc-40e">
         <name>.text:close</name>
         <load_address>0x286c</load_address>
         <run_address>0x286c</run_address>
         <size>0x5c</size>
         <input_file_ref idref="fl-105"/>
      </object_component>
      <object_component id="oc-3de">
         <name>.text:HOSTread</name>
         <load_address>0x28c8</load_address>
         <run_address>0x28c8</run_address>
         <size>0x58</size>
         <input_file_ref idref="fl-f8"/>
      </object_component>
      <object_component id="oc-3e4">
         <name>.text:HOSTwrite</name>
         <load_address>0x2920</load_address>
         <run_address>0x2920</run_address>
         <size>0x58</size>
         <input_file_ref idref="fl-fb"/>
      </object_component>
      <object_component id="oc-1ca">
         <name>.text:_pconv_f</name>
         <load_address>0x2978</load_address>
         <run_address>0x2978</run_address>
         <size>0x56</size>
         <input_file_ref idref="fl-c9"/>
      </object_component>
      <object_component id="oc-268">
         <name>.text:__TI_ltoa</name>
         <load_address>0x29ce</load_address>
         <run_address>0x29ce</run_address>
         <size>0x54</size>
         <input_file_ref idref="fl-df"/>
      </object_component>
      <object_component id="oc-278">
         <name>.text:_ecpy</name>
         <load_address>0x2a22</load_address>
         <run_address>0x2a22</run_address>
         <size>0x52</size>
         <input_file_ref idref="fl-c9"/>
      </object_component>
      <object_component id="oc-2d6">
         <name>.text:__TI_doflush</name>
         <load_address>0x2a74</load_address>
         <run_address>0x2a74</run_address>
         <size>0x4c</size>
         <input_file_ref idref="fl-ec"/>
      </object_component>
      <object_component id="oc-1b3">
         <name>.text:atoi</name>
         <load_address>0x2ac0</load_address>
         <run_address>0x2ac0</run_address>
         <size>0x4c</size>
         <input_file_ref idref="fl-e0"/>
      </object_component>
      <object_component id="oc-fb">
         <name>.text:exit</name>
         <load_address>0x2b0c</load_address>
         <run_address>0x2b0c</run_address>
         <size>0x48</size>
         <input_file_ref idref="fl-dd"/>
      </object_component>
      <object_component id="oc-263">
         <name>.text</name>
         <load_address>0x2b54</load_address>
         <run_address>0x2b54</run_address>
         <size>0x48</size>
         <input_file_ref idref="fl-d5"/>
      </object_component>
      <object_component id="oc-3d8">
         <name>.text:HOSTclose</name>
         <load_address>0x2b9c</load_address>
         <run_address>0x2b9c</run_address>
         <size>0x44</size>
         <input_file_ref idref="fl-f5"/>
      </object_component>
      <object_component id="oc-3f0">
         <name>.text:HOSTunlink</name>
         <load_address>0x2be0</load_address>
         <run_address>0x2be0</run_address>
         <size>0x44</size>
         <input_file_ref idref="fl-fa"/>
      </object_component>
      <object_component id="oc-101">
         <name>.text:__TI_auto_init_nobinit_nopinit:__TI_auto_init_nobinit_nopinit</name>
         <load_address>0x2c24</load_address>
         <run_address>0x2c24</run_address>
         <size>0x44</size>
         <input_file_ref idref="fl-f1"/>
      </object_component>
      <object_component id="oc-446">
         <name>.text:getdevice</name>
         <load_address>0x2c68</load_address>
         <run_address>0x2c68</run_address>
         <size>0x44</size>
         <input_file_ref idref="fl-100"/>
      </object_component>
      <object_component id="oc-28b">
         <name>.text:_fcpy</name>
         <load_address>0x2cac</load_address>
         <run_address>0x2cac</run_address>
         <size>0x3e</size>
         <input_file_ref idref="fl-c9"/>
      </object_component>
      <object_component id="oc-41f">
         <name>.text:__TI_writemsg</name>
         <load_address>0x2cec</load_address>
         <run_address>0x2cec</run_address>
         <size>0x38</size>
         <input_file_ref idref="fl-fc"/>
      </object_component>
      <object_component id="oc-468">
         <name>.text:strncpy</name>
         <load_address>0x2d24</load_address>
         <run_address>0x2d24</run_address>
         <size>0x36</size>
         <input_file_ref idref="fl-103"/>
      </object_component>
      <object_component id="oc-389">
         <name>.text:__TI_cleanup</name>
         <load_address>0x2d5c</load_address>
         <run_address>0x2d5c</run_address>
         <size>0x34</size>
         <input_file_ref idref="fl-ed"/>
      </object_component>
      <object_component id="oc-425">
         <name>.text:__TI_readmsg</name>
         <load_address>0x2d90</load_address>
         <run_address>0x2d90</run_address>
         <size>0x34</size>
         <input_file_ref idref="fl-fc"/>
      </object_component>
      <object_component id="oc-58">
         <name>.text:_c_int00_noargs:_c_int00_noargs</name>
         <load_address>0x2dc4</load_address>
         <run_address>0x2dc4</run_address>
         <size>0x34</size>
         <input_file_ref idref="fl-e9"/>
      </object_component>
      <object_component id="oc-193">
         <name>.text:CS_clearInterruptFlag</name>
         <load_address>0x2df8</load_address>
         <run_address>0x2df8</run_address>
         <size>0x30</size>
         <input_file_ref idref="fl-f"/>
      </object_component>
      <object_component id="oc-46e">
         <name>.text:finddevice</name>
         <load_address>0x2e28</load_address>
         <run_address>0x2e28</run_address>
         <size>0x30</size>
         <input_file_ref idref="fl-100"/>
      </object_component>
      <object_component id="oc-26e">
         <name>.text</name>
         <load_address>0x2e58</load_address>
         <run_address>0x2e58</run_address>
         <size>0x2e</size>
         <input_file_ref idref="fl-d6"/>
      </object_component>
      <object_component id="oc-414">
         <name>.text:unlink</name>
         <load_address>0x2e88</load_address>
         <run_address>0x2e88</run_address>
         <size>0x2c</size>
         <input_file_ref idref="fl-106"/>
      </object_component>
      <object_component id="oc-dd">
         <name>.text:CS_getMCLK</name>
         <load_address>0x2eb4</load_address>
         <run_address>0x2eb4</run_address>
         <size>0x28</size>
         <input_file_ref idref="fl-f"/>
      </object_component>
      <object_component id="oc-3b8">
         <name>.text:free_list_insert</name>
         <load_address>0x2edc</load_address>
         <run_address>0x2edc</run_address>
         <size>0x28</size>
         <input_file_ref idref="fl-e5"/>
      </object_component>
      <object_component id="oc-375">
         <name>.text:lseek</name>
         <load_address>0x2f04</load_address>
         <run_address>0x2f04</run_address>
         <size>0x28</size>
         <input_file_ref idref="fl-fe"/>
      </object_component>
      <object_component id="oc-2dc">
         <name>.text:write</name>
         <load_address>0x2f2c</load_address>
         <run_address>0x2f2c</run_address>
         <size>0x28</size>
         <input_file_ref idref="fl-ea"/>
      </object_component>
      <object_component id="oc-2d0">
         <name>.text:memchr</name>
         <load_address>0x2f54</load_address>
         <run_address>0x2f54</run_address>
         <size>0x20</size>
         <input_file_ref idref="fl-e4"/>
      </object_component>
      <object_component id="oc-46">
         <name>.text:decompress:ZI:__TI_zero_init_nomemset:__TI_zero_init_nomemset</name>
         <load_address>0x2f74</load_address>
         <run_address>0x2f74</run_address>
         <size>0x1c</size>
         <input_file_ref idref="fl-da"/>
      </object_component>
      <object_component id="oc-3b2">
         <name>.text:free_list_remove</name>
         <load_address>0x2f90</load_address>
         <run_address>0x2f90</run_address>
         <size>0x1c</size>
         <input_file_ref idref="fl-e5"/>
      </object_component>
      <object_component id="oc-1dc">
         <name>.text:memccpy</name>
         <load_address>0x2fac</load_address>
         <run_address>0x2fac</run_address>
         <size>0x1c</size>
         <input_file_ref idref="fl-e3"/>
      </object_component>
      <object_component id="oc-32b">
         <name>.text:copysign</name>
         <load_address>0x2fc8</load_address>
         <run_address>0x2fc8</run_address>
         <size>0x1a</size>
         <input_file_ref idref="fl-ef"/>
      </object_component>
      <object_component id="oc-485">
         <name>.text:strcmp</name>
         <load_address>0x2fe2</load_address>
         <run_address>0x2fe2</run_address>
         <size>0x18</size>
         <input_file_ref idref="fl-101"/>
      </object_component>
      <object_component id="oc-29f">
         <name>.text:strchr</name>
         <load_address>0x2ffa</load_address>
         <run_address>0x2ffa</run_address>
         <size>0x16</size>
         <input_file_ref idref="fl-e6"/>
      </object_component>
      <object_component id="oc-439">
         <name>.text:strcpy</name>
         <load_address>0x3010</load_address>
         <run_address>0x3010</run_address>
         <size>0x14</size>
         <input_file_ref idref="fl-102"/>
      </object_component>
      <object_component id="oc-1ad">
         <name>.text:strlen</name>
         <load_address>0x3024</load_address>
         <run_address>0x3024</run_address>
         <size>0x14</size>
         <input_file_ref idref="fl-e7"/>
      </object_component>
      <object_component id="oc-1e2">
         <name>.text:wcslen</name>
         <load_address>0x3038</load_address>
         <run_address>0x3038</run_address>
         <size>0x12</size>
         <input_file_ref idref="fl-d0"/>
      </object_component>
      <object_component id="oc-1d">
         <name>.text:decompress:none:__TI_decompress_none</name>
         <load_address>0x304a</load_address>
         <run_address>0x304a</run_address>
         <size>0xe</size>
         <input_file_ref idref="fl-db"/>
      </object_component>
      <object_component id="oc-6a">
         <name>.text:Reset_Handler</name>
         <load_address>0x3058</load_address>
         <run_address>0x3058</run_address>
         <size>0xc</size>
         <input_file_ref idref="fl-4"/>
      </object_component>
      <object_component id="oc-1e8">
         <name>.text:__aeabi_errno_addr</name>
         <load_address>0x3064</load_address>
         <run_address>0x3064</run_address>
         <size>0x8</size>
         <input_file_ref idref="fl-e8"/>
      </object_component>
      <object_component id="oc-383">
         <name>.text:malloc</name>
         <load_address>0x306c</load_address>
         <run_address>0x306c</run_address>
         <size>0x8</size>
         <input_file_ref idref="fl-e5"/>
      </object_component>
      <object_component id="oc-157">
         <name>.text:_outc</name>
         <load_address>0x3074</load_address>
         <run_address>0x3074</run_address>
         <size>0x4</size>
         <input_file_ref idref="fl-c8"/>
      </object_component>
      <object_component id="oc-151">
         <name>.text:_outs</name>
         <load_address>0x3078</load_address>
         <run_address>0x3078</run_address>
         <size>0x4</size>
         <input_file_ref idref="fl-c8"/>
      </object_component>
      <object_component id="oc-9a">
         <name>.text:_system_pre_init</name>
         <load_address>0x307c</load_address>
         <run_address>0x307c</run_address>
         <size>0x4</size>
         <input_file_ref idref="fl-f2"/>
      </object_component>
      <object_component id="oc-f5">
         <name>.text:abort:abort</name>
         <load_address>0x3080</load_address>
         <run_address>0x3080</run_address>
         <size>0x4</size>
         <input_file_ref idref="fl-dd"/>
      </object_component>
      <object_component id="oc-248">
         <name>.const:.string:_ctypes_</name>
         <load_address>0x3084</load_address>
         <run_address>0x3084</run_address>
         <size>0x101</size>
         <input_file_ref idref="fl-e1"/>
      </object_component>
      <object_component id="oc-4c5">
         <name>.cinit..data.load</name>
         <load_address>0x3188</load_address>
         <run_address>0x3188</run_address>
         <size>0x66</size>
      </object_component>
      <object_component id="oc-4c3">
         <name>__TI_handler_table</name>
         <load_address>0x31f0</load_address>
         <run_address>0x31f0</run_address>
         <size>0xc</size>
      </object_component>
      <object_component id="oc-4c6">
         <name>.cinit..bss.load</name>
         <load_address>0x3200</load_address>
         <run_address>0x3200</run_address>
         <size>0x8</size>
      </object_component>
      <object_component id="oc-4c4">
         <name>__TI_cinit_table</name>
         <load_address>0x3208</load_address>
         <run_address>0x3208</run_address>
         <size>0x10</size>
      </object_component>
      <object_component id="oc-497">
         <name>.binit</name>
         <load_address>0x0</load_address>
         <run_address>0x0</run_address>
         <size>0x0</size>
      </object_component>
      <object_component id="oc-171">
         <name>.data:$O1$$</name>
         <load_address>0x200009c8</load_address>
         <run_address>0x200009c8</run_address>
         <size>0xc</size>
         <input_file_ref idref="fl-dd"/>
      </object_component>
      <object_component id="oc-14b">
         <name>.data:$O1$$</name>
         <load_address>0x200009d4</load_address>
         <run_address>0x200009d4</run_address>
         <size>0x8</size>
         <input_file_ref idref="fl-de"/>
      </object_component>
      <object_component id="oc-14e">
         <name>.data:_ftable</name>
         <load_address>0x20000800</load_address>
         <run_address>0x20000800</run_address>
         <size>0xf0</size>
         <input_file_ref idref="fl-e2"/>
      </object_component>
      <object_component id="oc-3cc">
         <name>.data</name>
         <load_address>0x200009b8</load_address>
         <run_address>0x200009b8</run_address>
         <size>0x10</size>
         <input_file_ref idref="fl-e2"/>
      </object_component>
      <object_component id="oc-402">
         <name>.data:$O1$$</name>
         <load_address>0x200009dc</load_address>
         <run_address>0x200009dc</run_address>
         <size>0x8</size>
         <input_file_ref idref="fl-e5"/>
      </object_component>
      <object_component id="oc-2af">
         <name>.data</name>
         <load_address>0x200009e4</load_address>
         <run_address>0x200009e4</run_address>
         <size>0x4</size>
         <input_file_ref idref="fl-e8"/>
      </object_component>
      <object_component id="oc-39c">
         <name>.data:_device</name>
         <load_address>0x200008f0</load_address>
         <run_address>0x200008f0</run_address>
         <size>0x78</size>
         <input_file_ref idref="fl-eb"/>
      </object_component>
      <object_component id="oc-359">
         <name>.data:_stream</name>
         <load_address>0x20000968</load_address>
         <run_address>0x20000968</run_address>
         <size>0x50</size>
         <input_file_ref idref="fl-eb"/>
      </object_component>
      <object_component id="oc-19f">
         <name>.bss</name>
         <uninitialized>true</uninitialized>
         <run_address>0x20000ba8</run_address>
         <size>0x8</size>
         <input_file_ref idref="fl-f"/>
      </object_component>
      <object_component id="oc-450">
         <name>.bss:_CIOBUF_</name>
         <uninitialized>true</uninitialized>
         <run_address>0x200009e8</run_address>
         <size>0x120</size>
         <input_file_ref idref="fl-fc"/>
      </object_component>
      <object_component id="oc-41a">
         <name>.common:__TI_tmpnams</name>
         <uninitialized>true</uninitialized>
         <run_address>0x20000b08</run_address>
         <size>0xa0</size>
      </object_component>
      <object_component id="oc-42b">
         <name>.common:parmbuf</name>
         <uninitialized>true</uninitialized>
         <run_address>0x20000bb0</run_address>
         <size>0x8</size>
      </object_component>
      <object_component id="oc-29">
         <name>.sysmem</name>
         <uninitialized>true</uninitialized>
         <run_address>0x20000000</run_address>
         <size>0x10</size>
         <input_file_ref idref="fl-e5"/>
      </object_component>
      <object_component id="oc-4c9">
         <name>.sysmem</name>
         <uninitialized>true</uninitialized>
         <run_address>0x20000000</run_address>
         <size>0x0</size>
      </object_component>
      <object_component id="oc-2c">
         <name>.stack</name>
         <uninitialized>true</uninitialized>
         <run_address>0x2000fe00</run_address>
         <size>0x4</size>
         <input_file_ref idref="fl-e9"/>
      </object_component>
      <object_component id="oc-4c8">
         <name>.stack</name>
         <uninitialized>true</uninitialized>
         <run_address>0x2000fe00</run_address>
         <size>0x0</size>
      </object_component>
      <object_component id="oc-f4">
         <name>.debug_info</name>
         <load_address>0x0</load_address>
         <run_address>0x0</run_address>
         <size>0x5b0</size>
         <input_file_ref idref="fl-2"/>
      </object_component>
      <object_component id="oc-a2">
         <name>.debug_info</name>
         <load_address>0x5b0</load_address>
         <run_address>0x5b0</run_address>
         <size>0x223</size>
         <input_file_ref idref="fl-2"/>
      </object_component>
      <object_component id="oc-bc">
         <name>.debug_info</name>
         <load_address>0x7d3</load_address>
         <run_address>0x7d3</run_address>
         <size>0x26b</size>
         <input_file_ref idref="fl-2"/>
      </object_component>
      <object_component id="oc-16b">
         <name>.debug_info</name>
         <load_address>0xa3e</load_address>
         <run_address>0xa3e</run_address>
         <size>0x1028</size>
         <input_file_ref idref="fl-2"/>
      </object_component>
      <object_component id="oc-166">
         <name>.debug_info</name>
         <load_address>0x1a66</load_address>
         <run_address>0x1a66</run_address>
         <size>0x37e2</size>
         <input_file_ref idref="fl-2"/>
      </object_component>
      <object_component id="oc-ea">
         <name>.debug_info</name>
         <load_address>0x5248</load_address>
         <run_address>0x5248</run_address>
         <size>0x8b</size>
         <input_file_ref idref="fl-2"/>
      </object_component>
      <object_component id="oc-134">
         <name>.debug_info</name>
         <load_address>0x52d3</load_address>
         <run_address>0x52d3</run_address>
         <size>0x2a4</size>
         <input_file_ref idref="fl-2"/>
      </object_component>
      <object_component id="oc-ef">
         <name>.debug_info</name>
         <load_address>0x5577</load_address>
         <run_address>0x5577</run_address>
         <size>0xbb</size>
         <input_file_ref idref="fl-2"/>
      </object_component>
      <object_component id="oc-15f">
         <name>.debug_info</name>
         <load_address>0x5632</load_address>
         <run_address>0x5632</run_address>
         <size>0x2c</size>
         <input_file_ref idref="fl-2"/>
      </object_component>
      <object_component id="oc-b4">
         <name>.debug_info</name>
         <load_address>0x565e</load_address>
         <run_address>0x565e</run_address>
         <size>0x149</size>
         <input_file_ref idref="fl-3"/>
      </object_component>
      <object_component id="oc-35">
         <name>.debug_info</name>
         <load_address>0x57a7</load_address>
         <run_address>0x57a7</run_address>
         <size>0x84</size>
         <input_file_ref idref="fl-3"/>
      </object_component>
      <object_component id="oc-78">
         <name>.debug_info</name>
         <load_address>0x582b</load_address>
         <run_address>0x582b</run_address>
         <size>0x2e9</size>
         <input_file_ref idref="fl-4"/>
      </object_component>
      <object_component id="oc-27">
         <name>.debug_info</name>
         <load_address>0x5b14</load_address>
         <run_address>0x5b14</run_address>
         <size>0x115</size>
         <input_file_ref idref="fl-4"/>
      </object_component>
      <object_component id="oc-6c">
         <name>.debug_info</name>
         <load_address>0x5c29</load_address>
         <run_address>0x5c29</run_address>
         <size>0x178</size>
         <input_file_ref idref="fl-4"/>
      </object_component>
      <object_component id="oc-71">
         <name>.debug_info</name>
         <load_address>0x5da1</load_address>
         <run_address>0x5da1</run_address>
         <size>0x160</size>
         <input_file_ref idref="fl-4"/>
      </object_component>
      <object_component id="oc-243">
         <name>.debug_info</name>
         <load_address>0x5f01</load_address>
         <run_address>0x5f01</run_address>
         <size>0x807</size>
         <input_file_ref idref="fl-f"/>
      </object_component>
      <object_component id="oc-1a0">
         <name>.debug_info</name>
         <load_address>0x6708</load_address>
         <run_address>0x6708</run_address>
         <size>0x140</size>
         <input_file_ref idref="fl-f"/>
      </object_component>
      <object_component id="oc-18f">
         <name>.debug_info</name>
         <load_address>0x6848</load_address>
         <run_address>0x6848</run_address>
         <size>0x1d9</size>
         <input_file_ref idref="fl-f"/>
      </object_component>
      <object_component id="oc-13b">
         <name>.debug_info</name>
         <load_address>0x6a21</load_address>
         <run_address>0x6a21</run_address>
         <size>0x2a8</size>
         <input_file_ref idref="fl-f"/>
      </object_component>
      <object_component id="oc-23e">
         <name>.debug_info</name>
         <load_address>0x6cc9</load_address>
         <run_address>0x6cc9</run_address>
         <size>0x1be</size>
         <input_file_ref idref="fl-f"/>
      </object_component>
      <object_component id="oc-19a">
         <name>.debug_info</name>
         <load_address>0x6e87</load_address>
         <run_address>0x6e87</run_address>
         <size>0x28f</size>
         <input_file_ref idref="fl-f"/>
      </object_component>
      <object_component id="oc-de">
         <name>.debug_info</name>
         <load_address>0x7116</load_address>
         <run_address>0x7116</run_address>
         <size>0x1e9</size>
         <input_file_ref idref="fl-f"/>
      </object_component>
      <object_component id="oc-194">
         <name>.debug_info</name>
         <load_address>0x72ff</load_address>
         <run_address>0x72ff</run_address>
         <size>0x1d3</size>
         <input_file_ref idref="fl-f"/>
      </object_component>
      <object_component id="oc-2fc">
         <name>.debug_info</name>
         <load_address>0x74d2</load_address>
         <run_address>0x74d2</run_address>
         <size>0x431a</size>
         <input_file_ref idref="fl-f"/>
      </object_component>
      <object_component id="oc-2f7">
         <name>.debug_info</name>
         <load_address>0xb7ec</load_address>
         <run_address>0xb7ec</run_address>
         <size>0x1b5</size>
         <input_file_ref idref="fl-f"/>
      </object_component>
      <object_component id="oc-306">
         <name>.debug_info</name>
         <load_address>0xb9a1</load_address>
         <run_address>0xb9a1</run_address>
         <size>0x26b</size>
         <input_file_ref idref="fl-f"/>
      </object_component>
      <object_component id="oc-301">
         <name>.debug_info</name>
         <load_address>0xbc0c</load_address>
         <run_address>0xbc0c</run_address>
         <size>0x1028</size>
         <input_file_ref idref="fl-f"/>
      </object_component>
      <object_component id="oc-1a8">
         <name>.debug_info</name>
         <load_address>0xcc34</load_address>
         <run_address>0xcc34</run_address>
         <size>0x297</size>
         <input_file_ref idref="fl-f"/>
      </object_component>
      <object_component id="oc-1a3">
         <name>.debug_info</name>
         <load_address>0xcecb</load_address>
         <run_address>0xcecb</run_address>
         <size>0xef</size>
         <input_file_ref idref="fl-f"/>
      </object_component>
      <object_component id="oc-140">
         <name>.debug_info</name>
         <load_address>0xcfba</load_address>
         <run_address>0xcfba</run_address>
         <size>0xbb</size>
         <input_file_ref idref="fl-f"/>
      </object_component>
      <object_component id="oc-2f3">
         <name>.debug_info</name>
         <load_address>0xd075</load_address>
         <run_address>0xd075</run_address>
         <size>0x5c9</size>
         <input_file_ref idref="fl-11"/>
      </object_component>
      <object_component id="oc-239">
         <name>.debug_info</name>
         <load_address>0xd63e</load_address>
         <run_address>0xd63e</run_address>
         <size>0x298</size>
         <input_file_ref idref="fl-11"/>
      </object_component>
      <object_component id="oc-15e">
         <name>.debug_info</name>
         <load_address>0xd8d6</load_address>
         <run_address>0xd8d6</run_address>
         <size>0x3e5</size>
         <input_file_ref idref="fl-c8"/>
      </object_component>
      <object_component id="oc-158">
         <name>.debug_info</name>
         <load_address>0xdcbb</load_address>
         <run_address>0xdcbb</run_address>
         <size>0x157</size>
         <input_file_ref idref="fl-c8"/>
      </object_component>
      <object_component id="oc-152">
         <name>.debug_info</name>
         <load_address>0xde12</load_address>
         <run_address>0xde12</run_address>
         <size>0x166</size>
         <input_file_ref idref="fl-c8"/>
      </object_component>
      <object_component id="oc-e4">
         <name>.debug_info</name>
         <load_address>0xdf78</load_address>
         <run_address>0xdf78</run_address>
         <size>0x1ac</size>
         <input_file_ref idref="fl-c8"/>
      </object_component>
      <object_component id="oc-218">
         <name>.debug_info</name>
         <load_address>0xe124</load_address>
         <run_address>0xe124</run_address>
         <size>0xb2</size>
         <input_file_ref idref="fl-c8"/>
      </object_component>
      <object_component id="oc-1ef">
         <name>.debug_info</name>
         <load_address>0xe1d6</load_address>
         <run_address>0xe1d6</run_address>
         <size>0x590</size>
         <input_file_ref idref="fl-c9"/>
      </object_component>
      <object_component id="oc-1ba">
         <name>.debug_info</name>
         <load_address>0xe766</load_address>
         <run_address>0xe766</run_address>
         <size>0x21e</size>
         <input_file_ref idref="fl-c9"/>
      </object_component>
      <object_component id="oc-27a">
         <name>.debug_info</name>
         <load_address>0xe984</load_address>
         <run_address>0xe984</run_address>
         <size>0x1b3</size>
         <input_file_ref idref="fl-c9"/>
      </object_component>
      <object_component id="oc-280">
         <name>.debug_info</name>
         <load_address>0xeb37</load_address>
         <run_address>0xeb37</run_address>
         <size>0x21b</size>
         <input_file_ref idref="fl-c9"/>
      </object_component>
      <object_component id="oc-1c6">
         <name>.debug_info</name>
         <load_address>0xed52</load_address>
         <run_address>0xed52</run_address>
         <size>0x3c0</size>
         <input_file_ref idref="fl-c9"/>
      </object_component>
      <object_component id="oc-287">
         <name>.debug_info</name>
         <load_address>0xf112</load_address>
         <run_address>0xf112</run_address>
         <size>0x30a</size>
         <input_file_ref idref="fl-c9"/>
      </object_component>
      <object_component id="oc-28d">
         <name>.debug_info</name>
         <load_address>0xf41c</load_address>
         <run_address>0xf41c</run_address>
         <size>0x215</size>
         <input_file_ref idref="fl-c9"/>
      </object_component>
      <object_component id="oc-1cc">
         <name>.debug_info</name>
         <load_address>0xf631</load_address>
         <run_address>0xf631</run_address>
         <size>0x215</size>
         <input_file_ref idref="fl-c9"/>
      </object_component>
      <object_component id="oc-1d1">
         <name>.debug_info</name>
         <load_address>0xf846</load_address>
         <run_address>0xf846</run_address>
         <size>0x304</size>
         <input_file_ref idref="fl-c9"/>
      </object_component>
      <object_component id="oc-1d7">
         <name>.debug_info</name>
         <load_address>0xfb4a</load_address>
         <run_address>0xfb4a</run_address>
         <size>0x4b5</size>
         <input_file_ref idref="fl-c9"/>
      </object_component>
      <object_component id="oc-146">
         <name>.debug_info</name>
         <load_address>0xffff</load_address>
         <run_address>0xffff</run_address>
         <size>0x5f4</size>
         <input_file_ref idref="fl-c9"/>
      </object_component>
      <object_component id="oc-1f0">
         <name>.debug_info</name>
         <load_address>0x105f3</load_address>
         <run_address>0x105f3</run_address>
         <size>0x86</size>
         <input_file_ref idref="fl-c9"/>
      </object_component>
      <object_component id="oc-2bb">
         <name>.debug_info</name>
         <load_address>0x10679</load_address>
         <run_address>0x10679</run_address>
         <size>0x39</size>
         <input_file_ref idref="fl-c9"/>
      </object_component>
      <object_component id="oc-342">
         <name>.debug_info</name>
         <load_address>0x106b2</load_address>
         <run_address>0x106b2</run_address>
         <size>0xb6</size>
         <input_file_ref idref="fl-c9"/>
      </object_component>
      <object_component id="oc-2c0">
         <name>.debug_info</name>
         <load_address>0x10768</load_address>
         <run_address>0x10768</run_address>
         <size>0x46</size>
         <input_file_ref idref="fl-c9"/>
      </object_component>
      <object_component id="oc-1f5">
         <name>.debug_info</name>
         <load_address>0x107ae</load_address>
         <run_address>0x107ae</run_address>
         <size>0x46</size>
         <input_file_ref idref="fl-c9"/>
      </object_component>
      <object_component id="oc-2b6">
         <name>.debug_info</name>
         <load_address>0x107f4</load_address>
         <run_address>0x107f4</run_address>
         <size>0x2c</size>
         <input_file_ref idref="fl-c9"/>
      </object_component>
      <object_component id="oc-2e5">
         <name>.debug_info</name>
         <load_address>0x10820</load_address>
         <run_address>0x10820</run_address>
         <size>0x383</size>
         <input_file_ref idref="fl-ca"/>
      </object_component>
      <object_component id="oc-211">
         <name>.debug_info</name>
         <load_address>0x10ba3</load_address>
         <run_address>0x10ba3</run_address>
         <size>0x1ea</size>
         <input_file_ref idref="fl-ca"/>
      </object_component>
      <object_component id="oc-2e3">
         <name>.debug_info</name>
         <load_address>0x10d8d</load_address>
         <run_address>0x10d8d</run_address>
         <size>0x3fc</size>
         <input_file_ref idref="fl-cb"/>
      </object_component>
      <object_component id="oc-209">
         <name>.debug_info</name>
         <load_address>0x11189</load_address>
         <run_address>0x11189</run_address>
         <size>0x2e2</size>
         <input_file_ref idref="fl-cb"/>
      </object_component>
      <object_component id="oc-d4">
         <name>.debug_info</name>
         <load_address>0x1146b</load_address>
         <run_address>0x1146b</run_address>
         <size>0x2c</size>
         <input_file_ref idref="fl-cb"/>
      </object_component>
      <object_component id="oc-354">
         <name>.debug_info</name>
         <load_address>0x11497</load_address>
         <run_address>0x11497</run_address>
         <size>0x300</size>
         <input_file_ref idref="fl-cc"/>
      </object_component>
      <object_component id="oc-2ce">
         <name>.debug_info</name>
         <load_address>0x11797</load_address>
         <run_address>0x11797</run_address>
         <size>0x19c</size>
         <input_file_ref idref="fl-cc"/>
      </object_component>
      <object_component id="oc-391">
         <name>.debug_info</name>
         <load_address>0x11933</load_address>
         <run_address>0x11933</run_address>
         <size>0xbf</size>
         <input_file_ref idref="fl-cc"/>
      </object_component>
      <object_component id="oc-390">
         <name>.debug_info</name>
         <load_address>0x119f2</load_address>
         <run_address>0x119f2</run_address>
         <size>0x374</size>
         <input_file_ref idref="fl-cd"/>
      </object_component>
      <object_component id="oc-34e">
         <name>.debug_info</name>
         <load_address>0x11d66</load_address>
         <run_address>0x11d66</run_address>
         <size>0x20b</size>
         <input_file_ref idref="fl-cd"/>
      </object_component>
      <object_component id="oc-325">
         <name>.debug_info</name>
         <load_address>0x11f71</load_address>
         <run_address>0x11f71</run_address>
         <size>0x295</size>
         <input_file_ref idref="fl-ce"/>
      </object_component>
      <object_component id="oc-295">
         <name>.debug_info</name>
         <load_address>0x12206</load_address>
         <run_address>0x12206</run_address>
         <size>0x195</size>
         <input_file_ref idref="fl-ce"/>
      </object_component>
      <object_component id="oc-36b">
         <name>.debug_info</name>
         <load_address>0x1239b</load_address>
         <run_address>0x1239b</run_address>
         <size>0x39</size>
         <input_file_ref idref="fl-ce"/>
      </object_component>
      <object_component id="oc-326">
         <name>.debug_info</name>
         <load_address>0x123d4</load_address>
         <run_address>0x123d4</run_address>
         <size>0x2c</size>
         <input_file_ref idref="fl-ce"/>
      </object_component>
      <object_component id="oc-332">
         <name>.debug_info</name>
         <load_address>0x12400</load_address>
         <run_address>0x12400</run_address>
         <size>0x2f8</size>
         <input_file_ref idref="fl-cf"/>
      </object_component>
      <object_component id="oc-29b">
         <name>.debug_info</name>
         <load_address>0x126f8</load_address>
         <run_address>0x126f8</run_address>
         <size>0x225</size>
         <input_file_ref idref="fl-cf"/>
      </object_component>
      <object_component id="oc-2ae">
         <name>.debug_info</name>
         <load_address>0x1291d</load_address>
         <run_address>0x1291d</run_address>
         <size>0x28f</size>
         <input_file_ref idref="fl-d0"/>
      </object_component>
      <object_component id="oc-1e3">
         <name>.debug_info</name>
         <load_address>0x12bac</load_address>
         <run_address>0x12bac</run_address>
         <size>0x15a</size>
         <input_file_ref idref="fl-d0"/>
      </object_component>
      <object_component id="oc-337">
         <name>.debug_info</name>
         <load_address>0x12d06</load_address>
         <run_address>0x12d06</run_address>
         <size>0x46</size>
         <input_file_ref idref="fl-d0"/>
      </object_component>
      <object_component id="oc-2a9">
         <name>.debug_info</name>
         <load_address>0x12d4c</load_address>
         <run_address>0x12d4c</run_address>
         <size>0x39</size>
         <input_file_ref idref="fl-d0"/>
      </object_component>
      <object_component id="oc-274">
         <name>.debug_info</name>
         <load_address>0x12d85</load_address>
         <run_address>0x12d85</run_address>
         <size>0x14c</size>
         <input_file_ref idref="fl-d1"/>
      </object_component>
      <object_component id="oc-1c0">
         <name>.debug_info</name>
         <load_address>0x12ed1</load_address>
         <run_address>0x12ed1</run_address>
         <size>0x128</size>
         <input_file_ref idref="fl-d2"/>
      </object_component>
      <object_component id="oc-260">
         <name>.debug_info</name>
         <load_address>0x12ff9</load_address>
         <run_address>0x12ff9</run_address>
         <size>0x12a</size>
         <input_file_ref idref="fl-d2"/>
      </object_component>
      <object_component id="oc-25a">
         <name>.debug_info</name>
         <load_address>0x13123</load_address>
         <run_address>0x13123</run_address>
         <size>0x13a</size>
         <input_file_ref idref="fl-d3"/>
      </object_component>
      <object_component id="oc-255">
         <name>.debug_info</name>
         <load_address>0x1325d</load_address>
         <run_address>0x1325d</run_address>
         <size>0x13a</size>
         <input_file_ref idref="fl-d4"/>
      </object_component>
      <object_component id="oc-264">
         <name>.debug_info</name>
         <load_address>0x13397</load_address>
         <run_address>0x13397</run_address>
         <size>0x12e</size>
         <input_file_ref idref="fl-d5"/>
      </object_component>
      <object_component id="oc-26f">
         <name>.debug_info</name>
         <load_address>0x134c5</load_address>
         <run_address>0x134c5</run_address>
         <size>0x12c</size>
         <input_file_ref idref="fl-d6"/>
      </object_component>
      <object_component id="oc-3c">
         <name>.debug_info</name>
         <load_address>0x135f1</load_address>
         <run_address>0x135f1</run_address>
         <size>0x119</size>
         <input_file_ref idref="fl-d7"/>
      </object_component>
      <object_component id="oc-250">
         <name>.debug_info</name>
         <load_address>0x1370a</load_address>
         <run_address>0x1370a</run_address>
         <size>0x134</size>
         <input_file_ref idref="fl-d8"/>
      </object_component>
      <object_component id="oc-95">
         <name>.debug_info</name>
         <load_address>0x1383e</load_address>
         <run_address>0x1383e</run_address>
         <size>0x147</size>
         <input_file_ref idref="fl-d9"/>
      </object_component>
      <object_component id="oc-93">
         <name>.debug_info</name>
         <load_address>0x13985</load_address>
         <run_address>0x13985</run_address>
         <size>0x2d4</size>
         <input_file_ref idref="fl-da"/>
      </object_component>
      <object_component id="oc-47">
         <name>.debug_info</name>
         <load_address>0x13c59</load_address>
         <run_address>0x13c59</run_address>
         <size>0x1d2</size>
         <input_file_ref idref="fl-da"/>
      </object_component>
      <object_component id="oc-8e">
         <name>.debug_info</name>
         <load_address>0x13e2b</load_address>
         <run_address>0x13e2b</run_address>
         <size>0x46</size>
         <input_file_ref idref="fl-da"/>
      </object_component>
      <object_component id="oc-45">
         <name>.debug_info</name>
         <load_address>0x13e71</load_address>
         <run_address>0x13e71</run_address>
         <size>0x2a8</size>
         <input_file_ref idref="fl-db"/>
      </object_component>
      <object_component id="oc-1e">
         <name>.debug_info</name>
         <load_address>0x14119</load_address>
         <run_address>0x14119</run_address>
         <size>0x1ea</size>
         <input_file_ref idref="fl-db"/>
      </object_component>
      <object_component id="oc-40">
         <name>.debug_info</name>
         <load_address>0x14303</load_address>
         <run_address>0x14303</run_address>
         <size>0x46</size>
         <input_file_ref idref="fl-db"/>
      </object_component>
      <object_component id="oc-86">
         <name>.debug_info</name>
         <load_address>0x14349</load_address>
         <run_address>0x14349</run_address>
         <size>0x2c</size>
         <input_file_ref idref="fl-db"/>
      </object_component>
      <object_component id="oc-84">
         <name>.debug_info</name>
         <load_address>0x14375</load_address>
         <run_address>0x14375</run_address>
         <size>0x29e</size>
         <input_file_ref idref="fl-dc"/>
      </object_component>
      <object_component id="oc-1b">
         <name>.debug_info</name>
         <load_address>0x14613</load_address>
         <run_address>0x14613</run_address>
         <size>0x250</size>
         <input_file_ref idref="fl-dc"/>
      </object_component>
      <object_component id="oc-30">
         <name>.debug_info</name>
         <load_address>0x14863</load_address>
         <run_address>0x14863</run_address>
         <size>0x60</size>
         <input_file_ref idref="fl-dc"/>
      </object_component>
      <object_component id="oc-cd">
         <name>.debug_info</name>
         <load_address>0x148c3</load_address>
         <run_address>0x148c3</run_address>
         <size>0x46</size>
         <input_file_ref idref="fl-dc"/>
      </object_component>
      <object_component id="oc-7f">
         <name>.debug_info</name>
         <load_address>0x14909</load_address>
         <run_address>0x14909</run_address>
         <size>0x39</size>
         <input_file_ref idref="fl-dc"/>
      </object_component>
      <object_component id="oc-175">
         <name>.debug_info</name>
         <load_address>0x14942</load_address>
         <run_address>0x14942</run_address>
         <size>0x3ad</size>
         <input_file_ref idref="fl-dd"/>
      </object_component>
      <object_component id="oc-172">
         <name>.debug_info</name>
         <load_address>0x14cef</load_address>
         <run_address>0x14cef</run_address>
         <size>0x190</size>
         <input_file_ref idref="fl-dd"/>
      </object_component>
      <object_component id="oc-f6">
         <name>.debug_info</name>
         <load_address>0x14e7f</load_address>
         <run_address>0x14e7f</run_address>
         <size>0x122</size>
         <input_file_ref idref="fl-dd"/>
      </object_component>
      <object_component id="oc-ff">
         <name>.debug_info</name>
         <load_address>0x14fa1</load_address>
         <run_address>0x14fa1</run_address>
         <size>0x184</size>
         <input_file_ref idref="fl-dd"/>
      </object_component>
      <object_component id="oc-202">
         <name>.debug_info</name>
         <load_address>0x15125</load_address>
         <run_address>0x15125</run_address>
         <size>0x2c9</size>
         <input_file_ref idref="fl-de"/>
      </object_component>
      <object_component id="oc-14c">
         <name>.debug_info</name>
         <load_address>0x153ee</load_address>
         <run_address>0x153ee</run_address>
         <size>0x11e</size>
         <input_file_ref idref="fl-de"/>
      </object_component>
      <object_component id="oc-1fb">
         <name>.debug_info</name>
         <load_address>0x1550c</load_address>
         <run_address>0x1550c</run_address>
         <size>0x12e</size>
         <input_file_ref idref="fl-de"/>
      </object_component>
      <object_component id="oc-31d">
         <name>.debug_info</name>
         <load_address>0x1563a</load_address>
         <run_address>0x1563a</run_address>
         <size>0x29c</size>
         <input_file_ref idref="fl-df"/>
      </object_component>
      <object_component id="oc-269">
         <name>.debug_info</name>
         <load_address>0x158d6</load_address>
         <run_address>0x158d6</run_address>
         <size>0x1da</size>
         <input_file_ref idref="fl-df"/>
      </object_component>
      <object_component id="oc-24c">
         <name>.debug_info</name>
         <load_address>0x15ab0</load_address>
         <run_address>0x15ab0</run_address>
         <size>0x2b9</size>
         <input_file_ref idref="fl-e0"/>
      </object_component>
      <object_component id="oc-1b4">
         <name>.debug_info</name>
         <load_address>0x15d69</load_address>
         <run_address>0x15d69</run_address>
         <size>0x17c</size>
         <input_file_ref idref="fl-e0"/>
      </object_component>
      <object_component id="oc-30f">
         <name>.debug_info</name>
         <load_address>0x15ee5</load_address>
         <run_address>0x15ee5</run_address>
         <size>0xf9</size>
         <input_file_ref idref="fl-e1"/>
      </object_component>
      <object_component id="oc-249">
         <name>.debug_info</name>
         <load_address>0x15fde</load_address>
         <run_address>0x15fde</run_address>
         <size>0x105</size>
         <input_file_ref idref="fl-e1"/>
      </object_component>
      <object_component id="oc-206">
         <name>.debug_info</name>
         <load_address>0x160e3</load_address>
         <run_address>0x160e3</run_address>
         <size>0x144</size>
         <input_file_ref idref="fl-e2"/>
      </object_component>
      <object_component id="oc-14f">
         <name>.debug_info</name>
         <load_address>0x16227</load_address>
         <run_address>0x16227</run_address>
         <size>0x102</size>
         <input_file_ref idref="fl-e2"/>
      </object_component>
      <object_component id="oc-3cd">
         <name>.debug_info</name>
         <load_address>0x16329</load_address>
         <run_address>0x16329</run_address>
         <size>0x18f</size>
         <input_file_ref idref="fl-e2"/>
      </object_component>
      <object_component id="oc-2a7">
         <name>.debug_info</name>
         <load_address>0x164b8</load_address>
         <run_address>0x164b8</run_address>
         <size>0x2a7</size>
         <input_file_ref idref="fl-e3"/>
      </object_component>
      <object_component id="oc-1dd">
         <name>.debug_info</name>
         <load_address>0x1675f</load_address>
         <run_address>0x1675f</run_address>
         <size>0x1b8</size>
         <input_file_ref idref="fl-e3"/>
      </object_component>
      <object_component id="oc-356">
         <name>.debug_info</name>
         <load_address>0x16917</load_address>
         <run_address>0x16917</run_address>
         <size>0x2a5</size>
         <input_file_ref idref="fl-e4"/>
      </object_component>
      <object_component id="oc-2d3">
         <name>.debug_info</name>
         <load_address>0x16bbc</load_address>
         <run_address>0x16bbc</run_address>
         <size>0x25d</size>
         <input_file_ref idref="fl-e4"/>
      </object_component>
      <object_component id="oc-7b">
         <name>.debug_info</name>
         <load_address>0x16e19</load_address>
         <run_address>0x16e19</run_address>
         <size>0x3b2</size>
         <input_file_ref idref="fl-e5"/>
      </object_component>
      <object_component id="oc-2a">
         <name>.debug_info</name>
         <load_address>0x171cb</load_address>
         <run_address>0x171cb</run_address>
         <size>0x10c</size>
         <input_file_ref idref="fl-e5"/>
      </object_component>
      <object_component id="oc-403">
         <name>.debug_info</name>
         <load_address>0x172d7</load_address>
         <run_address>0x172d7</run_address>
         <size>0x13f</size>
         <input_file_ref idref="fl-e5"/>
      </object_component>
      <object_component id="oc-384">
         <name>.debug_info</name>
         <load_address>0x17416</load_address>
         <run_address>0x17416</run_address>
         <size>0x168</size>
         <input_file_ref idref="fl-e5"/>
      </object_component>
      <object_component id="oc-3b4">
         <name>.debug_info</name>
         <load_address>0x1757e</load_address>
         <run_address>0x1757e</run_address>
         <size>0x18e</size>
         <input_file_ref idref="fl-e5"/>
      </object_component>
      <object_component id="oc-3b9">
         <name>.debug_info</name>
         <load_address>0x1770c</load_address>
         <run_address>0x1770c</run_address>
         <size>0x19f</size>
         <input_file_ref idref="fl-e5"/>
      </object_component>
      <object_component id="oc-37e">
         <name>.debug_info</name>
         <load_address>0x178ab</load_address>
         <run_address>0x178ab</run_address>
         <size>0x203</size>
         <input_file_ref idref="fl-e5"/>
      </object_component>
      <object_component id="oc-408">
         <name>.debug_info</name>
         <load_address>0x17aae</load_address>
         <run_address>0x17aae</run_address>
         <size>0x1db</size>
         <input_file_ref idref="fl-e5"/>
      </object_component>
      <object_component id="oc-3c0">
         <name>.debug_info</name>
         <load_address>0x17c89</load_address>
         <run_address>0x17c89</run_address>
         <size>0x299</size>
         <input_file_ref idref="fl-e5"/>
      </object_component>
      <object_component id="oc-c8">
         <name>.debug_info</name>
         <load_address>0x17f22</load_address>
         <run_address>0x17f22</run_address>
         <size>0xb2</size>
         <input_file_ref idref="fl-e5"/>
      </object_component>
      <object_component id="oc-c3">
         <name>.debug_info</name>
         <load_address>0x17fd4</load_address>
         <run_address>0x17fd4</run_address>
         <size>0x2c</size>
         <input_file_ref idref="fl-e5"/>
      </object_component>
      <object_component id="oc-334">
         <name>.debug_info</name>
         <load_address>0x18000</load_address>
         <run_address>0x18000</run_address>
         <size>0x29a</size>
         <input_file_ref idref="fl-e6"/>
      </object_component>
      <object_component id="oc-2a0">
         <name>.debug_info</name>
         <load_address>0x1829a</load_address>
         <run_address>0x1829a</run_address>
         <size>0x262</size>
         <input_file_ref idref="fl-e6"/>
      </object_component>
      <object_component id="oc-247">
         <name>.debug_info</name>
         <load_address>0x184fc</load_address>
         <run_address>0x184fc</run_address>
         <size>0x28f</size>
         <input_file_ref idref="fl-e7"/>
      </object_component>
      <object_component id="oc-1af">
         <name>.debug_info</name>
         <load_address>0x1878b</load_address>
         <run_address>0x1878b</run_address>
         <size>0x245</size>
         <input_file_ref idref="fl-e7"/>
      </object_component>
      <object_component id="oc-2b3">
         <name>.debug_info</name>
         <load_address>0x189d0</load_address>
         <run_address>0x189d0</run_address>
         <size>0x289</size>
         <input_file_ref idref="fl-e8"/>
      </object_component>
      <object_component id="oc-2b0">
         <name>.debug_info</name>
         <load_address>0x18c59</load_address>
         <run_address>0x18c59</run_address>
         <size>0x10e</size>
         <input_file_ref idref="fl-e8"/>
      </object_component>
      <object_component id="oc-1ec">
         <name>.debug_info</name>
[...]
      </symbol>
      <symbol id="sm-3bd">
         <name>wcslen</name>
         <value>0x3039</value>
         <object_component_ref idref="oc-1e2"/>
      </symbol>
      <symbol id="sm-3d4">
         <name>__aeabi_dsub</name>
         <value>0xf75</value>
         <object_component_ref idref="oc-273"/>
      </symbol>
      <symbol id="sm-3d5">
         <name>__aeabi_dadd</name>
         <value>0xf7f</value>
         <object_component_ref idref="oc-273"/>
      </symbol>
      <symbol id="sm-3f7">
         <name>__aeabi_cdcmpeq</name>
         <value>0x210d</value>
         <object_component_ref idref="oc-1bf"/>
      </symbol>
      <symbol id="sm-3f8">
         <name>__aeabi_cdcmple</name>
         <value>0x210d</value>
         <object_component_ref idref="oc-1bf"/>
      </symbol>
      <symbol id="sm-3f9">
         <name>__aeabi_cdrcmple</name>
         <value>0x2193</value>
         <object_component_ref idref="oc-25e"/>
      </symbol>
      <symbol id="sm-40d">
         <name>__aeabi_ddiv</name>
         <value>0x13d1</value>
         <object_component_ref idref="oc-259"/>
      </symbol>
      <symbol id="sm-418">
         <name>__aeabi_dmul</name>
         <value>0x1a55</value>
         <object_component_ref idref="oc-254"/>
      </symbol>
      <symbol id="sm-422">
         <name>__aeabi_d2iz</name>
         <value>0x2b55</value>
         <object_component_ref idref="oc-263"/>
      </symbol>
      <symbol id="sm-42c">
         <name>__aeabi_i2d</name>
         <value>0x2e59</value>
         <object_component_ref idref="oc-26e"/>
      </symbol>
      <symbol id="sm-447">
         <name>memcpy</name>
         <value>0x1ebb</value>
         <object_component_ref idref="oc-3a"/>
      </symbol>
      <symbol id="sm-448">
         <name>__aeabi_memcpy</name>
         <value>0x1ebb</value>
         <object_component_ref idref="oc-3a"/>
      </symbol>
      <symbol id="sm-449">
         <name>__aeabi_memcpy8</name>
         <value>0x1ebb</value>
         <object_component_ref idref="oc-3a"/>
      </symbol>
      <symbol id="sm-44a">
         <name>__aeabi_memcpy4</name>
         <value>0x1ebb</value>
         <object_component_ref idref="oc-3a"/>
      </symbol>
      <symbol id="sm-457">
         <name>__aeabi_uldivmod</name>
         <value>0x1f57</value>
         <object_component_ref idref="oc-24d"/>
      </symbol>
      <symbol id="sm-466">
         <name>__aeabi_memset</name>
         <value>0x2297</value>
         <object_component_ref idref="oc-94"/>
      </symbol>
      <symbol id="sm-467">
         <name>memset</name>
         <value>0x229d</value>
         <object_component_ref idref="oc-94"/>
      </symbol>
      <symbol id="sm-468">
         <name>__aeabi_memset8</name>
         <value>0x2297</value>
         <object_component_ref idref="oc-94"/>
      </symbol>
      <symbol id="sm-469">
         <name>__aeabi_memset4</name>
         <value>0x2297</value>
         <object_component_ref idref="oc-94"/>
      </symbol>
      <symbol id="sm-46a">
         <name>__aeabi_memclr8</name>
         <value>0x2295</value>
         <object_component_ref idref="oc-94"/>
      </symbol>
      <symbol id="sm-46b">
         <name>__aeabi_memclr4</name>
         <value>0x2295</value>
         <object_component_ref idref="oc-94"/>
      </symbol>
      <symbol id="sm-46c">
         <name>__aeabi_memclr</name>
         <value>0x2295</value>
         <object_component_ref idref="oc-94"/>
      </symbol>
      <symbol id="sm-480">
         <name>__TI_zero_init_nomemset</name>
         <value>0x2f75</value>
         <object_component_ref idref="oc-46"/>
      </symbol>
      <symbol id="sm-497">
         <name>__TI_decompress_none</name>
         <value>0x304b</value>
         <object_component_ref idref="oc-1d"/>
      </symbol>
      <symbol id="sm-4ba">
         <name>__TI_decompress_lzss</name>
         <value>0x25b1</value>
         <object_component_ref idref="oc-17"/>
      </symbol>
      <symbol id="sm-4e0">
         <name>C$$EXIT</name>
         <value>0x3081</value>
         <object_component_ref idref="oc-f5"/>
      </symbol>
      <symbol id="sm-4e1">
         <name>abort</name>
         <value>0x3081</value>
         <object_component_ref idref="oc-f5"/>
      </symbol>
      <symbol id="sm-4e2">
         <name>__TI_dtors_ptr</name>
         <value>0x200009cc</value>
         <object_component_ref idref="oc-171"/>
      </symbol>
      <symbol id="sm-4e3">
         <name>__TI_cleanup_ptr</name>
         <value>0x200009c8</value>
         <object_component_ref idref="oc-171"/>
      </symbol>
      <symbol id="sm-4e4">
         <name>__TI_enable_exit_profile_output</name>
         <value>0x200009d0</value>
         <object_component_ref idref="oc-171"/>
      </symbol>
      <symbol id="sm-4e5">
         <name>exit</name>
         <value>0x2b0d</value>
         <object_component_ref idref="oc-fb"/>
      </symbol>
      <symbol id="sm-4fa">
         <name>_nop</name>
         <value>0x112b</value>
         <object_component_ref idref="oc-1fa"/>
      </symbol>
      <symbol id="sm-4fb">
         <name>_lock</name>
         <value>0x200009d4</value>
         <object_component_ref idref="oc-14b"/>
      </symbol>
      <symbol id="sm-4fc">
         <name>_unlock</name>
         <value>0x200009d8</value>
         <object_component_ref idref="oc-14b"/>
      </symbol>
      <symbol id="sm-50b">
         <name>__TI_ltoa</name>
         <value>0x29cf</value>
         <object_component_ref idref="oc-268"/>
      </symbol>
      <symbol id="sm-521">
         <name>atoi</name>
         <value>0x2ac1</value>
         <object_component_ref idref="oc-1b3"/>
      </symbol>
      <symbol id="sm-52c">
         <name>_ctypes_</name>
         <value>0x3084</value>
         <object_component_ref idref="oc-248"/>
      </symbol>
      <symbol id="sm-541">
         <name>__TI_tmpnams</name>
         <value>0x20000b08</value>
      </symbol>
      <symbol id="sm-542">
         <name>__aeabi_stdout</name>
         <value>0x200009c0</value>
         <object_component_ref idref="oc-3cc"/>
      </symbol>
      <symbol id="sm-543">
         <name>__aeabi_stderr</name>
         <value>0x200009c4</value>
         <object_component_ref idref="oc-3cc"/>
      </symbol>
      <symbol id="sm-544">
         <name>__aeabi_stdin</name>
         <value>0x200009bc</value>
         <object_component_ref idref="oc-3cc"/>
      </symbol>
      <symbol id="sm-545">
         <name>_ftable</name>
         <value>0x20000800</value>
         <object_component_ref idref="oc-14e"/>
      </symbol>
      <symbol id="sm-546">
         <name>__TI_ft_end</name>
         <value>0x200009b8</value>
         <object_component_ref idref="oc-3cc"/>
      </symbol>
      <symbol id="sm-556">
         <name>memccpy</name>
         <value>0x2fad</value>
         <object_component_ref idref="oc-1dc"/>
      </symbol>
      <symbol id="sm-566">
         <name>memchr</name>
         <value>0x2f55</value>
         <object_component_ref idref="oc-2d0"/>
      </symbol>
      <symbol id="sm-5ef">
         <name>_sys_memory</name>
         <value>0x20000000</value>
         <object_component_ref idref="oc-29"/>
      </symbol>
      <symbol id="sm-5f0">
         <name>free</name>
         <value>0x1c49</value>
         <object_component_ref idref="oc-37d"/>
      </symbol>
      <symbol id="sm-5f1">
         <name>memalign</name>
         <value>0x1955</value>
         <object_component_ref idref="oc-3bf"/>
      </symbol>
      <symbol id="sm-5f2">
         <name>malloc</name>
         <value>0x306d</value>
         <object_component_ref idref="oc-383"/>
      </symbol>
      <symbol id="sm-5f3">
         <name>aligned_alloc</name>
         <value>0x1955</value>
         <object_component_ref idref="oc-3bf"/>
      </symbol>
      <symbol id="sm-603">
         <name>strchr</name>
         <value>0x2ffb</value>
         <object_component_ref idref="oc-29f"/>
      </symbol>
      <symbol id="sm-611">
         <name>strlen</name>
         <value>0x3025</value>
         <object_component_ref idref="oc-1ad"/>
      </symbol>
      <symbol id="sm-627">
         <name>__aeabi_errno_addr</name>
         <value>0x3065</value>
         <object_component_ref idref="oc-1e8"/>
      </symbol>
      <symbol id="sm-628">
         <name>errno</name>
         <value>0x200009e4</value>
         <object_component_ref idref="oc-2af"/>
      </symbol>
      <symbol id="sm-63b">
         <name>__stack</name>
         <value>0x2000fe00</value>
         <object_component_ref idref="oc-2c"/>
      </symbol>
      <symbol id="sm-63c">
         <name>_c_int00_noargs</name>
         <value>0x2dc5</value>
         <object_component_ref idref="oc-58"/>
      </symbol>
      <symbol id="sm-656">
         <name>write</name>
         <value>0x2f2d</value>
         <object_component_ref idref="oc-2dc"/>
      </symbol>
      <symbol id="sm-667">
         <name>_stream</name>
         <value>0x20000968</value>
         <object_component_ref idref="oc-359"/>
      </symbol>
      <symbol id="sm-668">
         <name>_device</name>
         <value>0x200008f0</value>
         <object_component_ref idref="oc-39c"/>
      </symbol>
      <symbol id="sm-678">
         <name>__TI_doflush</name>
         <value>0x2a75</value>
         <object_component_ref idref="oc-2d6"/>
      </symbol>
      <symbol id="sm-688">
         <name>__TI_cleanup</name>
         <value>0x2d5d</value>
         <object_component_ref idref="oc-389"/>
      </symbol>
      <symbol id="sm-69a">
         <name>fseek</name>
         <value>0x26e5</value>
         <object_component_ref idref="oc-347"/>
      </symbol>
      <symbol id="sm-6a4">
         <name>copysign</name>
         <value>0x2fc9</value>
         <object_component_ref idref="oc-32b"/>
      </symbol>
      <symbol id="sm-6a5">
         <name>copysignl</name>
         <value>0x2fc9</value>
         <object_component_ref idref="oc-32b"/>
      </symbol>
      <symbol id="sm-6af">
         <name>__aeabi_idiv0</name>
         <value>0x1507</value>
         <object_component_ref idref="oc-312"/>
      </symbol>
      <symbol id="sm-6b0">
         <name>__aeabi_ldiv0</name>
         <value>0x1507</value>
         <object_component_ref idref="oc-312"/>
      </symbol>
      <symbol id="sm-6d8">
         <name>__TI_auto_init_nobinit_nopinit</name>
         <value>0x2c25</value>
         <object_component_ref idref="oc-101"/>
      </symbol>
      <symbol id="sm-6e2">
         <name>_system_pre_init</name>
         <value>0x307d</value>
         <object_component_ref idref="oc-9a"/>
      </symbol>
      <symbol id="sm-6f5">
         <name>HOSTclose</name>
         <value>0x2b9d</value>
         <object_component_ref idref="oc-3d8"/>
      </symbol>
      <symbol id="sm-706">
         <name>HOSTlseek</name>
         <value>0x2549</value>
         <object_component_ref idref="oc-3ea"/>
      </symbol>
      <symbol id="sm-718">
         <name>parmbuf</name>
         <value>0x20000bb0</value>
      </symbol>
      <symbol id="sm-719">
         <name>HOSTopen</name>
         <value>0x280d</value>
         <object_component_ref idref="oc-3d2"/>
      </symbol>
      <symbol id="sm-72a">
         <name>HOSTread</name>
         <value>0x28c9</value>
         <object_component_ref idref="oc-3de"/>
      </symbol>
      <symbol id="sm-73b">
         <name>HOSTrename</name>
         <value>0x24dd</value>
         <object_component_ref idref="oc-3f6"/>
      </symbol>
      <symbol id="sm-74c">
         <name>HOSTunlink</name>
         <value>0x2be1</value>
         <object_component_ref idref="oc-3f0"/>
      </symbol>
      <symbol id="sm-75d">
         <name>HOSTwrite</name>
         <value>0x2921</value>
         <object_component_ref idref="oc-3e4"/>
      </symbol>
      <symbol id="sm-781">
         <name>__TI_readmsg</name>
         <value>0x2d91</value>
         <object_component_ref idref="oc-425"/>
      </symbol>
      <symbol id="sm-782">
         <name>C$$IO$$</name>
         <value>0x2d1b</value>
         <object_component_ref idref="oc-41f"/>
      </symbol>
      <symbol id="sm-783">
         <name>__CIOBUF_</name>
         <value>0x200009e8</value>
         <object_component_ref idref="oc-450"/>
      </symbol>
      <symbol id="sm-784">
         <name>__TI_writemsg</name>
         <value>0x2ced</value>
         <object_component_ref idref="oc-41f"/>
      </symbol>
      <symbol id="sm-795">
         <name>lseek</name>
         <value>0x2f05</value>
         <object_component_ref idref="oc-375"/>
      </symbol>
      <symbol id="sm-7aa">
         <name>__TI_closefile</name>
         <value>0x2389</value>
         <object_component_ref idref="oc-3c6"/>
      </symbol>
      <symbol id="sm-7cd">
         <name>finddevice</name>
         <value>0x2e29</value>
         <object_component_ref idref="oc-46e"/>
      </symbol>
      <symbol id="sm-7ce">
         <name>getdevice</name>
         <value>0x2c69</value>
         <object_component_ref idref="oc-446"/>
      </symbol>
      <symbol id="sm-7dd">
         <name>strcmp</name>
         <value>0x2fe3</value>
         <object_component_ref idref="oc-485"/>
      </symbol>
      <symbol id="sm-7eb">
         <name>strcpy</name>
         <value>0x3011</value>
         <object_component_ref idref="oc-439"/>
      </symbol>
      <symbol id="sm-7fb">
         <name>strncpy</name>
         <value>0x2d25</value>
         <object_component_ref idref="oc-468"/>
      </symbol>
      <symbol id="sm-810">
         <name>close</name>
         <value>0x286d</value>
         <object_component_ref idref="oc-40e"/>
      </symbol>
      <symbol id="sm-820">
         <name>unlink</name>
         <value>0x2e89</value>
         <object_component_ref idref="oc-414"/>
      </symbol>
      <symbol id="sm-821">
         <name>__TI_static_base__</name>
         <value>0x0</value>
      </symbol>
      <symbol id="sm-824">
         <name>__mpu_init</name>
         <value>0x0</value>
      </symbol>
      <symbol id="sm-825">
         <name>_system_post_cinit</name>
         <value>0x0</value>
      </symbol>
      <symbol id="sm-826">
         <name>NMI_Handler</name>
         <value>0xb33</value>
      </symbol>
      <symbol id="sm-827">
         <name>HardFault_Handler</name>
         <value>0xb33</value>
      </symbol>
      <symbol id="sm-828">
         <name>MemManage_Handler</name>
         <value>0xb33</value>
      </symbol>
      <symbol id="sm-829">
         <name>BusFault_Handler</name>
         <value>0xb33</value>
      </symbol>
      <symbol id="sm-82a">
         <name>UsageFault_Handler</name>
         <value>0xb33</value>
      </symbol>
      <symbol id="sm-82b">
         <name>SVC_Handler</name>
         <value>0xb33</value>
      </symbol>
      <symbol id="sm-82c">
         <name>DebugMon_Handler</name>
         <value>0xb33</value>
      </symbol>
      <symbol id="sm-82d">
         <name>PendSV_Handler</name>
         <value>0xb33</value>
      </symbol>
      <symbol id="sm-82e">
         <name>SysTick_Handler</name>
         <value>0xb33</value>
      </symbol>
      <symbol id="sm-82f">
         <name>PSS_IRQHandler</name>
         <value>0xb33</value>
      </symbol>
      <symbol id="sm-830">
         <name>CS_IRQHandler</name>
         <value>0xb33</value>
      </symbol>
      <symbol id="sm-831">
         <name>PCM_IRQHandler</name>
         <value>0xb33</value>
      </symbol>
      <symbol id="sm-832">
         <name>WDT_A_IRQHandler</name>
         <value>0xb33</value>
      </symbol>
      <symbol id="sm-833">
         <name>FPU_IRQHandler</name>
         <value>0xb33</value>
      </symbol>
      <symbol id="sm-834">
         <name>FLCTL_IRQHandler</name>
         <value>0xb33</value>
      </symbol>
      <symbol id="sm-835">
         <name>COMP_E0_IRQHandler</name>
         <value>0xb33</value>
      </symbol>
      <symbol id="sm-836">
         <name>COMP_E1_IRQHandler</name>
         <value>0xb33</value>
      </symbol>
      <symbol id="sm-837">
         <name>TA0_0_IRQHandler</name>
         <value>0xb33</value>
      </symbol>
      <symbol id="sm-838">
         <name>TA0_N_IRQHandler</name>
         <value>0xb33</value>
      </symbol>
      <symbol id="sm-839">
         <name>TA1_0_IRQHandler</name>
         <value>0xb33</value>
      </symbol>
      <symbol id="sm-83a">
         <name>TA1_N_IRQHandler</name>
         <value>0xb33</value>
      </symbol>
      <symbol id="sm-83b">
         <name>TA2_0_IRQHandler</name>
         <value>0xb33</value>
      </symbol>
      <symbol id="sm-83c">
         <name>TA2_N_IRQHandler</name>
         <value>0xb33</value>
      </symbol>
      <symbol id="sm-83d">
         <name>TA3_0_IRQHandler</name>
         <value>0xb33</value>
      </symbol>
      <symbol id="sm-83e">
         <name>TA3_N_IRQHandler</name>
         <value>0xb33</value>
      </symbol>
      <symbol id="sm-83f">
         <name>EUSCIA0_IRQHandler</name>
         <value>0xb33</value>
      </symbol>
      <symbol id="sm-840">
         <name>EUSCIA1_IRQHandler</name>
         <value>0xb33</value>
      </symbol>
      <symbol id="sm-841">
         <name>EUSCIA2_IRQHandler</name>
         <value>0xb33</value>
      </symbol>
      <symbol id="sm-842">
         <name>EUSCIA3_IRQHandler</name>
         <value>0xb33</value>
      </symbol>
      <symbol id="sm-843">
         <name>EUSCIB0_IRQHandler</name>
         <value>0xb33</value>
      </symbol>
      <symbol id="sm-844">
         <name>EUSCIB1_IRQHandler</name>
         <value>0xb33</value>
      </symbol>
      <symbol id="sm-845">
         <name>EUSCIB2_IRQHandler</name>
         <value>0xb33</value>
      </symbol>
      <symbol id="sm-846">
         <name>EUSCIB3_IRQHandler</name>
         <value>0xb33</value>
      </symbol>
      <symbol id="sm-847">
         <name>ADC14_IRQHandler</name>
         <value>0xb33</value>
      </symbol>
      <symbol id="sm-848">
         <name>T32_INT1_IRQHandler</name>
         <value>0xb33</value>
      </symbol>
      <symbol id="sm-849">
         <name>T32_INT2_IRQHandler</name>
         <value>0xb33</value>
      </symbol>
      <symbol id="sm-84a">
         <name>T32_INTC_IRQHandler</name>
         <value>0xb33</value>
      </symbol>
      <symbol id="sm-84b">
         <name>AES256_IRQHandler</name>
         <value>0xb33</value>
      </symbol>
      <symbol id="sm-84c">
         <name>RTC_C_IRQHandler</name>
         <value>0xb33</value>
      </symbol>
      <symbol id="sm-84d">
         <name>DMA_ERR_IRQHandler</name>
         <value>0xb33</value>
      </symbol>
      <symbol id="sm-84e">
         <name>DMA_INT3_IRQHandler</name>
         <value>0xb33</value>
      </symbol>
      <symbol id="sm-84f">
         <name>DMA_INT2_IRQHandler</name>
         <value>0xb33</value>
      </symbol>
      <symbol id="sm-850">
         <name>DMA_INT1_IRQHandler</name>
         <value>0xb33</value>
      </symbol>
      <symbol id="sm-851">
         <name>DMA_INT0_IRQHandler</name>
         <value>0xb33</value>
      </symbol>
      <symbol id="sm-852">
         <name>PORT1_IRQHandler</name>
         <value>0xb33</value>
      </symbol>
      <symbol id="sm-853">
         <name>PORT2_IRQHandler</name>
         <value>0xb33</value>
      </symbol>
      <symbol id="sm-854">
         <name>PORT3_IRQHandler</name>
         <value>0xb33</value>
      </symbol>
      <symbol id="sm-855">
         <name>PORT4_IRQHandler</name>
         <value>0xb33</value>
      </symbol>
      <symbol id="sm-856">
         <name>PORT5_IRQHandler</name>
         <value>0xb33</value>
      </symbol>
      <symbol id="sm-857">
         <name>PORT6_IRQHandler</name>
         <value>0xb33</value>
      </symbol>
      <symbol id="sm-858">
         <name>remove</name>
         <value>0x2e89</value>
      </symbol>
   </symbol_table>
   <title>Link successful</title>
</link_info>
