******************************************************************************
                  TI ARM Linker PC v20.2.5                     
******************************************************************************
>> Linked Sun Oct 23 19:06:09 2022

OUTPUT FILE NAME:   <Lab5-4.1.out>
ENTRY POINT SYMBOL: "_c_int00_noargs"  address: 00002ec9


MEMORY CONFIGURATION

         name            origin    length      used     unused   attr    fill
----------------------  --------  ---------  --------  --------  ----  --------
  MAIN                  00000000   00040000  00003319  0003cce7  R  X
  INFO                  00200000   00004000  00000000  00004000  R  X
  SRAM_CODE             01000000   00010000  00000dc8  0000f238  RW X
  SRAM_DATA             20000000   00010000  00000dc8  0000f238  RW  


SEGMENT ALLOCATION MAP

run origin  load origin   length   init length attrs members
----------  ----------- ---------- ----------- ----- -------
00000000    00000000    00003320   00003320    r-x
  00000000    00000000    000000e4   000000e4    r-- .intvecs
  000000e4    000000e4    000030a4   000030a4    r-x .text
  00003188    00003188    00000101   00000101    r-- .const
  00003290    00003290    00000090   00000090    r-- .cinit
20000000    20000000    00000bc8   00000000    rw-
  20000000    20000000    00000800   00000000    rw- .sysmem
  20000800    20000800    000001ec   00000000    rw- .data
  200009ec    200009ec    000001dc   00000000    rw- .bss
2000fe00    2000fe00    00000200   00000000    rw-
  2000fe00    2000fe00    00000200   00000000    rw- .stack


SECTION ALLOCATION MAP

 output                                  attributes/
section   page    origin      length       input sections
--------  ----  ----------  ----------   ----------------
.intvecs   0    00000000    000000e4     
                  00000000    000000e4     startup_msp432p401r_ccs.obj (.intvecs:retain)

.text      0    000000e4    000030a4     
                  000000e4    00000a4e     rtsv7M4_T_le_v4SPD16_eabi.lib : _printfi.c.obj (.text:__TI_printfi)
                  00000b32    00000002     startup_msp432p401r_ccs.obj (.text:Default_Handler)
                  00000b34    00000270     rtsv7M4_T_le_v4SPD16_eabi.lib : _printfi.c.obj (.text:_pconv_a)
                  00000da4    00000234     main.obj (.text:main)
                  00000fd8    000001d0     rtsv7M4_T_le_v4SPD16_eabi.lib : _printfi.c.obj (.text:_pconv_g)
                  000011a8    000001b6                                   : fd_add_t2.asm.obj (.text)
                  0000135e    00000002                                   : _lock.c.obj (.text:_nop)
                  00001360    0000013c                                   : _printfi.c.obj (.text:_pconv_e)
                  0000149c    00000136                                   : fd_div_t2.asm.obj (.text)
                  000015d2    00000002                                   : div0.asm.obj (.text)
                  000015d4    00000124                                   : _printfi.c.obj (.text:fcvt)
                  000016f8    00000114                                   : fputs.c.obj (.text:fputs)
                  0000180c    00000110                                   : s_scalbn.c.obj (.text:scalbn)
                  0000191c    00000104     msp432p4xx_driverlib.lib : cs.o (.text:_CSComputeCLKFrequency)
                  00001a20    00000100     rtsv7M4_T_le_v4SPD16_eabi.lib : memory.c.obj (.text:aligned_alloc)
                  00001b20    000000fc                                   : fd_mul_t2.asm.obj (.text)
                  00001c1c    000000f8     msp432p4xx_driverlib.lib : cs.o (.text:CS_getDCOFrequency)
                  00001d14    000000e4     rtsv7M4_T_le_v4SPD16_eabi.lib : memory.c.obj (.text:free)
                  00001df8    000000dc                                   : setvbuf.c.obj (.text:setvbuf)
                  00001ed4    000000b1                                   : _printfi.c.obj (.text:_ltostr)
                  00001f85    00000001     --HOLE-- [fill = 0]
                  00001f86    0000009c                                   : memcpy_t2.asm.obj (.text)
                  00002022    00000096                                   : ull_div_t2.asm.obj (.text)
                  000020b8    00000094     msp432p4xx_driverlib.lib : sysctl_a.o (.text:SysCtl_A_getTLVInfo)
                  0000214c    0000008c     rtsv7M4_T_le_v4SPD16_eabi.lib : fputc.c.obj (.text:fputc)
                  000021d8    00000086                                   : fd_cmp_t2.asm.obj (.text:__aeabi_cdcmple)
                  0000225e    00000086                                   : fd_cmp_t2.asm.obj (.text:__aeabi_cdrcmple)
                  000022e4    0000007c     msp432p4xx_driverlib.lib : cs.o (.text:_CSGetDOCFrequency)
                  00002360    0000007a     rtsv7M4_T_le_v4SPD16_eabi.lib : memset_t2.asm.obj (.text)
                  000023da    00000002     --HOLE-- [fill = 0]
                  000023dc    00000078     system_msp432p401r.obj (.text:SystemInit)
                  00002454    00000074     rtsv7M4_T_le_v4SPD16_eabi.lib : fclose.c.obj (.text:__TI_closefile)
                  000024c8    00000070                                   : memory.c.obj (.text:split)
                  00002538    0000006e                                   : _printfi.c.obj (.text:_mcpy)
                  000025a6    00000002     --HOLE-- [fill = 0]
                  000025a8    0000006c                                   : hostrename.c.obj (.text:HOSTrename)
                  00002614    00000068                                   : hostlseek.c.obj (.text:HOSTlseek)
                  0000267c    00000068                                   : copy_decompress_lzss.c.obj (.text:decompress:lzss:__TI_decompress_lzss)
                  000026e4    00000068                                   : printf.c.obj (.text:printf)
                  0000274c    00000064                                   : s_frexp.c.obj (.text:frexp)
                  000027b0    00000064                                   : fseek.c.obj (.text:fseek)
                  00002814    00000062     msp432p4xx_driverlib.lib : cs.o (.text:_CSGetDividerValue)
                  00002876    00000062     rtsv7M4_T_le_v4SPD16_eabi.lib : _io_perm.c.obj (.text:__TI_wrt_ok)
                  000028d8    00000060                                   : hostopen.c.obj (.text:HOSTopen)
                  00002938    0000005c                                   : close.c.obj (.text:close)
                  00002994    00000058                                   : hostread.c.obj (.text:HOSTread)
                  000029ec    00000058                                   : hostwrite.c.obj (.text:HOSTwrite)
                  00002a44    00000056                                   : _printfi.c.obj (.text:_pconv_f)
                  00002a9a    00000054                                   : _ltoa.c.obj (.text:__TI_ltoa)
                  00002aee    00000052                                   : _printfi.c.obj (.text:_ecpy)
                  00002b40    0000004c                                   : fflush.c.obj (.text:__TI_doflush)
                  00002b8c    0000004c                                   : atoi.c.obj (.text:atoi)
                  00002bd8    00000048                                   : exit.c.obj (.text:exit)
                  00002c20    00000048                                   : fd_toi_t2.asm.obj (.text)
                  00002c68    00000044                                   : hostclose.c.obj (.text:HOSTclose)
                  00002cac    00000044                                   : hostunlink.c.obj (.text:HOSTunlink)
                  00002cf0    00000044                                   : autoinit.c.obj (.text:__TI_auto_init_nobinit_nopinit:__TI_auto_init_nobinit_nopinit)
                  00002d34    00000044                                   : getdevice.c.obj (.text:getdevice)
                  00002d78    0000003e                                   : _printfi.c.obj (.text:_fcpy)
                  00002db6    00000002     --HOLE-- [fill = 0]
                  00002db8    00000038                                   : trgmsg.c.obj (.text:__TI_writemsg)
                  00002df0    00000038                                   : fs_tod_t2.asm.obj (.text)
                  00002e28    00000036                                   : strncpy.c.obj (.text:strncpy)
                  00002e5e    00000002     --HOLE-- [fill = 0]
                  00002e60    00000034                                   : fopen.c.obj (.text:__TI_cleanup)
                  00002e94    00000034                                   : trgmsg.c.obj (.text:__TI_readmsg)
                  00002ec8    00000034                                   : boot_cortex_m.c.obj (.text:_c_int00_noargs:_c_int00_noargs)
                  00002efc    00000030     msp432p4xx_driverlib.lib : cs.o (.text:CS_clearInterruptFlag)
                  00002f2c    00000030     rtsv7M4_T_le_v4SPD16_eabi.lib : getdevice.c.obj (.text:finddevice)
                  00002f5c    0000002e                                   : i_tofd_t2.asm.obj (.text)
                  00002f8a    00000002     --HOLE-- [fill = 0]
                  00002f8c    0000002c                                   : unlink.c.obj (.text:unlink)
                  00002fb8    00000028     msp432p4xx_driverlib.lib : cs.o (.text:CS_getMCLK)
                  00002fe0    00000028     rtsv7M4_T_le_v4SPD16_eabi.lib : memory.c.obj (.text:free_list_insert)
                  00003008    00000028                                   : lseek.c.obj (.text:lseek)
                  00003030    00000028                                   : write.c.obj (.text:write)
                  00003058    00000020                                   : memchr.c.obj (.text:memchr)
                  00003078    0000001c                                   : copy_zero_init.c.obj (.text:decompress:ZI:__TI_zero_init_nomemset:__TI_zero_init_nomemset)
                  00003094    0000001c                                   : memory.c.obj (.text:free_list_remove)
                  000030b0    0000001c                                   : memccpy.c.obj (.text:memccpy)
                  000030cc    0000001a                                   : s_copysign.c.obj (.text:copysign)
                  000030e6    00000018                                   : strcmp.c.obj (.text:strcmp)
                  000030fe    00000016                                   : strchr.c.obj (.text:strchr)
                  00003114    00000014                                   : strcpy.c.obj (.text:strcpy)
                  00003128    00000014                                   : strlen.c.obj (.text:strlen)
                  0000313c    00000012                                   : wcslen.c.obj (.text:wcslen)
                  0000314e    0000000e                                   : copy_decompress_none.c.obj (.text:decompress:none:__TI_decompress_none)
                  0000315c    0000000c     startup_msp432p401r_ccs.obj (.text:Reset_Handler)
                  00003168    00000008     rtsv7M4_T_le_v4SPD16_eabi.lib : errno.c.obj (.text:__aeabi_errno_addr)
                  00003170    00000008                                   : memory.c.obj (.text:malloc)
                  00003178    00000004                                   : printf.c.obj (.text:_outc)
                  0000317c    00000004                                   : printf.c.obj (.text:_outs)
                  00003180    00000004                                   : pre_init.c.obj (.text:_system_pre_init)
                  00003184    00000004                                   : exit.c.obj (.text:abort:abort)

.const     0    00003188    00000101     
                  00003188    00000101     rtsv7M4_T_le_v4SPD16_eabi.lib : ctype.c.obj (.const:.string:_ctypes_)

.cinit     0    00003290    00000090     
                  00003290    00000069     (.cinit..data.load) [load image, compression = lzss]
                  000032f9    00000003     --HOLE-- [fill = 0]
                  000032fc    0000000c     (__TI_handler_table)
                  00003308    00000008     (.cinit..bss.load) [load image, compression = zero_init]
                  00003310    00000010     (__TI_cinit_table)

.init_array 
*          0    00000000    00000000     UNINITIALIZED

.binit     0    00000000    00000000     

.sysmem    0    20000000    00000800     UNINITIALIZED
                  20000000    00000010     rtsv7M4_T_le_v4SPD16_eabi.lib : memory.c.obj (.sysmem)
                  20000010    000007f0     --HOLE--

.data      0    20000800    000001ec     UNINITIALIZED
                  20000800    000000f0     rtsv7M4_T_le_v4SPD16_eabi.lib : defs.c.obj (.data:_ftable)
                  200008f0    00000078                                   : host_device.c.obj (.data:_device)
                  20000968    00000050                                   : host_device.c.obj (.data:_stream)
                  200009b8    00000010                                   : defs.c.obj (.data)
                  200009c8    0000000c                                   : exit.c.obj (.data:$O1$$)
                  200009d4    00000008                                   : _lock.c.obj (.data:$O1$$)
                  200009dc    00000008                                   : memory.c.obj (.data:$O1$$)
                  200009e4    00000004     main.obj (.data)
                  200009e8    00000004     rtsv7M4_T_le_v4SPD16_eabi.lib : errno.c.obj (.data)

.bss       0    200009ec    000001dc     UNINITIALIZED
                  200009ec    00000120     rtsv7M4_T_le_v4SPD16_eabi.lib : trgmsg.c.obj (.bss:_CIOBUF_)
                  20000b0c    000000a0     (.common:__TI_tmpnams)
                  20000bac    00000008     msp432p4xx_driverlib.lib : cs.o (.bss)
                  20000bb4    00000008     (.common:parmbuf)
                  20000bbc    00000004     (.common:frequency)
                  20000bc0    00000004     (.common:reference)
                  20000bc4    00000004     (.common:t0)

.stack     0    2000fe00    00000200     UNINITIALIZED
                  2000fe00    00000004     rtsv7M4_T_le_v4SPD16_eabi.lib : boot_cortex_m.c.obj (.stack)
                  2000fe04    000001fc     --HOLE--

__llvm_prf_cnts 
*          0    20000000    00000000     UNINITIALIZED

MODULE SUMMARY

       Module                        code    ro data   rw data
       ------                        ----    -------   -------
    .\
       main.obj                      564     0         32     
       system_msp432p401r.obj        120     0         0      
    +--+-----------------------------+-------+---------+---------+
       Total:                        684     0         32     
                                                              
    .\ccs\
       startup_msp432p401r_ccs.obj   14      228       0      
    +--+-----------------------------+-------+---------+---------+
       Total:                        14      228       0      
                                                              
    C:/ti/simplelink_msp432p4_sdk_3_40_01_02/source/ti/devices/msp432p4xx/driverlib/ccs/msp432p4xx_driverlib.lib
       cs.o                          818     0         16     
       sysctl_a.o                    148     0         0      
    +--+-----------------------------+-------+---------+---------+
       Total:                        966     0         16     
                                                              
    C:\Software\ti\ccs1040\ccs\tools\compiler\ti-cgt-arm_20.2.5.LTS\lib\rtsv7M4_T_le_v4SPD16_eabi.lib
       _printfi.c.obj                4851    0         0      
       defs.c.obj                    0       0         832    
       memory.c.obj                  672     0         16     
       trgmsg.c.obj                  108     0         576    
       fd_add_t2.asm.obj             438     0         0      
       host_device.c.obj             0       0         400    
       fd_div_t2.asm.obj             310     0         0      
       fputs.c.obj                   276     0         0      
       s_scalbn.c.obj                272     0         0      
       fd_cmp_t2.asm.obj             268     0         0      
       ctype.c.obj                   0       257       0      
       fd_mul_t2.asm.obj             252     0         0      
       setvbuf.c.obj                 220     0         0      
       memcpy_t2.asm.obj             156     0         0      
       ull_div_t2.asm.obj            150     0         0      
       fputc.c.obj                   140     0         0      
       memset_t2.asm.obj             122     0         0      
       fclose.c.obj                  116     0         0      
       getdevice.c.obj               116     0         0      
       hostopen.c.obj                96      0         16     
       printf.c.obj                  112     0         0      
       hostrename.c.obj              108     0         0      
       copy_decompress_lzss.c.obj    104     0         0      
       hostlseek.c.obj               104     0         0      
       exit.c.obj                    76      0         24     
       fseek.c.obj                   100     0         0      
       s_frexp.c.obj                 100     0         0      
       _io_perm.c.obj                98      0         0      
       close.c.obj                   92      0         0      
       hostread.c.obj                88      0         0      
       hostwrite.c.obj               88      0         0      
       _ltoa.c.obj                   84      0         0      
       atoi.c.obj                    76      0         0      
       fflush.c.obj                  76      0         0      
       fd_toi_t2.asm.obj             72      0         0      
       autoinit.c.obj                68      0         0      
       hostclose.c.obj               68      0         0      
       hostunlink.c.obj              68      0         0      
       fs_tod_t2.asm.obj             56      0         0      
       strncpy.c.obj                 54      0         0      
       boot_cortex_m.c.obj           52      0         0      
       fopen.c.obj                   52      0         0      
       i_tofd_t2.asm.obj             46      0         0      
       unlink.c.obj                  44      0         0      
       lseek.c.obj                   40      0         0      
       write.c.obj                   40      0         0      
       memchr.c.obj                  32      0         0      
       copy_zero_init.c.obj          28      0         0      
       memccpy.c.obj                 28      0         0      
       s_copysign.c.obj              26      0         0      
       strcmp.c.obj                  24      0         0      
       strchr.c.obj                  22      0         0      
       strcpy.c.obj                  20      0         0      
       strlen.c.obj                  20      0         0      
       _lock.c.obj                   2       0         16     
       wcslen.c.obj                  18      0         0      
       errno.c.obj                   8       0         8      
       copy_decompress_none.c.obj    14      0         0      
       pre_init.c.obj                4       0         0      
       div0.asm.obj                  2       0         0      
    +--+-----------------------------+-------+---------+---------+
       Total:                        10777   257       1888   
                                                              
       Heap:                         0       0         4096   
       Stack:                        0       0         1024   
       Linker Generated:             0       141       0      
    +--+-----------------------------+-------+---------+---------+
       Grand Total:                  12441   626       7056   


LINKER GENERATED COPY TABLES

__TI_cinit_table @ 00003310 records: 2, size/record: 8, table size: 16
	.data: load addr=00003290, load size=00000069 bytes, run addr=20000800, run size=000001ec bytes, compression=lzss
	.bss: load addr=00003308, load size=00000008 bytes, run addr=200009ec, run size=000001dc bytes, compression=zero_init


LINKER GENERATED HANDLER TABLE

__TI_handler_table @ 000032fc records: 3, size/record: 4, table size: 12
	index: 0, handler: __TI_decompress_lzss
	index: 1, handler: __TI_decompress_none
	index: 2, handler: __TI_zero_init


GLOBAL SYMBOLS: SORTED ALPHABETICALLY BY Name 

address   name                           
-------   ----                           
00000b33  ADC14_IRQHandler               
00000b33  AES256_IRQHandler              
00000b33  BusFault_Handler               
00003185  C$$EXIT                        
00002de7  C$$IO$$                        
00000b33  COMP_E0_IRQHandler             
00000b33  COMP_E1_IRQHandler             
00000b33  CS_IRQHandler                  
00002efd  CS_clearInterruptFlag          
00001c1d  CS_getDCOFrequency             
00002fb9  CS_getMCLK                     
00000b33  DMA_ERR_IRQHandler             
00000b33  DMA_INT0_IRQHandler            
00000b33  DMA_INT1_IRQHandler            
00000b33  DMA_INT2_IRQHandler            
00000b33  DMA_INT3_IRQHandler            
00000b33  DebugMon_Handler               
00000b33  Default_Handler                
00000b33  EUSCIA0_IRQHandler             
00000b33  EUSCIA1_IRQHandler             
00000b33  EUSCIA2_IRQHandler             
00000b33  EUSCIA3_IRQHandler             
00000b33  EUSCIB0_IRQHandler             
00000b33  EUSCIB1_IRQHandler             
00000b33  EUSCIB2_IRQHandler             
00000b33  EUSCIB3_IRQHandler             
00000b33  FLCTL_IRQHandler               
00000b33  FPU_IRQHandler                 
00002c69  HOSTclose                      
00002615  HOSTlseek                      
000028d9  HOSTopen                       
00002995  HOSTread                       
000025a9  HOSTrename                     
00002cad  HOSTunlink                     
000029ed  HOSTwrite                      
00000b33  HardFault_Handler              
00000b33  MemManage_Handler              
00000b33  NMI_Handler                    
00000b33  PCM_IRQHandler                 
00000b33  PORT1_IRQHandler               
00000b33  PORT2_IRQHandler               
00000b33  PORT3_IRQHandler               
00000b33  PORT4_IRQHandler               
00000b33  PORT5_IRQHandler               
00000b33  PORT6_IRQHandler               
00000b33  PSS_IRQHandler                 
00000b33  PendSV_Handler                 
00000b33  RTC_C_IRQHandler               
0000315d  Reset_Handler                  
00000b33  SVC_Handler                    
000020b9  SysCtl_A_getTLVInfo            
00000b33  SysTick_Handler                
000023dd  SystemInit                     
00000b33  T32_INT1_IRQHandler            
00000b33  T32_INT2_IRQHandler            
00000b33  T32_INTC_IRQHandler            
00000b33  TA0_0_IRQHandler               
00000b33  TA0_N_IRQHandler               
00000b33  TA1_0_IRQHandler               
00000b33  TA1_N_IRQHandler               
00000b33  TA2_0_IRQHandler               
00000b33  TA2_N_IRQHandler               
00000b33  TA3_0_IRQHandler               
00000b33  TA3_N_IRQHandler               
00000b33  UsageFault_Handler             
4000480c  WDTCTL_SYM                     
00000b33  WDT_A_IRQHandler               
200009ec  __CIOBUF_                      
20010000  __STACK_END                    
00000200  __STACK_SIZE                   
00000800  __SYSMEM_SIZE                  
00003310  __TI_CINIT_Base                
00003320  __TI_CINIT_Limit               
000032fc  __TI_Handler_Table_Base        
00003308  __TI_Handler_Table_Limit       
00002cf1  __TI_auto_init_nobinit_nopinit 
00002e61  __TI_cleanup                   
200009c8  __TI_cleanup_ptr               
00002455  __TI_closefile                 
0000267d  __TI_decompress_lzss           
0000314f  __TI_decompress_none           
00002b41  __TI_doflush                   
200009cc  __TI_dtors_ptr                 
200009d0  __TI_enable_exit_profile_output
200009b8  __TI_ft_end                    
00002a9b  __TI_ltoa                      
ffffffff  __TI_pprof_out_hndl            
000000e5  __TI_printfi                   
ffffffff  __TI_prof_data_size            
ffffffff  __TI_prof_data_start           
00002e95  __TI_readmsg                   
00000000  __TI_static_base__             
20000b0c  __TI_tmpnams                   
00002db9  __TI_writemsg                  
00002877  __TI_wrt_ok                    
00003079  __TI_zero_init_nomemset        
000021d9  __aeabi_cdcmpeq                
000021d9  __aeabi_cdcmple                
0000225f  __aeabi_cdrcmple               
00002c21  __aeabi_d2iz                   
000011b3  __aeabi_dadd                   
0000149d  __aeabi_ddiv                   
00001b21  __aeabi_dmul                   
000011a9  __aeabi_dsub                   
00003169  __aeabi_errno_addr             
00002df1  __aeabi_f2d                    
00002f5d  __aeabi_i2d                    
000015d3  __aeabi_idiv0                  
000015d3  __aeabi_ldiv0                  
00002361  __aeabi_memclr                 
00002361  __aeabi_memclr4                
00002361  __aeabi_memclr8                
00001f87  __aeabi_memcpy                 
00001f87  __aeabi_memcpy4                
00001f87  __aeabi_memcpy8                
00002363  __aeabi_memset                 
00002363  __aeabi_memset4                
00002363  __aeabi_memset8                
200009c4  __aeabi_stderr                 
200009bc  __aeabi_stdin                  
200009c0  __aeabi_stdout                 
00002023  __aeabi_uldivmod               
ffffffff  __binit__                      
ffffffff  __c_args__                     
UNDEFED   __mpu_init                     
2000fe00  __stack                        
20000000  __start___llvm_prf_cnts        
20000000  __stop___llvm_prf_cnts         
00002ec9  _c_int00_noargs                
00003188  _ctypes_                       
200008f0  _device                        
20000800  _ftable                        
200009d4  _lock                          
0000135f  _nop                           
20000968  _stream                        
20000000  _sys_memory                    
UNDEFED   _system_post_cinit             
00003181  _system_pre_init               
200009d8  _unlock                        
00003185  abort                          
00001a21  aligned_alloc                  
00002b8d  atoi                           
ffffffff  binit                          
00002939  close                          
000030cd  copysign                       
000030cd  copysignl                      
200009e8  errno                          
00002bd9  exit                           
00002f2d  finddevice                     
0000214d  fputc                          
000016f9  fputs                          
00001d15  free                           
20000bbc  frequency                      
0000274d  frexp                          
0000274d  frexpl                         
000027b1  fseek                          
00002d35  getdevice                      
00000000  interruptVectors               
0000180d  ldexp                          
0000180d  ldexpl                         
00003009  lseek                          
00000da5  main                           
00003171  malloc                         
00001a21  memalign                       
000030b1  memccpy                        
00003059  memchr                         
00001f87  memcpy                         
00002369  memset                         
20000bb4  parmbuf                        
200009e4  pressed                        
000026e5  printf                         
0000214d  putc                           
20000bc0  reference                      
00002f8d  remove                         
0000180d  scalbn                         
0000180d  scalbnl                        
00001df9  setvbuf                        
000030ff  strchr                         
000030e7  strcmp                         
00003115  strcpy                         
00003129  strlen                         
00002e29  strncpy                        
20000bc4  t0                             
00002f8d  unlink                         
0000313d  wcslen                         
00003031  write                          


GLOBAL SYMBOLS: SORTED BY Symbol Address 

address   name                           
-------   ----                           
00000000  __TI_static_base__             
00000000  interruptVectors               
000000e5  __TI_printfi                   
00000200  __STACK_SIZE                   
00000800  __SYSMEM_SIZE                  
00000b33  ADC14_IRQHandler               
00000b33  AES256_IRQHandler              
00000b33  BusFault_Handler               
00000b33  COMP_E0_IRQHandler             
00000b33  COMP_E1_IRQHandler             
00000b33  CS_IRQHandler                  
00000b33  DMA_ERR_IRQHandler             
00000b33  DMA_INT0_IRQHandler            
00000b33  DMA_INT1_IRQHandler            
00000b33  DMA_INT2_IRQHandler            
00000b33  DMA_INT3_IRQHandler            
00000b33  DebugMon_Handler               
00000b33  Default_Handler                
00000b33  EUSCIA0_IRQHandler             
00000b33  EUSCIA1_IRQHandler             
00000b33  EUSCIA2_IRQHandler             
00000b33  EUSCIA3_IRQHandler             
00000b33  EUSCIB0_IRQHandler             
00000b33  EUSCIB1_IRQHandler             
00000b33  EUSCIB2_IRQHandler             
00000b33  EUSCIB3_IRQHandler             
00000b33  FLCTL_IRQHandler               
00000b33  FPU_IRQHandler                 
00000b33  HardFault_Handler              
00000b33  MemManage_Handler              
00000b33  NMI_Handler                    
00000b33  PCM_IRQHandler                 
00000b33  PORT1_IRQHandler               
00000b33  PORT2_IRQHandler               
00000b33  PORT3_IRQHandler               
00000b33  PORT4_IRQHandler               
00000b33  PORT5_IRQHandler               
00000b33  PORT6_IRQHandler               
00000b33  PSS_IRQHandler                 
00000b33  PendSV_Handler                 
00000b33  RTC_C_IRQHandler               
00000b33  SVC_Handler                    
00000b33  SysTick_Handler                
00000b33  T32_INT1_IRQHandler            
00000b33  T32_INT2_IRQHandler            
00000b33  T32_INTC_IRQHandler            
00000b33  TA0_0_IRQHandler               
00000b33  TA0_N_IRQHandler               
00000b33  TA1_0_IRQHandler               
00000b33  TA1_N_IRQHandler               
00000b33  TA2_0_IRQHandler               
00000b33  TA2_N_IRQHandler               
00000b33  TA3_0_IRQHandler               
00000b33  TA3_N_IRQHandler               
00000b33  UsageFault_Handler             
00000b33  WDT_A_IRQHandler               
00000da5  main                           
000011a9  __aeabi_dsub                   
000011b3  __aeabi_dadd                   
0000135f  _nop                           
0000149d  __aeabi_ddiv                   
000015d3  __aeabi_idiv0                  
000015d3  __aeabi_ldiv0                  
000016f9  fputs                          
0000180d  ldexp                          
0000180d  ldexpl                         
0000180d  scalbn                         
0000180d  scalbnl                        
00001a21  aligned_alloc                  
00001a21  memalign                       
00001b21  __aeabi_dmul                   
00001c1d  CS_getDCOFrequency             
00001d15  free                           
00001df9  setvbuf                        
00001f87  __aeabi_memcpy                 
00001f87  __aeabi_memcpy4                
00001f87  __aeabi_memcpy8                
00001f87  memcpy                         
00002023  __aeabi_uldivmod               
000020b9  SysCtl_A_getTLVInfo            
0000214d  fputc                          
0000214d  putc                           
000021d9  __aeabi_cdcmpeq                
000021d9  __aeabi_cdcmple                
0000225f  __aeabi_cdrcmple               
00002361  __aeabi_memclr                 
00002361  __aeabi_memclr4                
00002361  __aeabi_memclr8                
00002363  __aeabi_memset                 
00002363  __aeabi_memset4                
00002363  __aeabi_memset8                
00002369  memset                         
000023dd  SystemInit                     
00002455  __TI_closefile                 
000025a9  HOSTrename                     
00002615  HOSTlseek                      
0000267d  __TI_decompress_lzss           
000026e5  printf                         
0000274d  frexp                          
0000274d  frexpl                         
000027b1  fseek                          
00002877  __TI_wrt_ok                    
000028d9  HOSTopen                       
00002939  close                          
00002995  HOSTread                       
000029ed  HOSTwrite                      
00002a9b  __TI_ltoa                      
00002b41  __TI_doflush                   
00002b8d  atoi                           
00002bd9  exit                           
00002c21  __aeabi_d2iz                   
00002c69  HOSTclose                      
00002cad  HOSTunlink                     
00002cf1  __TI_auto_init_nobinit_nopinit 
00002d35  getdevice                      
00002db9  __TI_writemsg                  
00002de7  C$$IO$$                        
00002df1  __aeabi_f2d                    
00002e29  strncpy                        
00002e61  __TI_cleanup                   
00002e95  __TI_readmsg                   
00002ec9  _c_int00_noargs                
00002efd  CS_clearInterruptFlag          
00002f2d  finddevice                     
00002f5d  __aeabi_i2d                    
00002f8d  remove                         
00002f8d  unlink                         
00002fb9  CS_getMCLK                     
00003009  lseek                          
00003031  write                          
00003059  memchr                         
00003079  __TI_zero_init_nomemset        
000030b1  memccpy                        
000030cd  copysign                       
000030cd  copysignl                      
000030e7  strcmp                         
000030ff  strchr                         
00003115  strcpy                         
00003129  strlen                         
0000313d  wcslen                         
0000314f  __TI_decompress_none           
0000315d  Reset_Handler                  
00003169  __aeabi_errno_addr             
00003171  malloc                         
00003181  _system_pre_init               
00003185  C$$EXIT                        
00003185  abort                          
00003188  _ctypes_                       
000032fc  __TI_Handler_Table_Base        
00003308  __TI_Handler_Table_Limit       
00003310  __TI_CINIT_Base                
00003320  __TI_CINIT_Limit               
20000000  __start___llvm_prf_cnts        
20000000  __stop___llvm_prf_cnts         
20000000  _sys_memory                    
20000800  _ftable                        
200008f0  _device                        
20000968  _stream                        
200009b8  __TI_ft_end                    
200009bc  __aeabi_stdin                  
200009c0  __aeabi_stdout                 
200009c4  __aeabi_stderr                 
200009c8  __TI_cleanup_ptr               
200009cc  __TI_dtors_ptr                 
200009d0  __TI_enable_exit_profile_output
200009d4  _lock                          
200009d8  _unlock                        
200009e4  pressed                        
200009e8  errno                          
200009ec  __CIOBUF_                      
20000b0c  __TI_tmpnams                   
20000bb4  parmbuf                        
20000bbc  frequency                      
20000bc0  reference                      
20000bc4  t0                             
2000fe00  __stack                        
20010000  __STACK_END                    
4000480c  WDTCTL_SYM                     
ffffffff  __TI_pprof_out_hndl            
ffffffff  __TI_prof_data_size            
ffffffff  __TI_prof_data_start           
ffffffff  __binit__                      
ffffffff  __c_args__                     
ffffffff  binit                          
UNDEFED   __mpu_init                     
UNDEFED   _system_post_cinit             

[186 symbols]
