******************************************************************************
                  TI ARM Linker PC v20.2.5                     
******************************************************************************
>> Linked Thu Oct 20 19:09:15 2022

OUTPUT FILE NAME:   <Lab5-3.1.out>
ENTRY POINT SYMBOL: "_c_int00_noargs"  address: 00002a35


MEMORY CONFIGURATION

         name            origin    length      used     unused   attr    fill
----------------------  --------  ---------  --------  --------  ----  --------
  MAIN                  00000000   00040000  00002e2d  0003d1d3  R  X
  INFO                  00200000   00004000  00000000  00004000  R  X
  SRAM_CODE             01000000   00010000  00000db8  0000f248  RW X
  SRAM_DATA             20000000   00010000  00000db8  0000f248  RW  


SEGMENT ALLOCATION MAP

run origin  load origin   length   init length attrs members
----------  ----------- ---------- ----------- ----- -------
00000000    00000000    00002e30   00002e30    r-x
  00000000    00000000    000000e4   000000e4    r-- .intvecs
  000000e4    000000e4    00002bb8   00002bb8    r-x .text
  00002c9c    00002c9c    00000101   00000101    r-- .const
  00002da0    00002da0    00000090   00000090    r-- .cinit
20000000    20000000    00000bb8   00000000    rw-
  20000000    20000000    00000800   00000000    rw- .sysmem
  20000800    20000800    000001e8   00000000    rw- .data
  200009e8    200009e8    000001d0   00000000    rw- .bss
2000fe00    2000fe00    00000200   00000000    rw-
  2000fe00    2000fe00    00000200   00000000    rw- .stack


SECTION ALLOCATION MAP

 output                                  attributes/
section   page    origin      length       input sections
--------  ----  ----------  ----------   ----------------
.intvecs   0    00000000    000000e4     
                  00000000    000000e4     startup_msp432p401r_ccs.obj (.intvecs:retain)

.text      0    000000e4    00002bb8     
                  000000e4    00000a4e     rtsv7M4_T_le_v4SPD16_eabi.lib : _printfi.c.obj (.text:__TI_printfi)
                  00000b32    00000002     startup_msp432p401r_ccs.obj (.text:Default_Handler)
                  00000b34    00000270     rtsv7M4_T_le_v4SPD16_eabi.lib : _printfi.c.obj (.text:_pconv_a)
                  00000da4    000001d0                                   : _printfi.c.obj (.text:_pconv_g)
                  00000f74    000001b6                                   : fd_add_t2.asm.obj (.text)
                  0000112a    00000002                                   : _lock.c.obj (.text:_nop)
                  0000112c    0000013c                                   : _printfi.c.obj (.text:_pconv_e)
                  00001268    00000136                                   : fd_div_t2.asm.obj (.text)
                  0000139e    00000002                                   : div0.asm.obj (.text)
                  000013a0    00000124                                   : _printfi.c.obj (.text:fcvt)
                  000014c4    00000114                                   : fputs.c.obj (.text:fputs)
                  000015d8    00000110                                   : s_scalbn.c.obj (.text:scalbn)
                  000016e8    0000010c     main.obj (.text:main)
                  000017f4    00000100     rtsv7M4_T_le_v4SPD16_eabi.lib : memory.c.obj (.text:aligned_alloc)
                  000018f4    000000fc                                   : fd_mul_t2.asm.obj (.text)
                  000019f0    000000e4                                   : memory.c.obj (.text:free)
                  00001ad4    000000dc                                   : setvbuf.c.obj (.text:setvbuf)
                  00001bb0    000000b1                                   : _printfi.c.obj (.text:_ltostr)
                  00001c61    00000001     --HOLE-- [fill = 0]
                  00001c62    0000009c                                   : memcpy_t2.asm.obj (.text)
                  00001cfe    00000096                                   : ull_div_t2.asm.obj (.text)
                  00001d94    0000008c                                   : fputc.c.obj (.text:fputc)
                  00001e20    00000086                                   : fd_cmp_t2.asm.obj (.text:__aeabi_cdcmple)
                  00001ea6    00000086                                   : fd_cmp_t2.asm.obj (.text:__aeabi_cdrcmple)
                  00001f2c    0000007a                                   : memset_t2.asm.obj (.text)
                  00001fa6    00000002     --HOLE-- [fill = 0]
                  00001fa8    00000078     system_msp432p401r.obj (.text:SystemInit)
                  00002020    00000074     rtsv7M4_T_le_v4SPD16_eabi.lib : fclose.c.obj (.text:__TI_closefile)
                  00002094    00000070                                   : memory.c.obj (.text:split)
                  00002104    0000006e                                   : _printfi.c.obj (.text:_mcpy)
                  00002172    00000002     --HOLE-- [fill = 0]
                  00002174    0000006c                                   : hostrename.c.obj (.text:HOSTrename)
                  000021e0    00000068                                   : hostlseek.c.obj (.text:HOSTlseek)
                  00002248    00000068                                   : copy_decompress_lzss.c.obj (.text:decompress:lzss:__TI_decompress_lzss)
                  000022b0    00000068                                   : printf.c.obj (.text:printf)
                  00002318    00000064                                   : s_frexp.c.obj (.text:frexp)
                  0000237c    00000064                                   : fseek.c.obj (.text:fseek)
                  000023e0    00000062                                   : _io_perm.c.obj (.text:__TI_wrt_ok)
                  00002442    00000002     --HOLE-- [fill = 0]
                  00002444    00000060                                   : hostopen.c.obj (.text:HOSTopen)
                  000024a4    0000005c                                   : close.c.obj (.text:close)
                  00002500    00000058                                   : hostread.c.obj (.text:HOSTread)
                  00002558    00000058                                   : hostwrite.c.obj (.text:HOSTwrite)
                  000025b0    00000056                                   : _printfi.c.obj (.text:_pconv_f)
                  00002606    00000054                                   : _ltoa.c.obj (.text:__TI_ltoa)
                  0000265a    00000052                                   : _printfi.c.obj (.text:_ecpy)
                  000026ac    0000004c                                   : fflush.c.obj (.text:__TI_doflush)
                  000026f8    0000004c                                   : atoi.c.obj (.text:atoi)
                  00002744    00000048                                   : exit.c.obj (.text:exit)
                  0000278c    00000048                                   : fd_toi_t2.asm.obj (.text)
                  000027d4    00000044                                   : hostclose.c.obj (.text:HOSTclose)
                  00002818    00000044                                   : hostunlink.c.obj (.text:HOSTunlink)
                  0000285c    00000044                                   : autoinit.c.obj (.text:__TI_auto_init_nobinit_nopinit:__TI_auto_init_nobinit_nopinit)
                  000028a0    00000044                                   : getdevice.c.obj (.text:getdevice)
                  000028e4    0000003e                                   : _printfi.c.obj (.text:_fcpy)
                  00002922    00000002     --HOLE-- [fill = 0]
                  00002924    00000038                                   : trgmsg.c.obj (.text:__TI_writemsg)
                  0000295c    00000038                                   : fs_tod_t2.asm.obj (.text)
                  00002994    00000036                                   : strncpy.c.obj (.text:strncpy)
                  000029ca    00000002     --HOLE-- [fill = 0]
                  000029cc    00000034                                   : fopen.c.obj (.text:__TI_cleanup)
                  00002a00    00000034                                   : trgmsg.c.obj (.text:__TI_readmsg)
                  00002a34    00000034                                   : boot_cortex_m.c.obj (.text:_c_int00_noargs:_c_int00_noargs)
                  00002a68    00000030                                   : getdevice.c.obj (.text:finddevice)
                  00002a98    0000002e                                   : i_tofd_t2.asm.obj (.text)
                  00002ac6    00000002     --HOLE-- [fill = 0]
                  00002ac8    0000002c                                   : unlink.c.obj (.text:unlink)
                  00002af4    00000028                                   : memory.c.obj (.text:free_list_insert)
                  00002b1c    00000028                                   : lseek.c.obj (.text:lseek)
                  00002b44    00000028                                   : write.c.obj (.text:write)
                  00002b6c    00000020                                   : memchr.c.obj (.text:memchr)
                  00002b8c    0000001c                                   : copy_zero_init.c.obj (.text:decompress:ZI:__TI_zero_init_nomemset:__TI_zero_init_nomemset)
                  00002ba8    0000001c                                   : memory.c.obj (.text:free_list_remove)
                  00002bc4    0000001c                                   : memccpy.c.obj (.text:memccpy)
                  00002be0    0000001a                                   : s_copysign.c.obj (.text:copysign)
                  00002bfa    00000018                                   : strcmp.c.obj (.text:strcmp)
                  00002c12    00000016                                   : strchr.c.obj (.text:strchr)
                  00002c28    00000014                                   : strcpy.c.obj (.text:strcpy)
                  00002c3c    00000014                                   : strlen.c.obj (.text:strlen)
                  00002c50    00000012                                   : wcslen.c.obj (.text:wcslen)
                  00002c62    0000000e                                   : copy_decompress_none.c.obj (.text:decompress:none:__TI_decompress_none)
                  00002c70    0000000c     startup_msp432p401r_ccs.obj (.text:Reset_Handler)
                  00002c7c    00000008     rtsv7M4_T_le_v4SPD16_eabi.lib : errno.c.obj (.text:__aeabi_errno_addr)
                  00002c84    00000008                                   : memory.c.obj (.text:malloc)
                  00002c8c    00000004                                   : printf.c.obj (.text:_outc)
                  00002c90    00000004                                   : printf.c.obj (.text:_outs)
                  00002c94    00000004                                   : pre_init.c.obj (.text:_system_pre_init)
                  00002c98    00000004                                   : exit.c.obj (.text:abort:abort)

.const     0    00002c9c    00000101     
                  00002c9c    00000101     rtsv7M4_T_le_v4SPD16_eabi.lib : ctype.c.obj (.const:.string:_ctypes_)

.cinit     0    00002da0    00000090     
                  00002da0    00000067     (.cinit..data.load) [load image, compression = lzss]
                  00002e07    00000001     --HOLE-- [fill = 0]
                  00002e08    0000000c     (__TI_handler_table)
                  00002e14    00000004     --HOLE-- [fill = 0]
                  00002e18    00000008     (.cinit..bss.load) [load image, compression = zero_init]
                  00002e20    00000010     (__TI_cinit_table)

.init_array 
*          0    00000000    00000000     UNINITIALIZED

.binit     0    00000000    00000000     

.sysmem    0    20000000    00000800     UNINITIALIZED
                  20000000    00000010     rtsv7M4_T_le_v4SPD16_eabi.lib : memory.c.obj (.sysmem)
                  20000010    000007f0     --HOLE--

.data      0    20000800    000001e8     UNINITIALIZED
                  20000800    000000f0     rtsv7M4_T_le_v4SPD16_eabi.lib : defs.c.obj (.data:_ftable)
                  200008f0    00000078                                   : host_device.c.obj (.data:_device)
                  20000968    00000050                                   : host_device.c.obj (.data:_stream)
                  200009b8    00000010                                   : defs.c.obj (.data)
                  200009c8    0000000c                                   : exit.c.obj (.data:$O1$$)
                  200009d4    00000008                                   : _lock.c.obj (.data:$O1$$)
                  200009dc    00000008                                   : memory.c.obj (.data:$O1$$)
                  200009e4    00000004                                   : errno.c.obj (.data)

.bss       0    200009e8    000001d0     UNINITIALIZED
                  200009e8    00000120     rtsv7M4_T_le_v4SPD16_eabi.lib : trgmsg.c.obj (.bss:_CIOBUF_)
                  20000b08    000000a0     (.common:__TI_tmpnams)
                  20000ba8    00000008     (.common:parmbuf)
                  20000bb0    00000004     (.common:frequency)
                  20000bb4    00000004     (.common:t0)

.stack     0    2000fe00    00000200     UNINITIALIZED
                  2000fe00    00000004     rtsv7M4_T_le_v4SPD16_eabi.lib : boot_cortex_m.c.obj (.stack)
                  2000fe04    000001fc     --HOLE--

__llvm_prf_cnts 
*          0    20000000    00000000     UNINITIALIZED

MODULE SUMMARY

       Module                        code    ro data   rw data
       ------                        ----    -------   -------
    .\
       main.obj                      268     0         16     
       system_msp432p401r.obj        120     0         0      
    +--+-----------------------------+-------+---------+---------+
       Total:                        388     0         16     
                                                              
    .\ccs\
       startup_msp432p401r_ccs.obj   14      228       0      
    +--+-----------------------------+-------+---------+---------+
       Total:                        14      228       0      
                                                              
    C:\Software\ti\ccs1040\ccs\tools\compiler\ti-cgt-arm_20.2.5.LTS\lib\rtsv7M4_T_le_v4SPD16_eabi.lib
       _printfi.c.obj                4851    0         0      
       defs.c.obj                    0       0         832    
       memory.c.obj                  672     0         16     
       trgmsg.c.obj                  108     0         576    
       fd_add_t2.asm.obj             438     0         0      
       host_device.c.obj             0       0         400    
       fd_div_t2.asm.obj             310     0         0      
       fputs.c.obj                   276     0         0      
       s_scalbn.c.obj                272     0         0      
       fd_cmp_t2.asm.obj             268     0         0      
       ctype.c.obj                   0       257       0      
       fd_mul_t2.asm.obj             252     0         0      
       setvbuf.c.obj                 220     0         0      
       memcpy_t2.asm.obj             156     0         0      
       ull_div_t2.asm.obj            150     0         0      
       fputc.c.obj                   140     0         0      
       memset_t2.asm.obj             122     0         0      
       fclose.c.obj                  116     0         0      
       getdevice.c.obj               116     0         0      
       hostopen.c.obj                96      0         16     
       printf.c.obj                  112     0         0      
       hostrename.c.obj              108     0         0      
       copy_decompress_lzss.c.obj    104     0         0      
       hostlseek.c.obj               104     0         0      
       exit.c.obj                    76      0         24     
       fseek.c.obj                   100     0         0      
       s_frexp.c.obj                 100     0         0      
       _io_perm.c.obj                98      0         0      
       close.c.obj                   92      0         0      
       hostread.c.obj                88      0         0      
       hostwrite.c.obj               88      0         0      
       _ltoa.c.obj                   84      0         0      
       atoi.c.obj                    76      0         0      
       fflush.c.obj                  76      0         0      
       fd_toi_t2.asm.obj             72      0         0      
       autoinit.c.obj                68      0         0      
       hostclose.c.obj               68      0         0      
       hostunlink.c.obj              68      0         0      
       fs_tod_t2.asm.obj             56      0         0      
       strncpy.c.obj                 54      0         0      
       boot_cortex_m.c.obj           52      0         0      
       fopen.c.obj                   52      0         0      
       i_tofd_t2.asm.obj             46      0         0      
       unlink.c.obj                  44      0         0      
       lseek.c.obj                   40      0         0      
       write.c.obj                   40      0         0      
       memchr.c.obj                  32      0         0      
       copy_zero_init.c.obj          28      0         0      
       memccpy.c.obj                 28      0         0      
       s_copysign.c.obj              26      0         0      
       strcmp.c.obj                  24      0         0      
       strchr.c.obj                  22      0         0      
       strcpy.c.obj                  20      0         0      
       strlen.c.obj                  20      0         0      
       _lock.c.obj                   2       0         16     
       wcslen.c.obj                  18      0         0      
       errno.c.obj                   8       0         8      
       copy_decompress_none.c.obj    14      0         0      
       pre_init.c.obj                4       0         0      
       div0.asm.obj                  2       0         0      
    +--+-----------------------------+-------+---------+---------+
       Total:                        10777   257       1888   
                                                              
       Heap:                         0       0         4096   
       Stack:                        0       0         1024   
       Linker Generated:             0       139       0      
    +--+-----------------------------+-------+---------+---------+
       Grand Total:                  11179   624       7024   


LINKER GENERATED COPY TABLES

__TI_cinit_table @ 00002e20 records: 2, size/record: 8, table size: 16
	.data: load addr=00002da0, load size=00000067 bytes, run addr=20000800, run size=000001e8 bytes, compression=lzss
	.bss: load addr=00002e18, load size=00000008 bytes, run addr=200009e8, run size=000001d0 bytes, compression=zero_init


LINKER GENERATED HANDLER TABLE

__TI_handler_table @ 00002e08 records: 3, size/record: 4, table size: 12
	index: 0, handler: __TI_decompress_lzss
	index: 1, handler: __TI_decompress_none
	index: 2, handler: __TI_zero_init


GLOBAL SYMBOLS: SORTED ALPHABETICALLY BY Name 

address   name                           
-------   ----                           
00000b33  ADC14_IRQHandler               
00000b33  AES256_IRQHandler              
00000b33  BusFault_Handler               
00002c99  C$$EXIT                        
00002953  C$$IO$$                        
00000b33  COMP_E0_IRQHandler             
00000b33  COMP_E1_IRQHandler             
00000b33  CS_IRQHandler                  
00000b33  DMA_ERR_IRQHandler             
00000b33  DMA_INT0_IRQHandler            
00000b33  DMA_INT1_IRQHandler            
00000b33  DMA_INT2_IRQHandler            
00000b33  DMA_INT3_IRQHandler            
00000b33  DebugMon_Handler               
00000b33  Default_Handler                
00000b33  EUSCIA0_IRQHandler             
00000b33  EUSCIA1_IRQHandler             
00000b33  EUSCIA2_IRQHandler             
00000b33  EUSCIA3_IRQHandler             
00000b33  EUSCIB0_IRQHandler             
00000b33  EUSCIB1_IRQHandler             
00000b33  EUSCIB2_IRQHandler             
00000b33  EUSCIB3_IRQHandler             
00000b33  FLCTL_IRQHandler               
00000b33  FPU_IRQHandler                 
000027d5  HOSTclose                      
000021e1  HOSTlseek                      
00002445  HOSTopen                       
00002501  HOSTread                       
00002175  HOSTrename                     
00002819  HOSTunlink                     
00002559  HOSTwrite                      
00000b33  HardFault_Handler              
00000b33  MemManage_Handler              
00000b33  NMI_Handler                    
00000b33  PCM_IRQHandler                 
00000b33  PORT1_IRQHandler               
00000b33  PORT2_IRQHandler               
00000b33  PORT3_IRQHandler               
00000b33  PORT4_IRQHandler               
00000b33  PORT5_IRQHandler               
00000b33  PORT6_IRQHandler               
00000b33  PSS_IRQHandler                 
00000b33  PendSV_Handler                 
00000b33  RTC_C_IRQHandler               
00002c71  Reset_Handler                  
00000b33  SVC_Handler                    
00000b33  SysTick_Handler                
00001fa9  SystemInit                     
00000b33  T32_INT1_IRQHandler            
00000b33  T32_INT2_IRQHandler            
00000b33  T32_INTC_IRQHandler            
00000b33  TA0_0_IRQHandler               
00000b33  TA0_N_IRQHandler               
00000b33  TA1_0_IRQHandler               
00000b33  TA1_N_IRQHandler               
00000b33  TA2_0_IRQHandler               
00000b33  TA2_N_IRQHandler               
00000b33  TA3_0_IRQHandler               
00000b33  TA3_N_IRQHandler               
00000b33  UsageFault_Handler             
4000480c  WDTCTL_SYM                     
00000b33  WDT_A_IRQHandler               
200009e8  __CIOBUF_                      
20010000  __STACK_END                    
00000200  __STACK_SIZE                   
00000800  __SYSMEM_SIZE                  
00002e20  __TI_CINIT_Base                
00002e30  __TI_CINIT_Limit               
00002e08  __TI_Handler_Table_Base        
00002e14  __TI_Handler_Table_Limit       
0000285d  __TI_auto_init_nobinit_nopinit 
000029cd  __TI_cleanup                   
200009c8  __TI_cleanup_ptr               
00002021  __TI_closefile                 
00002249  __TI_decompress_lzss           
00002c63  __TI_decompress_none           
000026ad  __TI_doflush                   
200009cc  __TI_dtors_ptr                 
200009d0  __TI_enable_exit_profile_output
200009b8  __TI_ft_end                    
00002607  __TI_ltoa                      
ffffffff  __TI_pprof_out_hndl            
000000e5  __TI_printfi                   
ffffffff  __TI_prof_data_size            
ffffffff  __TI_prof_data_start           
00002a01  __TI_readmsg                   
00000000  __TI_static_base__             
20000b08  __TI_tmpnams                   
00002925  __TI_writemsg                  
000023e1  __TI_wrt_ok                    
00002b8d  __TI_zero_init_nomemset        
00001e21  __aeabi_cdcmpeq                
00001e21  __aeabi_cdcmple                
00001ea7  __aeabi_cdrcmple               
0000278d  __aeabi_d2iz                   
00000f7f  __aeabi_dadd                   
00001269  __aeabi_ddiv                   
000018f5  __aeabi_dmul                   
00000f75  __aeabi_dsub                   
00002c7d  __aeabi_errno_addr             
0000295d  __aeabi_f2d                    
00002a99  __aeabi_i2d                    
0000139f  __aeabi_idiv0                  
0000139f  __aeabi_ldiv0                  
00001f2d  __aeabi_memclr                 
00001f2d  __aeabi_memclr4                
00001f2d  __aeabi_memclr8                
00001c63  __aeabi_memcpy                 
00001c63  __aeabi_memcpy4                
00001c63  __aeabi_memcpy8                
00001f2f  __aeabi_memset                 
00001f2f  __aeabi_memset4                
00001f2f  __aeabi_memset8                
200009c4  __aeabi_stderr                 
200009bc  __aeabi_stdin                  
200009c0  __aeabi_stdout                 
00001cff  __aeabi_uldivmod               
ffffffff  __binit__                      
ffffffff  __c_args__                     
UNDEFED   __mpu_init                     
2000fe00  __stack                        
20000000  __start___llvm_prf_cnts        
20000000  __stop___llvm_prf_cnts         
00002a35  _c_int00_noargs                
00002c9c  _ctypes_                       
200008f0  _device                        
20000800  _ftable                        
200009d4  _lock                          
0000112b  _nop                           
20000968  _stream                        
20000000  _sys_memory                    
UNDEFED   _system_post_cinit             
00002c95  _system_pre_init               
200009d8  _unlock                        
00002c99  abort                          
000017f5  aligned_alloc                  
000026f9  atoi                           
ffffffff  binit                          
000024a5  close                          
00002be1  copysign                       
00002be1  copysignl                      
200009e4  errno                          
00002745  exit                           
00002a69  finddevice                     
00001d95  fputc                          
000014c5  fputs                          
000019f1  free                           
20000bb0  frequency                      
00002319  frexp                          
00002319  frexpl                         
0000237d  fseek                          
000028a1  getdevice                      
00000000  interruptVectors               
000015d9  ldexp                          
000015d9  ldexpl                         
00002b1d  lseek                          
000016e9  main                           
00002c85  malloc                         
000017f5  memalign                       
00002bc5  memccpy                        
00002b6d  memchr                         
00001c63  memcpy                         
00001f35  memset                         
20000ba8  parmbuf                        
000022b1  printf                         
00001d95  putc                           
00002ac9  remove                         
000015d9  scalbn                         
000015d9  scalbnl                        
00001ad5  setvbuf                        
00002c13  strchr                         
00002bfb  strcmp                         
00002c29  strcpy                         
00002c3d  strlen                         
00002995  strncpy                        
20000bb4  t0                             
00002ac9  unlink                         
00002c51  wcslen                         
00002b45  write                          


GLOBAL SYMBOLS: SORTED BY Symbol Address 

address   name                           
-------   ----                           
00000000  __TI_static_base__             
00000000  interruptVectors               
000000e5  __TI_printfi                   
00000200  __STACK_SIZE                   
00000800  __SYSMEM_SIZE                  
00000b33  ADC14_IRQHandler               
00000b33  AES256_IRQHandler              
00000b33  BusFault_Handler               
00000b33  COMP_E0_IRQHandler             
00000b33  COMP_E1_IRQHandler             
00000b33  CS_IRQHandler                  
00000b33  DMA_ERR_IRQHandler             
00000b33  DMA_INT0_IRQHandler            
00000b33  DMA_INT1_IRQHandler            
00000b33  DMA_INT2_IRQHandler            
00000b33  DMA_INT3_IRQHandler            
00000b33  DebugMon_Handler               
00000b33  Default_Handler                
00000b33  EUSCIA0_IRQHandler             
00000b33  EUSCIA1_IRQHandler             
00000b33  EUSCIA2_IRQHandler             
00000b33  EUSCIA3_IRQHandler             
00000b33  EUSCIB0_IRQHandler             
00000b33  EUSCIB1_IRQHandler             
00000b33  EUSCIB2_IRQHandler             
00000b33  EUSCIB3_IRQHandler             
00000b33  FLCTL_IRQHandler               
00000b33  FPU_IRQHandler                 
00000b33  HardFault_Handler              
00000b33  MemManage_Handler              
00000b33  NMI_Handler                    
00000b33  PCM_IRQHandler                 
00000b33  PORT1_IRQHandler               
00000b33  PORT2_IRQHandler               
00000b33  PORT3_IRQHandler               
00000b33  PORT4_IRQHandler               
00000b33  PORT5_IRQHandler               
00000b33  PORT6_IRQHandler               
00000b33  PSS_IRQHandler                 
00000b33  PendSV_Handler                 
00000b33  RTC_C_IRQHandler               
00000b33  SVC_Handler                    
00000b33  SysTick_Handler                
00000b33  T32_INT1_IRQHandler            
00000b33  T32_INT2_IRQHandler            
00000b33  T32_INTC_IRQHandler            
00000b33  TA0_0_IRQHandler               
00000b33  TA0_N_IRQHandler               
00000b33  TA1_0_IRQHandler               
00000b33  TA1_N_IRQHandler               
00000b33  TA2_0_IRQHandler               
00000b33  TA2_N_IRQHandler               
00000b33  TA3_0_IRQHandler               
00000b33  TA3_N_IRQHandler               
00000b33  UsageFault_Handler             
00000b33  WDT_A_IRQHandler               
00000f75  __aeabi_dsub                   
00000f7f  __aeabi_dadd                   
0000112b  _nop                           
00001269  __aeabi_ddiv                   
0000139f  __aeabi_idiv0                  
0000139f  __aeabi_ldiv0                  
000014c5  fputs                          
000015d9  ldexp                          
000015d9  ldexpl                         
000015d9  scalbn                         
000015d9  scalbnl                        
000016e9  main                           
000017f5  aligned_alloc                  
000017f5  memalign                       
000018f5  __aeabi_dmul                   
000019f1  free                           
00001ad5  setvbuf                        
00001c63  __aeabi_memcpy                 
00001c63  __aeabi_memcpy4                
00001c63  __aeabi_memcpy8                
00001c63  memcpy                         
00001cff  __aeabi_uldivmod               
00001d95  fputc                          
00001d95  putc                           
00001e21  __aeabi_cdcmpeq                
00001e21  __aeabi_cdcmple                
00001ea7  __aeabi_cdrcmple               
00001f2d  __aeabi_memclr                 
00001f2d  __aeabi_memclr4                
00001f2d  __aeabi_memclr8                
00001f2f  __aeabi_memset                 
00001f2f  __aeabi_memset4                
00001f2f  __aeabi_memset8                
00001f35  memset                         
00001fa9  SystemInit                     
00002021  __TI_closefile                 
00002175  HOSTrename                     
000021e1  HOSTlseek                      
00002249  __TI_decompress_lzss           
000022b1  printf                         
00002319  frexp                          
00002319  frexpl                         
0000237d  fseek                          
000023e1  __TI_wrt_ok                    
00002445  HOSTopen                       
000024a5  close                          
00002501  HOSTread                       
00002559  HOSTwrite                      
00002607  __TI_ltoa                      
000026ad  __TI_doflush                   
000026f9  atoi                           
00002745  exit                           
0000278d  __aeabi_d2iz                   
000027d5  HOSTclose                      
00002819  HOSTunlink                     
0000285d  __TI_auto_init_nobinit_nopinit 
000028a1  getdevice                      
00002925  __TI_writemsg                  
00002953  C$$IO$$                        
0000295d  __aeabi_f2d                    
00002995  strncpy                        
000029cd  __TI_cleanup                   
00002a01  __TI_readmsg                   
00002a35  _c_int00_noargs                
00002a69  finddevice                     
00002a99  __aeabi_i2d                    
00002ac9  remove                         
00002ac9  unlink                         
00002b1d  lseek                          
00002b45  write                          
00002b6d  memchr                         
00002b8d  __TI_zero_init_nomemset        
00002bc5  memccpy                        
00002be1  copysign                       
00002be1  copysignl                      
00002bfb  strcmp                         
00002c13  strchr                         
00002c29  strcpy                         
00002c3d  strlen                         
00002c51  wcslen                         
00002c63  __TI_decompress_none           
00002c71  Reset_Handler                  
00002c7d  __aeabi_errno_addr             
00002c85  malloc                         
00002c95  _system_pre_init               
00002c99  C$$EXIT                        
00002c99  abort                          
00002c9c  _ctypes_                       
00002e08  __TI_Handler_Table_Base        
00002e14  __TI_Handler_Table_Limit       
00002e20  __TI_CINIT_Base                
00002e30  __TI_CINIT_Limit               
20000000  __start___llvm_prf_cnts        
20000000  __stop___llvm_prf_cnts         
20000000  _sys_memory                    
20000800  _ftable                        
200008f0  _device                        
20000968  _stream                        
200009b8  __TI_ft_end                    
200009bc  __aeabi_stdin                  
200009c0  __aeabi_stdout                 
200009c4  __aeabi_stderr                 
200009c8  __TI_cleanup_ptr               
200009cc  __TI_dtors_ptr                 
200009d0  __TI_enable_exit_profile_output
200009d4  _lock                          
200009d8  _unlock                        
200009e4  errno                          
200009e8  __CIOBUF_                      
20000b08  __TI_tmpnams                   
20000ba8  parmbuf                        
20000bb0  frequency                      
20000bb4  t0                             
2000fe00  __stack                        
20010000  __STACK_END                    
4000480c  WDTCTL_SYM                     
ffffffff  __TI_pprof_out_hndl            
ffffffff  __TI_prof_data_size            
ffffffff  __TI_prof_data_start           
ffffffff  __binit__                      
ffffffff  __c_args__                     
ffffffff  binit                          
UNDEFED   __mpu_init                     
UNDEFED   _system_post_cinit             

[180 symbols]
