******************************************************************************
                  TI ARM Linker PC v20.2.5                     
******************************************************************************
>> Linked Sun Sep 25 23:46:24 2022

OUTPUT FILE NAME:   <gpio_input_interrupt_MSP_EXP432P401R_nortos_ccs3.out>
ENTRY POINT SYMBOL: "_c_int00_noargs"  address: 00002ec1


MEMORY CONFIGURATION

         name            origin    length      used     unused   attr    fill
----------------------  --------  ---------  --------  --------  ----  --------
  MAIN                  00000000   00040000  00003311  0003ccef  R  X
  INFO                  00200000   00004000  00000000  00004000  R  X
  SRAM_CODE             01000000   00010000  00000e14  0000f1ec  RW X
  SRAM_DATA             20000000   00010000  00000e14  0000f1ec  RW  


SEGMENT ALLOCATION MAP

run origin  load origin   length   init length attrs members
----------  ----------- ---------- ----------- ----- -------
00000000    00000000    00003318   00003318    r-x
  00000000    00000000    000000e4   000000e4    r-- .intvecs
  000000e4    000000e4    0000309c   0000309c    r-x .text
  00003180    00003180    00000101   00000101    r-- .const
  00003288    00003288    00000090   00000090    r-- .cinit
20000000    20000000    00000c14   00000000    rw-
  20000000    20000000    00000800   00000000    rw- .sysmem
  20000800    20000800    00000228   00000000    rw- .bss
  20000a28    20000a28    000001ec   00000000    rw- .data
2000fe00    2000fe00    00000200   00000000    rw-
  2000fe00    2000fe00    00000200   00000000    rw- .stack


SECTION ALLOCATION MAP

 output                                  attributes/
section   page    origin      length       input sections
--------  ----  ----------  ----------   ----------------
.intvecs   0    00000000    000000e4     
                  00000000    000000e4     startup_msp432p401r_ccs.obj (.intvecs:retain)

.text      0    000000e4    0000309c     
                  000000e4    00000a4e     rtsv7M4_T_le_v4SPD16_eabi.lib : _printfi.c.obj (.text:__TI_printfi)
                  00000b32    00000002     startup_msp432p401r_ccs.obj (.text:Default_Handler)
                  00000b34    00000270     rtsv7M4_T_le_v4SPD16_eabi.lib : _printfi.c.obj (.text:_pconv_a)
                  00000da4    000001d0                                   : _printfi.c.obj (.text:_pconv_g)
                  00000f74    000001b6                                   : fd_add_t2.asm.obj (.text)
                  0000112a    00000002                                   : _lock.c.obj (.text:_nop)
                  0000112c    00000150     gpio_input_interrupt.obj (.text:main)
                  0000127c    0000013c     rtsv7M4_T_le_v4SPD16_eabi.lib : _printfi.c.obj (.text:_pconv_e)
                  000013b8    00000136                                   : fd_div_t2.asm.obj (.text)
                  000014ee    00000002                                   : div0.asm.obj (.text)
                  000014f0    00000124                                   : _printfi.c.obj (.text:fcvt)
                  00001614    00000114     gpio_input_interrupt.obj (.text:PORT1_IRQHandler)
                  00001728    00000114     rtsv7M4_T_le_v4SPD16_eabi.lib : fputs.c.obj (.text:fputs)
                  0000183c    00000110                                   : s_scalbn.c.obj (.text:scalbn)
                  0000194c    00000104     msp432p4xx_driverlib.lib : cs.o (.text:_CSComputeCLKFrequency)
                  00001a50    00000100     rtsv7M4_T_le_v4SPD16_eabi.lib : memory.c.obj (.text:aligned_alloc)
                  00001b50    000000fc                                   : fd_mul_t2.asm.obj (.text)
                  00001c4c    000000f8     msp432p4xx_driverlib.lib : cs.o (.text:CS_getDCOFrequency)
                  00001d44    000000e4     rtsv7M4_T_le_v4SPD16_eabi.lib : memory.c.obj (.text:free)
                  00001e28    000000dc                                   : setvbuf.c.obj (.text:setvbuf)
                  00001f04    000000b1                                   : _printfi.c.obj (.text:_ltostr)
                  00001fb5    00000001     --HOLE-- [fill = 0]
                  00001fb6    0000009c                                   : memcpy_t2.asm.obj (.text)
                  00002052    00000096                                   : ull_div_t2.asm.obj (.text)
                  000020e8    00000094     msp432p4xx_driverlib.lib : sysctl_a.o (.text:SysCtl_A_getTLVInfo)
                  0000217c    0000008c     rtsv7M4_T_le_v4SPD16_eabi.lib : fputc.c.obj (.text:fputc)
                  00002208    00000086                                   : fd_cmp_t2.asm.obj (.text:__aeabi_cdcmple)
                  0000228e    00000086                                   : fd_cmp_t2.asm.obj (.text:__aeabi_cdrcmple)
                  00002314    0000007c     msp432p4xx_driverlib.lib : cs.o (.text:_CSGetDOCFrequency)
                  00002390    0000007a     rtsv7M4_T_le_v4SPD16_eabi.lib : memset_t2.asm.obj (.text)
                  0000240a    00000002     --HOLE-- [fill = 0]
                  0000240c    00000078     system_msp432p401r.obj (.text:SystemInit)
                  00002484    00000074     rtsv7M4_T_le_v4SPD16_eabi.lib : fclose.c.obj (.text:__TI_closefile)
                  000024f8    00000070                                   : memory.c.obj (.text:split)
                  00002568    0000006e                                   : _printfi.c.obj (.text:_mcpy)
                  000025d6    00000002     --HOLE-- [fill = 0]
                  000025d8    0000006c                                   : hostrename.c.obj (.text:HOSTrename)
                  00002644    00000068                                   : hostlseek.c.obj (.text:HOSTlseek)
                  000026ac    00000068                                   : copy_decompress_lzss.c.obj (.text:decompress:lzss:__TI_decompress_lzss)
                  00002714    00000068                                   : printf.c.obj (.text:printf)
                  0000277c    00000064                                   : s_frexp.c.obj (.text:frexp)
                  000027e0    00000064                                   : fseek.c.obj (.text:fseek)
                  00002844    00000062     msp432p4xx_driverlib.lib : cs.o (.text:_CSGetDividerValue)
                  000028a6    00000062     rtsv7M4_T_le_v4SPD16_eabi.lib : _io_perm.c.obj (.text:__TI_wrt_ok)
                  00002908    00000060                                   : hostopen.c.obj (.text:HOSTopen)
                  00002968    0000005c                                   : close.c.obj (.text:close)
                  000029c4    00000058                                   : hostread.c.obj (.text:HOSTread)
                  00002a1c    00000058                                   : hostwrite.c.obj (.text:HOSTwrite)
                  00002a74    00000056                                   : _printfi.c.obj (.text:_pconv_f)
                  00002aca    00000054                                   : _ltoa.c.obj (.text:__TI_ltoa)
                  00002b1e    00000052                                   : _printfi.c.obj (.text:_ecpy)
                  00002b70    0000004c                                   : fflush.c.obj (.text:__TI_doflush)
                  00002bbc    0000004c                                   : atoi.c.obj (.text:atoi)
                  00002c08    00000048                                   : exit.c.obj (.text:exit)
                  00002c50    00000048                                   : fd_toi_t2.asm.obj (.text)
                  00002c98    00000044                                   : hostclose.c.obj (.text:HOSTclose)
                  00002cdc    00000044                                   : hostunlink.c.obj (.text:HOSTunlink)
                  00002d20    00000044                                   : autoinit.c.obj (.text:__TI_auto_init_nobinit_nopinit:__TI_auto_init_nobinit_nopinit)
                  00002d64    00000044                                   : getdevice.c.obj (.text:getdevice)
                  00002da8    0000003e                                   : _printfi.c.obj (.text:_fcpy)
                  00002de6    00000002     --HOLE-- [fill = 0]
                  00002de8    00000038                                   : trgmsg.c.obj (.text:__TI_writemsg)
                  00002e20    00000036                                   : strncpy.c.obj (.text:strncpy)
                  00002e56    00000002     --HOLE-- [fill = 0]
                  00002e58    00000034                                   : fopen.c.obj (.text:__TI_cleanup)
                  00002e8c    00000034                                   : trgmsg.c.obj (.text:__TI_readmsg)
                  00002ec0    00000034                                   : boot_cortex_m.c.obj (.text:_c_int00_noargs:_c_int00_noargs)
                  00002ef4    00000030     msp432p4xx_driverlib.lib : cs.o (.text:CS_clearInterruptFlag)
                  00002f24    00000030     rtsv7M4_T_le_v4SPD16_eabi.lib : getdevice.c.obj (.text:finddevice)
                  00002f54    0000002e                                   : i_tofd_t2.asm.obj (.text)
                  00002f82    00000002     --HOLE-- [fill = 0]
                  00002f84    0000002c                                   : unlink.c.obj (.text:unlink)
                  00002fb0    00000028     msp432p4xx_driverlib.lib : cs.o (.text:CS_getMCLK)
                  00002fd8    00000028     rtsv7M4_T_le_v4SPD16_eabi.lib : memory.c.obj (.text:free_list_insert)
                  00003000    00000028                                   : lseek.c.obj (.text:lseek)
                  00003028    00000028                                   : write.c.obj (.text:write)
                  00003050    00000020                                   : memchr.c.obj (.text:memchr)
                  00003070    0000001c                                   : copy_zero_init.c.obj (.text:decompress:ZI:__TI_zero_init_nomemset:__TI_zero_init_nomemset)
                  0000308c    0000001c                                   : memory.c.obj (.text:free_list_remove)
                  000030a8    0000001c                                   : memccpy.c.obj (.text:memccpy)
                  000030c4    0000001a                                   : s_copysign.c.obj (.text:copysign)
                  000030de    00000018                                   : strcmp.c.obj (.text:strcmp)
                  000030f6    00000016                                   : strchr.c.obj (.text:strchr)
                  0000310c    00000014                                   : strcpy.c.obj (.text:strcpy)
                  00003120    00000014                                   : strlen.c.obj (.text:strlen)
                  00003134    00000012                                   : wcslen.c.obj (.text:wcslen)
                  00003146    0000000e                                   : copy_decompress_none.c.obj (.text:decompress:none:__TI_decompress_none)
                  00003154    0000000c     startup_msp432p401r_ccs.obj (.text:Reset_Handler)
                  00003160    00000008     rtsv7M4_T_le_v4SPD16_eabi.lib : errno.c.obj (.text:__aeabi_errno_addr)
                  00003168    00000008                                   : memory.c.obj (.text:malloc)
                  00003170    00000004                                   : printf.c.obj (.text:_outc)
                  00003174    00000004                                   : printf.c.obj (.text:_outs)
                  00003178    00000004                                   : pre_init.c.obj (.text:_system_pre_init)
                  0000317c    00000004                                   : exit.c.obj (.text:abort:abort)

.const     0    00003180    00000101     
                  00003180    00000101     rtsv7M4_T_le_v4SPD16_eabi.lib : ctype.c.obj (.const:.string:_ctypes_)

.cinit     0    00003288    00000090     
                  00003288    0000006c     (.cinit..data.load) [load image, compression = lzss]
                  000032f4    0000000c     (__TI_handler_table)
                  00003300    00000008     (.cinit..bss.load) [load image, compression = zero_init]
                  00003308    00000010     (__TI_cinit_table)

.init_array 
*          0    00000000    00000000     UNINITIALIZED

.binit     0    00000000    00000000     

.sysmem    0    20000000    00000800     UNINITIALIZED
                  20000000    00000010     rtsv7M4_T_le_v4SPD16_eabi.lib : memory.c.obj (.sysmem)
                  20000010    000007f0     --HOLE--

.bss       0    20000800    00000228     UNINITIALIZED
                  20000800    00000120     rtsv7M4_T_le_v4SPD16_eabi.lib : trgmsg.c.obj (.bss:_CIOBUF_)
                  20000920    000000a0     (.common:__TI_tmpnams)
                  200009c0    00000050     (.common:queue)
                  20000a10    00000008     msp432p4xx_driverlib.lib : cs.o (.bss)
                  20000a18    00000008     (.common:parmbuf)
                  20000a20    00000004     (.common:read_index)
                  20000a24    00000004     (.common:write_index)

.data      0    20000a28    000001ec     UNINITIALIZED
                  20000a28    000000f0     rtsv7M4_T_le_v4SPD16_eabi.lib : defs.c.obj (.data:_ftable)
                  20000b18    00000078                                   : host_device.c.obj (.data:_device)
                  20000b90    00000050                                   : host_device.c.obj (.data:_stream)
                  20000be0    00000010                                   : defs.c.obj (.data)
                  20000bf0    0000000c                                   : exit.c.obj (.data:$O1$$)
                  20000bfc    00000008                                   : _lock.c.obj (.data:$O1$$)
                  20000c04    00000008                                   : memory.c.obj (.data:$O1$$)
                  20000c0c    00000004     gpio_input_interrupt.obj (.data)
                  20000c10    00000004     rtsv7M4_T_le_v4SPD16_eabi.lib : errno.c.obj (.data)

.stack     0    2000fe00    00000200     UNINITIALIZED
                  2000fe00    00000004     rtsv7M4_T_le_v4SPD16_eabi.lib : boot_cortex_m.c.obj (.stack)
                  2000fe04    000001fc     --HOLE--

__llvm_prf_cnts 
*          0    20000000    00000000     UNINITIALIZED

MODULE SUMMARY

       Module                        code    ro data   rw data
       ------                        ----    -------   -------
    .\
       gpio_input_interrupt.obj      612     0         184    
       system_msp432p401r.obj        120     0         0      
    +--+-----------------------------+-------+---------+---------+
       Total:                        732     0         184    
                                                              
    .\ccs\
       startup_msp432p401r_ccs.obj   14      228       0      
    +--+-----------------------------+-------+---------+---------+
       Total:                        14      228       0      
                                                              
    C:/ti/simplelink_msp432p4_sdk_3_40_01_02/source/ti/devices/msp432p4xx/driverlib/ccs/msp432p4xx_driverlib.lib
       cs.o                          818     0         16     
       sysctl_a.o                    148     0         0      
    +--+-----------------------------+-------+---------+---------+
       Total:                        966     0         16     
                                                              
    C:\Software\ti\ccs1040\ccs\tools\compiler\ti-cgt-arm_20.2.5.LTS\lib\rtsv7M4_T_le_v4SPD16_eabi.lib
       _printfi.c.obj                4851    0         0      
       defs.c.obj                    0       0         832    
       memory.c.obj                  672     0         16     
       trgmsg.c.obj                  108     0         576    
       fd_add_t2.asm.obj             438     0         0      
       host_device.c.obj             0       0         400    
       fd_div_t2.asm.obj             310     0         0      
       fputs.c.obj                   276     0         0      
       s_scalbn.c.obj                272     0         0      
       fd_cmp_t2.asm.obj             268     0         0      
       ctype.c.obj                   0       257       0      
       fd_mul_t2.asm.obj             252     0         0      
       setvbuf.c.obj                 220     0         0      
       memcpy_t2.asm.obj             156     0         0      
       ull_div_t2.asm.obj            150     0         0      
       fputc.c.obj                   140     0         0      
       memset_t2.asm.obj             122     0         0      
       fclose.c.obj                  116     0         0      
       getdevice.c.obj               116     0         0      
       hostopen.c.obj                96      0         16     
       printf.c.obj                  112     0         0      
       hostrename.c.obj              108     0         0      
       copy_decompress_lzss.c.obj    104     0         0      
       hostlseek.c.obj               104     0         0      
       exit.c.obj                    76      0         24     
       fseek.c.obj                   100     0         0      
       s_frexp.c.obj                 100     0         0      
       _io_perm.c.obj                98      0         0      
       close.c.obj                   92      0         0      
       hostread.c.obj                88      0         0      
       hostwrite.c.obj               88      0         0      
       _ltoa.c.obj                   84      0         0      
       atoi.c.obj                    76      0         0      
       fflush.c.obj                  76      0         0      
       fd_toi_t2.asm.obj             72      0         0      
       autoinit.c.obj                68      0         0      
       hostclose.c.obj               68      0         0      
       hostunlink.c.obj              68      0         0      
       strncpy.c.obj                 54      0         0      
       boot_cortex_m.c.obj           52      0         0      
       fopen.c.obj                   52      0         0      
       i_tofd_t2.asm.obj             46      0         0      
       unlink.c.obj                  44      0         0      
       lseek.c.obj                   40      0         0      
       write.c.obj                   40      0         0      
       memchr.c.obj                  32      0         0      
       copy_zero_init.c.obj          28      0         0      
       memccpy.c.obj                 28      0         0      
       s_copysign.c.obj              26      0         0      
       strcmp.c.obj                  24      0         0      
       strchr.c.obj                  22      0         0      
       strcpy.c.obj                  20      0         0      
       strlen.c.obj                  20      0         0      
       _lock.c.obj                   2       0         16     
       wcslen.c.obj                  18      0         0      
       errno.c.obj                   8       0         8      
       copy_decompress_none.c.obj    14      0         0      
       pre_init.c.obj                4       0         0      
       div0.asm.obj                  2       0         0      
    +--+-----------------------------+-------+---------+---------+
       Total:                        10721   257       1888   
                                                              
       Heap:                         0       0         4096   
       Stack:                        0       0         1024   
       Linker Generated:             0       144       0      
    +--+-----------------------------+-------+---------+---------+
       Grand Total:                  12433   629       7208   


LINKER GENERATED COPY TABLES

__TI_cinit_table @ 00003308 records: 2, size/record: 8, table size: 16
	.data: load addr=00003288, load size=0000006c bytes, run addr=20000a28, run size=000001ec bytes, compression=lzss
	.bss: load addr=00003300, load size=00000008 bytes, run addr=20000800, run size=00000228 bytes, compression=zero_init


LINKER GENERATED HANDLER TABLE

__TI_handler_table @ 000032f4 records: 3, size/record: 4, table size: 12
	index: 0, handler: __TI_decompress_lzss
	index: 1, handler: __TI_decompress_none
	index: 2, handler: __TI_zero_init


GLOBAL SYMBOLS: SORTED ALPHABETICALLY BY Name 

address   name                           
-------   ----                           
00000b33  ADC14_IRQHandler               
00000b33  AES256_IRQHandler              
00000b33  BusFault_Handler               
0000317d  C$$EXIT                        
00002e17  C$$IO$$                        
00000b33  COMP_E0_IRQHandler             
00000b33  COMP_E1_IRQHandler             
00000b33  CS_IRQHandler                  
00002ef5  CS_clearInterruptFlag          
00001c4d  CS_getDCOFrequency             
00002fb1  CS_getMCLK                     
00000b33  DMA_ERR_IRQHandler             
00000b33  DMA_INT0_IRQHandler            
00000b33  DMA_INT1_IRQHandler            
00000b33  DMA_INT2_IRQHandler            
00000b33  DMA_INT3_IRQHandler            
00000b33  DebugMon_Handler               
00000b33  Default_Handler                
00000b33  EUSCIA0_IRQHandler             
00000b33  EUSCIA1_IRQHandler             
00000b33  EUSCIA2_IRQHandler             
00000b33  EUSCIA3_IRQHandler             
00000b33  EUSCIB0_IRQHandler             
00000b33  EUSCIB1_IRQHandler             
00000b33  EUSCIB2_IRQHandler             
00000b33  EUSCIB3_IRQHandler             
00000b33  FLCTL_IRQHandler               
00000b33  FPU_IRQHandler                 
00002c99  HOSTclose                      
00002645  HOSTlseek                      
00002909  HOSTopen                       
000029c5  HOSTread                       
000025d9  HOSTrename                     
00002cdd  HOSTunlink                     
00002a1d  HOSTwrite                      
00000b33  HardFault_Handler              
00000b33  MemManage_Handler              
00000b33  NMI_Handler                    
00000b33  PCM_IRQHandler                 
00001615  PORT1_IRQHandler               
00001615  PORT1_IRQHandler               
00000b33  PORT2_IRQHandler               
00000b33  PORT3_IRQHandler               
00000b33  PORT4_IRQHandler               
00000b33  PORT5_IRQHandler               
00000b33  PORT6_IRQHandler               
00000b33  PSS_IRQHandler                 
00000b33  PendSV_Handler                 
00000b33  RTC_C_IRQHandler               
00003155  Reset_Handler                  
00000b33  SVC_Handler                    
000020e9  SysCtl_A_getTLVInfo            
00000b33  SysTick_Handler                
0000240d  SystemInit                     
00000b33  T32_INT1_IRQHandler            
00000b33  T32_INT2_IRQHandler            
00000b33  T32_INTC_IRQHandler            
00000b33  TA0_0_IRQHandler               
00000b33  TA0_N_IRQHandler               
00000b33  TA1_0_IRQHandler               
00000b33  TA1_N_IRQHandler               
00000b33  TA2_0_IRQHandler               
00000b33  TA2_N_IRQHandler               
00000b33  TA3_0_IRQHandler               
00000b33  TA3_N_IRQHandler               
00000b33  UsageFault_Handler             
4000480c  WDTCTL_SYM                     
00000b33  WDT_A_IRQHandler               
20000800  __CIOBUF_                      
20010000  __STACK_END                    
00000200  __STACK_SIZE                   
00000800  __SYSMEM_SIZE                  
00003308  __TI_CINIT_Base                
00003318  __TI_CINIT_Limit               
000032f4  __TI_Handler_Table_Base        
00003300  __TI_Handler_Table_Limit       
00002d21  __TI_auto_init_nobinit_nopinit 
00002e59  __TI_cleanup                   
20000bf0  __TI_cleanup_ptr               
00002485  __TI_closefile                 
000026ad  __TI_decompress_lzss           
00003147  __TI_decompress_none           
00002b71  __TI_doflush                   
20000bf4  __TI_dtors_ptr                 
20000bf8  __TI_enable_exit_profile_output
20000be0  __TI_ft_end                    
00002acb  __TI_ltoa                      
ffffffff  __TI_pprof_out_hndl            
000000e5  __TI_printfi                   
ffffffff  __TI_prof_data_size            
ffffffff  __TI_prof_data_start           
00002e8d  __TI_readmsg                   
00000000  __TI_static_base__             
20000920  __TI_tmpnams                   
00002de9  __TI_writemsg                  
000028a7  __TI_wrt_ok                    
00003071  __TI_zero_init_nomemset        
00002209  __aeabi_cdcmpeq                
00002209  __aeabi_cdcmple                
0000228f  __aeabi_cdrcmple               
00002c51  __aeabi_d2iz                   
00000f7f  __aeabi_dadd                   
000013b9  __aeabi_ddiv                   
00001b51  __aeabi_dmul                   
00000f75  __aeabi_dsub                   
00003161  __aeabi_errno_addr             
00002f55  __aeabi_i2d                    
000014ef  __aeabi_idiv0                  
000014ef  __aeabi_ldiv0                  
00002391  __aeabi_memclr                 
00002391  __aeabi_memclr4                
00002391  __aeabi_memclr8                
00001fb7  __aeabi_memcpy                 
00001fb7  __aeabi_memcpy4                
00001fb7  __aeabi_memcpy8                
00002393  __aeabi_memset                 
00002393  __aeabi_memset4                
00002393  __aeabi_memset8                
20000bec  __aeabi_stderr                 
20000be4  __aeabi_stdin                  
20000be8  __aeabi_stdout                 
00002053  __aeabi_uldivmod               
ffffffff  __binit__                      
ffffffff  __c_args__                     
UNDEFED   __mpu_init                     
2000fe00  __stack                        
20000000  __start___llvm_prf_cnts        
20000000  __stop___llvm_prf_cnts         
00002ec1  _c_int00_noargs                
00003180  _ctypes_                       
20000b18  _device                        
20000a28  _ftable                        
20000bfc  _lock                          
0000112b  _nop                           
20000b90  _stream                        
20000000  _sys_memory                    
UNDEFED   _system_post_cinit             
00003179  _system_pre_init               
20000c00  _unlock                        
0000317d  abort                          
00001a51  aligned_alloc                  
00002bbd  atoi                           
ffffffff  binit                          
20000c0c  button_press                   
00002969  close                          
000030c5  copysign                       
000030c5  copysignl                      
20000c10  errno                          
00002c09  exit                           
00002f25  finddevice                     
0000217d  fputc                          
00001729  fputs                          
00001d45  free                           
0000277d  frexp                          
0000277d  frexpl                         
000027e1  fseek                          
00002d65  getdevice                      
00000000  interruptVectors               
0000183d  ldexp                          
0000183d  ldexpl                         
00003001  lseek                          
0000112d  main                           
00003169  malloc                         
00001a51  memalign                       
000030a9  memccpy                        
00003051  memchr                         
00001fb7  memcpy                         
00002399  memset                         
20000a18  parmbuf                        
00002715  printf                         
0000217d  putc                           
200009c0  queue                          
20000a20  read_index                     
00002f85  remove                         
0000183d  scalbn                         
0000183d  scalbnl                        
00001e29  setvbuf                        
000030f7  strchr                         
000030df  strcmp                         
0000310d  strcpy                         
00003121  strlen                         
00002e21  strncpy                        
00002f85  unlink                         
00003135  wcslen                         
00003029  write                          
20000a24  write_index                    


GLOBAL SYMBOLS: SORTED BY Symbol Address 

address   name                           
-------   ----                           
00000000  __TI_static_base__             
00000000  interruptVectors               
000000e5  __TI_printfi                   
00000200  __STACK_SIZE                   
00000800  __SYSMEM_SIZE                  
00000b33  ADC14_IRQHandler               
00000b33  AES256_IRQHandler              
00000b33  BusFault_Handler               
00000b33  COMP_E0_IRQHandler             
00000b33  COMP_E1_IRQHandler             
00000b33  CS_IRQHandler                  
00000b33  DMA_ERR_IRQHandler             
00000b33  DMA_INT0_IRQHandler            
00000b33  DMA_INT1_IRQHandler            
00000b33  DMA_INT2_IRQHandler            
00000b33  DMA_INT3_IRQHandler            
00000b33  DebugMon_Handler               
00000b33  Default_Handler                
00000b33  EUSCIA0_IRQHandler             
00000b33  EUSCIA1_IRQHandler             
00000b33  EUSCIA2_IRQHandler             
00000b33  EUSCIA3_IRQHandler             
00000b33  EUSCIB0_IRQHandler             
00000b33  EUSCIB1_IRQHandler             
00000b33  EUSCIB2_IRQHandler             
00000b33  EUSCIB3_IRQHandler             
00000b33  FLCTL_IRQHandler               
00000b33  FPU_IRQHandler                 
00000b33  HardFault_Handler              
00000b33  MemManage_Handler              
00000b33  NMI_Handler                    
00000b33  PCM_IRQHandler                 
00000b33  PORT2_IRQHandler               
00000b33  PORT3_IRQHandler               
00000b33  PORT4_IRQHandler               
00000b33  PORT5_IRQHandler               
00000b33  PORT6_IRQHandler               
00000b33  PSS_IRQHandler                 
00000b33  PendSV_Handler                 
00000b33  RTC_C_IRQHandler               
00000b33  SVC_Handler                    
00000b33  SysTick_Handler                
00000b33  T32_INT1_IRQHandler            
00000b33  T32_INT2_IRQHandler            
00000b33  T32_INTC_IRQHandler            
00000b33  TA0_0_IRQHandler               
00000b33  TA0_N_IRQHandler               
00000b33  TA1_0_IRQHandler               
00000b33  TA1_N_IRQHandler               
00000b33  TA2_0_IRQHandler               
00000b33  TA2_N_IRQHandler               
00000b33  TA3_0_IRQHandler               
00000b33  TA3_N_IRQHandler               
00000b33  UsageFault_Handler             
00000b33  WDT_A_IRQHandler               
00000f75  __aeabi_dsub                   
00000f7f  __aeabi_dadd                   
0000112b  _nop                           
0000112d  main                           
000013b9  __aeabi_ddiv                   
000014ef  __aeabi_idiv0                  
000014ef  __aeabi_ldiv0                  
00001615  PORT1_IRQHandler               
00001615  PORT1_IRQHandler               
00001729  fputs                          
0000183d  ldexp                          
0000183d  ldexpl                         
0000183d  scalbn                         
0000183d  scalbnl                        
00001a51  aligned_alloc                  
00001a51  memalign                       
00001b51  __aeabi_dmul                   
00001c4d  CS_getDCOFrequency             
00001d45  free                           
00001e29  setvbuf                        
00001fb7  __aeabi_memcpy                 
00001fb7  __aeabi_memcpy4                
00001fb7  __aeabi_memcpy8                
00001fb7  memcpy                         
00002053  __aeabi_uldivmod               
000020e9  SysCtl_A_getTLVInfo            
0000217d  fputc                          
0000217d  putc                           
00002209  __aeabi_cdcmpeq                
00002209  __aeabi_cdcmple                
0000228f  __aeabi_cdrcmple               
00002391  __aeabi_memclr                 
00002391  __aeabi_memclr4                
00002391  __aeabi_memclr8                
00002393  __aeabi_memset                 
00002393  __aeabi_memset4                
00002393  __aeabi_memset8                
00002399  memset                         
0000240d  SystemInit                     
00002485  __TI_closefile                 
000025d9  HOSTrename                     
00002645  HOSTlseek                      
000026ad  __TI_decompress_lzss           
00002715  printf                         
0000277d  frexp                          
0000277d  frexpl                         
000027e1  fseek                          
000028a7  __TI_wrt_ok                    
00002909  HOSTopen                       
00002969  close                          
000029c5  HOSTread                       
00002a1d  HOSTwrite                      
00002acb  __TI_ltoa                      
00002b71  __TI_doflush                   
00002bbd  atoi                           
00002c09  exit                           
00002c51  __aeabi_d2iz                   
00002c99  HOSTclose                      
00002cdd  HOSTunlink                     
00002d21  __TI_auto_init_nobinit_nopinit 
00002d65  getdevice                      
00002de9  __TI_writemsg                  
00002e17  C$$IO$$                        
00002e21  strncpy                        
00002e59  __TI_cleanup                   
00002e8d  __TI_readmsg                   
00002ec1  _c_int00_noargs                
00002ef5  CS_clearInterruptFlag          
00002f25  finddevice                     
00002f55  __aeabi_i2d                    
00002f85  remove                         
00002f85  unlink                         
00002fb1  CS_getMCLK                     
00003001  lseek                          
00003029  write                          
00003051  memchr                         
00003071  __TI_zero_init_nomemset        
000030a9  memccpy                        
000030c5  copysign                       
000030c5  copysignl                      
000030df  strcmp                         
000030f7  strchr                         
0000310d  strcpy                         
00003121  strlen                         
00003135  wcslen                         
00003147  __TI_decompress_none           
00003155  Reset_Handler                  
00003161  __aeabi_errno_addr             
00003169  malloc                         
00003179  _system_pre_init               
0000317d  C$$EXIT                        
0000317d  abort                          
00003180  _ctypes_                       
000032f4  __TI_Handler_Table_Base        
00003300  __TI_Handler_Table_Limit       
00003308  __TI_CINIT_Base                
00003318  __TI_CINIT_Limit               
20000000  __start___llvm_prf_cnts        
20000000  __stop___llvm_prf_cnts         
20000000  _sys_memory                    
20000800  __CIOBUF_                      
20000920  __TI_tmpnams                   
200009c0  queue                          
20000a18  parmbuf                        
20000a20  read_index                     
20000a24  write_index                    
20000a28  _ftable                        
20000b18  _device                        
20000b90  _stream                        
20000be0  __TI_ft_end                    
20000be4  __aeabi_stdin                  
20000be8  __aeabi_stdout                 
20000bec  __aeabi_stderr                 
20000bf0  __TI_cleanup_ptr               
20000bf4  __TI_dtors_ptr                 
20000bf8  __TI_enable_exit_profile_output
20000bfc  _lock                          
20000c00  _unlock                        
20000c0c  button_press                   
20000c10  errno                          
2000fe00  __stack                        
20010000  __STACK_END                    
4000480c  WDTCTL_SYM                     
ffffffff  __TI_pprof_out_hndl            
ffffffff  __TI_prof_data_size            
ffffffff  __TI_prof_data_start           
ffffffff  __binit__                      
ffffffff  __c_args__                     
ffffffff  binit                          
UNDEFED   __mpu_init                     
UNDEFED   _system_post_cinit             

[186 symbols]
