******************************************************************************
                  TI ARM Linker PC v20.2.5                     
******************************************************************************
>> Linked Sun Oct  9 22:21:34 2022

OUTPUT FILE NAME:   <Lab4-2.2.out>
ENTRY POINT SYMBOL: "_c_int00_noargs"  address: 000030ad


MEMORY CONFIGURATION

         name            origin    length      used     unused   attr    fill
----------------------  --------  ---------  --------  --------  ----  --------
  MAIN                  00000000   00040000  000034fd  0003cb03  R  X
  INFO                  00200000   00004000  00000000  00004000  R  X
  SRAM_CODE             01000000   00010000  00000db8  0000f248  RW X
  SRAM_DATA             20000000   00010000  00000db8  0000f248  RW  


SEGMENT ALLOCATION MAP

run origin  load origin   length   init length attrs members
----------  ----------- ---------- ----------- ----- -------
00000000    00000000    00003500   00003500    r-x
  00000000    00000000    000000e4   000000e4    r-- .intvecs
  000000e4    000000e4    00003288   00003288    r-x .text
  0000336c    0000336c    00000101   00000101    r-- .const
  00003470    00003470    00000090   00000090    r-- .cinit
20000000    20000000    00000bb8   00000000    rw-
  20000000    20000000    00000800   00000000    rw- .sysmem
  20000800    20000800    000001e8   00000000    rw- .data
  200009e8    200009e8    000001d0   00000000    rw- .bss
2000fe00    2000fe00    00000200   00000000    rw-
  2000fe00    2000fe00    00000200   00000000    rw- .stack


SECTION ALLOCATION MAP

 output                                  attributes/
section   page    origin      length       input sections
--------  ----  ----------  ----------   ----------------
.intvecs   0    00000000    000000e4     
                  00000000    000000e4     startup_msp432p401r_ccs.obj (.intvecs:retain)

.text      0    000000e4    00003288     
                  000000e4    00000a4e     rtsv7M4_T_le_v4SPD16_eabi.lib : _printfi.c.obj (.text:__TI_printfi)
                  00000b32    00000002     startup_msp432p401r_ccs.obj (.text:Default_Handler)
                  00000b34    0000034c     main.obj (.text:main)
                  00000e80    00000270     rtsv7M4_T_le_v4SPD16_eabi.lib : _printfi.c.obj (.text:_pconv_a)
                  000010f0    000001d0                                   : _printfi.c.obj (.text:_pconv_g)
                  000012c0    000001b6                                   : fd_add_t2.asm.obj (.text)
                  00001476    00000002                                   : _lock.c.obj (.text:_nop)
                  00001478    0000013c                                   : _printfi.c.obj (.text:_pconv_e)
                  000015b4    00000136                                   : fd_div_t2.asm.obj (.text)
                  000016ea    00000002                                   : div0.asm.obj (.text)
                  000016ec    00000124                                   : _printfi.c.obj (.text:fcvt)
                  00001810    00000114                                   : fputs.c.obj (.text:fputs)
                  00001924    00000110                                   : s_scalbn.c.obj (.text:scalbn)
                  00001a34    00000104     msp432p4xx_driverlib.lib : cs.o (.text:_CSComputeCLKFrequency)
                  00001b38    00000100     rtsv7M4_T_le_v4SPD16_eabi.lib : memory.c.obj (.text:aligned_alloc)
                  00001c38    000000fc                                   : fd_mul_t2.asm.obj (.text)
                  00001d34    000000f8     msp432p4xx_driverlib.lib : cs.o (.text:CS_getDCOFrequency)
                  00001e2c    000000e4     rtsv7M4_T_le_v4SPD16_eabi.lib : memory.c.obj (.text:free)
                  00001f10    000000dc                                   : setvbuf.c.obj (.text:setvbuf)
                  00001fec    000000cc     main.obj (.text:delay_ms)
                  000020b8    000000b1     rtsv7M4_T_le_v4SPD16_eabi.lib : _printfi.c.obj (.text:_ltostr)
                  00002169    00000001     --HOLE-- [fill = 0]
                  0000216a    0000009c                                   : memcpy_t2.asm.obj (.text)
                  00002206    00000096                                   : ull_div_t2.asm.obj (.text)
                  0000229c    00000094     msp432p4xx_driverlib.lib : sysctl_a.o (.text:SysCtl_A_getTLVInfo)
                  00002330    0000008c     rtsv7M4_T_le_v4SPD16_eabi.lib : fputc.c.obj (.text:fputc)
                  000023bc    00000086                                   : fd_cmp_t2.asm.obj (.text:__aeabi_cdcmple)
                  00002442    00000086                                   : fd_cmp_t2.asm.obj (.text:__aeabi_cdrcmple)
                  000024c8    0000007c     msp432p4xx_driverlib.lib : cs.o (.text:_CSGetDOCFrequency)
                  00002544    0000007a     rtsv7M4_T_le_v4SPD16_eabi.lib : memset_t2.asm.obj (.text)
                  000025be    00000002     --HOLE-- [fill = 0]
                  000025c0    00000078     system_msp432p401r.obj (.text:SystemInit)
                  00002638    00000074     rtsv7M4_T_le_v4SPD16_eabi.lib : fclose.c.obj (.text:__TI_closefile)
                  000026ac    00000070                                   : memory.c.obj (.text:split)
                  0000271c    0000006e                                   : _printfi.c.obj (.text:_mcpy)
                  0000278a    00000002     --HOLE-- [fill = 0]
                  0000278c    0000006c                                   : hostrename.c.obj (.text:HOSTrename)
                  000027f8    00000068                                   : hostlseek.c.obj (.text:HOSTlseek)
                  00002860    00000068                                   : copy_decompress_lzss.c.obj (.text:decompress:lzss:__TI_decompress_lzss)
                  000028c8    00000068                                   : printf.c.obj (.text:printf)
                  00002930    00000064                                   : s_frexp.c.obj (.text:frexp)
                  00002994    00000064                                   : fseek.c.obj (.text:fseek)
                  000029f8    00000062     msp432p4xx_driverlib.lib : cs.o (.text:_CSGetDividerValue)
                  00002a5a    00000062     rtsv7M4_T_le_v4SPD16_eabi.lib : _io_perm.c.obj (.text:__TI_wrt_ok)
                  00002abc    00000060                                   : hostopen.c.obj (.text:HOSTopen)
                  00002b1c    0000005c                                   : close.c.obj (.text:close)
                  00002b78    00000058                                   : hostread.c.obj (.text:HOSTread)
                  00002bd0    00000058                                   : hostwrite.c.obj (.text:HOSTwrite)
                  00002c28    00000056                                   : _printfi.c.obj (.text:_pconv_f)
                  00002c7e    00000054                                   : _ltoa.c.obj (.text:__TI_ltoa)
                  00002cd2    00000052                                   : _printfi.c.obj (.text:_ecpy)
                  00002d24    0000004c                                   : fflush.c.obj (.text:__TI_doflush)
                  00002d70    0000004c                                   : atoi.c.obj (.text:atoi)
                  00002dbc    00000048                                   : exit.c.obj (.text:exit)
                  00002e04    00000048                                   : fd_toi_t2.asm.obj (.text)
                  00002e4c    00000044                                   : hostclose.c.obj (.text:HOSTclose)
                  00002e90    00000044                                   : hostunlink.c.obj (.text:HOSTunlink)
                  00002ed4    00000044                                   : autoinit.c.obj (.text:__TI_auto_init_nobinit_nopinit:__TI_auto_init_nobinit_nopinit)
                  00002f18    00000044                                   : getdevice.c.obj (.text:getdevice)
                  00002f5c    0000003e                                   : _printfi.c.obj (.text:_fcpy)
                  00002f9a    00000002     --HOLE-- [fill = 0]
                  00002f9c    00000038                                   : trgmsg.c.obj (.text:__TI_writemsg)
                  00002fd4    00000038                                   : fs_tod_t2.asm.obj (.text)
                  0000300c    00000036                                   : strncpy.c.obj (.text:strncpy)
                  00003042    00000002     --HOLE-- [fill = 0]
                  00003044    00000034                                   : fopen.c.obj (.text:__TI_cleanup)
                  00003078    00000034                                   : trgmsg.c.obj (.text:__TI_readmsg)
                  000030ac    00000034                                   : boot_cortex_m.c.obj (.text:_c_int00_noargs:_c_int00_noargs)
                  000030e0    00000030     msp432p4xx_driverlib.lib : cs.o (.text:CS_clearInterruptFlag)
                  00003110    00000030     rtsv7M4_T_le_v4SPD16_eabi.lib : getdevice.c.obj (.text:finddevice)
                  00003140    0000002e                                   : i_tofd_t2.asm.obj (.text)
                  0000316e    00000002     --HOLE-- [fill = 0]
                  00003170    0000002c                                   : unlink.c.obj (.text:unlink)
                  0000319c    00000028     msp432p4xx_driverlib.lib : cs.o (.text:CS_getMCLK)
                  000031c4    00000028     rtsv7M4_T_le_v4SPD16_eabi.lib : memory.c.obj (.text:free_list_insert)
                  000031ec    00000028                                   : lseek.c.obj (.text:lseek)
                  00003214    00000028                                   : write.c.obj (.text:write)
                  0000323c    00000020                                   : memchr.c.obj (.text:memchr)
                  0000325c    0000001c                                   : copy_zero_init.c.obj (.text:decompress:ZI:__TI_zero_init_nomemset:__TI_zero_init_nomemset)
                  00003278    0000001c                                   : memory.c.obj (.text:free_list_remove)
                  00003294    0000001c                                   : memccpy.c.obj (.text:memccpy)
                  000032b0    0000001a                                   : s_copysign.c.obj (.text:copysign)
                  000032ca    00000018                                   : strcmp.c.obj (.text:strcmp)
                  000032e2    00000016                                   : strchr.c.obj (.text:strchr)
                  000032f8    00000014                                   : strcpy.c.obj (.text:strcpy)
                  0000330c    00000014                                   : strlen.c.obj (.text:strlen)
                  00003320    00000012                                   : wcslen.c.obj (.text:wcslen)
                  00003332    0000000e                                   : copy_decompress_none.c.obj (.text:decompress:none:__TI_decompress_none)
                  00003340    0000000c     startup_msp432p401r_ccs.obj (.text:Reset_Handler)
                  0000334c    00000008     rtsv7M4_T_le_v4SPD16_eabi.lib : errno.c.obj (.text:__aeabi_errno_addr)
                  00003354    00000008                                   : memory.c.obj (.text:malloc)
                  0000335c    00000004                                   : printf.c.obj (.text:_outc)
                  00003360    00000004                                   : printf.c.obj (.text:_outs)
                  00003364    00000004                                   : pre_init.c.obj (.text:_system_pre_init)
                  00003368    00000004                                   : exit.c.obj (.text:abort:abort)

.const     0    0000336c    00000101     
                  0000336c    00000101     rtsv7M4_T_le_v4SPD16_eabi.lib : ctype.c.obj (.const:.string:_ctypes_)

.cinit     0    00003470    00000090     
                  00003470    00000068     (.cinit..data.load) [load image, compression = lzss]
                  000034d8    0000000c     (__TI_handler_table)
                  000034e4    00000004     --HOLE-- [fill = 0]
                  000034e8    00000008     (.cinit..bss.load) [load image, compression = zero_init]
                  000034f0    00000010     (__TI_cinit_table)

.init_array 
*          0    00000000    00000000     UNINITIALIZED

.binit     0    00000000    00000000     

.sysmem    0    20000000    00000800     UNINITIALIZED
                  20000000    00000010     rtsv7M4_T_le_v4SPD16_eabi.lib : memory.c.obj (.sysmem)
                  20000010    000007f0     --HOLE--

.data      0    20000800    000001e8     UNINITIALIZED
                  20000800    000000f0     rtsv7M4_T_le_v4SPD16_eabi.lib : defs.c.obj (.data:_ftable)
                  200008f0    00000078                                   : host_device.c.obj (.data:_device)
                  20000968    00000050                                   : host_device.c.obj (.data:_stream)
                  200009b8    00000010                                   : defs.c.obj (.data)
                  200009c8    0000000c                                   : exit.c.obj (.data:$O1$$)
                  200009d4    00000008                                   : _lock.c.obj (.data:$O1$$)
                  200009dc    00000008                                   : memory.c.obj (.data:$O1$$)
                  200009e4    00000004                                   : errno.c.obj (.data)

.bss       0    200009e8    000001d0     UNINITIALIZED
                  200009e8    00000120     rtsv7M4_T_le_v4SPD16_eabi.lib : trgmsg.c.obj (.bss:_CIOBUF_)
                  20000b08    000000a0     (.common:__TI_tmpnams)
                  20000ba8    00000008     msp432p4xx_driverlib.lib : cs.o (.bss)
                  20000bb0    00000008     (.common:parmbuf)

.stack     0    2000fe00    00000200     UNINITIALIZED
                  2000fe00    00000004     rtsv7M4_T_le_v4SPD16_eabi.lib : boot_cortex_m.c.obj (.stack)
                  2000fe04    000001fc     --HOLE--

__llvm_prf_cnts 
*          0    20000000    00000000     UNINITIALIZED

MODULE SUMMARY

       Module                        code    ro data   rw data
       ------                        ----    -------   -------
    .\
       main.obj                      1048    0         0      
       system_msp432p401r.obj        120     0         0      
    +--+-----------------------------+-------+---------+---------+
       Total:                        1168    0         0      
                                                              
    .\ccs\
       startup_msp432p401r_ccs.obj   14      228       0      
    +--+-----------------------------+-------+---------+---------+
       Total:                        14      228       0      
                                                              
    C:/ti/simplelink_msp432p4_sdk_3_40_01_02/source/ti/devices/msp432p4xx/driverlib/ccs/msp432p4xx_driverlib.lib
       cs.o                          818     0         16     
       sysctl_a.o                    148     0         0      
    +--+-----------------------------+-------+---------+---------+
       Total:                        966     0         16     
                                                              
    C:\Software\ti\ccs1040\ccs\tools\compiler\ti-cgt-arm_20.2.5.LTS\lib\rtsv7M4_T_le_v4SPD16_eabi.lib
       _printfi.c.obj                4851    0         0      
       defs.c.obj                    0       0         832    
       memory.c.obj                  672     0         16     
       trgmsg.c.obj                  108     0         576    
       fd_add_t2.asm.obj             438     0         0      
       host_device.c.obj             0       0         400    
       fd_div_t2.asm.obj             310     0         0      
       fputs.c.obj                   276     0         0      
       s_scalbn.c.obj                272     0         0      
       fd_cmp_t2.asm.obj             268     0         0      
       ctype.c.obj                   0       257       0      
       fd_mul_t2.asm.obj             252     0         0      
       setvbuf.c.obj                 220     0         0      
       memcpy_t2.asm.obj             156     0         0      
       ull_div_t2.asm.obj            150     0         0      
       fputc.c.obj                   140     0         0      
       memset_t2.asm.obj             122     0         0      
       fclose.c.obj                  116     0         0      
       getdevice.c.obj               116     0         0      
       hostopen.c.obj                96      0         16     
       printf.c.obj                  112     0         0      
       hostrename.c.obj              108     0         0      
       copy_decompress_lzss.c.obj    104     0         0      
       hostlseek.c.obj               104     0         0      
       exit.c.obj                    76      0         24     
       fseek.c.obj                   100     0         0      
       s_frexp.c.obj                 100     0         0      
       _io_perm.c.obj                98      0         0      
       close.c.obj                   92      0         0      
       hostread.c.obj                88      0         0      
       hostwrite.c.obj               88      0         0      
       _ltoa.c.obj                   84      0         0      
       atoi.c.obj                    76      0         0      
       fflush.c.obj                  76      0         0      
       fd_toi_t2.asm.obj             72      0         0      
       autoinit.c.obj                68      0         0      
       hostclose.c.obj               68      0         0      
       hostunlink.c.obj              68      0         0      
       fs_tod_t2.asm.obj             56      0         0      
       strncpy.c.obj                 54      0         0      
       boot_cortex_m.c.obj           52      0         0      
       fopen.c.obj                   52      0         0      
       i_tofd_t2.asm.obj             46      0         0      
       unlink.c.obj                  44      0         0      
       lseek.c.obj                   40      0         0      
       write.c.obj                   40      0         0      
       memchr.c.obj                  32      0         0      
       copy_zero_init.c.obj          28      0         0      
       memccpy.c.obj                 28      0         0      
       s_copysign.c.obj              26      0         0      
       strcmp.c.obj                  24      0         0      
       strchr.c.obj                  22      0         0      
       strcpy.c.obj                  20      0         0      
       strlen.c.obj                  20      0         0      
       _lock.c.obj                   2       0         16     
       wcslen.c.obj                  18      0         0      
       errno.c.obj                   8       0         8      
       copy_decompress_none.c.obj    14      0         0      
       pre_init.c.obj                4       0         0      
       div0.asm.obj                  2       0         0      
    +--+-----------------------------+-------+---------+---------+
       Total:                        10777   257       1888   
                                                              
       Heap:                         0       0         4096   
       Stack:                        0       0         1024   
       Linker Generated:             0       140       0      
    +--+-----------------------------+-------+---------+---------+
       Grand Total:                  12925   625       7024   


LINKER GENERATED COPY TABLES

__TI_cinit_table @ 000034f0 records: 2, size/record: 8, table size: 16
	.data: load addr=00003470, load size=00000068 bytes, run addr=20000800, run size=000001e8 bytes, compression=lzss
	.bss: load addr=000034e8, load size=00000008 bytes, run addr=200009e8, run size=000001d0 bytes, compression=zero_init


LINKER GENERATED HANDLER TABLE

__TI_handler_table @ 000034d8 records: 3, size/record: 4, table size: 12
	index: 0, handler: __TI_decompress_lzss
	index: 1, handler: __TI_decompress_none
	index: 2, handler: __TI_zero_init


GLOBAL SYMBOLS: SORTED ALPHABETICALLY BY Name 

address   name                           
-------   ----                           
00000b33  ADC14_IRQHandler               
00000b33  AES256_IRQHandler              
00000b33  BusFault_Handler               
00003369  C$$EXIT                        
00002fcb  C$$IO$$                        
00000b33  COMP_E0_IRQHandler             
00000b33  COMP_E1_IRQHandler             
00000b33  CS_IRQHandler                  
000030e1  CS_clearInterruptFlag          
00001d35  CS_getDCOFrequency             
0000319d  CS_getMCLK                     
00000b33  DMA_ERR_IRQHandler             
00000b33  DMA_INT0_IRQHandler            
00000b33  DMA_INT1_IRQHandler            
00000b33  DMA_INT2_IRQHandler            
00000b33  DMA_INT3_IRQHandler            
00000b33  DebugMon_Handler               
00000b33  Default_Handler                
00000b33  EUSCIA0_IRQHandler             
00000b33  EUSCIA1_IRQHandler             
00000b33  EUSCIA2_IRQHandler             
00000b33  EUSCIA3_IRQHandler             
00000b33  EUSCIB0_IRQHandler             
00000b33  EUSCIB1_IRQHandler             
00000b33  EUSCIB2_IRQHandler             
00000b33  EUSCIB3_IRQHandler             
00000b33  FLCTL_IRQHandler               
00000b33  FPU_IRQHandler                 
00002e4d  HOSTclose                      
000027f9  HOSTlseek                      
00002abd  HOSTopen                       
00002b79  HOSTread                       
0000278d  HOSTrename                     
00002e91  HOSTunlink                     
00002bd1  HOSTwrite                      
00000b33  HardFault_Handler              
00000b33  MemManage_Handler              
00000b33  NMI_Handler                    
00000b33  PCM_IRQHandler                 
00000b33  PORT1_IRQHandler               
00000b33  PORT2_IRQHandler               
00000b33  PORT3_IRQHandler               
00000b33  PORT4_IRQHandler               
00000b33  PORT5_IRQHandler               
00000b33  PORT6_IRQHandler               
00000b33  PSS_IRQHandler                 
00000b33  PendSV_Handler                 
00000b33  RTC_C_IRQHandler               
00003341  Reset_Handler                  
00000b33  SVC_Handler                    
0000229d  SysCtl_A_getTLVInfo            
00000b33  SysTick_Handler                
000025c1  SystemInit                     
00000b33  T32_INT1_IRQHandler            
00000b33  T32_INT2_IRQHandler            
00000b33  T32_INTC_IRQHandler            
00000b33  TA0_0_IRQHandler               
00000b33  TA0_N_IRQHandler               
00000b33  TA1_0_IRQHandler               
00000b33  TA1_N_IRQHandler               
00000b33  TA2_0_IRQHandler               
00000b33  TA2_N_IRQHandler               
00000b33  TA3_0_IRQHandler               
00000b33  TA3_N_IRQHandler               
00000b33  UsageFault_Handler             
4000480c  WDTCTL_SYM                     
00000b33  WDT_A_IRQHandler               
200009e8  __CIOBUF_                      
20010000  __STACK_END                    
00000200  __STACK_SIZE                   
00000800  __SYSMEM_SIZE                  
000034f0  __TI_CINIT_Base                
00003500  __TI_CINIT_Limit               
000034d8  __TI_Handler_Table_Base        
000034e4  __TI_Handler_Table_Limit       
00002ed5  __TI_auto_init_nobinit_nopinit 
00003045  __TI_cleanup                   
200009c8  __TI_cleanup_ptr               
00002639  __TI_closefile                 
00002861  __TI_decompress_lzss           
00003333  __TI_decompress_none           
00002d25  __TI_doflush                   
200009cc  __TI_dtors_ptr                 
200009d0  __TI_enable_exit_profile_output
200009b8  __TI_ft_end                    
00002c7f  __TI_ltoa                      
ffffffff  __TI_pprof_out_hndl            
000000e5  __TI_printfi                   
ffffffff  __TI_prof_data_size            
ffffffff  __TI_prof_data_start           
00003079  __TI_readmsg                   
00000000  __TI_static_base__             
20000b08  __TI_tmpnams                   
00002f9d  __TI_writemsg                  
00002a5b  __TI_wrt_ok                    
0000325d  __TI_zero_init_nomemset        
000023bd  __aeabi_cdcmpeq                
000023bd  __aeabi_cdcmple                
00002443  __aeabi_cdrcmple               
00002e05  __aeabi_d2iz                   
000012cb  __aeabi_dadd                   
000015b5  __aeabi_ddiv                   
00001c39  __aeabi_dmul                   
000012c1  __aeabi_dsub                   
0000334d  __aeabi_errno_addr             
00002fd5  __aeabi_f2d                    
00003141  __aeabi_i2d                    
000016eb  __aeabi_idiv0                  
000016eb  __aeabi_ldiv0                  
00002545  __aeabi_memclr                 
00002545  __aeabi_memclr4                
00002545  __aeabi_memclr8                
0000216b  __aeabi_memcpy                 
0000216b  __aeabi_memcpy4                
0000216b  __aeabi_memcpy8                
00002547  __aeabi_memset                 
00002547  __aeabi_memset4                
00002547  __aeabi_memset8                
200009c4  __aeabi_stderr                 
200009bc  __aeabi_stdin                  
200009c0  __aeabi_stdout                 
00002207  __aeabi_uldivmod               
ffffffff  __binit__                      
ffffffff  __c_args__                     
UNDEFED   __mpu_init                     
2000fe00  __stack                        
20000000  __start___llvm_prf_cnts        
20000000  __stop___llvm_prf_cnts         
000030ad  _c_int00_noargs                
0000336c  _ctypes_                       
200008f0  _device                        
20000800  _ftable                        
200009d4  _lock                          
00001477  _nop                           
20000968  _stream                        
20000000  _sys_memory                    
UNDEFED   _system_post_cinit             
00003365  _system_pre_init               
200009d8  _unlock                        
00003369  abort                          
00001b39  aligned_alloc                  
00002d71  atoi                           
ffffffff  binit                          
00002b1d  close                          
000032b1  copysign                       
000032b1  copysignl                      
00001fed  delay_ms                       
200009e4  errno                          
00002dbd  exit                           
00003111  finddevice                     
00002331  fputc                          
00001811  fputs                          
00001e2d  free                           
00002931  frexp                          
00002931  frexpl                         
00002995  fseek                          
00002f19  getdevice                      
00000000  interruptVectors               
00001925  ldexp                          
00001925  ldexpl                         
000031ed  lseek                          
00000b35  main                           
00003355  malloc                         
00001b39  memalign                       
00003295  memccpy                        
0000323d  memchr                         
0000216b  memcpy                         
0000254d  memset                         
20000bb0  parmbuf                        
000028c9  printf                         
00002331  putc                           
00003171  remove                         
00001925  scalbn                         
00001925  scalbnl                        
00001f11  setvbuf                        
000032e3  strchr                         
000032cb  strcmp                         
000032f9  strcpy                         
0000330d  strlen                         
0000300d  strncpy                        
00003171  unlink                         
00003321  wcslen                         
00003215  write                          


GLOBAL SYMBOLS: SORTED BY Symbol Address 

address   name                           
-------   ----                           
00000000  __TI_static_base__             
00000000  interruptVectors               
000000e5  __TI_printfi                   
00000200  __STACK_SIZE                   
00000800  __SYSMEM_SIZE                  
00000b33  ADC14_IRQHandler               
00000b33  AES256_IRQHandler              
00000b33  BusFault_Handler               
00000b33  COMP_E0_IRQHandler             
00000b33  COMP_E1_IRQHandler             
00000b33  CS_IRQHandler                  
00000b33  DMA_ERR_IRQHandler             
00000b33  DMA_INT0_IRQHandler            
00000b33  DMA_INT1_IRQHandler            
00000b33  DMA_INT2_IRQHandler            
00000b33  DMA_INT3_IRQHandler            
00000b33  DebugMon_Handler               
00000b33  Default_Handler                
00000b33  EUSCIA0_IRQHandler             
00000b33  EUSCIA1_IRQHandler             
00000b33  EUSCIA2_IRQHandler             
00000b33  EUSCIA3_IRQHandler             
00000b33  EUSCIB0_IRQHandler             
00000b33  EUSCIB1_IRQHandler             
00000b33  EUSCIB2_IRQHandler             
00000b33  EUSCIB3_IRQHandler             
00000b33  FLCTL_IRQHandler               
00000b33  FPU_IRQHandler                 
00000b33  HardFault_Handler              
00000b33  MemManage_Handler              
00000b33  NMI_Handler                    
00000b33  PCM_IRQHandler                 
00000b33  PORT1_IRQHandler               
00000b33  PORT2_IRQHandler               
00000b33  PORT3_IRQHandler               
00000b33  PORT4_IRQHandler               
00000b33  PORT5_IRQHandler               
00000b33  PORT6_IRQHandler               
00000b33  PSS_IRQHandler                 
00000b33  PendSV_Handler                 
00000b33  RTC_C_IRQHandler               
00000b33  SVC_Handler                    
00000b33  SysTick_Handler                
00000b33  T32_INT1_IRQHandler            
00000b33  T32_INT2_IRQHandler            
00000b33  T32_INTC_IRQHandler            
00000b33  TA0_0_IRQHandler               
00000b33  TA0_N_IRQHandler               
00000b33  TA1_0_IRQHandler               
00000b33  TA1_N_IRQHandler               
00000b33  TA2_0_IRQHandler               
00000b33  TA2_N_IRQHandler               
00000b33  TA3_0_IRQHandler               
00000b33  TA3_N_IRQHandler               
00000b33  UsageFault_Handler             
00000b33  WDT_A_IRQHandler               
00000b35  main                           
000012c1  __aeabi_dsub                   
000012cb  __aeabi_dadd                   
00001477  _nop                           
000015b5  __aeabi_ddiv                   
000016eb  __aeabi_idiv0                  
000016eb  __aeabi_ldiv0                  
00001811  fputs                          
00001925  ldexp                          
00001925  ldexpl                         
00001925  scalbn                         
00001925  scalbnl                        
00001b39  aligned_alloc                  
00001b39  memalign                       
00001c39  __aeabi_dmul                   
00001d35  CS_getDCOFrequency             
00001e2d  free                           
00001f11  setvbuf                        
00001fed  delay_ms                       
0000216b  __aeabi_memcpy                 
0000216b  __aeabi_memcpy4                
0000216b  __aeabi_memcpy8                
0000216b  memcpy                         
00002207  __aeabi_uldivmod               
0000229d  SysCtl_A_getTLVInfo            
00002331  fputc                          
00002331  putc                           
000023bd  __aeabi_cdcmpeq                
000023bd  __aeabi_cdcmple                
00002443  __aeabi_cdrcmple               
00002545  __aeabi_memclr                 
00002545  __aeabi_memclr4                
00002545  __aeabi_memclr8                
00002547  __aeabi_memset                 
00002547  __aeabi_memset4                
00002547  __aeabi_memset8                
0000254d  memset                         
000025c1  SystemInit                     
00002639  __TI_closefile                 
0000278d  HOSTrename                     
000027f9  HOSTlseek                      
00002861  __TI_decompress_lzss           
000028c9  printf                         
00002931  frexp                          
00002931  frexpl                         
00002995  fseek                          
00002a5b  __TI_wrt_ok                    
00002abd  HOSTopen                       
00002b1d  close                          
00002b79  HOSTread                       
00002bd1  HOSTwrite                      
00002c7f  __TI_ltoa                      
00002d25  __TI_doflush                   
00002d71  atoi                           
00002dbd  exit                           
00002e05  __aeabi_d2iz                   
00002e4d  HOSTclose                      
00002e91  HOSTunlink                     
00002ed5  __TI_auto_init_nobinit_nopinit 
00002f19  getdevice                      
00002f9d  __TI_writemsg                  
00002fcb  C$$IO$$                        
00002fd5  __aeabi_f2d                    
0000300d  strncpy                        
00003045  __TI_cleanup                   
00003079  __TI_readmsg                   
000030ad  _c_int00_noargs                
000030e1  CS_clearInterruptFlag          
00003111  finddevice                     
00003141  __aeabi_i2d                    
00003171  remove                         
00003171  unlink                         
0000319d  CS_getMCLK                     
000031ed  lseek                          
00003215  write                          
0000323d  memchr                         
0000325d  __TI_zero_init_nomemset        
00003295  memccpy                        
000032b1  copysign                       
000032b1  copysignl                      
000032cb  strcmp                         
000032e3  strchr                         
000032f9  strcpy                         
0000330d  strlen                         
00003321  wcslen                         
00003333  __TI_decompress_none           
00003341  Reset_Handler                  
0000334d  __aeabi_errno_addr             
00003355  malloc                         
00003365  _system_pre_init               
00003369  C$$EXIT                        
00003369  abort                          
0000336c  _ctypes_                       
000034d8  __TI_Handler_Table_Base        
000034e4  __TI_Handler_Table_Limit       
000034f0  __TI_CINIT_Base                
00003500  __TI_CINIT_Limit               
20000000  __start___llvm_prf_cnts        
20000000  __stop___llvm_prf_cnts         
20000000  _sys_memory                    
20000800  _ftable                        
200008f0  _device                        
20000968  _stream                        
200009b8  __TI_ft_end                    
200009bc  __aeabi_stdin                  
200009c0  __aeabi_stdout                 
200009c4  __aeabi_stderr                 
200009c8  __TI_cleanup_ptr               
200009cc  __TI_dtors_ptr                 
200009d0  __TI_enable_exit_profile_output
200009d4  _lock                          
200009d8  _unlock                        
200009e4  errno                          
200009e8  __CIOBUF_                      
20000b08  __TI_tmpnams                   
20000bb0  parmbuf                        
2000fe00  __stack                        
20010000  __STACK_END                    
4000480c  WDTCTL_SYM                     
ffffffff  __TI_pprof_out_hndl            
ffffffff  __TI_prof_data_size            
ffffffff  __TI_prof_data_start           
ffffffff  __binit__                      
ffffffff  __c_args__                     
ffffffff  binit                          
UNDEFED   __mpu_init                     
UNDEFED   _system_post_cinit             

[183 symbols]
