******************************************************************************
                  TI ARM Linker PC v20.2.5                     
******************************************************************************
>> Linked Mon Sep 19 11:54:53 2022

OUTPUT FILE NAME:   <lab1_1.1_MSP_EXP432P401R_nortos_ccs4.out>
ENTRY POINT SYMBOL: "_c_int00_noargs"  address: 0000297d


MEMORY CONFIGURATION

         name            origin    length      used     unused   attr    fill
----------------------  --------  ---------  --------  --------  ----  --------
  MAIN                  00000000   00040000  00002da5  0003d25b  R  X
  INFO                  00200000   00004000  00000000  00004000  R  X
  SRAM_CODE             01000000   00010000  00000e00  0000f200  RW X
  SRAM_DATA             20000000   00010000  00000e00  0000f200  RW  


SEGMENT ALLOCATION MAP

run origin  load origin   length   init length attrs members
----------  ----------- ---------- ----------- ----- -------
00000000    00000000    00002da8   00002da8    r-x
  00000000    00000000    000000e4   000000e4    r-- .intvecs
  000000e4    000000e4    00002b00   00002b00    r-x .text
  00002be4    00002be4    00000101   00000101    r-- .const
  00002ce8    00002ce8    000000c0   000000c0    r-- .cinit
20000000    20000000    00000c00   00000000    rw-
  20000000    20000000    00000800   00000000    rw- .sysmem
  20000800    20000800    00000218   00000000    rw- .data
  20000a18    20000a18    000001e8   00000000    rw- .bss
2000fe00    2000fe00    00000200   00000000    rw-
  2000fe00    2000fe00    00000200   00000000    rw- .stack


SECTION ALLOCATION MAP

 output                                  attributes/
section   page    origin      length       input sections
--------  ----  ----------  ----------   ----------------
.intvecs   0    00000000    000000e4     
                  00000000    000000e4     startup_msp432p401r_ccs.obj (.intvecs:retain)

.text      0    000000e4    00002b00     
                  000000e4    00000a4e     rtsv7M4_T_le_v4SPD16_eabi.lib : _printfi.c.obj (.text:__TI_printfi)
                  00000b32    00000002     startup_msp432p401r_ccs.obj (.text:Default_Handler)
                  00000b34    00000270     rtsv7M4_T_le_v4SPD16_eabi.lib : _printfi.c.obj (.text:_pconv_a)
                  00000da4    000001d0                                   : _printfi.c.obj (.text:_pconv_g)
                  00000f74    000001b6                                   : fd_add_t2.asm.obj (.text)
                  0000112a    00000002                                   : _lock.c.obj (.text:_nop)
                  0000112c    0000013c                                   : _printfi.c.obj (.text:_pconv_e)
                  00001268    00000136                                   : fd_div_t2.asm.obj (.text)
                  0000139e    00000002                                   : div0.asm.obj (.text)
                  000013a0    00000124                                   : _printfi.c.obj (.text:fcvt)
                  000014c4    00000114                                   : fputs.c.obj (.text:fputs)
                  000015d8    00000110                                   : s_scalbn.c.obj (.text:scalbn)
                  000016e8    00000100                                   : memory.c.obj (.text:aligned_alloc)
                  000017e8    000000fc                                   : fd_mul_t2.asm.obj (.text)
                  000018e4    000000e4                                   : memory.c.obj (.text:free)
                  000019c8    000000dc                                   : setvbuf.c.obj (.text:setvbuf)
                  00001aa4    000000b1                                   : _printfi.c.obj (.text:_ltostr)
                  00001b55    00000001     --HOLE-- [fill = 0]
                  00001b56    0000009c                                   : memcpy_t2.asm.obj (.text)
                  00001bf2    00000096                                   : ull_div_t2.asm.obj (.text)
                  00001c88    0000008c                                   : fputc.c.obj (.text:fputc)
                  00001d14    0000008c     main.obj (.text:main)
                  00001da0    00000086     rtsv7M4_T_le_v4SPD16_eabi.lib : fd_cmp_t2.asm.obj (.text:__aeabi_cdcmple)
                  00001e26    00000086                                   : fd_cmp_t2.asm.obj (.text:__aeabi_cdrcmple)
                  00001eac    0000007a                                   : memset_t2.asm.obj (.text)
                  00001f26    00000002     --HOLE-- [fill = 0]
                  00001f28    00000078     system_msp432p401r.obj (.text:SystemInit)
                  00001fa0    00000074     rtsv7M4_T_le_v4SPD16_eabi.lib : fclose.c.obj (.text:__TI_closefile)
                  00002014    00000070                                   : memory.c.obj (.text:split)
                  00002084    0000006e                                   : _printfi.c.obj (.text:_mcpy)
                  000020f2    00000002     --HOLE-- [fill = 0]
                  000020f4    0000006c                                   : hostrename.c.obj (.text:HOSTrename)
                  00002160    00000068                                   : hostlseek.c.obj (.text:HOSTlseek)
                  000021c8    00000068                                   : copy_decompress_lzss.c.obj (.text:decompress:lzss:__TI_decompress_lzss)
                  00002230    00000068                                   : printf.c.obj (.text:printf)
                  00002298    00000064                                   : s_frexp.c.obj (.text:frexp)
                  000022fc    00000064                                   : fseek.c.obj (.text:fseek)
                  00002360    00000062                                   : _io_perm.c.obj (.text:__TI_wrt_ok)
                  000023c2    00000002     --HOLE-- [fill = 0]
                  000023c4    00000060                                   : hostopen.c.obj (.text:HOSTopen)
                  00002424    0000005c                                   : close.c.obj (.text:close)
                  00002480    00000058                                   : hostread.c.obj (.text:HOSTread)
                  000024d8    00000058                                   : hostwrite.c.obj (.text:HOSTwrite)
                  00002530    00000056                                   : _printfi.c.obj (.text:_pconv_f)
                  00002586    00000054                                   : _ltoa.c.obj (.text:__TI_ltoa)
                  000025da    00000052                                   : _printfi.c.obj (.text:_ecpy)
                  0000262c    0000004c                                   : fflush.c.obj (.text:__TI_doflush)
                  00002678    0000004c                                   : atoi.c.obj (.text:atoi)
                  000026c4    00000048                                   : exit.c.obj (.text:exit)
                  0000270c    00000048                                   : fd_toi_t2.asm.obj (.text)
                  00002754    00000044                                   : hostclose.c.obj (.text:HOSTclose)
                  00002798    00000044                                   : hostunlink.c.obj (.text:HOSTunlink)
                  000027dc    00000044                                   : autoinit.c.obj (.text:__TI_auto_init_nobinit_nopinit:__TI_auto_init_nobinit_nopinit)
                  00002820    00000044                                   : getdevice.c.obj (.text:getdevice)
                  00002864    0000003e                                   : _printfi.c.obj (.text:_fcpy)
                  000028a2    00000002     --HOLE-- [fill = 0]
                  000028a4    00000038                                   : trgmsg.c.obj (.text:__TI_writemsg)
                  000028dc    00000036                                   : strncpy.c.obj (.text:strncpy)
                  00002912    00000002     --HOLE-- [fill = 0]
                  00002914    00000034                                   : fopen.c.obj (.text:__TI_cleanup)
                  00002948    00000034                                   : trgmsg.c.obj (.text:__TI_readmsg)
                  0000297c    00000034                                   : boot_cortex_m.c.obj (.text:_c_int00_noargs:_c_int00_noargs)
                  000029b0    00000030                                   : getdevice.c.obj (.text:finddevice)
                  000029e0    0000002e                                   : i_tofd_t2.asm.obj (.text)
                  00002a0e    00000002     --HOLE-- [fill = 0]
                  00002a10    0000002c                                   : unlink.c.obj (.text:unlink)
                  00002a3c    00000028                                   : memory.c.obj (.text:free_list_insert)
                  00002a64    00000028                                   : lseek.c.obj (.text:lseek)
                  00002a8c    00000028                                   : write.c.obj (.text:write)
                  00002ab4    00000020                                   : memchr.c.obj (.text:memchr)
                  00002ad4    0000001c                                   : copy_zero_init.c.obj (.text:decompress:ZI:__TI_zero_init_nomemset:__TI_zero_init_nomemset)
                  00002af0    0000001c                                   : memory.c.obj (.text:free_list_remove)
                  00002b0c    0000001c                                   : memccpy.c.obj (.text:memccpy)
                  00002b28    0000001a                                   : s_copysign.c.obj (.text:copysign)
                  00002b42    00000018                                   : strcmp.c.obj (.text:strcmp)
                  00002b5a    00000016                                   : strchr.c.obj (.text:strchr)
                  00002b70    00000014                                   : strcpy.c.obj (.text:strcpy)
                  00002b84    00000014                                   : strlen.c.obj (.text:strlen)
                  00002b98    00000012                                   : wcslen.c.obj (.text:wcslen)
                  00002baa    0000000e                                   : copy_decompress_none.c.obj (.text:decompress:none:__TI_decompress_none)
                  00002bb8    0000000c     startup_msp432p401r_ccs.obj (.text:Reset_Handler)
                  00002bc4    00000008     rtsv7M4_T_le_v4SPD16_eabi.lib : errno.c.obj (.text:__aeabi_errno_addr)
                  00002bcc    00000008                                   : memory.c.obj (.text:malloc)
                  00002bd4    00000004                                   : printf.c.obj (.text:_outc)
                  00002bd8    00000004                                   : printf.c.obj (.text:_outs)
                  00002bdc    00000004                                   : pre_init.c.obj (.text:_system_pre_init)
                  00002be0    00000004                                   : exit.c.obj (.text:abort:abort)

.const     0    00002be4    00000101     
                  00002be4    00000101     rtsv7M4_T_le_v4SPD16_eabi.lib : ctype.c.obj (.const:.string:_ctypes_)

.cinit     0    00002ce8    000000c0     
                  00002ce8    0000009c     (.cinit..data.load) [load image, compression = lzss]
                  00002d84    0000000c     (__TI_handler_table)
                  00002d90    00000008     (.cinit..bss.load) [load image, compression = zero_init]
                  00002d98    00000010     (__TI_cinit_table)

.init_array 
*          0    00000000    00000000     UNINITIALIZED

.binit     0    00000000    00000000     

.sysmem    0    20000000    00000800     UNINITIALIZED
                  20000000    00000010     rtsv7M4_T_le_v4SPD16_eabi.lib : memory.c.obj (.sysmem)
                  20000010    000007f0     --HOLE--

.data      0    20000800    00000218     UNINITIALIZED
                  20000800    000000f0     rtsv7M4_T_le_v4SPD16_eabi.lib : defs.c.obj (.data:_ftable)
                  200008f0    00000078                                   : host_device.c.obj (.data:_device)
                  20000968    00000050                                   : host_device.c.obj (.data:_stream)
                  200009b8    00000020     main.obj (.data:CipherKey)
                  200009d8    00000010     main.obj (.data:Data)
                  200009e8    00000010     rtsv7M4_T_le_v4SPD16_eabi.lib : defs.c.obj (.data)
                  200009f8    0000000c                                   : exit.c.obj (.data:$O1$$)
                  20000a04    00000008                                   : _lock.c.obj (.data:$O1$$)
                  20000a0c    00000008                                   : memory.c.obj (.data:$O1$$)
                  20000a14    00000004                                   : errno.c.obj (.data)

.bss       0    20000a18    000001e8     UNINITIALIZED
                  20000a18    00000120     rtsv7M4_T_le_v4SPD16_eabi.lib : trgmsg.c.obj (.bss:_CIOBUF_)
                  20000b38    000000a0     (.common:__TI_tmpnams)
                  20000bd8    00000010     main.obj (.bss:DataAESdecrypted)
                  20000be8    00000010     main.obj (.bss:DataAESencrypted)
                  20000bf8    00000008     (.common:parmbuf)

.stack     0    2000fe00    00000200     UNINITIALIZED
                  2000fe00    00000004     rtsv7M4_T_le_v4SPD16_eabi.lib : boot_cortex_m.c.obj (.stack)
                  2000fe04    000001fc     --HOLE--

__llvm_prf_cnts 
*          0    20000000    00000000     UNINITIALIZED

MODULE SUMMARY

       Module                        code    ro data   rw data
       ------                        ----    -------   -------
    .\
       main.obj                      140     0         160    
       system_msp432p401r.obj        120     0         0      
    +--+-----------------------------+-------+---------+---------+
       Total:                        260     0         160    
                                                              
    .\ccs\
       startup_msp432p401r_ccs.obj   14      228       0      
    +--+-----------------------------+-------+---------+---------+
       Total:                        14      228       0      
                                                              
    C:\ti\ccs1040\ccs\tools\compiler\ti-cgt-arm_20.2.5.LTS\lib\rtsv7M4_T_le_v4SPD16_eabi.lib
       _printfi.c.obj                4851    0         0      
       defs.c.obj                    0       0         832    
       memory.c.obj                  672     0         16     
       trgmsg.c.obj                  108     0         576    
       fd_add_t2.asm.obj             438     0         0      
       host_device.c.obj             0       0         400    
       fd_div_t2.asm.obj             310     0         0      
       fputs.c.obj                   276     0         0      
       s_scalbn.c.obj                272     0         0      
       fd_cmp_t2.asm.obj             268     0         0      
       ctype.c.obj                   0       257       0      
       fd_mul_t2.asm.obj             252     0         0      
       setvbuf.c.obj                 220     0         0      
       memcpy_t2.asm.obj             156     0         0      
       ull_div_t2.asm.obj            150     0         0      
       fputc.c.obj                   140     0         0      
       memset_t2.asm.obj             122     0         0      
       fclose.c.obj                  116     0         0      
       getdevice.c.obj               116     0         0      
       hostopen.c.obj                96      0         16     
       printf.c.obj                  112     0         0      
       hostrename.c.obj              108     0         0      
       copy_decompress_lzss.c.obj    104     0         0      
       hostlseek.c.obj               104     0         0      
       exit.c.obj                    76      0         24     
       fseek.c.obj                   100     0         0      
       s_frexp.c.obj                 100     0         0      
       _io_perm.c.obj                98      0         0      
       close.c.obj                   92      0         0      
       hostread.c.obj                88      0         0      
       hostwrite.c.obj               88      0         0      
       _ltoa.c.obj                   84      0         0      
       atoi.c.obj                    76      0         0      
       fflush.c.obj                  76      0         0      
       fd_toi_t2.asm.obj             72      0         0      
       autoinit.c.obj                68      0         0      
       hostclose.c.obj               68      0         0      
       hostunlink.c.obj              68      0         0      
       strncpy.c.obj                 54      0         0      
       boot_cortex_m.c.obj           52      0         0      
       fopen.c.obj                   52      0         0      
       i_tofd_t2.asm.obj             46      0         0      
       unlink.c.obj                  44      0         0      
       lseek.c.obj                   40      0         0      
       write.c.obj                   40      0         0      
       memchr.c.obj                  32      0         0      
       copy_zero_init.c.obj          28      0         0      
       memccpy.c.obj                 28      0         0      
       s_copysign.c.obj              26      0         0      
       strcmp.c.obj                  24      0         0      
       strchr.c.obj                  22      0         0      
       strcpy.c.obj                  20      0         0      
       strlen.c.obj                  20      0         0      
       _lock.c.obj                   2       0         16     
       wcslen.c.obj                  18      0         0      
       errno.c.obj                   8       0         8      
       copy_decompress_none.c.obj    14      0         0      
       pre_init.c.obj                4       0         0      
       div0.asm.obj                  2       0         0      
    +--+-----------------------------+-------+---------+---------+
       Total:                        10721   257       1888   
                                                              
       Heap:                         0       0         4096   
       Stack:                        0       0         1024   
       Linker Generated:             0       192       0      
    +--+-----------------------------+-------+---------+---------+
       Grand Total:                  10995   677       7168   


LINKER GENERATED COPY TABLES

__TI_cinit_table @ 00002d98 records: 2, size/record: 8, table size: 16
	.data: load addr=00002ce8, load size=0000009c bytes, run addr=20000800, run size=00000218 bytes, compression=lzss
	.bss: load addr=00002d90, load size=00000008 bytes, run addr=20000a18, run size=000001e8 bytes, compression=zero_init


LINKER GENERATED HANDLER TABLE

__TI_handler_table @ 00002d84 records: 3, size/record: 4, table size: 12
	index: 0, handler: __TI_decompress_lzss
	index: 1, handler: __TI_decompress_none
	index: 2, handler: __TI_zero_init


GLOBAL SYMBOLS: SORTED ALPHABETICALLY BY Name 

address   name                           
-------   ----                           
00000b33  ADC14_IRQHandler               
00000b33  AES256_IRQHandler              
00000b33  BusFault_Handler               
00002be1  C$$EXIT                        
000028d3  C$$IO$$                        
00000b33  COMP_E0_IRQHandler             
00000b33  COMP_E1_IRQHandler             
00000b33  CS_IRQHandler                  
00000b33  DMA_ERR_IRQHandler             
00000b33  DMA_INT0_IRQHandler            
00000b33  DMA_INT1_IRQHandler            
00000b33  DMA_INT2_IRQHandler            
00000b33  DMA_INT3_IRQHandler            
00000b33  DebugMon_Handler               
00000b33  Default_Handler                
00000b33  EUSCIA0_IRQHandler             
00000b33  EUSCIA1_IRQHandler             
00000b33  EUSCIA2_IRQHandler             
00000b33  EUSCIA3_IRQHandler             
00000b33  EUSCIB0_IRQHandler             
00000b33  EUSCIB1_IRQHandler             
00000b33  EUSCIB2_IRQHandler             
00000b33  EUSCIB3_IRQHandler             
00000b33  FLCTL_IRQHandler               
00000b33  FPU_IRQHandler                 
00002755  HOSTclose                      
00002161  HOSTlseek                      
000023c5  HOSTopen                       
00002481  HOSTread                       
000020f5  HOSTrename                     
00002799  HOSTunlink                     
000024d9  HOSTwrite                      
00000b33  HardFault_Handler              
00000b33  MemManage_Handler              
00000b33  NMI_Handler                    
00000b33  PCM_IRQHandler                 
00000b33  PORT1_IRQHandler               
00000b33  PORT2_IRQHandler               
00000b33  PORT3_IRQHandler               
00000b33  PORT4_IRQHandler               
00000b33  PORT5_IRQHandler               
00000b33  PORT6_IRQHandler               
00000b33  PSS_IRQHandler                 
00000b33  PendSV_Handler                 
00000b33  RTC_C_IRQHandler               
00002bb9  Reset_Handler                  
00000b33  SVC_Handler                    
00000b33  SysTick_Handler                
00001f29  SystemInit                     
00000b33  T32_INT1_IRQHandler            
00000b33  T32_INT2_IRQHandler            
00000b33  T32_INTC_IRQHandler            
00000b33  TA0_0_IRQHandler               
00000b33  TA0_N_IRQHandler               
00000b33  TA1_0_IRQHandler               
00000b33  TA1_N_IRQHandler               
00000b33  TA2_0_IRQHandler               
00000b33  TA2_N_IRQHandler               
00000b33  TA3_0_IRQHandler               
00000b33  TA3_N_IRQHandler               
00000b33  UsageFault_Handler             
4000480c  WDTCTL_SYM                     
00000b33  WDT_A_IRQHandler               
20000a18  __CIOBUF_                      
20010000  __STACK_END                    
00000200  __STACK_SIZE                   
00000800  __SYSMEM_SIZE                  
00002d98  __TI_CINIT_Base                
00002da8  __TI_CINIT_Limit               
00002d84  __TI_Handler_Table_Base        
00002d90  __TI_Handler_Table_Limit       
000027dd  __TI_auto_init_nobinit_nopinit 
00002915  __TI_cleanup                   
200009f8  __TI_cleanup_ptr               
00001fa1  __TI_closefile                 
000021c9  __TI_decompress_lzss           
00002bab  __TI_decompress_none           
0000262d  __TI_doflush                   
200009fc  __TI_dtors_ptr                 
20000a00  __TI_enable_exit_profile_output
200009e8  __TI_ft_end                    
00002587  __TI_ltoa                      
ffffffff  __TI_pprof_out_hndl            
000000e5  __TI_printfi                   
ffffffff  __TI_prof_data_size            
ffffffff  __TI_prof_data_start           
00002949  __TI_readmsg                   
00000000  __TI_static_base__             
20000b38  __TI_tmpnams                   
000028a5  __TI_writemsg                  
00002361  __TI_wrt_ok                    
00002ad5  __TI_zero_init_nomemset        
00001da1  __aeabi_cdcmpeq                
00001da1  __aeabi_cdcmple                
00001e27  __aeabi_cdrcmple               
0000270d  __aeabi_d2iz                   
00000f7f  __aeabi_dadd                   
00001269  __aeabi_ddiv                   
000017e9  __aeabi_dmul                   
00000f75  __aeabi_dsub                   
00002bc5  __aeabi_errno_addr             
000029e1  __aeabi_i2d                    
0000139f  __aeabi_idiv0                  
0000139f  __aeabi_ldiv0                  
00001ead  __aeabi_memclr                 
00001ead  __aeabi_memclr4                
00001ead  __aeabi_memclr8                
00001b57  __aeabi_memcpy                 
00001b57  __aeabi_memcpy4                
00001b57  __aeabi_memcpy8                
00001eaf  __aeabi_memset                 
00001eaf  __aeabi_memset4                
00001eaf  __aeabi_memset8                
200009f4  __aeabi_stderr                 
200009ec  __aeabi_stdin                  
200009f0  __aeabi_stdout                 
00001bf3  __aeabi_uldivmod               
ffffffff  __binit__                      
ffffffff  __c_args__                     
UNDEFED   __mpu_init                     
2000fe00  __stack                        
20000000  __start___llvm_prf_cnts        
20000000  __stop___llvm_prf_cnts         
0000297d  _c_int00_noargs                
00002be4  _ctypes_                       
200008f0  _device                        
20000800  _ftable                        
20000a04  _lock                          
0000112b  _nop                           
20000968  _stream                        
20000000  _sys_memory                    
UNDEFED   _system_post_cinit             
00002bdd  _system_pre_init               
20000a08  _unlock                        
00002be1  abort                          
000016e9  aligned_alloc                  
00002679  atoi                           
ffffffff  binit                          
00002425  close                          
00002b29  copysign                       
00002b29  copysignl                      
20000a14  errno                          
000026c5  exit                           
000029b1  finddevice                     
00001c89  fputc                          
000014c5  fputs                          
000018e5  free                           
00002299  frexp                          
00002299  frexpl                         
000022fd  fseek                          
00002821  getdevice                      
00000000  interruptVectors               
000015d9  ldexp                          
000015d9  ldexpl                         
00002a65  lseek                          
00001d15  main                           
00002bcd  malloc                         
000016e9  memalign                       
00002b0d  memccpy                        
00002ab5  memchr                         
00001b57  memcpy                         
00001eb5  memset                         
20000bf8  parmbuf                        
00002231  printf                         
00001c89  putc                           
00002a11  remove                         
000015d9  scalbn                         
000015d9  scalbnl                        
000019c9  setvbuf                        
00002b5b  strchr                         
00002b43  strcmp                         
00002b71  strcpy                         
00002b85  strlen                         
000028dd  strncpy                        
00002a11  unlink                         
00002b99  wcslen                         
00002a8d  write                          


GLOBAL SYMBOLS: SORTED BY Symbol Address 

address   name                           
-------   ----                           
00000000  __TI_static_base__             
00000000  interruptVectors               
000000e5  __TI_printfi                   
00000200  __STACK_SIZE                   
00000800  __SYSMEM_SIZE                  
00000b33  ADC14_IRQHandler               
00000b33  AES256_IRQHandler              
00000b33  BusFault_Handler               
00000b33  COMP_E0_IRQHandler             
00000b33  COMP_E1_IRQHandler             
00000b33  CS_IRQHandler                  
00000b33  DMA_ERR_IRQHandler             
00000b33  DMA_INT0_IRQHandler            
00000b33  DMA_INT1_IRQHandler            
00000b33  DMA_INT2_IRQHandler            
00000b33  DMA_INT3_IRQHandler            
00000b33  DebugMon_Handler               
00000b33  Default_Handler                
00000b33  EUSCIA0_IRQHandler             
00000b33  EUSCIA1_IRQHandler             
00000b33  EUSCIA2_IRQHandler             
00000b33  EUSCIA3_IRQHandler             
00000b33  EUSCIB0_IRQHandler             
00000b33  EUSCIB1_IRQHandler             
00000b33  EUSCIB2_IRQHandler             
00000b33  EUSCIB3_IRQHandler             
00000b33  FLCTL_IRQHandler               
00000b33  FPU_IRQHandler                 
00000b33  HardFault_Handler              
00000b33  MemManage_Handler              
00000b33  NMI_Handler                    
00000b33  PCM_IRQHandler                 
00000b33  PORT1_IRQHandler               
00000b33  PORT2_IRQHandler               
00000b33  PORT3_IRQHandler               
00000b33  PORT4_IRQHandler               
00000b33  PORT5_IRQHandler               
00000b33  PORT6_IRQHandler               
00000b33  PSS_IRQHandler                 
00000b33  PendSV_Handler                 
00000b33  RTC_C_IRQHandler               
00000b33  SVC_Handler                    
00000b33  SysTick_Handler                
00000b33  T32_INT1_IRQHandler            
00000b33  T32_INT2_IRQHandler            
00000b33  T32_INTC_IRQHandler            
00000b33  TA0_0_IRQHandler               
00000b33  TA0_N_IRQHandler               
00000b33  TA1_0_IRQHandler               
00000b33  TA1_N_IRQHandler               
00000b33  TA2_0_IRQHandler               
00000b33  TA2_N_IRQHandler               
00000b33  TA3_0_IRQHandler               
00000b33  TA3_N_IRQHandler               
00000b33  UsageFault_Handler             
00000b33  WDT_A_IRQHandler               
00000f75  __aeabi_dsub                   
00000f7f  __aeabi_dadd                   
0000112b  _nop                           
00001269  __aeabi_ddiv                   
0000139f  __aeabi_idiv0                  
0000139f  __aeabi_ldiv0                  
000014c5  fputs                          
000015d9  ldexp                          
000015d9  ldexpl                         
000015d9  scalbn                         
000015d9  scalbnl                        
000016e9  aligned_alloc                  
000016e9  memalign                       
000017e9  __aeabi_dmul                   
000018e5  free                           
000019c9  setvbuf                        
00001b57  __aeabi_memcpy                 
00001b57  __aeabi_memcpy4                
00001b57  __aeabi_memcpy8                
00001b57  memcpy                         
00001bf3  __aeabi_uldivmod               
00001c89  fputc                          
00001c89  putc                           
00001d15  main                           
00001da1  __aeabi_cdcmpeq                
00001da1  __aeabi_cdcmple                
00001e27  __aeabi_cdrcmple               
00001ead  __aeabi_memclr                 
00001ead  __aeabi_memclr4                
00001ead  __aeabi_memclr8                
00001eaf  __aeabi_memset                 
00001eaf  __aeabi_memset4                
00001eaf  __aeabi_memset8                
00001eb5  memset                         
00001f29  SystemInit                     
00001fa1  __TI_closefile                 
000020f5  HOSTrename                     
00002161  HOSTlseek                      
000021c9  __TI_decompress_lzss           
00002231  printf                         
00002299  frexp                          
00002299  frexpl                         
000022fd  fseek                          
00002361  __TI_wrt_ok                    
000023c5  HOSTopen                       
00002425  close                          
00002481  HOSTread                       
000024d9  HOSTwrite                      
00002587  __TI_ltoa                      
0000262d  __TI_doflush                   
00002679  atoi                           
000026c5  exit                           
0000270d  __aeabi_d2iz                   
00002755  HOSTclose                      
00002799  HOSTunlink                     
000027dd  __TI_auto_init_nobinit_nopinit 
00002821  getdevice                      
000028a5  __TI_writemsg                  
000028d3  C$$IO$$                        
000028dd  strncpy                        
00002915  __TI_cleanup                   
00002949  __TI_readmsg                   
0000297d  _c_int00_noargs                
000029b1  finddevice                     
000029e1  __aeabi_i2d                    
00002a11  remove                         
00002a11  unlink                         
00002a65  lseek                          
00002a8d  write                          
00002ab5  memchr                         
00002ad5  __TI_zero_init_nomemset        
00002b0d  memccpy                        
00002b29  copysign                       
00002b29  copysignl                      
00002b43  strcmp                         
00002b5b  strchr                         
00002b71  strcpy                         
00002b85  strlen                         
00002b99  wcslen                         
00002bab  __TI_decompress_none           
00002bb9  Reset_Handler                  
00002bc5  __aeabi_errno_addr             
00002bcd  malloc                         
00002bdd  _system_pre_init               
00002be1  C$$EXIT                        
00002be1  abort                          
00002be4  _ctypes_                       
00002d84  __TI_Handler_Table_Base        
00002d90  __TI_Handler_Table_Limit       
00002d98  __TI_CINIT_Base                
00002da8  __TI_CINIT_Limit               
20000000  __start___llvm_prf_cnts        
20000000  __stop___llvm_prf_cnts         
20000000  _sys_memory                    
20000800  _ftable                        
200008f0  _device                        
20000968  _stream                        
200009e8  __TI_ft_end                    
200009ec  __aeabi_stdin                  
200009f0  __aeabi_stdout                 
200009f4  __aeabi_stderr                 
200009f8  __TI_cleanup_ptr               
200009fc  __TI_dtors_ptr                 
20000a00  __TI_enable_exit_profile_output
20000a04  _lock                          
20000a08  _unlock                        
20000a14  errno                          
20000a18  __CIOBUF_                      
20000b38  __TI_tmpnams                   
20000bf8  parmbuf                        
2000fe00  __stack                        
20010000  __STACK_END                    
4000480c  WDTCTL_SYM                     
ffffffff  __TI_pprof_out_hndl            
ffffffff  __TI_prof_data_size            
ffffffff  __TI_prof_data_start           
ffffffff  __binit__                      
ffffffff  __c_args__                     
ffffffff  binit                          
UNDEFED   __mpu_init                     
UNDEFED   _system_post_cinit             

[177 symbols]
