******************************************************************************
                  TI ARM Linker PC v20.2.5                     
******************************************************************************
>> Linked Sun Sep 25 21:01:28 2022

OUTPUT FILE NAME:   <lab1_3.1_MSP_EXP432P401R_nortos_ccs4.out>
ENTRY POINT SYMBOL: "_c_int00_noargs"  address: 00002e29


MEMORY CONFIGURATION

         name            origin    length      used     unused   attr    fill
----------------------  --------  ---------  --------  --------  ----  --------
  MAIN                  00000000   00040000  00003279  0003cd87  R  X
  INFO                  00200000   00004000  00000000  00004000  R  X
  SRAM_CODE             01000000   00010000  00000db8  0000f248  RW X
  SRAM_DATA             20000000   00010000  00000db8  0000f248  RW  


SEGMENT ALLOCATION MAP

run origin  load origin   length   init length attrs members
----------  ----------- ---------- ----------- ----- -------
00000000    00000000    00003280   00003280    r-x
  00000000    00000000    000000e4   000000e4    r-- .intvecs
  000000e4    000000e4    00003004   00003004    r-x .text
  000030e8    000030e8    00000101   00000101    r-- .const
  000031f0    000031f0    00000090   00000090    r-- .cinit
20000000    20000000    00000bb8   00000000    rw-
  20000000    20000000    00000800   00000000    rw- .sysmem
  20000800    20000800    000001e8   00000000    rw- .data
  200009e8    200009e8    000001d0   00000000    rw- .bss
2000fe00    2000fe00    00000200   00000000    rw-
  2000fe00    2000fe00    00000200   00000000    rw- .stack


SECTION ALLOCATION MAP

 output                                  attributes/
section   page    origin      length       input sections
--------  ----  ----------  ----------   ----------------
.intvecs   0    00000000    000000e4     
                  00000000    000000e4     startup_msp432p401r_ccs.obj (.intvecs:retain)

.text      0    000000e4    00003004     
                  000000e4    00000a4e     rtsv7M4_T_le_v4SPD16_eabi.lib : _printfi.c.obj (.text:__TI_printfi)
                  00000b32    00000002     startup_msp432p401r_ccs.obj (.text:Default_Handler)
                  00000b34    00000270     rtsv7M4_T_le_v4SPD16_eabi.lib : _printfi.c.obj (.text:_pconv_a)
                  00000da4    000001d0                                   : _printfi.c.obj (.text:_pconv_g)
                  00000f74    000001b6                                   : fd_add_t2.asm.obj (.text)
                  0000112a    00000002                                   : _lock.c.obj (.text:_nop)
                  0000112c    00000194     main.obj (.text:main)
                  000012c0    0000013c     rtsv7M4_T_le_v4SPD16_eabi.lib : _printfi.c.obj (.text:_pconv_e)
                  000013fc    00000136                                   : fd_div_t2.asm.obj (.text)
                  00001532    00000002                                   : div0.asm.obj (.text)
                  00001534    00000124                                   : _printfi.c.obj (.text:fcvt)
                  00001658    00000114                                   : fputs.c.obj (.text:fputs)
                  0000176c    00000110                                   : s_scalbn.c.obj (.text:scalbn)
                  0000187c    00000104     msp432p4xx_driverlib.lib : cs.o (.text:_CSComputeCLKFrequency)
                  00001980    00000100     rtsv7M4_T_le_v4SPD16_eabi.lib : memory.c.obj (.text:aligned_alloc)
                  00001a80    000000fc                                   : fd_mul_t2.asm.obj (.text)
                  00001b7c    000000f8     msp432p4xx_driverlib.lib : cs.o (.text:CS_getDCOFrequency)
                  00001c74    000000e4     rtsv7M4_T_le_v4SPD16_eabi.lib : memory.c.obj (.text:free)
                  00001d58    000000dc                                   : setvbuf.c.obj (.text:setvbuf)
                  00001e34    000000b1                                   : _printfi.c.obj (.text:_ltostr)
                  00001ee5    00000001     --HOLE-- [fill = 0]
                  00001ee6    0000009c                                   : memcpy_t2.asm.obj (.text)
                  00001f82    00000096                                   : ull_div_t2.asm.obj (.text)
                  00002018    00000094     msp432p4xx_driverlib.lib : sysctl_a.o (.text:SysCtl_A_getTLVInfo)
                  000020ac    0000008c     rtsv7M4_T_le_v4SPD16_eabi.lib : fputc.c.obj (.text:fputc)
                  00002138    00000086                                   : fd_cmp_t2.asm.obj (.text:__aeabi_cdcmple)
                  000021be    00000086                                   : fd_cmp_t2.asm.obj (.text:__aeabi_cdrcmple)
                  00002244    0000007c     msp432p4xx_driverlib.lib : cs.o (.text:_CSGetDOCFrequency)
                  000022c0    0000007a     rtsv7M4_T_le_v4SPD16_eabi.lib : memset_t2.asm.obj (.text)
                  0000233a    00000002     --HOLE-- [fill = 0]
                  0000233c    00000078     system_msp432p401r.obj (.text:SystemInit)
                  000023b4    00000074     rtsv7M4_T_le_v4SPD16_eabi.lib : fclose.c.obj (.text:__TI_closefile)
                  00002428    00000070                                   : memory.c.obj (.text:split)
                  00002498    0000006e                                   : _printfi.c.obj (.text:_mcpy)
                  00002506    00000002     --HOLE-- [fill = 0]
                  00002508    0000006c                                   : hostrename.c.obj (.text:HOSTrename)
                  00002574    00000068                                   : hostlseek.c.obj (.text:HOSTlseek)
                  000025dc    00000068                                   : copy_decompress_lzss.c.obj (.text:decompress:lzss:__TI_decompress_lzss)
                  00002644    00000068                                   : printf.c.obj (.text:printf)
                  000026ac    00000064                                   : s_frexp.c.obj (.text:frexp)
                  00002710    00000064                                   : fseek.c.obj (.text:fseek)
                  00002774    00000062     msp432p4xx_driverlib.lib : cs.o (.text:_CSGetDividerValue)
                  000027d6    00000062     rtsv7M4_T_le_v4SPD16_eabi.lib : _io_perm.c.obj (.text:__TI_wrt_ok)
                  00002838    00000060                                   : hostopen.c.obj (.text:HOSTopen)
                  00002898    0000005c                                   : close.c.obj (.text:close)
                  000028f4    00000058                                   : hostread.c.obj (.text:HOSTread)
                  0000294c    00000058                                   : hostwrite.c.obj (.text:HOSTwrite)
                  000029a4    00000056                                   : _printfi.c.obj (.text:_pconv_f)
                  000029fa    00000054                                   : _ltoa.c.obj (.text:__TI_ltoa)
                  00002a4e    00000052                                   : _printfi.c.obj (.text:_ecpy)
                  00002aa0    0000004c                                   : fflush.c.obj (.text:__TI_doflush)
                  00002aec    0000004c                                   : atoi.c.obj (.text:atoi)
                  00002b38    00000048                                   : exit.c.obj (.text:exit)
                  00002b80    00000048                                   : fd_toi_t2.asm.obj (.text)
                  00002bc8    00000044                                   : hostclose.c.obj (.text:HOSTclose)
                  00002c0c    00000044                                   : hostunlink.c.obj (.text:HOSTunlink)
                  00002c50    00000044                                   : autoinit.c.obj (.text:__TI_auto_init_nobinit_nopinit:__TI_auto_init_nobinit_nopinit)
                  00002c94    00000044                                   : getdevice.c.obj (.text:getdevice)
                  00002cd8    0000003e                                   : _printfi.c.obj (.text:_fcpy)
                  00002d16    00000002     --HOLE-- [fill = 0]
                  00002d18    00000038                                   : trgmsg.c.obj (.text:__TI_writemsg)
                  00002d50    00000038                                   : fs_tod_t2.asm.obj (.text)
                  00002d88    00000036                                   : strncpy.c.obj (.text:strncpy)
                  00002dbe    00000002     --HOLE-- [fill = 0]
                  00002dc0    00000034                                   : fopen.c.obj (.text:__TI_cleanup)
                  00002df4    00000034                                   : trgmsg.c.obj (.text:__TI_readmsg)
                  00002e28    00000034                                   : boot_cortex_m.c.obj (.text:_c_int00_noargs:_c_int00_noargs)
                  00002e5c    00000030     msp432p4xx_driverlib.lib : cs.o (.text:CS_clearInterruptFlag)
                  00002e8c    00000030     rtsv7M4_T_le_v4SPD16_eabi.lib : getdevice.c.obj (.text:finddevice)
                  00002ebc    0000002e                                   : i_tofd_t2.asm.obj (.text)
                  00002eea    00000002     --HOLE-- [fill = 0]
                  00002eec    0000002c                                   : unlink.c.obj (.text:unlink)
                  00002f18    00000028     msp432p4xx_driverlib.lib : cs.o (.text:CS_getMCLK)
                  00002f40    00000028     rtsv7M4_T_le_v4SPD16_eabi.lib : memory.c.obj (.text:free_list_insert)
                  00002f68    00000028                                   : lseek.c.obj (.text:lseek)
                  00002f90    00000028                                   : write.c.obj (.text:write)
                  00002fb8    00000020                                   : memchr.c.obj (.text:memchr)
                  00002fd8    0000001c                                   : copy_zero_init.c.obj (.text:decompress:ZI:__TI_zero_init_nomemset:__TI_zero_init_nomemset)
                  00002ff4    0000001c                                   : memory.c.obj (.text:free_list_remove)
                  00003010    0000001c                                   : memccpy.c.obj (.text:memccpy)
                  0000302c    0000001a                                   : s_copysign.c.obj (.text:copysign)
                  00003046    00000018                                   : strcmp.c.obj (.text:strcmp)
                  0000305e    00000016                                   : strchr.c.obj (.text:strchr)
                  00003074    00000014                                   : strcpy.c.obj (.text:strcpy)
                  00003088    00000014                                   : strlen.c.obj (.text:strlen)
                  0000309c    00000012                                   : wcslen.c.obj (.text:wcslen)
                  000030ae    0000000e                                   : copy_decompress_none.c.obj (.text:decompress:none:__TI_decompress_none)
                  000030bc    0000000c     startup_msp432p401r_ccs.obj (.text:Reset_Handler)
                  000030c8    00000008     rtsv7M4_T_le_v4SPD16_eabi.lib : errno.c.obj (.text:__aeabi_errno_addr)
                  000030d0    00000008                                   : memory.c.obj (.text:malloc)
                  000030d8    00000004                                   : printf.c.obj (.text:_outc)
                  000030dc    00000004                                   : printf.c.obj (.text:_outs)
                  000030e0    00000004                                   : pre_init.c.obj (.text:_system_pre_init)
                  000030e4    00000004                                   : exit.c.obj (.text:abort:abort)

.const     0    000030e8    00000101     
                  000030e8    00000101     rtsv7M4_T_le_v4SPD16_eabi.lib : ctype.c.obj (.const:.string:_ctypes_)

.cinit     0    000031f0    00000090     
                  000031f0    00000069     (.cinit..data.load) [load image, compression = lzss]
                  00003259    00000003     --HOLE-- [fill = 0]
                  0000325c    0000000c     (__TI_handler_table)
                  00003268    00000008     (.cinit..bss.load) [load image, compression = zero_init]
                  00003270    00000010     (__TI_cinit_table)

.init_array 
*          0    00000000    00000000     UNINITIALIZED

.binit     0    00000000    00000000     

.sysmem    0    20000000    00000800     UNINITIALIZED
                  20000000    00000010     rtsv7M4_T_le_v4SPD16_eabi.lib : memory.c.obj (.sysmem)
                  20000010    000007f0     --HOLE--

.data      0    20000800    000001e8     UNINITIALIZED
                  20000800    000000f0     rtsv7M4_T_le_v4SPD16_eabi.lib : defs.c.obj (.data:_ftable)
                  200008f0    00000078                                   : host_device.c.obj (.data:_device)
                  20000968    00000050                                   : host_device.c.obj (.data:_stream)
                  200009b8    00000010                                   : defs.c.obj (.data)
                  200009c8    0000000c                                   : exit.c.obj (.data:$O1$$)
                  200009d4    00000008                                   : _lock.c.obj (.data:$O1$$)
                  200009dc    00000008                                   : memory.c.obj (.data:$O1$$)
                  200009e4    00000004                                   : errno.c.obj (.data)

.bss       0    200009e8    000001d0     UNINITIALIZED
                  200009e8    00000120     rtsv7M4_T_le_v4SPD16_eabi.lib : trgmsg.c.obj (.bss:_CIOBUF_)
                  20000b08    000000a0     (.common:__TI_tmpnams)
                  20000ba8    00000008     msp432p4xx_driverlib.lib : cs.o (.bss)
                  20000bb0    00000008     (.common:parmbuf)

.stack     0    2000fe00    00000200     UNINITIALIZED
                  2000fe00    00000004     rtsv7M4_T_le_v4SPD16_eabi.lib : boot_cortex_m.c.obj (.stack)
                  2000fe04    000001fc     --HOLE--

__llvm_prf_cnts 
*          0    20000000    00000000     UNINITIALIZED

MODULE SUMMARY

       Module                        code    ro data   rw data
       ------                        ----    -------   -------
    .\
       main.obj                      404     0         0      
       system_msp432p401r.obj        120     0         0      
    +--+-----------------------------+-------+---------+---------+
       Total:                        524     0         0      
                                                              
    .\ccs\
       startup_msp432p401r_ccs.obj   14      228       0      
    +--+-----------------------------+-------+---------+---------+
       Total:                        14      228       0      
                                                              
    C:/ti/simplelink_msp432p4_sdk_3_40_01_02/source/ti/devices/msp432p4xx/driverlib/ccs/msp432p4xx_driverlib.lib
       cs.o                          818     0         16     
       sysctl_a.o                    148     0         0      
    +--+-----------------------------+-------+---------+---------+
       Total:                        966     0         16     
                                                              
    C:\Software\ti\ccs1040\ccs\tools\compiler\ti-cgt-arm_20.2.5.LTS\lib\rtsv7M4_T_le_v4SPD16_eabi.lib
       _printfi.c.obj                4851    0         0      
       defs.c.obj                    0       0         832    
       memory.c.obj                  672     0         16     
       trgmsg.c.obj                  108     0         576    
       fd_add_t2.asm.obj             438     0         0      
       host_device.c.obj             0       0         400    
       fd_div_t2.asm.obj             310     0         0      
       fputs.c.obj                   276     0         0      
       s_scalbn.c.obj                272     0         0      
       fd_cmp_t2.asm.obj             268     0         0      
       ctype.c.obj                   0       257       0      
       fd_mul_t2.asm.obj             252     0         0      
       setvbuf.c.obj                 220     0         0      
       memcpy_t2.asm.obj             156     0         0      
       ull_div_t2.asm.obj            150     0         0      
       fputc.c.obj                   140     0         0      
       memset_t2.asm.obj             122     0         0      
       fclose.c.obj                  116     0         0      
       getdevice.c.obj               116     0         0      
       hostopen.c.obj                96      0         16     
       printf.c.obj                  112     0         0      
       hostrename.c.obj              108     0         0      
       copy_decompress_lzss.c.obj    104     0         0      
       hostlseek.c.obj               104     0         0      
       exit.c.obj                    76      0         24     
       fseek.c.obj                   100     0         0      
       s_frexp.c.obj                 100     0         0      
       _io_perm.c.obj                98      0         0      
       close.c.obj                   92      0         0      
       hostread.c.obj                88      0         0      
       hostwrite.c.obj               88      0         0      
       _ltoa.c.obj                   84      0         0      
       atoi.c.obj                    76      0         0      
       fflush.c.obj                  76      0         0      
       fd_toi_t2.asm.obj             72      0         0      
       autoinit.c.obj                68      0         0      
       hostclose.c.obj               68      0         0      
       hostunlink.c.obj              68      0         0      
       fs_tod_t2.asm.obj             56      0         0      
       strncpy.c.obj                 54      0         0      
       boot_cortex_m.c.obj           52      0         0      
       fopen.c.obj                   52      0         0      
       i_tofd_t2.asm.obj             46      0         0      
       unlink.c.obj                  44      0         0      
       lseek.c.obj                   40      0         0      
       write.c.obj                   40      0         0      
       memchr.c.obj                  32      0         0      
       copy_zero_init.c.obj          28      0         0      
       memccpy.c.obj                 28      0         0      
       s_copysign.c.obj              26      0         0      
       strcmp.c.obj                  24      0         0      
       strchr.c.obj                  22      0         0      
       strcpy.c.obj                  20      0         0      
       strlen.c.obj                  20      0         0      
       _lock.c.obj                   2       0         16     
       wcslen.c.obj                  18      0         0      
       errno.c.obj                   8       0         8      
       copy_decompress_none.c.obj    14      0         0      
       pre_init.c.obj                4       0         0      
       div0.asm.obj                  2       0         0      
    +--+-----------------------------+-------+---------+---------+
       Total:                        10777   257       1888   
                                                              
       Heap:                         0       0         4096   
       Stack:                        0       0         1024   
       Linker Generated:             0       141       0      
    +--+-----------------------------+-------+---------+---------+
       Grand Total:                  12281   626       7024   


LINKER GENERATED COPY TABLES

__TI_cinit_table @ 00003270 records: 2, size/record: 8, table size: 16
	.data: load addr=000031f0, load size=00000069 bytes, run addr=20000800, run size=000001e8 bytes, compression=lzss
	.bss: load addr=00003268, load size=00000008 bytes, run addr=200009e8, run size=000001d0 bytes, compression=zero_init


LINKER GENERATED HANDLER TABLE

__TI_handler_table @ 0000325c records: 3, size/record: 4, table size: 12
	index: 0, handler: __TI_decompress_lzss
	index: 1, handler: __TI_decompress_none
	index: 2, handler: __TI_zero_init


GLOBAL SYMBOLS: SORTED ALPHABETICALLY BY Name 

address   name                           
-------   ----                           
00000b33  ADC14_IRQHandler               
00000b33  AES256_IRQHandler              
00000b33  BusFault_Handler               
000030e5  C$$EXIT                        
00002d47  C$$IO$$                        
00000b33  COMP_E0_IRQHandler             
00000b33  COMP_E1_IRQHandler             
00000b33  CS_IRQHandler                  
00002e5d  CS_clearInterruptFlag          
00001b7d  CS_getDCOFrequency             
00002f19  CS_getMCLK                     
00000b33  DMA_ERR_IRQHandler             
00000b33  DMA_INT0_IRQHandler            
00000b33  DMA_INT1_IRQHandler            
00000b33  DMA_INT2_IRQHandler            
00000b33  DMA_INT3_IRQHandler            
00000b33  DebugMon_Handler               
00000b33  Default_Handler                
00000b33  EUSCIA0_IRQHandler             
00000b33  EUSCIA1_IRQHandler             
00000b33  EUSCIA2_IRQHandler             
00000b33  EUSCIA3_IRQHandler             
00000b33  EUSCIB0_IRQHandler             
00000b33  EUSCIB1_IRQHandler             
00000b33  EUSCIB2_IRQHandler             
00000b33  EUSCIB3_IRQHandler             
00000b33  FLCTL_IRQHandler               
00000b33  FPU_IRQHandler                 
00002bc9  HOSTclose                      
00002575  HOSTlseek                      
00002839  HOSTopen                       
000028f5  HOSTread                       
00002509  HOSTrename                     
00002c0d  HOSTunlink                     
0000294d  HOSTwrite                      
00000b33  HardFault_Handler              
00000b33  MemManage_Handler              
00000b33  NMI_Handler                    
00000b33  PCM_IRQHandler                 
00000b33  PORT1_IRQHandler               
00000b33  PORT2_IRQHandler               
00000b33  PORT3_IRQHandler               
00000b33  PORT4_IRQHandler               
00000b33  PORT5_IRQHandler               
00000b33  PORT6_IRQHandler               
00000b33  PSS_IRQHandler                 
00000b33  PendSV_Handler                 
00000b33  RTC_C_IRQHandler               
000030bd  Reset_Handler                  
00000b33  SVC_Handler                    
00002019  SysCtl_A_getTLVInfo            
00000b33  SysTick_Handler                
0000233d  SystemInit                     
00000b33  T32_INT1_IRQHandler            
00000b33  T32_INT2_IRQHandler            
00000b33  T32_INTC_IRQHandler            
00000b33  TA0_0_IRQHandler               
00000b33  TA0_N_IRQHandler               
00000b33  TA1_0_IRQHandler               
00000b33  TA1_N_IRQHandler               
00000b33  TA2_0_IRQHandler               
00000b33  TA2_N_IRQHandler               
00000b33  TA3_0_IRQHandler               
00000b33  TA3_N_IRQHandler               
00000b33  UsageFault_Handler             
4000480c  WDTCTL_SYM                     
00000b33  WDT_A_IRQHandler               
200009e8  __CIOBUF_                      
20010000  __STACK_END                    
00000200  __STACK_SIZE                   
00000800  __SYSMEM_SIZE                  
00003270  __TI_CINIT_Base                
00003280  __TI_CINIT_Limit               
0000325c  __TI_Handler_Table_Base        
00003268  __TI_Handler_Table_Limit       
00002c51  __TI_auto_init_nobinit_nopinit 
00002dc1  __TI_cleanup                   
200009c8  __TI_cleanup_ptr               
000023b5  __TI_closefile                 
000025dd  __TI_decompress_lzss           
000030af  __TI_decompress_none           
00002aa1  __TI_doflush                   
200009cc  __TI_dtors_ptr                 
200009d0  __TI_enable_exit_profile_output
200009b8  __TI_ft_end                    
000029fb  __TI_ltoa                      
ffffffff  __TI_pprof_out_hndl            
000000e5  __TI_printfi                   
ffffffff  __TI_prof_data_size            
ffffffff  __TI_prof_data_start           
00002df5  __TI_readmsg                   
00000000  __TI_static_base__             
20000b08  __TI_tmpnams                   
00002d19  __TI_writemsg                  
000027d7  __TI_wrt_ok                    
00002fd9  __TI_zero_init_nomemset        
00002139  __aeabi_cdcmpeq                
00002139  __aeabi_cdcmple                
000021bf  __aeabi_cdrcmple               
00002b81  __aeabi_d2iz                   
00000f7f  __aeabi_dadd                   
000013fd  __aeabi_ddiv                   
00001a81  __aeabi_dmul                   
00000f75  __aeabi_dsub                   
000030c9  __aeabi_errno_addr             
00002d51  __aeabi_f2d                    
00002ebd  __aeabi_i2d                    
00001533  __aeabi_idiv0                  
00001533  __aeabi_ldiv0                  
000022c1  __aeabi_memclr                 
000022c1  __aeabi_memclr4                
000022c1  __aeabi_memclr8                
00001ee7  __aeabi_memcpy                 
00001ee7  __aeabi_memcpy4                
00001ee7  __aeabi_memcpy8                
000022c3  __aeabi_memset                 
000022c3  __aeabi_memset4                
000022c3  __aeabi_memset8                
200009c4  __aeabi_stderr                 
200009bc  __aeabi_stdin                  
200009c0  __aeabi_stdout                 
00001f83  __aeabi_uldivmod               
ffffffff  __binit__                      
ffffffff  __c_args__                     
UNDEFED   __mpu_init                     
2000fe00  __stack                        
20000000  __start___llvm_prf_cnts        
20000000  __stop___llvm_prf_cnts         
00002e29  _c_int00_noargs                
000030e8  _ctypes_                       
200008f0  _device                        
20000800  _ftable                        
200009d4  _lock                          
0000112b  _nop                           
20000968  _stream                        
20000000  _sys_memory                    
UNDEFED   _system_post_cinit             
000030e1  _system_pre_init               
200009d8  _unlock                        
000030e5  abort                          
00001981  aligned_alloc                  
00002aed  atoi                           
ffffffff  binit                          
00002899  close                          
0000302d  copysign                       
0000302d  copysignl                      
200009e4  errno                          
00002b39  exit                           
00002e8d  finddevice                     
000020ad  fputc                          
00001659  fputs                          
00001c75  free                           
000026ad  frexp                          
000026ad  frexpl                         
00002711  fseek                          
00002c95  getdevice                      
00000000  interruptVectors               
0000176d  ldexp                          
0000176d  ldexpl                         
00002f69  lseek                          
0000112d  main                           
000030d1  malloc                         
00001981  memalign                       
00003011  memccpy                        
00002fb9  memchr                         
00001ee7  memcpy                         
000022c9  memset                         
20000bb0  parmbuf                        
00002645  printf                         
000020ad  putc                           
00002eed  remove                         
0000176d  scalbn                         
0000176d  scalbnl                        
00001d59  setvbuf                        
0000305f  strchr                         
00003047  strcmp                         
00003075  strcpy                         
00003089  strlen                         
00002d89  strncpy                        
00002eed  unlink                         
0000309d  wcslen                         
00002f91  write                          


GLOBAL SYMBOLS: SORTED BY Symbol Address 

address   name                           
-------   ----                           
00000000  __TI_static_base__             
00000000  interruptVectors               
000000e5  __TI_printfi                   
00000200  __STACK_SIZE                   
00000800  __SYSMEM_SIZE                  
00000b33  ADC14_IRQHandler               
00000b33  AES256_IRQHandler              
00000b33  BusFault_Handler               
00000b33  COMP_E0_IRQHandler             
00000b33  COMP_E1_IRQHandler             
00000b33  CS_IRQHandler                  
00000b33  DMA_ERR_IRQHandler             
00000b33  DMA_INT0_IRQHandler            
00000b33  DMA_INT1_IRQHandler            
00000b33  DMA_INT2_IRQHandler            
00000b33  DMA_INT3_IRQHandler            
00000b33  DebugMon_Handler               
00000b33  Default_Handler                
00000b33  EUSCIA0_IRQHandler             
00000b33  EUSCIA1_IRQHandler             
00000b33  EUSCIA2_IRQHandler             
00000b33  EUSCIA3_IRQHandler             
00000b33  EUSCIB0_IRQHandler             
00000b33  EUSCIB1_IRQHandler             
00000b33  EUSCIB2_IRQHandler             
00000b33  EUSCIB3_IRQHandler             
00000b33  FLCTL_IRQHandler               
00000b33  FPU_IRQHandler                 
00000b33  HardFault_Handler              
00000b33  MemManage_Handler              
00000b33  NMI_Handler                    
00000b33  PCM_IRQHandler                 
00000b33  PORT1_IRQHandler               
00000b33  PORT2_IRQHandler               
00000b33  PORT3_IRQHandler               
00000b33  PORT4_IRQHandler               
00000b33  PORT5_IRQHandler               
00000b33  PORT6_IRQHandler               
00000b33  PSS_IRQHandler                 
00000b33  PendSV_Handler                 
00000b33  RTC_C_IRQHandler               
00000b33  SVC_Handler                    
00000b33  SysTick_Handler                
00000b33  T32_INT1_IRQHandler            
00000b33  T32_INT2_IRQHandler            
00000b33  T32_INTC_IRQHandler            
00000b33  TA0_0_IRQHandler               
00000b33  TA0_N_IRQHandler               
00000b33  TA1_0_IRQHandler               
00000b33  TA1_N_IRQHandler               
00000b33  TA2_0_IRQHandler               
00000b33  TA2_N_IRQHandler               
00000b33  TA3_0_IRQHandler               
00000b33  TA3_N_IRQHandler               
00000b33  UsageFault_Handler             
00000b33  WDT_A_IRQHandler               
00000f75  __aeabi_dsub                   
00000f7f  __aeabi_dadd                   
0000112b  _nop                           
0000112d  main                           
000013fd  __aeabi_ddiv                   
00001533  __aeabi_idiv0                  
00001533  __aeabi_ldiv0                  
00001659  fputs                          
0000176d  ldexp                          
0000176d  ldexpl                         
0000176d  scalbn                         
0000176d  scalbnl                        
00001981  aligned_alloc                  
00001981  memalign                       
00001a81  __aeabi_dmul                   
00001b7d  CS_getDCOFrequency             
00001c75  free                           
00001d59  setvbuf                        
00001ee7  __aeabi_memcpy                 
00001ee7  __aeabi_memcpy4                
00001ee7  __aeabi_memcpy8                
00001ee7  memcpy                         
00001f83  __aeabi_uldivmod               
00002019  SysCtl_A_getTLVInfo            
000020ad  fputc                          
000020ad  putc                           
00002139  __aeabi_cdcmpeq                
00002139  __aeabi_cdcmple                
000021bf  __aeabi_cdrcmple               
000022c1  __aeabi_memclr                 
000022c1  __aeabi_memclr4                
000022c1  __aeabi_memclr8                
000022c3  __aeabi_memset                 
000022c3  __aeabi_memset4                
000022c3  __aeabi_memset8                
000022c9  memset                         
0000233d  SystemInit                     
000023b5  __TI_closefile                 
00002509  HOSTrename                     
00002575  HOSTlseek                      
000025dd  __TI_decompress_lzss           
00002645  printf                         
000026ad  frexp                          
000026ad  frexpl                         
00002711  fseek                          
000027d7  __TI_wrt_ok                    
00002839  HOSTopen                       
00002899  close                          
000028f5  HOSTread                       
0000294d  HOSTwrite                      
000029fb  __TI_ltoa                      
00002aa1  __TI_doflush                   
00002aed  atoi                           
00002b39  exit                           
00002b81  __aeabi_d2iz                   
00002bc9  HOSTclose                      
00002c0d  HOSTunlink                     
00002c51  __TI_auto_init_nobinit_nopinit 
00002c95  getdevice                      
00002d19  __TI_writemsg                  
00002d47  C$$IO$$                        
00002d51  __aeabi_f2d                    
00002d89  strncpy                        
00002dc1  __TI_cleanup                   
00002df5  __TI_readmsg                   
00002e29  _c_int00_noargs                
00002e5d  CS_clearInterruptFlag          
00002e8d  finddevice                     
00002ebd  __aeabi_i2d                    
00002eed  remove                         
00002eed  unlink                         
00002f19  CS_getMCLK                     
00002f69  lseek                          
00002f91  write                          
00002fb9  memchr                         
00002fd9  __TI_zero_init_nomemset        
00003011  memccpy                        
0000302d  copysign                       
0000302d  copysignl                      
00003047  strcmp                         
0000305f  strchr                         
00003075  strcpy                         
00003089  strlen                         
0000309d  wcslen                         
000030af  __TI_decompress_none           
000030bd  Reset_Handler                  
000030c9  __aeabi_errno_addr             
000030d1  malloc                         
000030e1  _system_pre_init               
000030e5  C$$EXIT                        
000030e5  abort                          
000030e8  _ctypes_                       
0000325c  __TI_Handler_Table_Base        
00003268  __TI_Handler_Table_Limit       
00003270  __TI_CINIT_Base                
00003280  __TI_CINIT_Limit               
20000000  __start___llvm_prf_cnts        
20000000  __stop___llvm_prf_cnts         
20000000  _sys_memory                    
20000800  _ftable                        
200008f0  _device                        
20000968  _stream                        
200009b8  __TI_ft_end                    
200009bc  __aeabi_stdin                  
200009c0  __aeabi_stdout                 
200009c4  __aeabi_stderr                 
200009c8  __TI_cleanup_ptr               
200009cc  __TI_dtors_ptr                 
200009d0  __TI_enable_exit_profile_output
200009d4  _lock                          
200009d8  _unlock                        
200009e4  errno                          
200009e8  __CIOBUF_                      
20000b08  __TI_tmpnams                   
20000bb0  parmbuf                        
2000fe00  __stack                        
20010000  __STACK_END                    
4000480c  WDTCTL_SYM                     
ffffffff  __TI_pprof_out_hndl            
ffffffff  __TI_prof_data_size            
ffffffff  __TI_prof_data_start           
ffffffff  __binit__                      
ffffffff  __c_args__                     
ffffffff  binit                          
UNDEFED   __mpu_init                     
UNDEFED   _system_post_cinit             

[182 symbols]
