******************************************************************************
                  TI ARM Linker PC v20.2.5                     
******************************************************************************
>> Linked Sun Nov  6 22:28:55 2022

OUTPUT FILE NAME:   <Lab6-1.2.out>
ENTRY POINT SYMBOL: "_c_int00_noargs"  address: 00002ee1


MEMORY CONFIGURATION

         name            origin    length      used     unused   attr    fill
----------------------  --------  ---------  --------  --------  ----  --------
  MAIN                  00000000   00040000  000033f4  0003cc0c  R  X
  INFO                  00200000   00004000  00000000  00004000  R  X
  SRAM_CODE             01000000   00010000  00000ddc  0000f224  RW X
  SRAM_DATA             20000000   00010000  00000ddc  0000f224  RW  


SEGMENT ALLOCATION MAP

run origin  load origin   length   init length attrs members
----------  ----------- ---------- ----------- ----- -------
00000000    00000000    000033f8   000033f8    r-x
  00000000    00000000    000000e4   000000e4    r-- .intvecs
  000000e4    000000e4    0000314c   0000314c    r-x .text
  00003230    00003230    00000134   00000134    r-- .const
  00003368    00003368    00000090   00000090    r-- .cinit
20000000    20000000    00000bdc   00000000    rw-
  20000000    20000000    00000800   00000000    rw- .sysmem
  20000800    20000800    0000020c   00000000    rw- .data
  20000a0c    20000a0c    000001d0   00000000    rw- .bss
2000fe00    2000fe00    00000200   00000000    rw-
  2000fe00    2000fe00    00000200   00000000    rw- .stack


SECTION ALLOCATION MAP

 output                                  attributes/
section   page    origin      length       input sections
--------  ----  ----------  ----------   ----------------
.intvecs   0    00000000    000000e4     
                  00000000    000000e4     startup_msp432p401r_ccs.obj (.intvecs:retain)

.text      0    000000e4    0000314c     
                  000000e4    00000a4e     rtsv7M4_T_le_v4SPD16_eabi.lib : _printfi.c.obj (.text:__TI_printfi)
                  00000b32    00000002     startup_msp432p401r_ccs.obj (.text:Default_Handler)
                  00000b34    00000270     rtsv7M4_T_le_v4SPD16_eabi.lib : _printfi.c.obj (.text:_pconv_a)
                  00000da4    000001d0                                   : _printfi.c.obj (.text:_pconv_g)
                  00000f74    000001b6                                   : fd_add_t2.asm.obj (.text)
                  0000112a    00000002                                   : _lock.c.obj (.text:_nop)
                  0000112c    0000013c                                   : _printfi.c.obj (.text:_pconv_e)
                  00001268    00000136                                   : fd_div_t2.asm.obj (.text)
                  0000139e    00000002                                   : div0.asm.obj (.text)
                  000013a0    00000124                                   : _printfi.c.obj (.text:fcvt)
                  000014c4    00000114                                   : fputs.c.obj (.text:fputs)
                  000015d8    00000110                                   : s_scalbn.c.obj (.text:scalbn)
                  000016e8    00000104     msp432p4xx_driverlib.lib : cs.o (.text:_CSComputeCLKFrequency)
                  000017ec    00000100     rtsv7M4_T_le_v4SPD16_eabi.lib : memory.c.obj (.text:aligned_alloc)
                  000018ec    000000fc                                   : fd_mul_t2.asm.obj (.text)
                  000019e8    000000f8     msp432p4xx_driverlib.lib : cs.o (.text:CS_getDCOFrequency)
                  00001ae0    000000e4     rtsv7M4_T_le_v4SPD16_eabi.lib : memory.c.obj (.text:free)
                  00001bc4    000000dc                                   : setvbuf.c.obj (.text:setvbuf)
                  00001ca0    000000b1                                   : _printfi.c.obj (.text:_ltostr)
                  00001d51    00000001     --HOLE-- [fill = 0]
                  00001d52    0000009c                                   : memcpy_t2.asm.obj (.text)
                  00001dee    00000096                                   : ull_div_t2.asm.obj (.text)
                  00001e84    00000094     msp432p4xx_driverlib.lib : sysctl_a.o (.text:SysCtl_A_getTLVInfo)
                  00001f18    00000094     main.obj (.text:send_message)
                  00001fac    00000090     main.obj (.text:main)
                  0000203c    0000008c     rtsv7M4_T_le_v4SPD16_eabi.lib : fputc.c.obj (.text:fputc)
                  000020c8    00000086                                   : fd_cmp_t2.asm.obj (.text:__aeabi_cdcmple)
                  0000214e    00000086                                   : fd_cmp_t2.asm.obj (.text:__aeabi_cdrcmple)
                  000021d4    0000007c     msp432p4xx_driverlib.lib : cs.o (.text:_CSGetDOCFrequency)
                  00002250    0000007c     main.obj (.text:delay_us)
                  000022cc    0000007a     rtsv7M4_T_le_v4SPD16_eabi.lib : memset_t2.asm.obj (.text)
                  00002346    00000002     --HOLE-- [fill = 0]
                  00002348    00000078     system_msp432p401r.obj (.text:SystemInit)
                  000023c0    00000074     rtsv7M4_T_le_v4SPD16_eabi.lib : fclose.c.obj (.text:__TI_closefile)
                  00002434    00000070                                   : memory.c.obj (.text:split)
                  000024a4    0000006e                                   : _printfi.c.obj (.text:_mcpy)
                  00002512    00000002     --HOLE-- [fill = 0]
                  00002514    0000006c                                   : hostrename.c.obj (.text:HOSTrename)
                  00002580    0000006c     main.obj (.text:getCharacterBinaryArray)
                  000025ec    00000068     rtsv7M4_T_le_v4SPD16_eabi.lib : hostlseek.c.obj (.text:HOSTlseek)
                  00002654    00000068                                   : copy_decompress_lzss.c.obj (.text:decompress:lzss:__TI_decompress_lzss)
                  000026bc    00000068                                   : printf.c.obj (.text:printf)
                  00002724    00000064                                   : s_frexp.c.obj (.text:frexp)
                  00002788    00000064                                   : fseek.c.obj (.text:fseek)
                  000027ec    00000062     msp432p4xx_driverlib.lib : cs.o (.text:_CSGetDividerValue)
                  0000284e    00000062     rtsv7M4_T_le_v4SPD16_eabi.lib : _io_perm.c.obj (.text:__TI_wrt_ok)
                  000028b0    00000060                                   : hostopen.c.obj (.text:HOSTopen)
                  00002910    0000005c                                   : close.c.obj (.text:close)
                  0000296c    00000058                                   : hostread.c.obj (.text:HOSTread)
                  000029c4    00000058                                   : hostwrite.c.obj (.text:HOSTwrite)
                  00002a1c    00000056                                   : _printfi.c.obj (.text:_pconv_f)
                  00002a72    00000054                                   : _ltoa.c.obj (.text:__TI_ltoa)
                  00002ac6    00000052                                   : _printfi.c.obj (.text:_ecpy)
                  00002b18    0000004c                                   : fflush.c.obj (.text:__TI_doflush)
                  00002b64    0000004c                                   : atoi.c.obj (.text:atoi)
                  00002bb0    00000048                                   : exit.c.obj (.text:exit)
                  00002bf8    00000048                                   : fd_toi_t2.asm.obj (.text)
                  00002c40    00000044                                   : hostclose.c.obj (.text:HOSTclose)
                  00002c84    00000044                                   : hostunlink.c.obj (.text:HOSTunlink)
                  00002cc8    00000044                                   : autoinit.c.obj (.text:__TI_auto_init_nobinit_nopinit:__TI_auto_init_nobinit_nopinit)
                  00002d0c    00000044                                   : getdevice.c.obj (.text:getdevice)
                  00002d50    00000040     msp432p4xx_driverlib.lib : gpio.o (.text:GPIO_setAsOutputPin)
                  00002d90    0000003e     rtsv7M4_T_le_v4SPD16_eabi.lib : _printfi.c.obj (.text:_fcpy)
                  00002dce    00000002     --HOLE-- [fill = 0]
                  00002dd0    00000038                                   : trgmsg.c.obj (.text:__TI_writemsg)
                  00002e08    00000038                                   : fs_tod_t2.asm.obj (.text)
                  00002e40    00000036                                   : strncpy.c.obj (.text:strncpy)
                  00002e76    00000002     --HOLE-- [fill = 0]
                  00002e78    00000034                                   : fopen.c.obj (.text:__TI_cleanup)
                  00002eac    00000034                                   : trgmsg.c.obj (.text:__TI_readmsg)
                  00002ee0    00000034                                   : boot_cortex_m.c.obj (.text:_c_int00_noargs:_c_int00_noargs)
                  00002f14    00000030     msp432p4xx_driverlib.lib : cs.o (.text:CS_clearInterruptFlag)
                  00002f44    00000030     rtsv7M4_T_le_v4SPD16_eabi.lib : getdevice.c.obj (.text:finddevice)
                  00002f74    0000002e                                   : i_tofd_t2.asm.obj (.text)
                  00002fa2    00000002     --HOLE-- [fill = 0]
                  00002fa4    0000002c                                   : unlink.c.obj (.text:unlink)
                  00002fd0    00000028     msp432p4xx_driverlib.lib : cs.o (.text:CS_getMCLK)
                  00002ff8    00000028                              : gpio.o (.text:GPIO_setOutputHighOnPin)
                  00003020    00000028                              : gpio.o (.text:GPIO_setOutputLowOnPin)
                  00003048    00000028     rtsv7M4_T_le_v4SPD16_eabi.lib : memory.c.obj (.text:free_list_insert)
                  00003070    00000028                                   : lseek.c.obj (.text:lseek)
                  00003098    00000028                                   : write.c.obj (.text:write)
                  000030c0    00000020                                   : memchr.c.obj (.text:memchr)
                  000030e0    00000020     main.obj (.text:sendHigh)
                  00003100    00000020     main.obj (.text:sendLow)
                  00003120    0000001c     rtsv7M4_T_le_v4SPD16_eabi.lib : copy_zero_init.c.obj (.text:decompress:ZI:__TI_zero_init_nomemset:__TI_zero_init_nomemset)
                  0000313c    0000001c                                   : memory.c.obj (.text:free_list_remove)
                  00003158    0000001c                                   : memccpy.c.obj (.text:memccpy)
                  00003174    0000001a                                   : s_copysign.c.obj (.text:copysign)
                  0000318e    00000018                                   : strcmp.c.obj (.text:strcmp)
                  000031a6    00000016                                   : strchr.c.obj (.text:strchr)
                  000031bc    00000014                                   : strcpy.c.obj (.text:strcpy)
                  000031d0    00000014                                   : strlen.c.obj (.text:strlen)
                  000031e4    00000012                                   : wcslen.c.obj (.text:wcslen)
                  000031f6    0000000e                                   : copy_decompress_none.c.obj (.text:decompress:none:__TI_decompress_none)
                  00003204    0000000c     startup_msp432p401r_ccs.obj (.text:Reset_Handler)
                  00003210    00000008     rtsv7M4_T_le_v4SPD16_eabi.lib : errno.c.obj (.text:__aeabi_errno_addr)
                  00003218    00000008                                   : memory.c.obj (.text:malloc)
                  00003220    00000004                                   : printf.c.obj (.text:_outc)
                  00003224    00000004                                   : printf.c.obj (.text:_outs)
                  00003228    00000004                                   : pre_init.c.obj (.text:_system_pre_init)
                  0000322c    00000004                                   : exit.c.obj (.text:abort:abort)

.const     0    00003230    00000134     
                  00003230    00000101     rtsv7M4_T_le_v4SPD16_eabi.lib : ctype.c.obj (.const:.string:_ctypes_)
                  00003331    00000003     --HOLE-- [fill = 0]
                  00003334    00000030     msp432p4xx_driverlib.lib : gpio.o (.const:GPIO_PORT_TO_BASE)

.cinit     0    00003368    00000090     
                  00003368    00000068     (.cinit..data.load) [load image, compression = lzss]
                  000033d0    0000000c     (__TI_handler_table)
                  000033dc    00000004     --HOLE-- [fill = 0]
                  000033e0    00000008     (.cinit..bss.load) [load image, compression = zero_init]
                  000033e8    00000010     (__TI_cinit_table)

.init_array 
*          0    00000000    00000000     UNINITIALIZED

.binit     0    00000000    00000000     

.sysmem    0    20000000    00000800     UNINITIALIZED
                  20000000    00000010     rtsv7M4_T_le_v4SPD16_eabi.lib : memory.c.obj (.sysmem)
                  20000010    000007f0     --HOLE--

.data      0    20000800    0000020c     UNINITIALIZED
                  20000800    000000f0     rtsv7M4_T_le_v4SPD16_eabi.lib : defs.c.obj (.data:_ftable)
                  200008f0    00000078                                   : host_device.c.obj (.data:_device)
                  20000968    00000050                                   : host_device.c.obj (.data:_stream)
                  200009b8    00000020     main.obj (.data:arr$1)
                  200009d8    00000010     rtsv7M4_T_le_v4SPD16_eabi.lib : defs.c.obj (.data)
                  200009e8    0000000c                                   : exit.c.obj (.data:$O1$$)
                  200009f4    00000008                                   : _lock.c.obj (.data:$O1$$)
                  200009fc    00000008                                   : memory.c.obj (.data:$O1$$)
                  20000a04    00000004     main.obj (.data)
                  20000a08    00000004     rtsv7M4_T_le_v4SPD16_eabi.lib : errno.c.obj (.data)

.bss       0    20000a0c    000001d0     UNINITIALIZED
                  20000a0c    00000120     rtsv7M4_T_le_v4SPD16_eabi.lib : trgmsg.c.obj (.bss:_CIOBUF_)
                  20000b2c    000000a0     (.common:__TI_tmpnams)
                  20000bcc    00000008     msp432p4xx_driverlib.lib : cs.o (.bss)
                  20000bd4    00000008     (.common:parmbuf)

.stack     0    2000fe00    00000200     UNINITIALIZED
                  2000fe00    00000004     rtsv7M4_T_le_v4SPD16_eabi.lib : boot_cortex_m.c.obj (.stack)
                  2000fe04    000001fc     --HOLE--

__llvm_prf_cnts 
*          0    20000000    00000000     UNINITIALIZED

MODULE SUMMARY

       Module                        code    ro data   rw data
       ------                        ----    -------   -------
    .\
       main.obj                      588     0         72     
       system_msp432p401r.obj        120     0         0      
    +--+-----------------------------+-------+---------+---------+
       Total:                        708     0         72     
                                                              
    .\ccs\
       startup_msp432p401r_ccs.obj   14      228       0      
    +--+-----------------------------+-------+---------+---------+
       Total:                        14      228       0      
                                                              
    C:/ti/simplelink_msp432p4_sdk_3_40_01_02/source/ti/devices/msp432p4xx/driverlib/ccs/msp432p4xx_driverlib.lib
       cs.o                          818     0         16     
       gpio.o                        144     48        0      
       sysctl_a.o                    148     0         0      
    +--+-----------------------------+-------+---------+---------+
       Total:                        1110    48        16     
                                                              
    C:\Software\ti\ccs1040\ccs\tools\compiler\ti-cgt-arm_20.2.5.LTS\lib\rtsv7M4_T_le_v4SPD16_eabi.lib
       _printfi.c.obj                4851    0         0      
       defs.c.obj                    0       0         832    
       memory.c.obj                  672     0         16     
       trgmsg.c.obj                  108     0         576    
       fd_add_t2.asm.obj             438     0         0      
       host_device.c.obj             0       0         400    
       fd_div_t2.asm.obj             310     0         0      
       fputs.c.obj                   276     0         0      
       s_scalbn.c.obj                272     0         0      
       fd_cmp_t2.asm.obj             268     0         0      
       ctype.c.obj                   0       257       0      
       fd_mul_t2.asm.obj             252     0         0      
       setvbuf.c.obj                 220     0         0      
       memcpy_t2.asm.obj             156     0         0      
       ull_div_t2.asm.obj            150     0         0      
       fputc.c.obj                   140     0         0      
       memset_t2.asm.obj             122     0         0      
       fclose.c.obj                  116     0         0      
       getdevice.c.obj               116     0         0      
       hostopen.c.obj                96      0         16     
       printf.c.obj                  112     0         0      
       hostrename.c.obj              108     0         0      
       copy_decompress_lzss.c.obj    104     0         0      
       hostlseek.c.obj               104     0         0      
       exit.c.obj                    76      0         24     
       fseek.c.obj                   100     0         0      
       s_frexp.c.obj                 100     0         0      
       _io_perm.c.obj                98      0         0      
       close.c.obj                   92      0         0      
       hostread.c.obj                88      0         0      
       hostwrite.c.obj               88      0         0      
       _ltoa.c.obj                   84      0         0      
       atoi.c.obj                    76      0         0      
       fflush.c.obj                  76      0         0      
       fd_toi_t2.asm.obj             72      0         0      
       autoinit.c.obj                68      0         0      
       hostclose.c.obj               68      0         0      
       hostunlink.c.obj              68      0         0      
       fs_tod_t2.asm.obj             56      0         0      
       strncpy.c.obj                 54      0         0      
       boot_cortex_m.c.obj           52      0         0      
       fopen.c.obj                   52      0         0      
       i_tofd_t2.asm.obj             46      0         0      
       unlink.c.obj                  44      0         0      
       lseek.c.obj                   40      0         0      
       write.c.obj                   40      0         0      
       memchr.c.obj                  32      0         0      
       copy_zero_init.c.obj          28      0         0      
       memccpy.c.obj                 28      0         0      
       s_copysign.c.obj              26      0         0      
       strcmp.c.obj                  24      0         0      
       strchr.c.obj                  22      0         0      
       strcpy.c.obj                  20      0         0      
       strlen.c.obj                  20      0         0      
       _lock.c.obj                   2       0         16     
       wcslen.c.obj                  18      0         0      
       errno.c.obj                   8       0         8      
       copy_decompress_none.c.obj    14      0         0      
       pre_init.c.obj                4       0         0      
       div0.asm.obj                  2       0         0      
    +--+-----------------------------+-------+---------+---------+
       Total:                        10777   257       1888   
                                                              
       Heap:                         0       0         4096   
       Stack:                        0       0         1024   
       Linker Generated:             0       140       0      
    +--+-----------------------------+-------+---------+---------+
       Grand Total:                  12609   673       7096   


LINKER GENERATED COPY TABLES

__TI_cinit_table @ 000033e8 records: 2, size/record: 8, table size: 16
	.data: load addr=00003368, load size=00000068 bytes, run addr=20000800, run size=0000020c bytes, compression=lzss
	.bss: load addr=000033e0, load size=00000008 bytes, run addr=20000a0c, run size=000001d0 bytes, compression=zero_init


LINKER GENERATED HANDLER TABLE

__TI_handler_table @ 000033d0 records: 3, size/record: 4, table size: 12
	index: 0, handler: __TI_decompress_lzss
	index: 1, handler: __TI_decompress_none
	index: 2, handler: __TI_zero_init


GLOBAL SYMBOLS: SORTED ALPHABETICALLY BY Name 

address   name                           
-------   ----                           
00000b33  ADC14_IRQHandler               
00000b33  AES256_IRQHandler              
00000b33  BusFault_Handler               
0000322d  C$$EXIT                        
00002dff  C$$IO$$                        
00000b33  COMP_E0_IRQHandler             
00000b33  COMP_E1_IRQHandler             
00000b33  CS_IRQHandler                  
00002f15  CS_clearInterruptFlag          
000019e9  CS_getDCOFrequency             
00002fd1  CS_getMCLK                     
00000b33  DMA_ERR_IRQHandler             
00000b33  DMA_INT0_IRQHandler            
00000b33  DMA_INT1_IRQHandler            
00000b33  DMA_INT2_IRQHandler            
00000b33  DMA_INT3_IRQHandler            
00000b33  DebugMon_Handler               
00000b33  Default_Handler                
00000b33  EUSCIA0_IRQHandler             
00000b33  EUSCIA1_IRQHandler             
00000b33  EUSCIA2_IRQHandler             
00000b33  EUSCIA3_IRQHandler             
00000b33  EUSCIB0_IRQHandler             
00000b33  EUSCIB1_IRQHandler             
00000b33  EUSCIB2_IRQHandler             
00000b33  EUSCIB3_IRQHandler             
00000b33  FLCTL_IRQHandler               
00000b33  FPU_IRQHandler                 
00002d51  GPIO_setAsOutputPin            
00002ff9  GPIO_setOutputHighOnPin        
00003021  GPIO_setOutputLowOnPin         
00002c41  HOSTclose                      
000025ed  HOSTlseek                      
000028b1  HOSTopen                       
0000296d  HOSTread                       
00002515  HOSTrename                     
00002c85  HOSTunlink                     
000029c5  HOSTwrite                      
00000b33  HardFault_Handler              
00000b33  MemManage_Handler              
00000b33  NMI_Handler                    
00000b33  PCM_IRQHandler                 
00000b33  PORT1_IRQHandler               
00000b33  PORT2_IRQHandler               
00000b33  PORT3_IRQHandler               
00000b33  PORT4_IRQHandler               
00000b33  PORT5_IRQHandler               
00000b33  PORT6_IRQHandler               
00000b33  PSS_IRQHandler                 
00000b33  PendSV_Handler                 
00000b33  RTC_C_IRQHandler               
00003205  Reset_Handler                  
00000b33  SVC_Handler                    
00001e85  SysCtl_A_getTLVInfo            
00000b33  SysTick_Handler                
00002349  SystemInit                     
00000b33  T32_INT1_IRQHandler            
00000b33  T32_INT2_IRQHandler            
00000b33  T32_INTC_IRQHandler            
00000b33  TA0_0_IRQHandler               
00000b33  TA0_N_IRQHandler               
00000b33  TA1_0_IRQHandler               
00000b33  TA1_N_IRQHandler               
00000b33  TA2_0_IRQHandler               
00000b33  TA2_N_IRQHandler               
00000b33  TA3_0_IRQHandler               
00000b33  TA3_N_IRQHandler               
00000b33  UsageFault_Handler             
4000480c  WDTCTL_SYM                     
00000b33  WDT_A_IRQHandler               
20000a0c  __CIOBUF_                      
20010000  __STACK_END                    
00000200  __STACK_SIZE                   
00000800  __SYSMEM_SIZE                  
000033e8  __TI_CINIT_Base                
000033f8  __TI_CINIT_Limit               
000033d0  __TI_Handler_Table_Base        
000033dc  __TI_Handler_Table_Limit       
00002cc9  __TI_auto_init_nobinit_nopinit 
00002e79  __TI_cleanup                   
200009e8  __TI_cleanup_ptr               
000023c1  __TI_closefile                 
00002655  __TI_decompress_lzss           
000031f7  __TI_decompress_none           
00002b19  __TI_doflush                   
200009ec  __TI_dtors_ptr                 
200009f0  __TI_enable_exit_profile_output
200009d8  __TI_ft_end                    
00002a73  __TI_ltoa                      
ffffffff  __TI_pprof_out_hndl            
000000e5  __TI_printfi                   
ffffffff  __TI_prof_data_size            
ffffffff  __TI_prof_data_start           
00002ead  __TI_readmsg                   
00000000  __TI_static_base__             
20000b2c  __TI_tmpnams                   
00002dd1  __TI_writemsg                  
0000284f  __TI_wrt_ok                    
00003121  __TI_zero_init_nomemset        
000020c9  __aeabi_cdcmpeq                
000020c9  __aeabi_cdcmple                
0000214f  __aeabi_cdrcmple               
00002bf9  __aeabi_d2iz                   
00000f7f  __aeabi_dadd                   
00001269  __aeabi_ddiv                   
000018ed  __aeabi_dmul                   
00000f75  __aeabi_dsub                   
00003211  __aeabi_errno_addr             
00002e09  __aeabi_f2d                    
00002f75  __aeabi_i2d                    
0000139f  __aeabi_idiv0                  
0000139f  __aeabi_ldiv0                  
000022cd  __aeabi_memclr                 
000022cd  __aeabi_memclr4                
000022cd  __aeabi_memclr8                
00001d53  __aeabi_memcpy                 
00001d53  __aeabi_memcpy4                
00001d53  __aeabi_memcpy8                
000022cf  __aeabi_memset                 
000022cf  __aeabi_memset4                
000022cf  __aeabi_memset8                
200009e4  __aeabi_stderr                 
200009dc  __aeabi_stdin                  
200009e0  __aeabi_stdout                 
00001def  __aeabi_uldivmod               
ffffffff  __binit__                      
ffffffff  __c_args__                     
UNDEFED   __mpu_init                     
2000fe00  __stack                        
20000000  __start___llvm_prf_cnts        
20000000  __stop___llvm_prf_cnts         
00002ee1  _c_int00_noargs                
00003230  _ctypes_                       
200008f0  _device                        
20000800  _ftable                        
200009f4  _lock                          
0000112b  _nop                           
20000968  _stream                        
20000000  _sys_memory                    
UNDEFED   _system_post_cinit             
00003229  _system_pre_init               
200009f8  _unlock                        
0000322d  abort                          
000017ed  aligned_alloc                  
00002b65  atoi                           
ffffffff  binit                          
00002911  close                          
00003175  copysign                       
00003175  copysignl                      
00002251  delay_us                       
20000a08  errno                          
00002bb1  exit                           
00002f45  finddevice                     
0000203d  fputc                          
000014c5  fputs                          
00001ae1  free                           
00002725  frexp                          
00002725  frexpl                         
00002789  fseek                          
00002581  getCharacterBinaryArray        
00002d0d  getdevice                      
00000000  interruptVectors               
000015d9  ldexp                          
000015d9  ldexpl                         
00003071  lseek                          
00001fad  main                           
00003219  malloc                         
000017ed  memalign                       
00003159  memccpy                        
000030c1  memchr                         
00001d53  memcpy                         
000022d5  memset                         
20000bd4  parmbuf                        
000026bd  printf                         
0000203d  putc                           
00002fa5  remove                         
000015d9  scalbn                         
000015d9  scalbnl                        
000030e1  sendHigh                       
00003101  sendLow                        
00001f19  send_message                   
00001bc5  setvbuf                        
000031a7  strchr                         
0000318f  strcmp                         
000031bd  strcpy                         
000031d1  strlen                         
00002e41  strncpy                        
00002fa5  unlink                         
000031e5  wcslen                         
00003099  write                          


GLOBAL SYMBOLS: SORTED BY Symbol Address 

address   name                           
-------   ----                           
00000000  __TI_static_base__             
00000000  interruptVectors               
000000e5  __TI_printfi                   
00000200  __STACK_SIZE                   
00000800  __SYSMEM_SIZE                  
00000b33  ADC14_IRQHandler               
00000b33  AES256_IRQHandler              
00000b33  BusFault_Handler               
00000b33  COMP_E0_IRQHandler             
00000b33  COMP_E1_IRQHandler             
00000b33  CS_IRQHandler                  
00000b33  DMA_ERR_IRQHandler             
00000b33  DMA_INT0_IRQHandler            
00000b33  DMA_INT1_IRQHandler            
00000b33  DMA_INT2_IRQHandler            
00000b33  DMA_INT3_IRQHandler            
00000b33  DebugMon_Handler               
00000b33  Default_Handler                
00000b33  EUSCIA0_IRQHandler             
00000b33  EUSCIA1_IRQHandler             
00000b33  EUSCIA2_IRQHandler             
00000b33  EUSCIA3_IRQHandler             
00000b33  EUSCIB0_IRQHandler             
00000b33  EUSCIB1_IRQHandler             
00000b33  EUSCIB2_IRQHandler             
00000b33  EUSCIB3_IRQHandler             
00000b33  FLCTL_IRQHandler               
00000b33  FPU_IRQHandler                 
00000b33  HardFault_Handler              
00000b33  MemManage_Handler              
00000b33  NMI_Handler                    
00000b33  PCM_IRQHandler                 
00000b33  PORT1_IRQHandler               
00000b33  PORT2_IRQHandler               
00000b33  PORT3_IRQHandler               
00000b33  PORT4_IRQHandler               
00000b33  PORT5_IRQHandler               
00000b33  PORT6_IRQHandler               
00000b33  PSS_IRQHandler                 
00000b33  PendSV_Handler                 
00000b33  RTC_C_IRQHandler               
00000b33  SVC_Handler                    
00000b33  SysTick_Handler                
00000b33  T32_INT1_IRQHandler            
00000b33  T32_INT2_IRQHandler            
00000b33  T32_INTC_IRQHandler            
00000b33  TA0_0_IRQHandler               
00000b33  TA0_N_IRQHandler               
00000b33  TA1_0_IRQHandler               
00000b33  TA1_N_IRQHandler               
00000b33  TA2_0_IRQHandler               
00000b33  TA2_N_IRQHandler               
00000b33  TA3_0_IRQHandler               
00000b33  TA3_N_IRQHandler               
00000b33  UsageFault_Handler             
00000b33  WDT_A_IRQHandler               
00000f75  __aeabi_dsub                   
00000f7f  __aeabi_dadd                   
0000112b  _nop                           
00001269  __aeabi_ddiv                   
0000139f  __aeabi_idiv0                  
0000139f  __aeabi_ldiv0                  
000014c5  fputs                          
000015d9  ldexp                          
000015d9  ldexpl                         
000015d9  scalbn                         
000015d9  scalbnl                        
000017ed  aligned_alloc                  
000017ed  memalign                       
000018ed  __aeabi_dmul                   
000019e9  CS_getDCOFrequency             
00001ae1  free                           
00001bc5  setvbuf                        
00001d53  __aeabi_memcpy                 
00001d53  __aeabi_memcpy4                
00001d53  __aeabi_memcpy8                
00001d53  memcpy                         
00001def  __aeabi_uldivmod               
00001e85  SysCtl_A_getTLVInfo            
00001f19  send_message                   
00001fad  main                           
0000203d  fputc                          
0000203d  putc                           
000020c9  __aeabi_cdcmpeq                
000020c9  __aeabi_cdcmple                
0000214f  __aeabi_cdrcmple               
00002251  delay_us                       
000022cd  __aeabi_memclr                 
000022cd  __aeabi_memclr4                
000022cd  __aeabi_memclr8                
000022cf  __aeabi_memset                 
000022cf  __aeabi_memset4                
000022cf  __aeabi_memset8                
000022d5  memset                         
00002349  SystemInit                     
000023c1  __TI_closefile                 
00002515  HOSTrename                     
00002581  getCharacterBinaryArray        
000025ed  HOSTlseek                      
00002655  __TI_decompress_lzss           
000026bd  printf                         
00002725  frexp                          
00002725  frexpl                         
00002789  fseek                          
0000284f  __TI_wrt_ok                    
000028b1  HOSTopen                       
00002911  close                          
0000296d  HOSTread                       
000029c5  HOSTwrite                      
00002a73  __TI_ltoa                      
00002b19  __TI_doflush                   
00002b65  atoi                           
00002bb1  exit                           
00002bf9  __aeabi_d2iz                   
00002c41  HOSTclose                      
00002c85  HOSTunlink                     
00002cc9  __TI_auto_init_nobinit_nopinit 
00002d0d  getdevice                      
00002d51  GPIO_setAsOutputPin            
00002dd1  __TI_writemsg                  
00002dff  C$$IO$$                        
00002e09  __aeabi_f2d                    
00002e41  strncpy                        
00002e79  __TI_cleanup                   
00002ead  __TI_readmsg                   
00002ee1  _c_int00_noargs                
00002f15  CS_clearInterruptFlag          
00002f45  finddevice                     
00002f75  __aeabi_i2d                    
00002fa5  remove                         
00002fa5  unlink                         
00002fd1  CS_getMCLK                     
00002ff9  GPIO_setOutputHighOnPin        
00003021  GPIO_setOutputLowOnPin         
00003071  lseek                          
00003099  write                          
000030c1  memchr                         
000030e1  sendHigh                       
00003101  sendLow                        
00003121  __TI_zero_init_nomemset        
00003159  memccpy                        
00003175  copysign                       
00003175  copysignl                      
0000318f  strcmp                         
000031a7  strchr                         
000031bd  strcpy                         
000031d1  strlen                         
000031e5  wcslen                         
000031f7  __TI_decompress_none           
00003205  Reset_Handler                  
00003211  __aeabi_errno_addr             
00003219  malloc                         
00003229  _system_pre_init               
0000322d  C$$EXIT                        
0000322d  abort                          
00003230  _ctypes_                       
000033d0  __TI_Handler_Table_Base        
000033dc  __TI_Handler_Table_Limit       
000033e8  __TI_CINIT_Base                
000033f8  __TI_CINIT_Limit               
20000000  __start___llvm_prf_cnts        
20000000  __stop___llvm_prf_cnts         
20000000  _sys_memory                    
20000800  _ftable                        
200008f0  _device                        
20000968  _stream                        
200009d8  __TI_ft_end                    
200009dc  __aeabi_stdin                  
200009e0  __aeabi_stdout                 
200009e4  __aeabi_stderr                 
200009e8  __TI_cleanup_ptr               
200009ec  __TI_dtors_ptr                 
200009f0  __TI_enable_exit_profile_output
200009f4  _lock                          
200009f8  _unlock                        
20000a08  errno                          
20000a0c  __CIOBUF_                      
20000b2c  __TI_tmpnams                   
20000bd4  parmbuf                        
2000fe00  __stack                        
20010000  __STACK_END                    
4000480c  WDTCTL_SYM                     
ffffffff  __TI_pprof_out_hndl            
ffffffff  __TI_prof_data_size            
ffffffff  __TI_prof_data_start           
ffffffff  __binit__                      
ffffffff  __c_args__                     
ffffffff  binit                          
UNDEFED   __mpu_init                     
UNDEFED   _system_post_cinit             

[190 symbols]
