******************************************************************************
                  TI ARM Linker PC v20.2.5                     
******************************************************************************
>> Linked Sun Nov  6 23:22:19 2022

OUTPUT FILE NAME:   <Lab6-1.3.out>
ENTRY POINT SYMBOL: "_c_int00_noargs"  address: 00002f49


MEMORY CONFIGURATION

         name            origin    length      used     unused   attr    fill
----------------------  --------  ---------  --------  --------  ----  --------
  MAIN                  00000000   00040000  0000345c  0003cba4  R  X
  INFO                  00200000   00004000  00000000  00004000  R  X
  SRAM_CODE             01000000   00010000  00000dd8  0000f228  RW X
  SRAM_DATA             20000000   00010000  00000dd8  0000f228  RW  


SEGMENT ALLOCATION MAP

run origin  load origin   length   init length attrs members
----------  ----------- ---------- ----------- ----- -------
00000000    00000000    00003460   00003460    r-x
  00000000    00000000    000000e4   000000e4    r-- .intvecs
  000000e4    000000e4    000031b4   000031b4    r-x .text
  00003298    00003298    00000134   00000134    r-- .const
  000033d0    000033d0    00000090   00000090    r-- .cinit
20000000    20000000    00000bd8   00000000    rw-
  20000000    20000000    00000800   00000000    rw- .sysmem
  20000800    20000800    00000208   00000000    rw- .data
  20000a08    20000a08    000001d0   00000000    rw- .bss
2000fe00    2000fe00    00000200   00000000    rw-
  2000fe00    2000fe00    00000200   00000000    rw- .stack


SECTION ALLOCATION MAP

 output                                  attributes/
section   page    origin      length       input sections
--------  ----  ----------  ----------   ----------------
.intvecs   0    00000000    000000e4     
                  00000000    000000e4     startup_msp432p401r_ccs.obj (.intvecs:retain)

.text      0    000000e4    000031b4     
                  000000e4    00000a4e     rtsv7M4_T_le_v4SPD16_eabi.lib : _printfi.c.obj (.text:__TI_printfi)
                  00000b32    00000002     startup_msp432p401r_ccs.obj (.text:Default_Handler)
                  00000b34    00000270     rtsv7M4_T_le_v4SPD16_eabi.lib : _printfi.c.obj (.text:_pconv_a)
                  00000da4    000001d0                                   : _printfi.c.obj (.text:_pconv_g)
                  00000f74    000001b6                                   : fd_add_t2.asm.obj (.text)
                  0000112a    00000002                                   : _lock.c.obj (.text:_nop)
                  0000112c    0000013c                                   : _printfi.c.obj (.text:_pconv_e)
                  00001268    00000136                                   : fd_div_t2.asm.obj (.text)
                  0000139e    00000002                                   : div0.asm.obj (.text)
                  000013a0    00000124                                   : _printfi.c.obj (.text:fcvt)
                  000014c4    00000114                                   : fputs.c.obj (.text:fputs)
                  000015d8    00000110                                   : s_scalbn.c.obj (.text:scalbn)
                  000016e8    00000104     msp432p4xx_driverlib.lib : cs.o (.text:_CSComputeCLKFrequency)
                  000017ec    00000100     rtsv7M4_T_le_v4SPD16_eabi.lib : memory.c.obj (.text:aligned_alloc)
                  000018ec    000000fc                                   : fd_mul_t2.asm.obj (.text)
                  000019e8    000000f8     msp432p4xx_driverlib.lib : cs.o (.text:CS_getDCOFrequency)
                  00001ae0    000000e4     rtsv7M4_T_le_v4SPD16_eabi.lib : memory.c.obj (.text:free)
                  00001bc4    000000dc                                   : setvbuf.c.obj (.text:setvbuf)
                  00001ca0    000000b8     main.obj (.text:send_message)
                  00001d58    000000b1     rtsv7M4_T_le_v4SPD16_eabi.lib : _printfi.c.obj (.text:_ltostr)
                  00001e09    00000003     --HOLE-- [fill = 0]
                  00001e0c    000000ac     main.obj (.text:getCharacterBinaryArray)
                  00001eb8    0000009c     rtsv7M4_T_le_v4SPD16_eabi.lib : memcpy_t2.asm.obj (.text)
                  00001f54    00000096                                   : ull_div_t2.asm.obj (.text)
                  00001fea    00000002     --HOLE-- [fill = 0]
                  00001fec    00000094     msp432p4xx_driverlib.lib : sysctl_a.o (.text:SysCtl_A_getTLVInfo)
                  00002080    00000090     main.obj (.text:main)
                  00002110    0000008c     rtsv7M4_T_le_v4SPD16_eabi.lib : fputc.c.obj (.text:fputc)
                  0000219c    00000086                                   : fd_cmp_t2.asm.obj (.text:__aeabi_cdcmple)
                  00002222    00000086                                   : fd_cmp_t2.asm.obj (.text:__aeabi_cdrcmple)
                  000022a8    0000007c     msp432p4xx_driverlib.lib : cs.o (.text:_CSGetDOCFrequency)
                  00002324    0000007c     main.obj (.text:delay_us)
                  000023a0    0000007a     rtsv7M4_T_le_v4SPD16_eabi.lib : memset_t2.asm.obj (.text)
                  0000241a    00000002     --HOLE-- [fill = 0]
                  0000241c    00000078     system_msp432p401r.obj (.text:SystemInit)
                  00002494    00000074     rtsv7M4_T_le_v4SPD16_eabi.lib : fclose.c.obj (.text:__TI_closefile)
                  00002508    00000070                                   : memory.c.obj (.text:split)
                  00002578    0000006e                                   : _printfi.c.obj (.text:_mcpy)
                  000025e6    00000002     --HOLE-- [fill = 0]
                  000025e8    0000006c                                   : hostrename.c.obj (.text:HOSTrename)
                  00002654    00000068                                   : hostlseek.c.obj (.text:HOSTlseek)
                  000026bc    00000068                                   : copy_decompress_lzss.c.obj (.text:decompress:lzss:__TI_decompress_lzss)
                  00002724    00000068                                   : printf.c.obj (.text:printf)
                  0000278c    00000064                                   : s_frexp.c.obj (.text:frexp)
                  000027f0    00000064                                   : fseek.c.obj (.text:fseek)
                  00002854    00000062     msp432p4xx_driverlib.lib : cs.o (.text:_CSGetDividerValue)
                  000028b6    00000062     rtsv7M4_T_le_v4SPD16_eabi.lib : _io_perm.c.obj (.text:__TI_wrt_ok)
                  00002918    00000060                                   : hostopen.c.obj (.text:HOSTopen)
                  00002978    0000005c                                   : close.c.obj (.text:close)
                  000029d4    00000058                                   : hostread.c.obj (.text:HOSTread)
                  00002a2c    00000058                                   : hostwrite.c.obj (.text:HOSTwrite)
                  00002a84    00000056                                   : _printfi.c.obj (.text:_pconv_f)
                  00002ada    00000054                                   : _ltoa.c.obj (.text:__TI_ltoa)
                  00002b2e    00000052                                   : _printfi.c.obj (.text:_ecpy)
                  00002b80    0000004c                                   : fflush.c.obj (.text:__TI_doflush)
                  00002bcc    0000004c                                   : atoi.c.obj (.text:atoi)
                  00002c18    00000048                                   : exit.c.obj (.text:exit)
                  00002c60    00000048                                   : fd_toi_t2.asm.obj (.text)
                  00002ca8    00000044                                   : hostclose.c.obj (.text:HOSTclose)
                  00002cec    00000044                                   : hostunlink.c.obj (.text:HOSTunlink)
                  00002d30    00000044                                   : autoinit.c.obj (.text:__TI_auto_init_nobinit_nopinit:__TI_auto_init_nobinit_nopinit)
                  00002d74    00000044                                   : getdevice.c.obj (.text:getdevice)
                  00002db8    00000040     msp432p4xx_driverlib.lib : gpio.o (.text:GPIO_setAsOutputPin)
                  00002df8    0000003e     rtsv7M4_T_le_v4SPD16_eabi.lib : _printfi.c.obj (.text:_fcpy)
                  00002e36    00000002     --HOLE-- [fill = 0]
                  00002e38    00000038                                   : trgmsg.c.obj (.text:__TI_writemsg)
                  00002e70    00000038                                   : fs_tod_t2.asm.obj (.text)
                  00002ea8    00000036                                   : strncpy.c.obj (.text:strncpy)
                  00002ede    00000002     --HOLE-- [fill = 0]
                  00002ee0    00000034                                   : fopen.c.obj (.text:__TI_cleanup)
                  00002f14    00000034                                   : trgmsg.c.obj (.text:__TI_readmsg)
                  00002f48    00000034                                   : boot_cortex_m.c.obj (.text:_c_int00_noargs:_c_int00_noargs)
                  00002f7c    00000030     msp432p4xx_driverlib.lib : cs.o (.text:CS_clearInterruptFlag)
                  00002fac    00000030     rtsv7M4_T_le_v4SPD16_eabi.lib : getdevice.c.obj (.text:finddevice)
                  00002fdc    0000002e                                   : i_tofd_t2.asm.obj (.text)
                  0000300a    00000002     --HOLE-- [fill = 0]
                  0000300c    0000002c                                   : unlink.c.obj (.text:unlink)
                  00003038    00000028     msp432p4xx_driverlib.lib : cs.o (.text:CS_getMCLK)
                  00003060    00000028                              : gpio.o (.text:GPIO_setOutputHighOnPin)
                  00003088    00000028                              : gpio.o (.text:GPIO_setOutputLowOnPin)
                  000030b0    00000028     rtsv7M4_T_le_v4SPD16_eabi.lib : memory.c.obj (.text:free_list_insert)
                  000030d8    00000028                                   : lseek.c.obj (.text:lseek)
                  00003100    00000028                                   : write.c.obj (.text:write)
                  00003128    00000020                                   : memchr.c.obj (.text:memchr)
                  00003148    00000020     main.obj (.text:sendHigh)
                  00003168    00000020     main.obj (.text:sendLow)
                  00003188    0000001c     rtsv7M4_T_le_v4SPD16_eabi.lib : copy_zero_init.c.obj (.text:decompress:ZI:__TI_zero_init_nomemset:__TI_zero_init_nomemset)
                  000031a4    0000001c                                   : memory.c.obj (.text:free_list_remove)
                  000031c0    0000001c                                   : memccpy.c.obj (.text:memccpy)
                  000031dc    0000001a                                   : s_copysign.c.obj (.text:copysign)
                  000031f6    00000018                                   : strcmp.c.obj (.text:strcmp)
                  0000320e    00000016                                   : strchr.c.obj (.text:strchr)
                  00003224    00000014                                   : strcpy.c.obj (.text:strcpy)
                  00003238    00000014                                   : strlen.c.obj (.text:strlen)
                  0000324c    00000012                                   : wcslen.c.obj (.text:wcslen)
                  0000325e    0000000e                                   : copy_decompress_none.c.obj (.text:decompress:none:__TI_decompress_none)
                  0000326c    0000000c     startup_msp432p401r_ccs.obj (.text:Reset_Handler)
                  00003278    00000008     rtsv7M4_T_le_v4SPD16_eabi.lib : errno.c.obj (.text:__aeabi_errno_addr)
                  00003280    00000008                                   : memory.c.obj (.text:malloc)
                  00003288    00000004                                   : printf.c.obj (.text:_outc)
                  0000328c    00000004                                   : printf.c.obj (.text:_outs)
                  00003290    00000004                                   : pre_init.c.obj (.text:_system_pre_init)
                  00003294    00000004                                   : exit.c.obj (.text:abort:abort)

.const     0    00003298    00000134     
                  00003298    00000101     rtsv7M4_T_le_v4SPD16_eabi.lib : ctype.c.obj (.const:.string:_ctypes_)
                  00003399    00000003     --HOLE-- [fill = 0]
                  0000339c    00000030     msp432p4xx_driverlib.lib : gpio.o (.const:GPIO_PORT_TO_BASE)

.cinit     0    000033d0    00000090     
                  000033d0    00000067     (.cinit..data.load) [load image, compression = lzss]
                  00003437    00000001     --HOLE-- [fill = 0]
                  00003438    0000000c     (__TI_handler_table)
                  00003444    00000004     --HOLE-- [fill = 0]
                  00003448    00000008     (.cinit..bss.load) [load image, compression = zero_init]
                  00003450    00000010     (__TI_cinit_table)

.init_array 
*          0    00000000    00000000     UNINITIALIZED

.binit     0    00000000    00000000     

.sysmem    0    20000000    00000800     UNINITIALIZED
                  20000000    00000010     rtsv7M4_T_le_v4SPD16_eabi.lib : memory.c.obj (.sysmem)
                  20000010    000007f0     --HOLE--

.data      0    20000800    00000208     UNINITIALIZED
                  20000800    000000f0     rtsv7M4_T_le_v4SPD16_eabi.lib : defs.c.obj (.data:_ftable)
                  200008f0    00000078                                   : host_device.c.obj (.data:_device)
                  20000968    00000050                                   : host_device.c.obj (.data:_stream)
                  200009b8    00000020     main.obj (.data:arr$1)
                  200009d8    00000010     rtsv7M4_T_le_v4SPD16_eabi.lib : defs.c.obj (.data)
                  200009e8    0000000c                                   : exit.c.obj (.data:$O1$$)
                  200009f4    00000008                                   : _lock.c.obj (.data:$O1$$)
                  200009fc    00000008                                   : memory.c.obj (.data:$O1$$)
                  20000a04    00000004                                   : errno.c.obj (.data)

.bss       0    20000a08    000001d0     UNINITIALIZED
                  20000a08    00000120     rtsv7M4_T_le_v4SPD16_eabi.lib : trgmsg.c.obj (.bss:_CIOBUF_)
                  20000b28    000000a0     (.common:__TI_tmpnams)
                  20000bc8    00000008     msp432p4xx_driverlib.lib : cs.o (.bss)
                  20000bd0    00000008     (.common:parmbuf)

.stack     0    2000fe00    00000200     UNINITIALIZED
                  2000fe00    00000004     rtsv7M4_T_le_v4SPD16_eabi.lib : boot_cortex_m.c.obj (.stack)
                  2000fe04    000001fc     --HOLE--

__llvm_prf_cnts 
*          0    20000000    00000000     UNINITIALIZED

MODULE SUMMARY

       Module                        code    ro data   rw data
       ------                        ----    -------   -------
    .\
       main.obj                      688     0         64     
       system_msp432p401r.obj        120     0         0      
    +--+-----------------------------+-------+---------+---------+
       Total:                        808     0         64     
                                                              
    .\ccs\
       startup_msp432p401r_ccs.obj   14      228       0      
    +--+-----------------------------+-------+---------+---------+
       Total:                        14      228       0      
                                                              
    C:/ti/simplelink_msp432p4_sdk_3_40_01_02/source/ti/devices/msp432p4xx/driverlib/ccs/msp432p4xx_driverlib.lib
       cs.o                          818     0         16     
       gpio.o                        144     48        0      
       sysctl_a.o                    148     0         0      
    +--+-----------------------------+-------+---------+---------+
       Total:                        1110    48        16     
                                                              
    C:\Software\ti\ccs1040\ccs\tools\compiler\ti-cgt-arm_20.2.5.LTS\lib\rtsv7M4_T_le_v4SPD16_eabi.lib
       _printfi.c.obj                4851    0         0      
       defs.c.obj                    0       0         832    
       memory.c.obj                  672     0         16     
       trgmsg.c.obj                  108     0         576    
       fd_add_t2.asm.obj             438     0         0      
       host_device.c.obj             0       0         400    
       fd_div_t2.asm.obj             310     0         0      
       fputs.c.obj                   276     0         0      
       s_scalbn.c.obj                272     0         0      
       fd_cmp_t2.asm.obj             268     0         0      
       ctype.c.obj                   0       257       0      
       fd_mul_t2.asm.obj             252     0         0      
       setvbuf.c.obj                 220     0         0      
       memcpy_t2.asm.obj             156     0         0      
       ull_div_t2.asm.obj            150     0         0      
       fputc.c.obj                   140     0         0      
       memset_t2.asm.obj             122     0         0      
       fclose.c.obj                  116     0         0      
       getdevice.c.obj               116     0         0      
       hostopen.c.obj                96      0         16     
       printf.c.obj                  112     0         0      
       hostrename.c.obj              108     0         0      
       copy_decompress_lzss.c.obj    104     0         0      
       hostlseek.c.obj               104     0         0      
       exit.c.obj                    76      0         24     
       fseek.c.obj                   100     0         0      
       s_frexp.c.obj                 100     0         0      
       _io_perm.c.obj                98      0         0      
       close.c.obj                   92      0         0      
       hostread.c.obj                88      0         0      
       hostwrite.c.obj               88      0         0      
       _ltoa.c.obj                   84      0         0      
       atoi.c.obj                    76      0         0      
       fflush.c.obj                  76      0         0      
       fd_toi_t2.asm.obj             72      0         0      
       autoinit.c.obj                68      0         0      
       hostclose.c.obj               68      0         0      
       hostunlink.c.obj              68      0         0      
       fs_tod_t2.asm.obj             56      0         0      
       strncpy.c.obj                 54      0         0      
       boot_cortex_m.c.obj           52      0         0      
       fopen.c.obj                   52      0         0      
       i_tofd_t2.asm.obj             46      0         0      
       unlink.c.obj                  44      0         0      
       lseek.c.obj                   40      0         0      
       write.c.obj                   40      0         0      
       memchr.c.obj                  32      0         0      
       copy_zero_init.c.obj          28      0         0      
       memccpy.c.obj                 28      0         0      
       s_copysign.c.obj              26      0         0      
       strcmp.c.obj                  24      0         0      
       strchr.c.obj                  22      0         0      
       strcpy.c.obj                  20      0         0      
       strlen.c.obj                  20      0         0      
       _lock.c.obj                   2       0         16     
       wcslen.c.obj                  18      0         0      
       errno.c.obj                   8       0         8      
       copy_decompress_none.c.obj    14      0         0      
       pre_init.c.obj                4       0         0      
       div0.asm.obj                  2       0         0      
    +--+-----------------------------+-------+---------+---------+
       Total:                        10777   257       1888   
                                                              
       Heap:                         0       0         4096   
       Stack:                        0       0         1024   
       Linker Generated:             0       139       0      
    +--+-----------------------------+-------+---------+---------+
       Grand Total:                  12709   672       7088   


LINKER GENERATED COPY TABLES

__TI_cinit_table @ 00003450 records: 2, size/record: 8, table size: 16
	.data: load addr=000033d0, load size=00000067 bytes, run addr=20000800, run size=00000208 bytes, compression=lzss
	.bss: load addr=00003448, load size=00000008 bytes, run addr=20000a08, run size=000001d0 bytes, compression=zero_init


LINKER GENERATED HANDLER TABLE

__TI_handler_table @ 00003438 records: 3, size/record: 4, table size: 12
	index: 0, handler: __TI_decompress_lzss
	index: 1, handler: __TI_decompress_none
	index: 2, handler: __TI_zero_init


GLOBAL SYMBOLS: SORTED ALPHABETICALLY BY Name 

address   name                           
-------   ----                           
00000b33  ADC14_IRQHandler               
00000b33  AES256_IRQHandler              
00000b33  BusFault_Handler               
00003295  C$$EXIT                        
00002e67  C$$IO$$                        
00000b33  COMP_E0_IRQHandler             
00000b33  COMP_E1_IRQHandler             
00000b33  CS_IRQHandler                  
00002f7d  CS_clearInterruptFlag          
000019e9  CS_getDCOFrequency             
00003039  CS_getMCLK                     
00000b33  DMA_ERR_IRQHandler             
00000b33  DMA_INT0_IRQHandler            
00000b33  DMA_INT1_IRQHandler            
00000b33  DMA_INT2_IRQHandler            
00000b33  DMA_INT3_IRQHandler            
00000b33  DebugMon_Handler               
00000b33  Default_Handler                
00000b33  EUSCIA0_IRQHandler             
00000b33  EUSCIA1_IRQHandler             
00000b33  EUSCIA2_IRQHandler             
00000b33  EUSCIA3_IRQHandler             
00000b33  EUSCIB0_IRQHandler             
00000b33  EUSCIB1_IRQHandler             
00000b33  EUSCIB2_IRQHandler             
00000b33  EUSCIB3_IRQHandler             
00000b33  FLCTL_IRQHandler               
00000b33  FPU_IRQHandler                 
00002db9  GPIO_setAsOutputPin            
00003061  GPIO_setOutputHighOnPin        
00003089  GPIO_setOutputLowOnPin         
00002ca9  HOSTclose                      
00002655  HOSTlseek                      
00002919  HOSTopen                       
000029d5  HOSTread                       
000025e9  HOSTrename                     
00002ced  HOSTunlink                     
00002a2d  HOSTwrite                      
00000b33  HardFault_Handler              
00000b33  MemManage_Handler              
00000b33  NMI_Handler                    
00000b33  PCM_IRQHandler                 
00000b33  PORT1_IRQHandler               
00000b33  PORT2_IRQHandler               
00000b33  PORT3_IRQHandler               
00000b33  PORT4_IRQHandler               
00000b33  PORT5_IRQHandler               
00000b33  PORT6_IRQHandler               
00000b33  PSS_IRQHandler                 
00000b33  PendSV_Handler                 
00000b33  RTC_C_IRQHandler               
0000326d  Reset_Handler                  
00000b33  SVC_Handler                    
00001fed  SysCtl_A_getTLVInfo            
00000b33  SysTick_Handler                
0000241d  SystemInit                     
00000b33  T32_INT1_IRQHandler            
00000b33  T32_INT2_IRQHandler            
00000b33  T32_INTC_IRQHandler            
00000b33  TA0_0_IRQHandler               
00000b33  TA0_N_IRQHandler               
00000b33  TA1_0_IRQHandler               
00000b33  TA1_N_IRQHandler               
00000b33  TA2_0_IRQHandler               
00000b33  TA2_N_IRQHandler               
00000b33  TA3_0_IRQHandler               
00000b33  TA3_N_IRQHandler               
00000b33  UsageFault_Handler             
4000480c  WDTCTL_SYM                     
00000b33  WDT_A_IRQHandler               
20000a08  __CIOBUF_                      
20010000  __STACK_END                    
00000200  __STACK_SIZE                   
00000800  __SYSMEM_SIZE                  
00003450  __TI_CINIT_Base                
00003460  __TI_CINIT_Limit               
00003438  __TI_Handler_Table_Base        
00003444  __TI_Handler_Table_Limit       
00002d31  __TI_auto_init_nobinit_nopinit 
00002ee1  __TI_cleanup                   
200009e8  __TI_cleanup_ptr               
00002495  __TI_closefile                 
000026bd  __TI_decompress_lzss           
0000325f  __TI_decompress_none           
00002b81  __TI_doflush                   
200009ec  __TI_dtors_ptr                 
200009f0  __TI_enable_exit_profile_output
200009d8  __TI_ft_end                    
00002adb  __TI_ltoa                      
ffffffff  __TI_pprof_out_hndl            
000000e5  __TI_printfi                   
ffffffff  __TI_prof_data_size            
ffffffff  __TI_prof_data_start           
00002f15  __TI_readmsg                   
00000000  __TI_static_base__             
20000b28  __TI_tmpnams                   
00002e39  __TI_writemsg                  
000028b7  __TI_wrt_ok                    
00003189  __TI_zero_init_nomemset        
0000219d  __aeabi_cdcmpeq                
0000219d  __aeabi_cdcmple                
00002223  __aeabi_cdrcmple               
00002c61  __aeabi_d2iz                   
00000f7f  __aeabi_dadd                   
00001269  __aeabi_ddiv                   
000018ed  __aeabi_dmul                   
00000f75  __aeabi_dsub                   
00003279  __aeabi_errno_addr             
00002e71  __aeabi_f2d                    
00002fdd  __aeabi_i2d                    
0000139f  __aeabi_idiv0                  
0000139f  __aeabi_ldiv0                  
000023a1  __aeabi_memclr                 
000023a1  __aeabi_memclr4                
000023a1  __aeabi_memclr8                
00001eb9  __aeabi_memcpy                 
00001eb9  __aeabi_memcpy4                
00001eb9  __aeabi_memcpy8                
000023a3  __aeabi_memset                 
000023a3  __aeabi_memset4                
000023a3  __aeabi_memset8                
200009e4  __aeabi_stderr                 
200009dc  __aeabi_stdin                  
200009e0  __aeabi_stdout                 
00001f55  __aeabi_uldivmod               
ffffffff  __binit__                      
ffffffff  __c_args__                     
UNDEFED   __mpu_init                     
2000fe00  __stack                        
20000000  __start___llvm_prf_cnts        
20000000  __stop___llvm_prf_cnts         
00002f49  _c_int00_noargs                
00003298  _ctypes_                       
200008f0  _device                        
20000800  _ftable                        
200009f4  _lock                          
0000112b  _nop                           
20000968  _stream                        
20000000  _sys_memory                    
UNDEFED   _system_post_cinit             
00003291  _system_pre_init               
200009f8  _unlock                        
00003295  abort                          
000017ed  aligned_alloc                  
00002bcd  atoi                           
ffffffff  binit                          
00002979  close                          
000031dd  copysign                       
000031dd  copysignl                      
00002325  delay_us                       
20000a04  errno                          
00002c19  exit                           
00002fad  finddevice                     
00002111  fputc                          
000014c5  fputs                          
00001ae1  free                           
0000278d  frexp                          
0000278d  frexpl                         
000027f1  fseek                          
00001e0d  getCharacterBinaryArray        
00002d75  getdevice                      
00000000  interruptVectors               
000015d9  ldexp                          
000015d9  ldexpl                         
000030d9  lseek                          
00002081  main                           
00003281  malloc                         
000017ed  memalign                       
000031c1  memccpy                        
00003129  memchr                         
00001eb9  memcpy                         
000023a9  memset                         
20000bd0  parmbuf                        
00002725  printf                         
00002111  putc                           
0000300d  remove                         
000015d9  scalbn                         
000015d9  scalbnl                        
00003149  sendHigh                       
00003169  sendLow                        
00001ca1  send_message                   
00001bc5  setvbuf                        
0000320f  strchr                         
000031f7  strcmp                         
00003225  strcpy                         
00003239  strlen                         
00002ea9  strncpy                        
0000300d  unlink                         
0000324d  wcslen                         
00003101  write                          


GLOBAL SYMBOLS: SORTED BY Symbol Address 

address   name                           
-------   ----                           
00000000  __TI_static_base__             
00000000  interruptVectors               
000000e5  __TI_printfi                   
00000200  __STACK_SIZE                   
00000800  __SYSMEM_SIZE                  
00000b33  ADC14_IRQHandler               
00000b33  AES256_IRQHandler              
00000b33  BusFault_Handler               
00000b33  COMP_E0_IRQHandler             
00000b33  COMP_E1_IRQHandler             
00000b33  CS_IRQHandler                  
00000b33  DMA_ERR_IRQHandler             
00000b33  DMA_INT0_IRQHandler            
00000b33  DMA_INT1_IRQHandler            
00000b33  DMA_INT2_IRQHandler            
00000b33  DMA_INT3_IRQHandler            
00000b33  DebugMon_Handler               
00000b33  Default_Handler                
00000b33  EUSCIA0_IRQHandler             
00000b33  EUSCIA1_IRQHandler             
00000b33  EUSCIA2_IRQHandler             
00000b33  EUSCIA3_IRQHandler             
00000b33  EUSCIB0_IRQHandler             
00000b33  EUSCIB1_IRQHandler             
00000b33  EUSCIB2_IRQHandler             
00000b33  EUSCIB3_IRQHandler             
00000b33  FLCTL_IRQHandler               
00000b33  FPU_IRQHandler                 
00000b33  HardFault_Handler              
00000b33  MemManage_Handler              
00000b33  NMI_Handler                    
00000b33  PCM_IRQHandler                 
00000b33  PORT1_IRQHandler               
00000b33  PORT2_IRQHandler               
00000b33  PORT3_IRQHandler               
00000b33  PORT4_IRQHandler               
00000b33  PORT5_IRQHandler               
00000b33  PORT6_IRQHandler               
00000b33  PSS_IRQHandler                 
00000b33  PendSV_Handler                 
00000b33  RTC_C_IRQHandler               
00000b33  SVC_Handler                    
00000b33  SysTick_Handler                
00000b33  T32_INT1_IRQHandler            
00000b33  T32_INT2_IRQHandler            
00000b33  T32_INTC_IRQHandler            
00000b33  TA0_0_IRQHandler               
00000b33  TA0_N_IRQHandler               
00000b33  TA1_0_IRQHandler               
00000b33  TA1_N_IRQHandler               
00000b33  TA2_0_IRQHandler               
00000b33  TA2_N_IRQHandler               
00000b33  TA3_0_IRQHandler               
00000b33  TA3_N_IRQHandler               
00000b33  UsageFault_Handler             
00000b33  WDT_A_IRQHandler               
00000f75  __aeabi_dsub                   
00000f7f  __aeabi_dadd                   
0000112b  _nop                           
00001269  __aeabi_ddiv                   
0000139f  __aeabi_idiv0                  
0000139f  __aeabi_ldiv0                  
000014c5  fputs                          
000015d9  ldexp                          
000015d9  ldexpl                         
000015d9  scalbn                         
000015d9  scalbnl                        
000017ed  aligned_alloc                  
000017ed  memalign                       
000018ed  __aeabi_dmul                   
000019e9  CS_getDCOFrequency             
00001ae1  free                           
00001bc5  setvbuf                        
00001ca1  send_message                   
00001e0d  getCharacterBinaryArray        
00001eb9  __aeabi_memcpy                 
00001eb9  __aeabi_memcpy4                
00001eb9  __aeabi_memcpy8                
00001eb9  memcpy                         
00001f55  __aeabi_uldivmod               
00001fed  SysCtl_A_getTLVInfo            
00002081  main                           
00002111  fputc                          
00002111  putc                           
0000219d  __aeabi_cdcmpeq                
0000219d  __aeabi_cdcmple                
00002223  __aeabi_cdrcmple               
00002325  delay_us                       
000023a1  __aeabi_memclr                 
000023a1  __aeabi_memclr4                
000023a1  __aeabi_memclr8                
000023a3  __aeabi_memset                 
000023a3  __aeabi_memset4                
000023a3  __aeabi_memset8                
000023a9  memset                         
0000241d  SystemInit                     
00002495  __TI_closefile                 
000025e9  HOSTrename                     
00002655  HOSTlseek                      
000026bd  __TI_decompress_lzss           
00002725  printf                         
0000278d  frexp                          
0000278d  frexpl                         
000027f1  fseek                          
000028b7  __TI_wrt_ok                    
00002919  HOSTopen                       
00002979  close                          
000029d5  HOSTread                       
00002a2d  HOSTwrite                      
00002adb  __TI_ltoa                      
00002b81  __TI_doflush                   
00002bcd  atoi                           
00002c19  exit                           
00002c61  __aeabi_d2iz                   
00002ca9  HOSTclose                      
00002ced  HOSTunlink                     
00002d31  __TI_auto_init_nobinit_nopinit 
00002d75  getdevice                      
00002db9  GPIO_setAsOutputPin            
00002e39  __TI_writemsg                  
00002e67  C$$IO$$                        
00002e71  __aeabi_f2d                    
00002ea9  strncpy                        
00002ee1  __TI_cleanup                   
00002f15  __TI_readmsg                   
00002f49  _c_int00_noargs                
00002f7d  CS_clearInterruptFlag          
00002fad  finddevice                     
00002fdd  __aeabi_i2d                    
0000300d  remove                         
0000300d  unlink                         
00003039  CS_getMCLK                     
00003061  GPIO_setOutputHighOnPin        
00003089  GPIO_setOutputLowOnPin         
000030d9  lseek                          
00003101  write                          
00003129  memchr                         
00003149  sendHigh                       
00003169  sendLow                        
00003189  __TI_zero_init_nomemset        
000031c1  memccpy                        
000031dd  copysign                       
000031dd  copysignl                      
000031f7  strcmp                         
0000320f  strchr                         
00003225  strcpy                         
00003239  strlen                         
0000324d  wcslen                         
0000325f  __TI_decompress_none           
0000326d  Reset_Handler                  
00003279  __aeabi_errno_addr             
00003281  malloc                         
00003291  _system_pre_init               
00003295  C$$EXIT                        
00003295  abort                          
00003298  _ctypes_                       
00003438  __TI_Handler_Table_Base        
00003444  __TI_Handler_Table_Limit       
00003450  __TI_CINIT_Base                
00003460  __TI_CINIT_Limit               
20000000  __start___llvm_prf_cnts        
20000000  __stop___llvm_prf_cnts         
20000000  _sys_memory                    
20000800  _ftable                        
200008f0  _device                        
20000968  _stream                        
200009d8  __TI_ft_end                    
200009dc  __aeabi_stdin                  
200009e0  __aeabi_stdout                 
200009e4  __aeabi_stderr                 
200009e8  __TI_cleanup_ptr               
200009ec  __TI_dtors_ptr                 
200009f0  __TI_enable_exit_profile_output
200009f4  _lock                          
200009f8  _unlock                        
20000a04  errno                          
20000a08  __CIOBUF_                      
20000b28  __TI_tmpnams                   
20000bd0  parmbuf                        
2000fe00  __stack                        
20010000  __STACK_END                    
4000480c  WDTCTL_SYM                     
ffffffff  __TI_pprof_out_hndl            
ffffffff  __TI_prof_data_size            
ffffffff  __TI_prof_data_start           
ffffffff  __binit__                      
ffffffff  __c_args__                     
ffffffff  binit                          
UNDEFED   __mpu_init                     
UNDEFED   _system_post_cinit             

[190 symbols]
