******************************************************************************
                  TI ARM Linker PC v20.2.5                     
******************************************************************************
>> Linked Sun Oct  9 23:29:51 2022

OUTPUT FILE NAME:   <Lab4-3.out>
ENTRY POINT SYMBOL: "_c_int00_noargs"  address: 00003e6d


MEMORY CONFIGURATION

         name            origin    length      used     unused   attr    fill
----------------------  --------  ---------  --------  --------  ----  --------
  MAIN                  00000000   00040000  0000435c  0003bca4  R  X
  INFO                  00200000   00004000  00000000  00004000  R  X
  SRAM_CODE             01000000   00010000  00000dfc  0000f204  RW X
  SRAM_DATA             20000000   00010000  00000dfc  0000f204  RW  


SEGMENT ALLOCATION MAP

run origin  load origin   length   init length attrs members
----------  ----------- ---------- ----------- ----- -------
00000000    00000000    00004360   00004360    r-x
  00000000    00000000    000000e4   000000e4    r-- .intvecs
  000000e4    000000e4    000040b0   000040b0    r-x .text
  00004194    00004194    00000108   00000108    r-- .const
  000042a0    000042a0    000000c0   000000c0    r-- .cinit
20000000    20000000    00000bfc   00000000    rw-
  20000000    20000000    00000800   00000000    rw- .sysmem
  20000800    20000800    0000022c   00000000    rw- .data
  20000a2c    20000a2c    000001d0   00000000    rw- .bss
2000fe00    2000fe00    00000200   00000000    rw-
  2000fe00    2000fe00    00000200   00000000    rw- .stack


SECTION ALLOCATION MAP

 output                                  attributes/
section   page    origin      length       input sections
--------  ----  ----------  ----------   ----------------
.intvecs   0    00000000    000000e4     
                  00000000    000000e4     startup_msp432p401r_ccs.obj (.intvecs:retain)

.text      0    000000e4    000040b0     
                  000000e4    00000a4e     rtsv7M4_T_le_v4SPD16_eabi.lib : _printfi.c.obj (.text:__TI_printfi)
                  00000b32    00000002     startup_msp432p401r_ccs.obj (.text:Default_Handler)
                  00000b34    00000270     rtsv7M4_T_le_v4SPD16_eabi.lib : _printfi.c.obj (.text:_pconv_a)
                  00000da4    00000242     main.obj (.text:get_flash_bank_sector)
                  00000fe6    00000002     rtsv7M4_T_le_v4SPD16_eabi.lib : _lock.c.obj (.text:_nop)
                  00000fe8    000001ec     msp432p4xx_driverlib.lib : flash.o (.text:_FlashCtl_ProgramBurst)
                  000011d4    000001d0     rtsv7M4_T_le_v4SPD16_eabi.lib : _printfi.c.obj (.text:_pconv_g)
                  000013a4    000001b6                                   : fd_add_t2.asm.obj (.text)
                  0000155a    00000002                                   : div0.asm.obj (.text)
                  0000155c    0000019c     main.obj (.text:main)
                  000016f8    00000162     msp432p4xx_driverlib.lib : flash.o (.text:FlashCtl_programMemory)
                  0000185a    00000002     --HOLE-- [fill = 0]
                  0000185c    0000013c     rtsv7M4_T_le_v4SPD16_eabi.lib : _printfi.c.obj (.text:_pconv_e)
                  00001998    00000136                                   : fd_div_t2.asm.obj (.text)
                  00001ace    00000002     --HOLE-- [fill = 0]
                  00001ad0    00000134     msp432p4xx_driverlib.lib : flash.o (.text:__FlashCtl_remaskBurstDataPre)
                  00001c04    00000130                              : flash.o (.text:__FlashCtl_remaskBurstDataPost)
                  00001d34    00000124     rtsv7M4_T_le_v4SPD16_eabi.lib : _printfi.c.obj (.text:fcvt)
                  00001e58    00000114                                   : fputs.c.obj (.text:fputs)
                  00001f6c    00000110                                   : s_scalbn.c.obj (.text:scalbn)
                  0000207c    00000104     msp432p4xx_driverlib.lib : cs.o (.text:_CSComputeCLKFrequency)
                  00002180    00000100     rtsv7M4_T_le_v4SPD16_eabi.lib : memory.c.obj (.text:aligned_alloc)
                  00002280    000000fc                                   : fd_mul_t2.asm.obj (.text)
                  0000237c    000000f8     msp432p4xx_driverlib.lib : cs.o (.text:CS_getDCOFrequency)
                  00002474    000000e4     rtsv7M4_T_le_v4SPD16_eabi.lib : memory.c.obj (.text:free)
                  00002558    000000dc                                   : setvbuf.c.obj (.text:setvbuf)
                  00002634    000000d8     msp432p4xx_driverlib.lib : flash.o (.text:__FlashCtl_remaskData32Pre)
                  0000270c    000000d4                              : flash.o (.text:__FlashCtl_remaskData32Post)
                  000027e0    000000cc     main.obj (.text:delay_ms)
                  000028ac    000000c8     msp432p4xx_driverlib.lib : flash.o (.text:_FlashCtl_Program8)
                  00002974    000000bc                              : flash.o (.text:_FlashCtl_Program32)
                  00002a30    000000b1     rtsv7M4_T_le_v4SPD16_eabi.lib : _printfi.c.obj (.text:_ltostr)
                  00002ae1    00000001     --HOLE-- [fill = 0]
                  00002ae2    0000009c                                   : memcpy_t2.asm.obj (.text)
                  00002b7e    00000096                                   : ull_div_t2.asm.obj (.text)
                  00002c14    00000094     msp432p4xx_driverlib.lib : sysctl_a.o (.text:SysCtl_A_getTLVInfo)
                  00002ca8    0000008c                              : flash.o (.text:__FlashCtl_remaskData8Pre)
                  00002d34    0000008c     rtsv7M4_T_le_v4SPD16_eabi.lib : fputc.c.obj (.text:fputc)
                  00002dc0    00000086                                   : fd_cmp_t2.asm.obj (.text:__aeabi_cdcmple)
                  00002e46    00000086                                   : fd_cmp_t2.asm.obj (.text:__aeabi_cdrcmple)
                  00002ecc    00000084     msp432p4xx_driverlib.lib : flash.o (.text:__FlashCtl_remaskData8Post)
                  00002f50    00000080                              : sysctl.o (.text:SysCtl_getTLVInfo)
                  00002fd0    0000007c                              : cs.o (.text:_CSGetDOCFrequency)
                  0000304c    0000007a     rtsv7M4_T_le_v4SPD16_eabi.lib : memset_t2.asm.obj (.text)
                  000030c6    00000002     --HOLE-- [fill = 0]
                  000030c8    00000078     msp432p4xx_driverlib.lib : flash.o (.text:FlashCtl_isSectorProtected)
                  00003140    00000078                              : flash.o (.text:FlashCtl_setReadMode)
                  000031b8    00000078                              : flash.o (.text:FlashCtl_unprotectSector)
                  00003230    00000078     system_msp432p401r.obj (.text:SystemInit)
                  000032a8    00000074     rtsv7M4_T_le_v4SPD16_eabi.lib : fclose.c.obj (.text:__TI_closefile)
                  0000331c    00000070                                   : memory.c.obj (.text:split)
                  0000338c    0000006e                                   : _printfi.c.obj (.text:_mcpy)
                  000033fa    00000002     --HOLE-- [fill = 0]
                  000033fc    0000006c                                   : hostrename.c.obj (.text:HOSTrename)
                  00003468    00000068                                   : hostlseek.c.obj (.text:HOSTlseek)
                  000034d0    00000068                                   : copy_decompress_lzss.c.obj (.text:decompress:lzss:__TI_decompress_lzss)
                  00003538    00000068                                   : printf.c.obj (.text:printf)
                  000035a0    00000064                                   : s_frexp.c.obj (.text:frexp)
                  00003604    00000064                                   : fseek.c.obj (.text:fseek)
                  00003668    00000062     msp432p4xx_driverlib.lib : cs.o (.text:_CSGetDividerValue)
                  000036ca    00000062     rtsv7M4_T_le_v4SPD16_eabi.lib : _io_perm.c.obj (.text:__TI_wrt_ok)
                  0000372c    00000060                                   : hostopen.c.obj (.text:HOSTopen)
                  0000378c    0000005c                                   : close.c.obj (.text:close)
                  000037e8    00000058                                   : hostread.c.obj (.text:HOSTread)
                  00003840    00000058                                   : hostwrite.c.obj (.text:HOSTwrite)
                  00003898    00000056                                   : _printfi.c.obj (.text:_pconv_f)
                  000038ee    00000054                                   : _ltoa.c.obj (.text:__TI_ltoa)
                  00003942    00000052                                   : _printfi.c.obj (.text:_ecpy)
                  00003994    0000004c     msp432p4xx_driverlib.lib : flash.o (.text:FlashCtl_clearProgramVerification)
                  000039e0    0000004c                              : flash.o (.text:FlashCtl_setProgramVerification)
                  00003a2c    0000004c     rtsv7M4_T_le_v4SPD16_eabi.lib : fflush.c.obj (.text:__TI_doflush)
                  00003a78    0000004c                                   : atoi.c.obj (.text:atoi)
                  00003ac4    00000048     msp432p4xx_driverlib.lib : flash.o (.text:FlashCtl_setWaitState)
                  00003b0c    00000048     rtsv7M4_T_le_v4SPD16_eabi.lib : exit.c.obj (.text:exit)
                  00003b54    00000048                                   : fd_toi_t2.asm.obj (.text)
                  00003b9c    00000044                                   : hostclose.c.obj (.text:HOSTclose)
                  00003be0    00000044                                   : hostunlink.c.obj (.text:HOSTunlink)
                  00003c24    00000044                                   : autoinit.c.obj (.text:__TI_auto_init_nobinit_nopinit:__TI_auto_init_nobinit_nopinit)
                  00003c68    00000044                                   : getdevice.c.obj (.text:getdevice)
                  00003cac    0000003e                                   : _printfi.c.obj (.text:_fcpy)
                  00003cea    00000002     --HOLE-- [fill = 0]
                  00003cec    00000038     msp432p4xx_driverlib.lib : flash.o (.text:FlashCtl_enableWordProgramming)
                  00003d24    00000038                              : flash.o (.text:FlashCtl_getReadMode)
                  00003d5c    00000038                              : flash.o (.text:FlashCtl_getWaitState)
                  00003d94    00000038     rtsv7M4_T_le_v4SPD16_eabi.lib : trgmsg.c.obj (.text:__TI_writemsg)
                  00003dcc    00000036                                   : strncpy.c.obj (.text:strncpy)
                  00003e02    00000002     --HOLE-- [fill = 0]
                  00003e04    00000034                                   : fopen.c.obj (.text:__TI_cleanup)
                  00003e38    00000034                                   : trgmsg.c.obj (.text:__TI_readmsg)
                  00003e6c    00000034                                   : boot_cortex_m.c.obj (.text:_c_int00_noargs:_c_int00_noargs)
                  00003ea0    00000030     msp432p4xx_driverlib.lib : cs.o (.text:CS_clearInterruptFlag)
                  00003ed0    00000030     rtsv7M4_T_le_v4SPD16_eabi.lib : getdevice.c.obj (.text:finddevice)
                  00003f00    0000002e                                   : i_tofd_t2.asm.obj (.text)
                  00003f2e    00000002     --HOLE-- [fill = 0]
                  00003f30    0000002c                                   : unlink.c.obj (.text:unlink)
                  00003f5c    00000028     msp432p4xx_driverlib.lib : cs.o (.text:CS_getMCLK)
                  00003f84    00000028     rtsv7M4_T_le_v4SPD16_eabi.lib : memory.c.obj (.text:free_list_insert)
                  00003fac    00000028                                   : lseek.c.obj (.text:lseek)
                  00003fd4    00000028                                   : write.c.obj (.text:write)
                  00003ffc    00000020                                   : memchr.c.obj (.text:memchr)
                  0000401c    0000001c                                   : copy_zero_init.c.obj (.text:decompress:ZI:__TI_zero_init_nomemset:__TI_zero_init_nomemset)
                  00004038    0000001c                                   : memory.c.obj (.text:free_list_remove)
                  00004054    0000001c                                   : memccpy.c.obj (.text:memccpy)
                  00004070    0000001a                                   : s_copysign.c.obj (.text:copysign)
                  0000408a    00000018                                   : strcmp.c.obj (.text:strcmp)
                  000040a2    00000016                                   : strchr.c.obj (.text:strchr)
                  000040b8    00000014                                   : strcpy.c.obj (.text:strcpy)
                  000040cc    00000014                                   : strlen.c.obj (.text:strlen)
                  000040e0    00000012                                   : wcslen.c.obj (.text:wcslen)
                  000040f2    00000010     msp432p4xx_driverlib.lib : interrupt.o (.text:Interrupt_disableMaster)
                  00004102    00000010                              : interrupt.o (.text:Interrupt_enableMaster)
                  00004112    0000000e     rtsv7M4_T_le_v4SPD16_eabi.lib : copy_decompress_none.c.obj (.text:decompress:none:__TI_decompress_none)
                  00004120    0000000c     msp432p4xx_driverlib.lib : cpu.o (.text:CPU_cpsid)
                  0000412c    0000000c                              : cpu.o (.text:CPU_cpsie)
                  00004138    0000000c                              : flash.o (.text:FlashCtl_disableWordProgramming)
                  00004144    0000000c                              : flash.o (.text:FlashCtl_getInterruptStatus)
                  00004150    0000000c     startup_msp432p401r_ccs.obj (.text:Reset_Handler)
                  0000415c    0000000c     msp432p4xx_driverlib.lib : sysctl.o (.text:SysCtl_getFlashSize)
                  00004168    0000000a                              : cpu.o (.text:CPU_primask)
                  00004172    00000002     --HOLE-- [fill = 0]
                  00004174    00000008     rtsv7M4_T_le_v4SPD16_eabi.lib : errno.c.obj (.text:__aeabi_errno_addr)
                  0000417c    00000008                                   : memory.c.obj (.text:malloc)
                  00004184    00000004                                   : printf.c.obj (.text:_outc)
                  00004188    00000004                                   : printf.c.obj (.text:_outs)
                  0000418c    00000004                                   : pre_init.c.obj (.text:_system_pre_init)
                  00004190    00000004                                   : exit.c.obj (.text:abort:abort)

.const     0    00004194    00000108     
                  00004194    00000101     rtsv7M4_T_le_v4SPD16_eabi.lib : ctype.c.obj (.const:.string:_ctypes_)
                  00004295    00000003     --HOLE-- [fill = 0]
                  00004298    00000004     main.obj (.const:counter)

.cinit     0    000042a0    000000c0     
                  000042a0    0000009c     (.cinit..data.load) [load image, compression = lzss]
                  0000433c    0000000c     (__TI_handler_table)
                  00004348    00000008     (.cinit..bss.load) [load image, compression = zero_init]
                  00004350    00000010     (__TI_cinit_table)

.init_array 
*          0    00000000    00000000     UNINITIALIZED

.binit     0    00000000    00000000     

.sysmem    0    20000000    00000800     UNINITIALIZED
                  20000000    00000010     rtsv7M4_T_le_v4SPD16_eabi.lib : memory.c.obj (.sysmem)
                  20000010    000007f0     --HOLE--

.data      0    20000800    0000022c     UNINITIALIZED
                  20000800    000000f0     rtsv7M4_T_le_v4SPD16_eabi.lib : defs.c.obj (.data:_ftable)
                  200008f0    00000078                                   : host_device.c.obj (.data:_device)
                  20000968    00000050                                   : host_device.c.obj (.data:_stream)
                  200009b8    00000040     msp432p4xx_driverlib.lib : flash.o (.data:__getBurstProgramRegs)
                  200009f8    00000010     rtsv7M4_T_le_v4SPD16_eabi.lib : defs.c.obj (.data)
                  20000a08    0000000c                                   : exit.c.obj (.data:$O1$$)
                  20000a14    00000008                                   : _lock.c.obj (.data:$O1$$)
                  20000a1c    00000008                                   : memory.c.obj (.data:$O1$$)
                  20000a24    00000004     main.obj (.data)
                  20000a28    00000004     rtsv7M4_T_le_v4SPD16_eabi.lib : errno.c.obj (.data)

.bss       0    20000a2c    000001d0     UNINITIALIZED
                  20000a2c    00000120     rtsv7M4_T_le_v4SPD16_eabi.lib : trgmsg.c.obj (.bss:_CIOBUF_)
                  20000b4c    000000a0     (.common:__TI_tmpnams)
                  20000bec    00000008     msp432p4xx_driverlib.lib : cs.o (.bss)
                  20000bf4    00000008     (.common:parmbuf)

.stack     0    2000fe00    00000200     UNINITIALIZED
                  2000fe00    00000004     rtsv7M4_T_le_v4SPD16_eabi.lib : boot_cortex_m.c.obj (.stack)
                  2000fe04    000001fc     --HOLE--

__llvm_prf_cnts 
*          0    20000000    00000000     UNINITIALIZED

MODULE SUMMARY

       Module                        code    ro data   rw data
       ------                        ----    -------   -------
    .\
       main.obj                      1194    4         8      
       system_msp432p401r.obj        120     0         0      
    +--+-----------------------------+-------+---------+---------+
       Total:                        1314    4         8      
                                                              
    .\ccs\
       startup_msp432p401r_ccs.obj   14      228       0      
    +--+-----------------------------+-------+---------+---------+
       Total:                        14      228       0      
                                                              
    C:/ti/simplelink_msp432p4_sdk_3_40_01_02/source/ti/devices/msp432p4xx/driverlib/ccs/msp432p4xx_driverlib.lib
       flash.o                       3322    0         128    
       cs.o                          818     0         16     
       sysctl_a.o                    148     0         0      
       sysctl.o                      140     0         0      
       cpu.o                         34      0         0      
       interrupt.o                   32      0         0      
    +--+-----------------------------+-------+---------+---------+
       Total:                        4494    0         144    
                                                              
    C:\Software\ti\ccs1040\ccs\tools\compiler\ti-cgt-arm_20.2.5.LTS\lib\rtsv7M4_T_le_v4SPD16_eabi.lib
       _printfi.c.obj                4851    0         0      
       defs.c.obj                    0       0         832    
       memory.c.obj                  672     0         16     
       trgmsg.c.obj                  108     0         576    
       fd_add_t2.asm.obj             438     0         0      
       host_device.c.obj             0       0         400    
       fd_div_t2.asm.obj             310     0         0      
       fputs.c.obj                   276     0         0      
       s_scalbn.c.obj                272     0         0      
       fd_cmp_t2.asm.obj             268     0         0      
       ctype.c.obj                   0       257       0      
       fd_mul_t2.asm.obj             252     0         0      
       setvbuf.c.obj                 220     0         0      
       memcpy_t2.asm.obj             156     0         0      
       ull_div_t2.asm.obj            150     0         0      
       fputc.c.obj                   140     0         0      
       memset_t2.asm.obj             122     0         0      
       fclose.c.obj                  116     0         0      
       getdevice.c.obj               116     0         0      
       hostopen.c.obj                96      0         16     
       printf.c.obj                  112     0         0      
       hostrename.c.obj              108     0         0      
       copy_decompress_lzss.c.obj    104     0         0      
       hostlseek.c.obj               104     0         0      
       exit.c.obj                    76      0         24     
       fseek.c.obj                   100     0         0      
       s_frexp.c.obj                 100     0         0      
       _io_perm.c.obj                98      0         0      
       close.c.obj                   92      0         0      
       hostread.c.obj                88      0         0      
       hostwrite.c.obj               88      0         0      
       _ltoa.c.obj                   84      0         0      
       atoi.c.obj                    76      0         0      
       fflush.c.obj                  76      0         0      
       fd_toi_t2.asm.obj             72      0         0      
       autoinit.c.obj                68      0         0      
       hostclose.c.obj               68      0         0      
       hostunlink.c.obj              68      0         0      
       strncpy.c.obj                 54      0         0      
       boot_cortex_m.c.obj           52      0         0      
       fopen.c.obj                   52      0         0      
       i_tofd_t2.asm.obj             46      0         0      
       unlink.c.obj                  44      0         0      
       lseek.c.obj                   40      0         0      
       write.c.obj                   40      0         0      
       memchr.c.obj                  32      0         0      
       copy_zero_init.c.obj          28      0         0      
       memccpy.c.obj                 28      0         0      
       s_copysign.c.obj              26      0         0      
       strcmp.c.obj                  24      0         0      
       strchr.c.obj                  22      0         0      
       strcpy.c.obj                  20      0         0      
       strlen.c.obj                  20      0         0      
       _lock.c.obj                   2       0         16     
       wcslen.c.obj                  18      0         0      
       errno.c.obj                   8       0         8      
       copy_decompress_none.c.obj    14      0         0      
       pre_init.c.obj                4       0         0      
       div0.asm.obj                  2       0         0      
    +--+-----------------------------+-------+---------+---------+
       Total:                        10721   257       1888   
                                                              
       Heap:                         0       0         4096   
       Stack:                        0       0         1024   
       Linker Generated:             0       192       0      
    +--+-----------------------------+-------+---------+---------+
       Grand Total:                  16543   681       7160   


LINKER GENERATED COPY TABLES

__TI_cinit_table @ 00004350 records: 2, size/record: 8, table size: 16
	.data: load addr=000042a0, load size=0000009c bytes, run addr=20000800, run size=0000022c bytes, compression=lzss
	.bss: load addr=00004348, load size=00000008 bytes, run addr=20000a2c, run size=000001d0 bytes, compression=zero_init


LINKER GENERATED HANDLER TABLE

__TI_handler_table @ 0000433c records: 3, size/record: 4, table size: 12
	index: 0, handler: __TI_decompress_lzss
	index: 1, handler: __TI_decompress_none
	index: 2, handler: __TI_zero_init


GLOBAL SYMBOLS: SORTED ALPHABETICALLY BY Name 

address   name                             
-------   ----                             
00000b33  ADC14_IRQHandler                 
00000b33  AES256_IRQHandler                
00000b33  BusFault_Handler                 
00004191  C$$EXIT                          
00003dc3  C$$IO$$                          
00000b33  COMP_E0_IRQHandler               
00000b33  COMP_E1_IRQHandler               
00004121  CPU_cpsid                        
0000412d  CPU_cpsie                        
00004169  CPU_primask                      
00000b33  CS_IRQHandler                    
00003ea1  CS_clearInterruptFlag            
0000237d  CS_getDCOFrequency               
00003f5d  CS_getMCLK                       
00000b33  DMA_ERR_IRQHandler               
00000b33  DMA_INT0_IRQHandler              
00000b33  DMA_INT1_IRQHandler              
00000b33  DMA_INT2_IRQHandler              
00000b33  DMA_INT3_IRQHandler              
00000b33  DebugMon_Handler                 
00000b33  Default_Handler                  
00000b33  EUSCIA0_IRQHandler               
00000b33  EUSCIA1_IRQHandler               
00000b33  EUSCIA2_IRQHandler               
00000b33  EUSCIA3_IRQHandler               
00000b33  EUSCIB0_IRQHandler               
00000b33  EUSCIB1_IRQHandler               
00000b33  EUSCIB2_IRQHandler               
00000b33  EUSCIB3_IRQHandler               
00000b33  FLCTL_IRQHandler                 
00000b33  FPU_IRQHandler                   
00003995  FlashCtl_clearProgramVerification
00004139  FlashCtl_disableWordProgramming  
00003ced  FlashCtl_enableWordProgramming   
00004145  FlashCtl_getInterruptStatus      
00003d25  FlashCtl_getReadMode             
00003d5d  FlashCtl_getWaitState            
000030c9  FlashCtl_isSectorProtected       
000016f9  FlashCtl_programMemory           
000039e1  FlashCtl_setProgramVerification  
00003141  FlashCtl_setReadMode             
00003ac5  FlashCtl_setWaitState            
000031b9  FlashCtl_unprotectSector         
00003b9d  HOSTclose                        
00003469  HOSTlseek                        
0000372d  HOSTopen                         
000037e9  HOSTread                         
000033fd  HOSTrename                       
00003be1  HOSTunlink                       
00003841  HOSTwrite                        
00000b33  HardFault_Handler                
000040f3  Interrupt_disableMaster          
00004103  Interrupt_enableMaster           
00000b33  MemManage_Handler                
00000b33  NMI_Handler                      
00000b33  PCM_IRQHandler                   
00000b33  PORT1_IRQHandler                 
00000b33  PORT2_IRQHandler                 
00000b33  PORT3_IRQHandler                 
00000b33  PORT4_IRQHandler                 
00000b33  PORT5_IRQHandler                 
00000b33  PORT6_IRQHandler                 
00000b33  PSS_IRQHandler                   
00000b33  PendSV_Handler                   
00000b33  RTC_C_IRQHandler                 
00004151  Reset_Handler                    
00000b33  SVC_Handler                      
00002c15  SysCtl_A_getTLVInfo              
0000415d  SysCtl_getFlashSize              
00002f51  SysCtl_getTLVInfo                
00000b33  SysTick_Handler                  
00003231  SystemInit                       
00000b33  T32_INT1_IRQHandler              
00000b33  T32_INT2_IRQHandler              
00000b33  T32_INTC_IRQHandler              
00000b33  TA0_0_IRQHandler                 
00000b33  TA0_N_IRQHandler                 
00000b33  TA1_0_IRQHandler                 
00000b33  TA1_N_IRQHandler                 
00000b33  TA2_0_IRQHandler                 
00000b33  TA2_N_IRQHandler                 
00000b33  TA3_0_IRQHandler                 
00000b33  TA3_N_IRQHandler                 
00000b33  UsageFault_Handler               
4000480c  WDTCTL_SYM                       
00000b33  WDT_A_IRQHandler                 
20000a2c  __CIOBUF_                        
00001c05  __FlashCtl_remaskBurstDataPost   
00001ad1  __FlashCtl_remaskBurstDataPre    
0000270d  __FlashCtl_remaskData32Post      
00002635  __FlashCtl_remaskData32Pre       
00002ecd  __FlashCtl_remaskData8Post       
00002ca9  __FlashCtl_remaskData8Pre        
20010000  __STACK_END                      
00000200  __STACK_SIZE                     
00000800  __SYSMEM_SIZE                    
00004350  __TI_CINIT_Base                  
00004360  __TI_CINIT_Limit                 
0000433c  __TI_Handler_Table_Base          
00004348  __TI_Handler_Table_Limit         
00003c25  __TI_auto_init_nobinit_nopinit   
00003e05  __TI_cleanup                     
20000a08  __TI_cleanup_ptr                 
000032a9  __TI_closefile                   
000034d1  __TI_decompress_lzss             
00004113  __TI_decompress_none             
00003a2d  __TI_doflush                     
20000a0c  __TI_dtors_ptr                   
20000a10  __TI_enable_exit_profile_output  
200009f8  __TI_ft_end                      
000038ef  __TI_ltoa                        
ffffffff  __TI_pprof_out_hndl              
000000e5  __TI_printfi                     
ffffffff  __TI_prof_data_size              
ffffffff  __TI_prof_data_start             
00003e39  __TI_readmsg                     
00000000  __TI_static_base__               
20000b4c  __TI_tmpnams                     
00003d95  __TI_writemsg                    
000036cb  __TI_wrt_ok                      
0000401d  __TI_zero_init_nomemset          
00002dc1  __aeabi_cdcmpeq                  
00002dc1  __aeabi_cdcmple                  
00002e47  __aeabi_cdrcmple                 
00003b55  __aeabi_d2iz                     
000013af  __aeabi_dadd                     
00001999  __aeabi_ddiv                     
00002281  __aeabi_dmul                     
000013a5  __aeabi_dsub                     
00004175  __aeabi_errno_addr               
00003f01  __aeabi_i2d                      
0000155b  __aeabi_idiv0                    
0000155b  __aeabi_ldiv0                    
0000304d  __aeabi_memclr                   
0000304d  __aeabi_memclr4                  
0000304d  __aeabi_memclr8                  
00002ae3  __aeabi_memcpy                   
00002ae3  __aeabi_memcpy4                  
00002ae3  __aeabi_memcpy8                  
0000304f  __aeabi_memset                   
0000304f  __aeabi_memset4                  
0000304f  __aeabi_memset8                  
20000a04  __aeabi_stderr                   
200009fc  __aeabi_stdin                    
20000a00  __aeabi_stdout                   
00002b7f  __aeabi_uldivmod                 
ffffffff  __binit__                        
ffffffff  __c_args__                       
UNDEFED   __mpu_init                       
2000fe00  __stack                          
20000000  __start___llvm_prf_cnts          
20000000  __stop___llvm_prf_cnts           
00003e6d  _c_int00_noargs                  
00004194  _ctypes_                         
200008f0  _device                          
20000800  _ftable                          
20000a14  _lock                            
00000fe7  _nop                             
20000968  _stream                          
20000000  _sys_memory                      
UNDEFED   _system_post_cinit               
0000418d  _system_pre_init                 
20000a18  _unlock                          
00004191  abort                            
00002181  aligned_alloc                    
00003a79  atoi                             
ffffffff  binit                            
0000378d  close                            
00004071  copysign                         
00004071  copysignl                        
20000a24  countdown                        
00004298  counter                          
000027e1  delay_ms                         
20000a28  errno                            
00003b0d  exit                             
00003ed1  finddevice                       
00002d35  fputc                            
00001e59  fputs                            
00002475  free                             
000035a1  frexp                            
000035a1  frexpl                           
00003605  fseek                            
00000da5  get_flash_bank_sector            
00003c69  getdevice                        
00000000  interruptVectors                 
00001f6d  ldexp                            
00001f6d  ldexpl                           
00003fad  lseek                            
0000155d  main                             
0000417d  malloc                           
00002181  memalign                         
00004055  memccpy                          
00003ffd  memchr                           
00002ae3  memcpy                           
00003055  memset                           
20000bf4  parmbuf                          
00003539  printf                           
00002d35  putc                             
00003f31  remove                           
00001f6d  scalbn                           
00001f6d  scalbnl                          
00002559  setvbuf                          
000040a3  strchr                           
0000408b  strcmp                           
000040b9  strcpy                           
000040cd  strlen                           
00003dcd  strncpy                          
00003f31  unlink                           
000040e1  wcslen                           
00003fd5  write                            


GLOBAL SYMBOLS: SORTED BY Symbol Address 

address   name                             
-------   ----                             
00000000  __TI_static_base__               
00000000  interruptVectors                 
000000e5  __TI_printfi                     
00000200  __STACK_SIZE                     
00000800  __SYSMEM_SIZE                    
00000b33  ADC14_IRQHandler                 
00000b33  AES256_IRQHandler                
00000b33  BusFault_Handler                 
00000b33  COMP_E0_IRQHandler               
00000b33  COMP_E1_IRQHandler               
00000b33  CS_IRQHandler                    
00000b33  DMA_ERR_IRQHandler               
00000b33  DMA_INT0_IRQHandler              
00000b33  DMA_INT1_IRQHandler              
00000b33  DMA_INT2_IRQHandler              
00000b33  DMA_INT3_IRQHandler              
00000b33  DebugMon_Handler                 
00000b33  Default_Handler                  
00000b33  EUSCIA0_IRQHandler               
00000b33  EUSCIA1_IRQHandler               
00000b33  EUSCIA2_IRQHandler               
00000b33  EUSCIA3_IRQHandler               
00000b33  EUSCIB0_IRQHandler               
00000b33  EUSCIB1_IRQHandler               
00000b33  EUSCIB2_IRQHandler               
00000b33  EUSCIB3_IRQHandler               
00000b33  FLCTL_IRQHandler                 
00000b33  FPU_IRQHandler                   
00000b33  HardFault_Handler                
00000b33  MemManage_Handler                
00000b33  NMI_Handler                      
00000b33  PCM_IRQHandler                   
00000b33  PORT1_IRQHandler                 
00000b33  PORT2_IRQHandler                 
00000b33  PORT3_IRQHandler                 
00000b33  PORT4_IRQHandler                 
00000b33  PORT5_IRQHandler                 
00000b33  PORT6_IRQHandler                 
00000b33  PSS_IRQHandler                   
00000b33  PendSV_Handler                   
00000b33  RTC_C_IRQHandler                 
00000b33  SVC_Handler                      
00000b33  SysTick_Handler                  
00000b33  T32_INT1_IRQHandler              
00000b33  T32_INT2_IRQHandler              
00000b33  T32_INTC_IRQHandler              
00000b33  TA0_0_IRQHandler                 
00000b33  TA0_N_IRQHandler                 
00000b33  TA1_0_IRQHandler                 
00000b33  TA1_N_IRQHandler                 
00000b33  TA2_0_IRQHandler                 
00000b33  TA2_N_IRQHandler                 
00000b33  TA3_0_IRQHandler                 
00000b33  TA3_N_IRQHandler                 
00000b33  UsageFault_Handler               
00000b33  WDT_A_IRQHandler                 
00000da5  get_flash_bank_sector            
00000fe7  _nop                             
000013a5  __aeabi_dsub                     
000013af  __aeabi_dadd                     
0000155b  __aeabi_idiv0                    
0000155b  __aeabi_ldiv0                    
0000155d  main                             
000016f9  FlashCtl_programMemory           
00001999  __aeabi_ddiv                     
00001ad1  __FlashCtl_remaskBurstDataPre    
00001c05  __FlashCtl_remaskBurstDataPost   
00001e59  fputs                            
00001f6d  ldexp                            
00001f6d  ldexpl                           
00001f6d  scalbn                           
00001f6d  scalbnl                          
00002181  aligned_alloc                    
00002181  memalign                         
00002281  __aeabi_dmul                     
0000237d  CS_getDCOFrequency               
00002475  free                             
00002559  setvbuf                          
00002635  __FlashCtl_remaskData32Pre       
0000270d  __FlashCtl_remaskData32Post      
000027e1  delay_ms                         
00002ae3  __aeabi_memcpy                   
00002ae3  __aeabi_memcpy4                  
00002ae3  __aeabi_memcpy8                  
00002ae3  memcpy                           
00002b7f  __aeabi_uldivmod                 
00002c15  SysCtl_A_getTLVInfo              
00002ca9  __FlashCtl_remaskData8Pre        
00002d35  fputc                            
00002d35  putc                             
00002dc1  __aeabi_cdcmpeq                  
00002dc1  __aeabi_cdcmple                  
00002e47  __aeabi_cdrcmple                 
00002ecd  __FlashCtl_remaskData8Post       
00002f51  SysCtl_getTLVInfo                
0000304d  __aeabi_memclr                   
0000304d  __aeabi_memclr4                  
0000304d  __aeabi_memclr8                  
0000304f  __aeabi_memset                   
0000304f  __aeabi_memset4                  
0000304f  __aeabi_memset8                  
00003055  memset                           
000030c9  FlashCtl_isSectorProtected       
00003141  FlashCtl_setReadMode             
000031b9  FlashCtl_unprotectSector         
00003231  SystemInit                       
000032a9  __TI_closefile                   
000033fd  HOSTrename                       
00003469  HOSTlseek                        
000034d1  __TI_decompress_lzss             
00003539  printf                           
000035a1  frexp                            
000035a1  frexpl                           
00003605  fseek                            
000036cb  __TI_wrt_ok                      
0000372d  HOSTopen                         
0000378d  close                            
000037e9  HOSTread                         
00003841  HOSTwrite                        
000038ef  __TI_ltoa                        
00003995  FlashCtl_clearProgramVerification
000039e1  FlashCtl_setProgramVerification  
00003a2d  __TI_doflush                     
00003a79  atoi                             
00003ac5  FlashCtl_setWaitState            
00003b0d  exit                             
00003b55  __aeabi_d2iz                     
00003b9d  HOSTclose                        
00003be1  HOSTunlink                       
00003c25  __TI_auto_init_nobinit_nopinit   
00003c69  getdevice                        
00003ced  FlashCtl_enableWordProgramming   
00003d25  FlashCtl_getReadMode             
00003d5d  FlashCtl_getWaitState            
00003d95  __TI_writemsg                    
00003dc3  C$$IO$$                          
00003dcd  strncpy                          
00003e05  __TI_cleanup                     
00003e39  __TI_readmsg                     
00003e6d  _c_int00_noargs                  
00003ea1  CS_clearInterruptFlag            
00003ed1  finddevice                       
00003f01  __aeabi_i2d                      
00003f31  remove                           
00003f31  unlink                           
00003f5d  CS_getMCLK                       
00003fad  lseek                            
00003fd5  write                            
00003ffd  memchr                           
0000401d  __TI_zero_init_nomemset          
00004055  memccpy                          
00004071  copysign                         
00004071  copysignl                        
0000408b  strcmp                           
000040a3  strchr                           
000040b9  strcpy                           
000040cd  strlen                           
000040e1  wcslen                           
000040f3  Interrupt_disableMaster          
00004103  Interrupt_enableMaster           
00004113  __TI_decompress_none             
00004121  CPU_cpsid                        
0000412d  CPU_cpsie                        
00004139  FlashCtl_disableWordProgramming  
00004145  FlashCtl_getInterruptStatus      
00004151  Reset_Handler                    
0000415d  SysCtl_getFlashSize              
00004169  CPU_primask                      
00004175  __aeabi_errno_addr               
0000417d  malloc                           
0000418d  _system_pre_init                 
00004191  C$$EXIT                          
00004191  abort                            
00004194  _ctypes_                         
00004298  counter                          
0000433c  __TI_Handler_Table_Base          
00004348  __TI_Handler_Table_Limit         
00004350  __TI_CINIT_Base                  
00004360  __TI_CINIT_Limit                 
20000000  __start___llvm_prf_cnts          
20000000  __stop___llvm_prf_cnts           
20000000  _sys_memory                      
20000800  _ftable                          
200008f0  _device                          
20000968  _stream                          
200009f8  __TI_ft_end                      
200009fc  __aeabi_stdin                    
20000a00  __aeabi_stdout                   
20000a04  __aeabi_stderr                   
20000a08  __TI_cleanup_ptr                 
20000a0c  __TI_dtors_ptr                   
20000a10  __TI_enable_exit_profile_output  
20000a14  _lock                            
20000a18  _unlock                          
20000a24  countdown                        
20000a28  errno                            
20000a2c  __CIOBUF_                        
20000b4c  __TI_tmpnams                     
20000bf4  parmbuf                          
2000fe00  __stack                          
20010000  __STACK_END                      
4000480c  WDTCTL_SYM                       
ffffffff  __TI_pprof_out_hndl              
ffffffff  __TI_prof_data_size              
ffffffff  __TI_prof_data_start             
ffffffff  __binit__                        
ffffffff  __c_args__                       
ffffffff  binit                            
UNDEFED   __mpu_init                       
UNDEFED   _system_post_cinit               

[210 symbols]
