******************************************************************************
                  TI ARM Linker PC v20.2.5                     
******************************************************************************
>> Linked Sat Nov 26 15:41:52 2022

OUTPUT FILE NAME:   <hello_MSP_EXP432P401R_tirtos_ccs.out>
ENTRY POINT SYMBOL: "_c_int00"  address: 00003831


MEMORY CONFIGURATION

         name            origin    length      used     unused   attr    fill
----------------------  --------  ---------  --------  --------  ----  --------
  MAIN                  00000000   00040000  000074ca  00038b36  R  X
  INFO                  00200000   00004000  00000000  00004000  R  X
  SRAM_CODE             01000000   00010000  0000a1b8  00005e48  RW X
  SRAM_DATA             20000000   00010000  0000a1b8  00005e48  RW  


SEGMENT ALLOCATION MAP

run origin  load origin   length   init length attrs members
----------  ----------- ---------- ----------- ----- -------
00000000    00000000    000074d0   000074d0    r-x
  00000000    00000000    0000003c   0000003c    r-- .resetVecs
  00000040    00000040    000054ea   000054ea    r-x .text
  0000552c    0000552c    00001d84   00001d84    r-- .const
  000072b0    000072b0    00000220   00000220    r-- .cinit
20000140    20000140    00008000   00000000    r--
  20000140    20000140    00008000   00000000    r-- .priheap
20008140    20008140    00001c78   00000000    rw-
  20008140    20008140    00001710   00000000    rw- .bss
  20009850    20009850    00000568   00000000    rw- .data
2000fc00    2000fc00    00000400   00000000    rw-
  2000fc00    2000fc00    00000400   00000000    rw- .stack


SECTION ALLOCATION MAP

 output                                  attributes/
section   page    origin      length       input sections
--------  ----  ----------  ----------   ----------------
.text      0    00000040    000054ea     
                  00000040    00000430     sysbios.aem4f : BIOS.obj (.text:ti_sysbios_family_arm_m3_Hwi_excDumpRegs__I)
                  00000470    00000340     ti.targets.arm.rtsarm.aem4f : System.oem4f (.text:xdc_runtime_System_doPrint__I)
                  000007b0    000002f8     drivers_msp432p401x.aem4f : PowerMSP432.oem4f (.text:Power_sleep)
                  00000aa8    0000028a     msp432p4xx_driverlib.lib : pcm.o (.text:__PCM_setPowerStateAdvanced)
                  00000d32    00000002     ti_drivers_config.obj (.text:Board_initHook)
                  00000d34    00000288     drivers_msp432p401x.aem4f : PowerMSP432.oem4f (.text:initPerfControl)
                  00000fbc    00000004     msp432p4xx_driverlib.lib : cpu.o (.text:CPU_wfi)
                  00000fc0    00000174     sysbios.aem4f : BIOS.obj (.text:ti_sysbios_family_arm_m3_Hwi_excBusFault__I)
                  00001134    00000004     rtsv7M4_T_le_v4SPD16_eabi.lib : exit.c.obj (.text:abort:abort)
                  00001138    00000164     sysbios.aem4f : BIOS.obj (.text:ti_sysbios_family_arm_m3_Hwi_excUsageFault__I)
                  0000129c    0000015c     msp432p4xx_driverlib.lib : pcm.o (.text:__PCM_setPowerModeAdvanced)
                  000013f8    00000148     sysbios.aem4f : BIOS.obj (.text:ti_sysbios_family_arm_m3_Hwi_excMemFault__I)
                  00001540    00000138                   : BIOS.obj (.text:ti_sysbios_knl_Semaphore_pend__E)
                  00001678    00000108     msp432p4xx_driverlib.lib : pcm.o (.text:__PCM_setCoreVoltageLevelAdvanced)
                  00001780    00000108     sysbios.aem4f : BIOS.obj (.text:ti_sysbios_family_arm_m3_Hwi_excFillContext__I)
                  00001888    00000108                   : BIOS.obj (.text:ti_sysbios_family_arm_m3_Hwi_excHandlerMax__I)
                  00001990    00000106     hello_pem4f.oem4f (.text:xdc_runtime_System_printfExtend__I)
                  00001a96    00000002     dpl_msp432p401x.aem4f : PowerMSP432_tirtos.oem4f (.text:PowerMSP432_initPolicy)
                  00001a98    000000fc     ti.targets.arm.rtsarm.aem4f : Startup.oem4f (.text:xdc_runtime_Startup_startMods__I)
                  00001b94    000000f0     sysbios.aem4f : m3_Hwi_asm.obj (.text:ti_sysbios_family_arm_m3_Hwi_dispatch__I)
                  00001c84    000000e8     ti.targets.arm.rtsarm.aem4f : Core-mem.oem4f (.text:xdc_runtime_Core_createObject__I)
                  00001d6c    000000e8                                 : Error.oem4f (.text:xdc_runtime_Error_policyDefault__E)
                  00001e54    000000e4     msp432p4xx_driverlib.lib : cs.o (.text:CS_startHFXTWithTimeout)
                  00001f38    000000e0                              : cs.o (.text:CS_startLFXTWithTimeout)
                  00002018    000000dc                              : cs.o (.text:_CSGetHFXTFrequency)
                  000020f4    000000cc     ti.targets.arm.rtsarm.aem4f : Core-smem.oem4f (.text:xdc_runtime_Core_constructObject__I)
                  000021c0    000000c8     sysbios.aem4f : BIOS.obj (.text:ti_sysbios_family_arm_msp432_init_Boot_setupCS)
                  00002288    000000c8                   : BIOS.obj (.text:ti_sysbios_knl_Task_sleep__E)
                  00002350    000000c0                   : BIOS.obj (.text:ti_sysbios_knl_Task_Instance_init__E)
                  00002410    000000bc                   : BIOS.obj (.text:ti_sysbios_family_arm_m3_Hwi_excDebugMon__I)
                  000024cc    00000004     hello_pem4f.oem4f (.text:ti_sysbios_BIOS_RtsGateProxy_enter__E)
                  000024d0    000000bc     sysbios.aem4f : BIOS.obj (.text:ti_sysbios_family_arm_m3_Hwi_excHardFault__I)
                  0000258c    00000004     hello_pem4f.oem4f (.text:ti_sysbios_BIOS_RtsGateProxy_leave__E)
                  00002590    000000bc     sysbios.aem4f : BIOS.obj (.text:ti_sysbios_knl_Task_Instance_finalize__E)
                  0000264c    00000004     hello_pem4f.oem4f (.text:ti_sysbios_family_arm_m3_TaskSupport_Module__startupDone__S)
                  00002650    000000b4     sysbios.aem4f : BIOS.obj (.text:ti_sysbios_knl_Task_checkStacks__E)
                  00002704    00000004     hello_pem4f.oem4f (.text:ti_sysbios_heaps_HeapMem_Module_GateProxy_enter__E)
                  00002708    000000ac     sysbios.aem4f : BIOS.obj (.text:ti_sysbios_family_arm_m3_Hwi_Instance_init__E)
                  000027b4    00000004     hello_pem4f.oem4f (.text:ti_sysbios_heaps_HeapMem_Module_GateProxy_leave__E)
                  000027b8    000000a8     sysbios.aem4f : BIOS.obj (.text:ti_sysbios_family_arm_msp432_Timer_periodicStub__E)
                  00002860    000000a2     ti.targets.arm.rtsarm.aem4f : Text.oem4f (.text:xdc_runtime_Text_putSite__E)
                  00002902    00000002     rtsv7M4_T_le_v4SPD16_eabi.lib : _lock.c.obj (.text:_nop)
                  00002904    000000a0     auto_init.aem4f : auto_init.oem4f (.text)
                  000029a4    0000009c     drivers_msp432p401x.aem4f : PowerMSP432.oem4f (.text:Power_init)
                  00002a40    0000009c     rtsv7M4_T_le_v4SPD16_eabi.lib : memcpy_t2.asm.obj (.text)
                  00002adc    00000004     hello_pem4f.oem4f (.text:ti_sysbios_knl_Clock_TimerProxy_getMaxTicks__E)
                  00002ae0    00000094     sysbios.aem4f : BIOS.obj (.text:ti_sysbios_family_arm_m3_Hwi_initNVIC__E)
                  00002b74    0000008c                   : m3_TaskSupport_asm.obj (.text:ti_sysbios_family_arm_m3_TaskSupport_buildTaskStack)
                  00002c00    0000008c                   : BIOS.obj (.text:ti_sysbios_knl_Task_postInit__I)
                  00002c8c    00000084     msp432p4xx_driverlib.lib : pcm.o (.text:PCM_gotoLPM3)
                  00002d10    00000084     drivers_msp432p401x.aem4f : PowerMSP432.oem4f (.text:restartHFXT)
                  00002d94    00000004     ti.targets.arm.rtsarm.aem4f : Error.oem4f (.text:xdc_runtime_Error_getSite__E)
                  00002d98    00000084     sysbios.aem4f : BIOS.obj (.text:ti_sysbios_family_arm_m3_Hwi_postInit__I)
                  00002e1c    00000004     hello_pem4f.oem4f (.text:xdc_runtime_System_Module_GateProxy_enter__E)
                  00002e20    00000084     sysbios.aem4f : BIOS.obj (.text:ti_sysbios_heaps_HeapMem_free__E)
                  00002ea4    00000004     hello_pem4f.oem4f (.text:xdc_runtime_System_Module_GateProxy_leave__E)
                  00002ea8    00000080     sysbios.aem4f : BIOS.obj (.text:ti_sysbios_knl_Clock_workFunc__E)
                  00002f28    0000007a     rtsv7M4_T_le_v4SPD16_eabi.lib : memset_t2.asm.obj (.text)
                  00002fa2    00000006     ti.targets.arm.rtsarm.aem4f : System.oem4f (.text:xdc_runtime_System_Module_startup__E)
                  00002fa8    0000007a     sysbios.aem4f : BIOS.obj (.text:ti_sysbios_heaps_HeapMem_allocUnprotected__E)
                  00003022    00000004     ti.targets.arm.rtsarm.aem4f : System.oem4f (.text:xdc_runtime_System_aprintf_va__F)
                  00003026    00000002     rtsv7M4_T_le_v4SPD16_eabi.lib : div0.asm.obj (.text)
                  00003028    00000078     sysbios.aem4f : BIOS.obj (.text:ti_sysbios_heaps_HeapMem_initPrimary__I)
                  000030a0    00000074     ti.targets.arm.rtsarm.aem4f : Error.oem4f (.text:xdc_runtime_Error_print__E)
                  00003114    00000074                                 : Text.oem4f (.text:xdc_runtime_Text_putMod__E)
                  00003188    00000070     sysbios.aem4f : BIOS.obj (.text:ti_sysbios_knl_Task_exit__E)
                  000031f8    00000070     ti.targets.arm.rtsarm.aem4f : Memory.oem4f (.text:xdc_runtime_Memory_alloc__E)
                  00003268    0000006d                                 : System.oem4f (.text:xdc_runtime_System_formatNum__I)
                  000032d5    00000001     --HOLE-- [fill = 0]
                  000032d6    00000002     hello_pem4f.oem4f (.text:ti_sysbios_BIOS_nullFunc__I)
                  000032d8    0000006c     sysbios.aem4f : BIOS.obj (.text:ti_sysbios_knl_Swi_restoreHwi__E)
                  00003344    00000068     rtsv7M4_T_le_v4SPD16_eabi.lib : copy_decompress_lzss.c.obj (.text:decompress:lzss:__TI_decompress_lzss)
                  000033ac    00000066     ti.targets.arm.rtsarm.aem4f : Core-mem.oem4f (.text:xdc_runtime_Core_deleteObject__I)
                  00003412    00000004                                 : System.oem4f (.text:xdc_runtime_System_printf_va__F)
                  00003416    00000002     --HOLE-- [fill = 0]
                  00003418    00000064     sysbios.aem4f : BIOS.obj (.text:ti_sysbios_family_arm_m3_Hwi_dispatchC__I)
                  0000347c    00000004     --HOLE-- [fill = 0]
                  00003480    00000060                   : BIOS.obj (.text:ti_sysbios_knl_Semaphore_post__E)
                  000034e0    00000060                   : BIOS.obj (.text:ti_sysbios_knl_Task_schedule__I)
                  00003540    0000005f     ti.targets.arm.rtsarm.aem4f : Text.oem4f (.text:xdc_runtime_Text_putLab__E)
                  0000359f    00000001     --HOLE-- [fill = 0]
                  000035a0    0000005e     msp432p4xx_driverlib.lib : pcm.o (.text:PCM_getCoreVoltageLevel)
                  000035fe    00000002     --HOLE-- [fill = 0]
                  00003600    0000005c     sysbios.aem4f : BIOS.obj (.text:ti_sysbios_knl_Swi_run__I)
                  0000365c    00000004     --HOLE-- [fill = 0]
                  00003660    0000005c                   : BIOS.obj (.text:ti_sysbios_knl_Swi_schedule__I)
                  000036bc    00000004     --HOLE-- [fill = 0]
                  000036c0    0000005c                   : BIOS.obj (.text:ti_sysbios_knl_Task_Module_startup__E)
                  0000371c    00000004     --HOLE-- [fill = 0]
                  00003720    0000005c                   : BIOS.obj (.text:ti_sysbios_knl_Task_startCore__E)
                  0000377c    0000005a     msp432p4xx_driverlib.lib : pcm.o (.text:PCM_getPowerMode)
                  000037d6    00000002     --HOLE-- [fill = 0]
                  000037d8    00000058     rtsv7M4_T_le_v4SPD16_eabi.lib : hostwrite.c.obj (.text:HOSTwrite)
                  00003830    00000058     boot.aem4f : boot.oem4f (.text)
                  00003888    00000058     hello.obj (.text:main)
                  000038e0    00000058     sysbios.aem4f : m3_Hwi_asm_switch.obj (.text:ti_sysbios_family_arm_m3_Hwi_initStacks__E)
                  00003938    00000058                   : BIOS.obj (.text:ti_sysbios_heaps_HeapMem_alloc__E)
                  00003990    00000054     msp432p4xx_driverlib.lib : pcm.o (.text:PCM_shutdownDevice)
                  000039e4    00000054     hello_pem4f.oem4f (.text:ti_sysbios_family_arm_m3_Hwi_create)
                  00003a38    00000054     sysbios.aem4f : BIOS.obj (.text:ti_sysbios_family_arm_msp432_Timer_initDevice__I)
                  00003a8c    00000004     --HOLE-- [fill = 0]
                  00003a90    00000050                   : BIOS.obj (.text:ti_sysbios_family_arm_m3_Hwi_Module_startup__E)
                  00003ae0    00000050     ti.targets.arm.rtsarm.aem4f : Startup.oem4f (.text:xdc_runtime_Startup_exec__E)
                  00003b30    00000050                                 : Text.oem4f (.text:xdc_runtime_Text_visitRope2__I)
                  00003b80    0000004c     dpl_msp432p401x.aem4f : PowerMSP432_tirtos.oem4f (.text:PowerMSP432_sleepPolicy)
                  00003bcc    0000004c     rtsv7M4_T_le_v4SPD16_eabi.lib : cpy_tbl.c.obj (.text:copy_in)
                  00003c18    0000004c     sysbios.aem4f : BIOS.obj (.text:ti_sysbios_family_arm_msp432_Timer_start__E)
                  00003c64    00000004     --HOLE-- [fill = 0]
                  00003c68    0000004c                   : BIOS.obj (.text:ti_sysbios_heaps_HeapMem_getStats__E)
                  00003cb4    00000004     --HOLE-- [fill = 0]
                  00003cb8    0000004c                   : BIOS.obj (.text:ti_sysbios_knl_Swi_runLoop__I)
                  00003d04    00000004     --HOLE-- [fill = 0]
                  00003d08    0000004c                   : BIOS.obj (.text:ti_sysbios_knl_Task_allBlockedFunction__I)
                  00003d54    0000004c     hello_pem4f.oem4f (.text:ti_sysbios_knl_Task_construct)
                  00003da0    0000004c     ti.targets.arm.rtsarm.aem4f : Assert.oem4f (.text:xdc_runtime_Assert_raise__I)
                  00003dec    00000004     --HOLE-- [fill = 0]
                  00003df0    00000048     sysbios.aem4f : BIOS.obj (.text:ti_sysbios_family_arm_m3_Hwi_disableInterrupt__E)
                  00003e38    00000048                   : BIOS.obj (.text:ti_sysbios_family_arm_m3_Hwi_enableInterrupt__E)
                  00003e80    00000048                   : BIOS.obj (.text:ti_sysbios_family_arm_m3_Hwi_excReserved__I)
                  00003ec8    00000048     ti.targets.arm.rtsarm.aem4f : Core-params.oem4f (.text:xdc_runtime_Core_assignParams__I)
                  00003f10    00000044     sysbios.aem4f : BIOS.obj (.text:ti_sysbios_family_arm_m3_Hwi_getStackInfo__E)
                  00003f54    00000004     --HOLE-- [fill = 0]
                  00003f58    00000044                   : BIOS.obj (.text:ti_sysbios_knl_Swi_post__E)
                  00003f9c    00000044     ti.targets.arm.rtsarm.aem4f : Error.oem4f (.text:xdc_runtime_Error_setX__E)
                  00003fe0    00000044                                 : SysMin.oem4f (.text:xdc_runtime_SysMin_flush__E)
                  00004024    00000044                                 : Text.oem4f (.text:xdc_runtime_Text_xprintf__I)
                  00004068    00000040     msp432p4xx_driverlib.lib : gpio.o (.text:GPIO_setAsOutputPin)
                  000040a8    00000040     dpl_msp432p401x.aem4f : HwiP_tirtos.oem4f (.text:HwiP_create)
                  000040e8    00000040     rtsv7M4_T_le_v4SPD16_eabi.lib : u_divt2.asm.obj (.text)
                  00004128    00000040     sysbios.aem4f : BIOS.obj (.text:ti_sysbios_family_arm_msp432_Timer_Module_startup__E)
                  00004168    00000040                   : BIOS.obj (.text:ti_sysbios_family_arm_msp432_Timer_startup__E)
                  000041a8    00000040                   : BIOS.obj (.text:ti_sysbios_heaps_HeapMem_Instance_init__E)
                  000041e8    0000003c                   : BIOS.obj (.text:ti_sysbios_family_arm_m3_Hwi_Instance_finalize__E)
                  00004224    00000004     --HOLE-- [fill = 0]
                  00004228    0000003c                   : BIOS.obj (.text:ti_sysbios_family_arm_m3_Hwi_excSvCall__I)
                  00004264    00000004     --HOLE-- [fill = 0]
                  00004268    0000003c                   : BIOS.obj (.text:ti_sysbios_knl_Swi_restore__E)
                  000042a4    00000038     rtsv7M4_T_le_v4SPD16_eabi.lib : trgmsg.c.obj (.text:__TI_writemsg)
                  000042dc    00000038     drivers_msp432p401x.aem4f : PowerMSP432.oem4f (.text:notify)
                  00004314    00000004     --HOLE-- [fill = 0]
                  00004318    00000038     sysbios.aem4f : BIOS.obj (.text:ti_sysbios_family_arm_m3_Hwi_excNoIsr__I)
                  00004350    00000038     ti.targets.arm.rtsarm.aem4f : System.oem4f (.text:xdc_runtime_System_atexit__E)
                  00004388    00000034     rtsv7M4_T_le_v4SPD16_eabi.lib : trgmsg.c.obj (.text:__TI_readmsg)
                  000043bc    00000004     --HOLE-- [fill = 0]
                  000043c0    00000034     sysbios.aem4f : BIOS.obj (.text:ti_sysbios_family_arm_m3_Hwi_excNmi__I)
                  000043f4    00000004     --HOLE-- [fill = 0]
                  000043f8    00000034                   : BIOS.obj (.text:ti_sysbios_family_arm_msp432_init_Boot_configureClocksHigh)
                  0000442c    00000004     --HOLE-- [fill = 0]
                  00004430    00000034                   : BIOS.obj (.text:ti_sysbios_hal_Hwi_checkStack)
                  00004464    00000034     hello_pem4f.oem4f (.text:xdc_runtime_Error_policyLog__I)
                  00004498    00000034     ti.targets.arm.rtsarm.aem4f : SysMin.oem4f (.text:xdc_runtime_SysMin_abort__E)
                  000044cc    00000034                                 : SysMin.oem4f (.text:xdc_runtime_SysMin_putch__E)
                  00004500    00000032     sysbios.aem4f : BIOS.obj (.text:ti_sysbios_hal_Hwi_initStack)
                  00004532    00000002     --HOLE-- [fill = 0]
                  00004534    00000030     hello_pem4f.oem4f (.text:ti_sysbios_BIOS_atExitFunc__I)
                  00004564    00000030     hello_pem4f.oem4f (.text:ti_sysbios_BIOS_startFunc__I)
                  00004594    00000004     --HOLE-- [fill = 0]
                  00004598    00000030     sysbios.aem4f : BIOS.obj (.text:ti_sysbios_family_arm_m3_TaskSupport_start__E)
                  000045c8    00000030                   : BIOS.obj (.text:ti_sysbios_family_arm_msp432_Timer_setPeriod__E)
                  000045f8    00000030     hello_pem4f.oem4f (.text:ti_sysbios_gates_GateHwi_Object__create__S)
                  00004628    00000030     hello_pem4f.oem4f (.text:ti_sysbios_gates_GateMutex_Object__create__S)
                  00004658    00000030     sysbios.aem4f : BIOS.obj (.text:ti_sysbios_gates_GateMutex_enter__E)
                  00004688    00000030     hello_pem4f.oem4f (.text:ti_sysbios_heaps_HeapMem_Object__create__S)
                  000046b8    00000030     hello_pem4f.oem4f (.text:ti_sysbios_knl_Semaphore_construct)
                  000046e8    00000030     sysbios.aem4f : BIOS.obj (.text:ti_sysbios_knl_Semaphore_pendTimeout__I)
                  00004718    00000030                   : BIOS.obj (.text:ti_sysbios_knl_Task_processVitalTaskFlag__I)
                  00004748    00000030                   : BIOS.obj (.text:ti_sysbios_knl_Task_restore__E)
                  00004778    00000030                   : BIOS.obj (.text:ti_sysbios_knl_Task_unblockI__E)
                  000047a8    00000030     ti.targets.arm.rtsarm.aem4f : System.oem4f (.text:xdc_runtime_System_processAtExit__E)
                  000047d8    0000002f                                 : Text.oem4f (.text:xdc_runtime_Text_printVisFxn__I)
                  00004807    00000001     --HOLE-- [fill = 0]
                  00004808    0000002c     dpl_msp432p401x.aem4f : PowerMSP432_tirtos.oem4f (.text:PowerMSP432_updateFreqs)
                  00004834    0000002c     msp432p4xx_driverlib.lib : rtc_c.o (.text:RTC_C_holdClock)
                  00004860    0000002c     hello_pem4f.oem4f (.text:ti_sysbios_family_arm_m3_Hwi_Handle__label__S)
                  0000488c    0000002c     hello_pem4f.oem4f (.text:ti_sysbios_gates_GateHwi_Handle__label__S)
                  000048b8    0000002c     hello_pem4f.oem4f (.text:ti_sysbios_gates_GateMutex_Handle__label__S)
                  000048e4    0000002c     hello_pem4f.oem4f (.text:ti_sysbios_heaps_HeapMem_Handle__label__S)
                  00004910    0000002c     hello_pem4f.oem4f (.text:ti_sysbios_knl_Clock_doTick__I)
                  0000493c    0000002c     hello_pem4f.oem4f (.text:ti_sysbios_knl_Queue_construct)
                  00004968    0000002c     hello_pem4f.oem4f (.text:ti_sysbios_knl_Swi_Handle__label__S)
                  00004994    0000002c     hello_pem4f.oem4f (.text:ti_sysbios_knl_Task_Handle__label__S)
                  000049c0    0000002c     ti.targets.arm.rtsarm.aem4f : System.oem4f (.text:xdc_runtime_System_putchar__I)
                  000049ec    00000028     msp432p4xx_driverlib.lib : gpio.o (.text:GPIO_setOutputLowOnPin)
                  00004a14    00000028                              : gpio.o (.text:GPIO_toggleOutputOnPin)
                  00004a3c    00000028                              : pcm.o (.text:PCM_gotoLPM0)
                  00004a64    00000028     drivers_msp432p401x.aem4f : PowerMSP432.oem4f (.text:disableFaultCounter)
                  00004a8c    00000028                               : PowerMSP432.oem4f (.text:disableHFXT)
                  00004ab4    00000028     hello.obj (.text:task1)
                  00004adc    00000028     hello.obj (.text:task2)
                  00004b04    00000028     sysbios.aem4f : m3_Hwi_asm.obj (.text:ti_sysbios_family_arm_m3_Hwi_excHandlerAsm__I)
                  00004b2c    00000004     --HOLE-- [fill = 0]
                  00004b30    00000028                   : BIOS.obj (.text:ti_sysbios_knl_Clock_addI__E)
                  00004b58    00000028                   : BIOS.obj (.text:ti_sysbios_knl_Swi_Module_startup__E)
                  00004b80    00000028     ti.targets.arm.rtsarm.aem4f : System.oem4f (.text:xdc_runtime_System_avprintf__E)
                  00004ba8    00000026     sysbios.aem4f : m3_Hwi_asm.obj (.text:ti_sysbios_family_arm_m3_Hwi_pendSV__I)
                  00004bce    00000026     ti.targets.arm.rtsarm.aem4f : System.oem4f (.text:xdc_runtime_System_vprintf__E)
                  00004bf4    00000024     msp432p4xx_driverlib.lib : wdt_a.o (.text:WDT_A_holdTimer)
                  00004c18    00000024     hello_pem4f.oem4f (.text:ti_sysbios_BIOS_errorRaiseHook__I)
                  00004c3c    00000024     hello_pem4f.oem4f (.text:ti_sysbios_BIOS_registerRTSLock__I)
                  00004c60    00000024     hello_pem4f.oem4f (.text:ti_sysbios_BIOS_removeRTSLock__I)
                  00004c84    00000004     --HOLE-- [fill = 0]
                  00004c88    00000024     sysbios.aem4f : BIOS.obj (.text:ti_sysbios_family_arm_msp432_ClockFreqs_setFrequency__E)
                  00004cac    00000004     --HOLE-- [fill = 0]
                  00004cb0    00000024                   : BIOS.obj (.text:ti_sysbios_family_arm_msp432_Timer_postInit__I)
                  00004cd4    00000024     hello_pem4f.oem4f (.text:ti_sysbios_gates_GateMutex_Object__delete__S)
                  00004cf8    00000024     sysbios.aem4f : BIOS.obj (.text:ti_sysbios_knl_Clock_Module_startup__E)
                  00004d1c    00000004     --HOLE-- [fill = 0]
                  00004d20    00000024                   : BIOS.obj (.text:ti_sysbios_knl_Semaphore_Instance_init__E)
                  00004d44    00000004     --HOLE-- [fill = 0]
                  00004d48    00000024                   : BIOS.obj (.text:ti_sysbios_knl_Task_restoreHwi__E)
                  00004d6c    00000022     hello_pem4f.oem4f (.text:xdc_runtime_SysMin_output__I)
                  00004d8e    00000002     --HOLE-- [fill = 0]
                  00004d90    00000020     msp432p4xx_driverlib.lib : cs.o (.text:CS_setExternalClockSourceFrequency)
                  00004db0    00000020     hello_pem4f.oem4f (.text:ti_sysbios_BIOS_rtsLock__I)
                  00004dd0    00000020     hello_pem4f.oem4f (.text:ti_sysbios_gates_GateHwi_Object__delete__S)
                  00004df0    00000020     hello_pem4f.oem4f (.text:ti_sysbios_heaps_HeapMem_Object__delete__S)
                  00004e10    00000020     sysbios.aem4f : BIOS.obj (.text:ti_sysbios_knl_Idle_run__E)
                  00004e30    00000020     hello_pem4f.oem4f (.text:ti_sysbios_knl_Semaphore_destruct)
                  00004e50    00000020     ti.targets.arm.rtsarm.aem4f : SysMin.oem4f (.text:xdc_runtime_SysMin_Module_startup__E)
                  00004e70    0000001e     sysbios.aem4f : m3_Hwi_asm_switch.obj (.text:ti_sysbios_family_xxx_Hwi_switchAndRunFunc)
                  00004e8e    00000002     --HOLE-- [fill = 0]
                  00004e90    0000001c                   : BIOS.obj (.text:ti_sysbios_family_arm_m3_Hwi_excHandler__I)
                  00004eac    00000004     --HOLE-- [fill = 0]
                  00004eb0    0000001c                   : BIOS.obj (.text:ti_sysbios_gates_GateMutex_Instance_init__E)
                  00004ecc    0000001c     hello_pem4f.oem4f (.text:ti_sysbios_knl_Queue_destruct)
                  00004ee8    0000001c     sysbios.aem4f : BIOS.obj (.text:ti_sysbios_knl_Queue_put__E)
                  00004f04    00000004     --HOLE-- [fill = 0]
                  00004f08    0000001c                   : BIOS.obj (.text:ti_sysbios_knl_Task_enter__I)
                  00004f24    0000001c     ti.targets.arm.rtsarm.aem4f : Error.oem4f (.text:xdc_runtime_Error_check__E)
                  00004f40    0000001c                                 : Error.oem4f (.text:xdc_runtime_Error_raiseX__E)
                  00004f5c    0000001c                                 : Memory.oem4f (.text:xdc_runtime_Memory_valloc__E)
                  00004f78    0000001c                                 : Registry.oem4f (.text:xdc_runtime_Registry_findById__E)
                  00004f94    0000001c                                 : SysMin.oem4f (.text:xdc_runtime_SysMin_exit__E)
                  00004fb0    0000001c                                 : System.oem4f (.text:xdc_runtime_System_abort__E)
                  00004fcc    0000001c                                 : Text.oem4f (.text:xdc_runtime_Text_ropeText__E)
                  00004fe8    0000001a     hello_pem4f.oem4f (.text:xdc_runtime_System_aprintf__E)
                  00005002    0000001a     hello_pem4f.oem4f (.text:xdc_runtime_System_printf__E)
                  0000501c    00000018     hello_pem4f.oem4f (.text:.bootCodeSection:ti_sysbios_family_arm_msp432_init_Boot_init__I)
                  00005034    00000018     msp432p4xx_driverlib.lib : sysctl_a.o (.text:SysCtl_A_disableNMISource)
                  0000504c    00000018                              : sysctl_a.o (.text:SysCtl_A_enableNMISource)
                  00005064    00000018     rtsv7M4_T_le_v4SPD16_eabi.lib : args_main.c.obj (.text:_args_main)
                  0000507c    00000018     hello_pem4f.oem4f (.text:ti_sysbios_BIOS_rtsUnlock__I)
                  00005094    00000018     hello_pem4f.oem4f (.text:ti_sysbios_family_arm_m3_Hwi_Module__startupDone__F)
                  000050ac    00000018     sysbios.aem4f : m3_TaskSupport_asm.obj (.text:ti_sysbios_family_arm_m3_TaskSupport_swap__E)
                  000050c4    00000018     hello_pem4f.oem4f (.text:ti_sysbios_family_arm_msp432_Timer_Module__startupDone__F)
                  000050dc    00000004     --HOLE-- [fill = 0]
                  000050e0    00000018     sysbios.aem4f : BIOS.obj (.text:ti_sysbios_gates_GateMutex_leave__E)
                  000050f8    00000018                   : BIOS.obj (.text:ti_sysbios_knl_Task_sleepTimeout__I)
                  00005110    00000018     ti.targets.arm.rtsarm.aem4f : Error.oem4f (.text:xdc_runtime_Error_init__E)
                  00005128    00000018                                 : System.oem4f (.text:xdc_runtime_System_exit__E)
                  00005140    00000016     hello_pem4f.oem4f (.text:ti_sysbios_BIOS_exitFunc__I)
                  00005156    00000016     hello.obj (.text:ti_sysbios_knl_Task_Params_init)
                  0000516c    00000004     --HOLE-- [fill = 0]
                  00005170    00000016     sysbios.aem4f : BIOS.obj (.text:ti_sysbios_knl_Task_unblock__E)
                  00005186    00000002     --HOLE-- [fill = 0]
                  00005188    00000014     msp432p4xx_driverlib.lib : pcm.o (.text:PCM_getPowerState)
                  0000519c    00000014     drivers_msp432p401x.aem4f : PowerMSP432.oem4f (.text:Power_idleFunc)
                  000051b0    00000014     rtsv7M4_T_le_v4SPD16_eabi.lib : strlen.c.obj (.text:strlen)
                  000051c4    00000014     hello_pem4f.oem4f (.text:ti_sysbios_family_arm_m3_Hwi_Object__get__S)
                  000051d8    00000014     sysbios.aem4f : BIOS.obj (.text:ti_sysbios_family_arm_m3_Hwi_switchFromBootStack__E)
                  000051ec    00000014     hello_pem4f.oem4f (.text:ti_sysbios_heaps_HeapMem_Object__get__S)
                  00005200    00000014     hello_pem4f.oem4f (.text:ti_sysbios_knl_Swi_Object__get__S)
                  00005214    00000004     --HOLE-- [fill = 0]
                  00005218    00000012     sysbios.aem4f : BIOS.obj (.text:ti_sysbios_hal_Hwi_Module_startup__E)
                  0000522a    00000012     hello_pem4f.oem4f (.text:xdc_runtime_Startup_exec__I)
                  0000523c    00000010     dpl_msp432p401x.aem4f : HwiP_tirtos.oem4f (.text:HwiP_Params_init)
                  0000524c    00000010     msp432p4xx_driverlib.lib : pcm.o (.text:PCM_gotoLPM4)
                  0000525c    00000010                              : pcm.o (.text:PCM_setPowerMode)
                  0000526c    00000010                              : pcm.o (.text:PCM_setPowerState)
                  0000527c    00000010                              : sysctl_a.o (.text:SysCtl_A_getNMISourceStatus)
                  0000528c    00000010                              : sysctl.o (.text:SysCtl_getNMISourceStatus)
                  0000529c    00000004     --HOLE-- [fill = 0]
                  000052a0    00000010     sysbios.aem4f : BIOS.obj (.text:ti_sysbios_BIOS_exit__E)
                  000052b0    00000010                   : BIOS.obj (.text:ti_sysbios_BIOS_setCpuFreq__E)
                  000052c0    00000010                   : BIOS.obj (.text:ti_sysbios_BIOS_setThreadType__E)
                  000052d0    00000010                   : BIOS.obj (.text:ti_sysbios_BIOS_start__E)
                  000052e0    00000010                   : m3_TaskSupport_asm.obj (.text:ti_sysbios_family_arm_m3_TaskSupport_glue)
                  000052f0    00000010                   : BIOS.obj (.text:ti_sysbios_family_arm_msp432_init_Boot_disableWatchdog)
                  00005300    00000010                   : BIOS.obj (.text:ti_sysbios_gates_GateMutex_Instance_finalize__E)
                  00005310    00000010                   : BIOS.obj (.text:ti_sysbios_knl_Semaphore_Instance_finalize__E)
                  00005320    00000010                   : BIOS.obj (.text:ti_sysbios_knl_Swi_disable__E)
                  00005330    00000010     hello_pem4f.oem4f (.text:ti_sysbios_knl_Task_Object__get__S)
                  00005340    00000010     sysbios.aem4f : BIOS.obj (.text:ti_sysbios_knl_Task_disable__E)
                  00005350    00000010     ti.targets.arm.rtsarm.aem4f : Gate.oem4f (.text:xdc_runtime_Gate_leaveSystem__E)
                  00005360    00000010                                 : Memory.oem4f (.text:xdc_runtime_Memory_free__E)
                  00005370    00000010                                 : SysMin.oem4f (.text:xdc_runtime_SysMin_ready__E)
                  00005380    00000010                                 : System.oem4f (.text:xdc_runtime_System_vsnprintf__E)
                  00005390    00000010     hello_pem4f.oem4f (.text:xdc_runtime_Text_visitRope__I)
                  000053a0    0000000e     rtsv7M4_T_le_v4SPD16_eabi.lib : copy_decompress_none.c.obj (.text:decompress:none:__TI_decompress_none)
                  000053ae    00000002     --HOLE-- [fill = 0]
                  000053b0    0000000e     sysbios.aem4f : BIOS.obj (.text:ti_sysbios_knl_Idle_loop__E)
                  000053be    00000002     --HOLE-- [fill = 0]
                  000053c0    0000000e                   : BIOS.obj (.text:ti_sysbios_knl_Queue_empty__E)
                  000053ce    0000000c     ti_drivers_config.obj (.text:Board_init)
                  000053da    0000000c     msp432p4xx_driverlib.lib : cpu.o (.text:CPU_cpsid)
                  000053e6    0000000c                              : cpu.o (.text:CPU_cpsie)
                  000053f2    00000002     --HOLE-- [fill = 0]
                  000053f4    0000000c     drivers_msp432p401x.aem4f : PowerMSP432.oem4f (.text:Power_getConstraintMask)
                  00005400    0000000c     rtsv7M4_T_le_v4SPD16_eabi.lib : _lock.c.obj (.text:_register_lock)
                  0000540c    0000000c                                   : _lock.c.obj (.text:_register_unlock)
                  00005418    0000000c                                   : copy_zero_init.c.obj (.text:decompress:ZI:__TI_zero_init)
                  00005424    0000000c     hello_pem4f.oem4f (.text:ti_sysbios_family_arm_m3_Hwi_Params__init__S)
                  00005430    0000000c     sysbios.aem4f : BIOS.obj (.text:ti_sysbios_family_arm_m3_TaskSupport_checkStack__E)
                  0000543c    00000004     --HOLE-- [fill = 0]
                  00005440    0000000c                   : BIOS.obj (.text:ti_sysbios_family_arm_m3_TaskSupport_getStackAlignment__E)
                  0000544c    00000004     --HOLE-- [fill = 0]
                  00005450    0000000c                   : BIOS.obj (.text:ti_sysbios_family_arm_msp432_Timer_getMaxTicks__E)
                  0000545c    00000004     --HOLE-- [fill = 0]
                  00005460    0000000c                   : BIOS.obj (.text:ti_sysbios_gates_GateHwi_enter__E)
                  0000546c    0000000c     hello_pem4f.oem4f (.text:ti_sysbios_knl_Queue_Object__get__S)
                  00005478    0000000c     hello_pem4f.oem4f (.text:ti_sysbios_knl_Task_Params__init__S)
                  00005484    0000000c     ti.targets.arm.rtsarm.aem4f : Gate.oem4f (.text:xdc_runtime_Gate_enterSystem__E)
                  00005490    0000000c                                 : Memory.oem4f (.text:xdc_runtime_Memory_calloc__E)
                  0000549c    0000000c                                 : Memory.oem4f (.text:xdc_runtime_Memory_getMaxDefaultTypeAlign__E)
                  000054a8    0000000c                                 : Startup.oem4f (.text:xdc_runtime_Startup_rtsDone__E)
                  000054b4    0000000a     hello_pem4f.oem4f (.text:xdc_runtime_IHeap_alloc)
                  000054be    0000000a     hello_pem4f.oem4f (.text:xdc_runtime_IHeap_free)
                  000054c8    00000008     sysbios.aem4f : BIOS.obj (.text:ti_sysbios_family_arm_m3_Hwi_doSwiRestore__I)
                  000054d0    00000008                   : BIOS.obj (.text:ti_sysbios_family_arm_m3_Hwi_startup__E)
                  000054d8    00000006                   : BIOS.obj (.text:ti_sysbios_family_arm_m3_Hwi_doTaskRestore__I)
                  000054de    00000002     --HOLE-- [fill = 0]
                  000054e0    00000006                   : BIOS.obj (.text:ti_sysbios_gates_GateHwi_leave__E)
                  000054e6    00000002     --HOLE-- [fill = 0]
                  000054e8    00000006                   : BIOS.obj (.text:ti_sysbios_heaps_HeapMem_isBlocking__E)
                  000054ee    00000002     --HOLE-- [fill = 0]
                  000054f0    00000006                   : BIOS.obj (.text:ti_sysbios_knl_Queue_Instance_init__E)
                  000054f6    00000002     --HOLE-- [fill = 0]
                  000054f8    00000006                   : BIOS.obj (.text:ti_sysbios_knl_Swi_startup__E)
                  000054fe    00000002     --HOLE-- [fill = 0]
                  00005500    00000004                   : BIOS.obj (.text:ti_sysbios_gates_GateHwi_query__E)
                  00005504    00000004     --HOLE-- [fill = 0]
                  00005508    00000004                   : BIOS.obj (.text:ti_sysbios_gates_GateMutex_query__E)
                  0000550c    00000004     --HOLE-- [fill = 0]
                  00005510    00000004                   : BIOS.obj (.text:ti_sysbios_knl_Task_startup__E)
                  00005514    00000004     --HOLE-- [fill = 0]
                  00005518    00000002                   : BIOS.obj (.text:ti_sysbios_BIOS_linkedWithIncorrectBootLibrary__E)
                  0000551a    00000006     --HOLE-- [fill = 0]
                  00005520    00000002                   : BIOS.obj (.text:ti_sysbios_gates_GateHwi_Instance_init__E)
                  00005522    00000006     --HOLE-- [fill = 0]
                  00005528    00000002                   : BIOS.obj (.text:ti_sysbios_knl_Clock_logTick__E)

.const     0    0000552c    00001d84     
                  0000552c    00001887     hello_pem4f.oem4f (.const:xdc_runtime_Text_charTab__A)
                  00006db3    00000001     hello_pem4f.oem4f (.const:xdc_runtime_Error_policy__C)
                  00006db4    000000b4     hello_pem4f.oem4f (.const:xdc_runtime_Text_nodeTab__A)
                  00006e68    0000003c     hello_pem4f.oem4f (.const:ti_sysbios_knl_Task_Object__PARAMS__C)
                  00006ea4    00000038     ti_drivers_config.obj (.const:PowerMSP432_config)
                  00006edc    00000030     msp432p4xx_driverlib.lib : gpio.o (.const:GPIO_PORT_TO_BASE)
                  00006f0c    00000030     hello_pem4f.oem4f (.const:ti_sysbios_family_arm_m3_Hwi_Object__PARAMS__C)
                  00006f3c    00000028     hello_pem4f.oem4f (.const:ti_sysbios_heaps_HeapMem_Module__FXNS__C)
                  00006f64    00000024     hello_pem4f.oem4f (.const:ti_sysbios_gates_GateHwi_Module__FXNS__C)
                  00006f88    00000024     hello_pem4f.oem4f (.const:ti_sysbios_gates_GateMutex_Module__FXNS__C)
                  00006fac    00000024     hello_pem4f.oem4f (.const:ti_sysbios_heaps_HeapMem_Object__PARAMS__C)
                  00006fd0    00000024     hello_pem4f.oem4f (.const:ti_sysbios_knl_Semaphore_Object__PARAMS__C)
                  00006ff4    00000020     hello_pem4f.oem4f (.const:ti_sysbios_family_arm_m3_Hwi_Object__DESC__C)
                  00007014    00000020     hello_pem4f.oem4f (.const:ti_sysbios_gates_GateHwi_Object__DESC__C)
                  00007034    00000020     hello_pem4f.oem4f (.const:ti_sysbios_gates_GateMutex_Object__DESC__C)
                  00007054    00000020     hello_pem4f.oem4f (.const:ti_sysbios_heaps_HeapMem_Object__DESC__C)
                  00007074    00000020     hello_pem4f.oem4f (.const:ti_sysbios_knl_Queue_Object__DESC__C)
                  00007094    00000020     hello_pem4f.oem4f (.const:ti_sysbios_knl_Semaphore_Object__DESC__C)
                  000070b4    00000020     hello_pem4f.oem4f (.const:ti_sysbios_knl_Task_Object__DESC__C)
                  000070d4    00000020     hello_pem4f.oem4f (.const:xdc_runtime_Startup_sfxnTab__A)
                  000070f4    00000018     hello_pem4f.oem4f (.const:ti_sysbios_gates_GateHwi_Object__PARAMS__C)
                  0000710c    00000018     hello_pem4f.oem4f (.const:ti_sysbios_gates_GateMutex_Object__PARAMS__C)
                  00007124    00000018     hello_pem4f.oem4f (.const:ti_sysbios_knl_Queue_Object__PARAMS__C)
                  0000713c    00000010     hello_pem4f.oem4f (.const:xdc_runtime_Startup_sfxnRts__A)
                  0000714c    0000000c     hello_pem4f.oem4f (.const:xdc_runtime_Startup_firstFxns__A)
                  00007158    00000008     hello_pem4f.oem4f (.const:ti_sysbios_family_arm_m3_Hwi_excHookFuncs__A)
                  00007160    00000008     hello_pem4f.oem4f (.const:ti_sysbios_knl_Idle_funcList__A)
                  00007168    00000008     hello_pem4f.oem4f (.const:ti_sysbios_knl_Idle_funcList__C)
                  00007170    00000008     hello_pem4f.oem4f (.const:xdc_runtime_Startup_firstFxns__C)
                  00007178    00000008     hello_pem4f.oem4f (.const:xdc_runtime_Startup_lastFxns__C)
                  00007180    00000004     hello_pem4f.oem4f (.const:ti_sysbios_family_arm_m3_Hwi_E_NMI__C)
                  00007184    00000004     hello_pem4f.oem4f (.const:ti_sysbios_family_arm_m3_Hwi_E_alreadyDefined__C)
                  00007188    00000004     hello_pem4f.oem4f (.const:ti_sysbios_family_arm_m3_Hwi_E_badIntNum__C)
                  0000718c    00000004     hello_pem4f.oem4f (.const:ti_sysbios_family_arm_m3_Hwi_E_busFault__C)
                  00007190    00000004     hello_pem4f.oem4f (.const:ti_sysbios_family_arm_m3_Hwi_E_debugMon__C)
                  00007194    00000004     hello_pem4f.oem4f (.const:ti_sysbios_family_arm_m3_Hwi_E_hardFault__C)
                  00007198    00000004     hello_pem4f.oem4f (.const:ti_sysbios_family_arm_m3_Hwi_E_memFault__C)
                  0000719c    00000004     hello_pem4f.oem4f (.const:ti_sysbios_family_arm_m3_Hwi_E_noIsr__C)
                  000071a0    00000004     hello_pem4f.oem4f (.const:ti_sysbios_family_arm_m3_Hwi_E_reserved__C)
                  000071a4    00000004     hello_pem4f.oem4f (.const:ti_sysbios_family_arm_m3_Hwi_E_svCall__C)
                  000071a8    00000004     hello_pem4f.oem4f (.const:ti_sysbios_family_arm_m3_Hwi_E_usageFault__C)
                  000071ac    00000004     hello_pem4f.oem4f (.const:ti_sysbios_family_arm_m3_Hwi_NUM_INTERRUPTS__C)
                  000071b0    00000004     hello_pem4f.oem4f (.const:ti_sysbios_family_arm_m3_Hwi_Object__count__C)
                  000071b4    00000004     hello_pem4f.oem4f (.const:ti_sysbios_family_arm_m3_Hwi_ccr__C)
                  000071b8    00000004     hello_pem4f.oem4f (.const:ti_sysbios_family_arm_m3_Hwi_excHandlerFunc__C)
                  000071bc    00000004     hello_pem4f.oem4f (.const:ti_sysbios_family_arm_m3_Hwi_excHookFuncs__C)
                  000071c0    00000004     hello_pem4f.oem4f (.const:ti_sysbios_family_arm_m3_Hwi_nullIsrFunc__C)
                  000071c4    00000004     hello_pem4f.oem4f (.const:ti_sysbios_family_arm_m3_Hwi_priGroup__C)
                  000071c8    00000004     hello_pem4f.oem4f (.const:ti_sysbios_family_arm_m3_Hwi_swiDisable__C)
                  000071cc    00000004     hello_pem4f.oem4f (.const:ti_sysbios_family_arm_m3_Hwi_swiRestore__C)
                  000071d0    00000004     hello_pem4f.oem4f (.const:ti_sysbios_family_arm_m3_TaskSupport_stackAlignment__C)
                  000071d4    00000004     hello_pem4f.oem4f (.const:ti_sysbios_family_arm_msp432_Timer_numTimerDevices__C)
                  000071d8    00000004     hello_pem4f.oem4f (.const:ti_sysbios_family_arm_msp432_Timer_startupNeeded__C)
                  000071dc    00000004     hello_pem4f.oem4f (.const:ti_sysbios_gates_GateMutex_Instance_State_sem__O)
                  000071e0    00000004     hello_pem4f.oem4f (.const:ti_sysbios_hal_Hwi_E_stackOverflow__C)
                  000071e4    00000004     hello_pem4f.oem4f (.const:ti_sysbios_heaps_HeapMem_E_memory__C)
                  000071e8    00000004     hello_pem4f.oem4f (.const:ti_sysbios_heaps_HeapMem_Module__gateObj__C)
                  000071ec    00000004     hello_pem4f.oem4f (.const:ti_sysbios_heaps_HeapMem_Object__count__C)
                  000071f0    00000004     hello_pem4f.oem4f (.const:ti_sysbios_heaps_HeapMem_primaryHeapBaseAddr__C)
                  000071f4    00000004     hello_pem4f.oem4f (.const:ti_sysbios_heaps_HeapMem_primaryHeapEndAddr__C)
                  000071f8    00000004     hello_pem4f.oem4f (.const:ti_sysbios_heaps_HeapMem_reqAlign__C)
                  000071fc    00000004     hello_pem4f.oem4f (.const:ti_sysbios_knl_Clock_Module_State_clockQ__O)
                  00007200    00000004     hello_pem4f.oem4f (.const:ti_sysbios_knl_Semaphore_Instance_State_pendQ__O)
                  00007204    00000004     hello_pem4f.oem4f (.const:ti_sysbios_knl_Swi_Object__count__C)
                  00007208    00000004     hello_pem4f.oem4f (.const:ti_sysbios_knl_Task_E_spOutOfBounds__C)
                  0000720c    00000004     hello_pem4f.oem4f (.const:ti_sysbios_knl_Task_E_stackOverflow__C)
                  00007210    00000004     hello_pem4f.oem4f (.const:ti_sysbios_knl_Task_Module_State_inactiveQ__O)
                  00007214    00000004     hello_pem4f.oem4f (.const:ti_sysbios_knl_Task_Object__count__C)
                  00007218    00000004     hello_pem4f.oem4f (.const:ti_sysbios_knl_Task_allBlockedFunc__C)
                  0000721c    00000004     hello_pem4f.oem4f (.const:ti_sysbios_knl_Task_defaultStackHeap__C)
                  00007220    00000004     hello_pem4f.oem4f (.const:ti_sysbios_knl_Task_defaultStackSize__C)
                  00007224    00000004     hello_pem4f.oem4f (.const:ti_sysbios_knl_Task_numConstructedTasks__C)
                  00007228    00000004     hello_pem4f.oem4f (.const:xdc_runtime_Assert_E_assertFailed__C)
                  0000722c    00000004     hello_pem4f.oem4f (.const:xdc_runtime_Core_A_initializedParams__C)
                  00007230    00000004     hello_pem4f.oem4f (.const:xdc_runtime_Core_Module__diagsEnabled__C)
                  00007234    00000004     hello_pem4f.oem4f (.const:xdc_runtime_Core_Module__diagsIncluded__C)
                  00007238    00000004     hello_pem4f.oem4f (.const:xdc_runtime_Core_Module__diagsMask__C)
                  0000723c    00000004     hello_pem4f.oem4f (.const:xdc_runtime_Error_E_memory__C)
                  00007240    00000004     hello_pem4f.oem4f (.const:xdc_runtime_Error_policyFxn__C)
                  00007244    00000004     hello_pem4f.oem4f (.const:xdc_runtime_Error_raiseHook__C)
                  00007248    00000004     hello_pem4f.oem4f (.const:xdc_runtime_IGateProvider_Interface__BASE__C)
                  0000724c    00000004     hello_pem4f.oem4f (.const:xdc_runtime_IHeap_Interface__BASE__C)
                  00007250    00000004     hello_pem4f.oem4f (.const:xdc_runtime_IModule_Interface__BASE__C)
                  00007254    00000004     hello_pem4f.oem4f (.const:xdc_runtime_Memory_defaultHeapInstance__C)
                  00007258    00000004     hello_pem4f.oem4f (.const:xdc_runtime_Startup_execImpl__C)
                  0000725c    00000004     hello_pem4f.oem4f (.const:xdc_runtime_Startup_maxPasses__C)
                  00007260    00000004     hello_pem4f.oem4f (.const:xdc_runtime_Startup_sfxnRts__C)
                  00007264    00000004     hello_pem4f.oem4f (.const:xdc_runtime_Startup_sfxnTab__C)
                  00007268    00000004     hello_pem4f.oem4f (.const:xdc_runtime_SysMin_bufSize__C)
                  0000726c    00000004     hello_pem4f.oem4f (.const:xdc_runtime_SysMin_outputFunc__C)
                  00007270    00000004     hello_pem4f.oem4f (.const:xdc_runtime_System_Module__gateObj__C)
                  00007274    00000004     hello_pem4f.oem4f (.const:xdc_runtime_System_abortFxn__C)
                  00007278    00000004     hello_pem4f.oem4f (.const:xdc_runtime_System_exitFxn__C)
                  0000727c    00000004     hello_pem4f.oem4f (.const:xdc_runtime_System_extendFxn__C)
                  00007280    00000004     hello_pem4f.oem4f (.const:xdc_runtime_System_maxAtexitHandlers__C)
                  00007284    00000004     hello_pem4f.oem4f (.const:xdc_runtime_Text_charTab__C)
                  00007288    00000004     hello_pem4f.oem4f (.const:xdc_runtime_Text_nodeTab__C)
                  0000728c    00000004     hello_pem4f.oem4f (.const:xdc_runtime_Text_visitRopeFxn__C)
                  00007290    00000002     hello_pem4f.oem4f (.const:ti_sysbios_family_arm_m3_Hwi_Module__id__C)
                  00007292    00000002     hello_pem4f.oem4f (.const:ti_sysbios_family_arm_msp432_init_Boot_bypassHFXT__C)
                  00007294    00000002     hello_pem4f.oem4f (.const:ti_sysbios_family_arm_msp432_init_Boot_bypassLFXT__C)
                  00007296    00000002     hello_pem4f.oem4f (.const:ti_sysbios_family_arm_msp432_init_Boot_enableHFXT__C)
                  00007298    00000002     hello_pem4f.oem4f (.const:ti_sysbios_family_arm_msp432_init_Boot_enableLFXT__C)
                  0000729a    00000002     hello_pem4f.oem4f (.const:ti_sysbios_hal_Hwi_Module__id__C)
                  0000729c    00000002     hello_pem4f.oem4f (.const:ti_sysbios_heaps_HeapMem_Module__id__C)
                  0000729e    00000002     hello_pem4f.oem4f (.const:ti_sysbios_knl_Task_Module__id__C)
                  000072a0    00000002     hello_pem4f.oem4f (.const:xdc_runtime_Core_Module__id__C)
                  000072a2    00000002     hello_pem4f.oem4f (.const:xdc_runtime_Error_Module__loggerDefined__C)
                  000072a4    00000002     hello_pem4f.oem4f (.const:xdc_runtime_Error_maxDepth__C)
                  000072a6    00000002     hello_pem4f.oem4f (.const:xdc_runtime_Memory_Module__id__C)
                  000072a8    00000002     hello_pem4f.oem4f (.const:xdc_runtime_SysMin_flushAtExit__C)
                  000072aa    00000002     hello_pem4f.oem4f (.const:xdc_runtime_Text_isLoaded__C)
                  000072ac    00000002     hello_pem4f.oem4f (.const:xdc_runtime_Text_registryModsLastId__C)
                  000072ae    00000002     hello_pem4f.oem4f (.const:xdc_runtime_Text_unnamedModsLastId__C)

.cinit     0    000072b0    00000220     
                  000072b0    000001f6     (.cinit..data.load) [load image, compression = lzss]
                  000074a6    00000002     --HOLE-- [fill = 0]
                  000074a8    0000000c     (__TI_handler_table)
                  000074b4    00000004     --HOLE-- [fill = 0]
                  000074b8    00000008     (.cinit..bss.load) [load image, compression = zero_init]
                  000074c0    00000010     (__TI_cinit_table)

.init_array 
*          0    00000000    00000000     UNINITIALIZED

.bss       0    20008140    00001710     UNINITIALIZED
                  20008140    00000800     (.common:task1Stack)
                  20008940    00000800     (.common:task2Stack)
                  20009140    00000200     hello_pem4f.oem4f (.bss:taskStackSection)
                  20009340    00000200     (.common:xdc_runtime_SysMin_Module_State_0_outbuf__A)
                  20009540    00000140     (.common:ti_sysbios_family_arm_m3_Hwi_dispatchTable)
                  20009680    00000120     rtsv7M4_T_le_v4SPD16_eabi.lib : trgmsg.c.obj (.bss:_CIOBUF_)
                  200097a0    00000050     (.common:task1Struct)
                  200097f0    00000050     (.common:task2Struct)
                  20009840    00000008     msp432p4xx_driverlib.lib : cs.o (.bss)
                  20009848    00000008     (.common:parmbuf)

.data      0    20009850    00000568     UNINITIALIZED
                  20009850    00000140     drivers_msp432p401x.aem4f : PowerMSP432.oem4f (.data:PowerMSP432_perfLevels)
                  20009990    00000080     hello_pem4f.oem4f (.data:ti_sysbios_knl_Swi_Module_State_0_readyQ__A)
                  20009a10    00000080     hello_pem4f.oem4f (.data:ti_sysbios_knl_Task_Module_State_0_readyQ__A)
                  20009a90    0000004c     hello_pem4f.oem4f (.data:ti_sysbios_knl_Task_Object__table__V)
                  20009adc    00000044     hello_pem4f.oem4f (.data:ti_sysbios_family_arm_msp432_Timer_Object__table__V)
                  20009b20    00000044     hello_pem4f.oem4f (.data:ti_sysbios_knl_Task_Module__state__V)
                  20009b64    00000038     hello_pem4f.oem4f (.data:ti_sysbios_gates_GateMutex_Object__table__V)
                  20009b9c    00000034     hello_pem4f.oem4f (.data:ti_sysbios_family_arm_m3_Hwi_Module__state__V)
                  20009bd0    00000030     hello_pem4f.oem4f (.data:ti_sysbios_knl_Swi_Object__table__V)
                  20009c00    0000002c     drivers_msp432p401x.aem4f : PowerMSP432.oem4f (.data:PowerMSP432_module)
                  20009c2c    0000002c     hello_pem4f.oem4f (.data:ti_sysbios_knl_Clock_Module__state__V)
                  20009c58    00000024     hello_pem4f.oem4f (.data:ti_sysbios_BIOS_Module__state__V)
                  20009c7c    00000020     hello_pem4f.oem4f (.data:ti_sysbios_family_arm_msp432_Timer_Module_State_0_device__A)
                  20009c9c    00000020     hello_pem4f.oem4f (.data:xdc_runtime_Error_IgnoreBlock)
                  20009cbc    0000001c     hello_pem4f.oem4f (.data:ti_sysbios_knl_Swi_Module__state__V)
                  20009cd8    00000018     hello_pem4f.oem4f (.data:ti_sysbios_family_arm_m3_Hwi_Object__table__V)
                  20009cf0    00000018     hello_pem4f.oem4f (.data:ti_sysbios_heaps_HeapMem_Object__table__V)
                  20009d08    00000010     hello_pem4f.oem4f (.data:ti_sysbios_family_arm_msp432_Timer_Module_State_0_handles__A)
                  20009d18    0000000c     hello_pem4f.oem4f (.data:ti_sysbios_family_arm_msp432_ClockFreqs_Module__state__V)
                  20009d24    0000000c     hello_pem4f.oem4f (.data:ti_sysbios_family_arm_msp432_Timer_Module__state__V)
                  20009d30    0000000c     hello_pem4f.oem4f (.data:xdc_runtime_SysMin_Module__state__V)
                  20009d3c    00000008     rtsv7M4_T_le_v4SPD16_eabi.lib : _lock.c.obj (.data:$O1$$)
                  20009d44    00000008     hello_pem4f.oem4f (.data:ti_sysbios_family_arm_m3_Hwi_Module__root__V)
                  20009d4c    00000008     hello_pem4f.oem4f (.data:ti_sysbios_gates_GateHwi_Module__root__V)
                  20009d54    00000008     hello_pem4f.oem4f (.data:ti_sysbios_gates_GateMutex_Module__root__V)
                  20009d5c    00000008     hello_pem4f.oem4f (.data:ti_sysbios_heaps_HeapMem_Module__root__V)
                  20009d64    00000008     hello_pem4f.oem4f (.data:ti_sysbios_knl_Queue_Module__root__V)
                  20009d6c    00000008     hello_pem4f.oem4f (.data:ti_sysbios_knl_Semaphore_Module__root__V)
                  20009d74    00000008     hello_pem4f.oem4f (.data:ti_sysbios_knl_Task_Module__root__V)
                  20009d7c    00000008     hello_pem4f.oem4f (.data:xdc_runtime_Registry_Module__state__V)
                  20009d84    00000008     hello_pem4f.oem4f (.data:xdc_runtime_Startup_Module__state__V)
                  20009d8c    00000008     hello_pem4f.oem4f (.data:xdc_runtime_System_Module_State_0_atexitHandlers__A)
                  20009d94    00000008     hello_pem4f.oem4f (.data:xdc_runtime_System_Module__state__V)
                  20009d9c    00000004     rtsv7M4_T_le_v4SPD16_eabi.lib : stkdepth_vars.c.obj (.data)
                  20009da0    00000004     hello_pem4f.oem4f (.data:ti_sysbios_family_arm_m3_Hwi_Module_State_0_excContext__A)
                  20009da4    00000004     hello_pem4f.oem4f (.data:ti_sysbios_family_arm_m3_Hwi_Module_State_0_excStack__A)
                  20009da8    00000004     hello_pem4f.oem4f (.data:ti_sysbios_gates_GateHwi_Object__table__V)
                  20009dac    00000004     hello_pem4f.oem4f (.data:ti_sysbios_knl_Task_Module_State_0_idleTask__A)
                  20009db0    00000004     hello_pem4f.oem4f (.data:xdc_runtime_Memory_Module__state__V)
                  20009db4    00000002     hello_pem4f.oem4f (.data:ti_sysbios_family_arm_m3_Hwi_Module_State_0_excActive__A)
                  20009db6    00000002     hello_pem4f.oem4f (.data:xdc_runtime_Error_Module__state__V)

.priheap   0    20000140    00008000     UNINITIALIZED
                  20000140    00008000     --HOLE--

.stack     0    2000fc00    00000400     UNINITIALIZED
                  2000fc00    00000400     --HOLE--

.bootVecs 
*          0    00000000    00000008     DSECT
                  00000000    00000008     boot.aem4f : boot.oem4f (.bootVecs)

.resetVecs 
*          0    00000000    0000003c     
                  00000000    0000003c     hello_pem4f.oem4f (.resetVecs)

.vecs      0    20000000    00000140     NOLOAD SECTION
                  20000000    00000140     hello_pem4f.oem4f (.vecs)

xdc.meta   0    00000000    000000fa     COPY SECTION
                  00000000    000000fa     hello_pem4f.oem4f (xdc.meta)

__llvm_prf_cnts 
*          0    20000000    00000000     UNINITIALIZED

.binit     0    00000000    00000000     

MODULE SUMMARY

       Module                       code    ro data   rw data
       ------                       ----    -------   -------
    .\
       hello.obj                    190     0         8512   
    +--+----------------------------+-------+---------+---------+
       Total:                       190     0         8512   
                                                             
    .\syscfg\
       ti_drivers_config.obj        14      56        0      
    +--+----------------------------+-------+---------+---------+
       Total:                       14      56        0      
                                                             
    C:\Users\Vincent Pham\workspace_v10\hello_MSP_EXP432P401R_tirtos_ccs\Debug\configPkg\package\cfg\
       hello_pem4f.oem4f            1818    7512      5344   
    +--+----------------------------+-------+---------+---------+
       Total:                       1818    7512      5344   
                                                             
    C:/ti/simplelink_msp432p4_sdk_3_40_01_02/kernel/tirtos/packages/ti/dpl/lib/dpl_msp432p401x.aem4f
       PowerMSP432_tirtos.oem4f     122     0         0      
       HwiP_tirtos.oem4f            80      0         0      
    +--+----------------------------+-------+---------+---------+
       Total:                       202     0         0      
                                                             
    C:/ti/simplelink_msp432p4_sdk_3_40_01_02/source/ti/devices/msp432p4xx/driverlib/ccs/msp432p4xx_driverlib.lib
       pcm.o                        1770    0         0      
       cs.o                         704     0         16     
       gpio.o                       144     48        0      
       sysctl_a.o                   64      0         0      
       rtc_c.o                      44      0         0      
       wdt_a.o                      36      0         0      
       cpu.o                        28      0         0      
       sysctl.o                     16      0         0      
    +--+----------------------------+-------+---------+---------+
       Total:                       2806    48        16     
                                                             
    C:/ti/simplelink_msp432p4_sdk_3_40_01_02/source/ti/drivers/lib/drivers_msp432p401x.aem4f
       PowerMSP432.oem4f            1864    0         728    
    +--+----------------------------+-------+---------+---------+
       Total:                       1864    0         728    
                                                             
    C:\Software\ti\ccs1040\ccs\tools\compiler\ti-cgt-arm_20.2.5.LTS\lib\rtsv7M4_T_le_v4SPD16_eabi.lib
       trgmsg.c.obj                 108     0         576    
       memcpy_t2.asm.obj            156     0         0      
       memset_t2.asm.obj            122     0         0      
       copy_decompress_lzss.c.obj   104     0         0      
       hostwrite.c.obj              88      0         0      
       cpy_tbl.c.obj                76      0         0      
       u_divt2.asm.obj              64      0         0      
       _lock.c.obj                  26      0         16     
       args_main.c.obj              24      0         0      
       strlen.c.obj                 20      0         0      
       hostopen.c.obj               0       0         16     
       copy_decompress_none.c.obj   14      0         0      
       copy_zero_init.c.obj         12      0         0      
       stkdepth_vars.c.obj          0       0         8      
       exit.c.obj                   4       0         0      
       div0.asm.obj                 2       0         0      
    +--+----------------------------+-------+---------+---------+
       Total:                       820     0         616    
                                                             
    C:\Users\Vincent Pham\workspace_v10\hello_MSP_EXP432P401R_tirtos_ccs\src\sysbios\sysbios.aem4f
       BIOS.obj                     9120    0         0      
       m3_Hwi_asm.obj               318     0         0      
       m3_TaskSupport_asm.obj       180     0         0      
       m3_Hwi_asm_switch.obj        118     0         0      
    +--+----------------------------+-------+---------+---------+
       Total:                       9736    0         0      
                                                             
    C:\ti\simplelink_msp432p4_sdk_3_40_01_02\kernel\tirtos\packages\ti\targets\arm\rtsarm\lib\auto_init.aem4f
       auto_init.oem4f              160     0         0      
    +--+----------------------------+-------+---------+---------+
       Total:                       160     0         0      
                                                             
    C:\ti\simplelink_msp432p4_sdk_3_40_01_02\kernel\tirtos\packages\ti\targets\arm\rtsarm\lib\boot.aem4f
       boot.oem4f                   88      0         0      
    +--+----------------------------+-------+---------+---------+
       Total:                       88      0         0      
                                                             
    C:\ti\simplelink_msp432p4_sdk_3_40_01_02\kernel\tirtos\packages\ti\targets\arm\rtsarm\lib\ti.targets.arm.rtsarm.aem4f
       System.oem4f                 1249    0         0      
       Text.oem4f                   596     0         0      
       Error.oem4f                  500     0         0      
       Startup.oem4f                344     0         0      
       Core-mem.oem4f               334     0         0      
       SysMin.oem4f                 248     0         0      
       Core-smem.oem4f              204     0         0      
       Memory.oem4f                 180     0         0      
       Assert.oem4f                 76      0         0      
       Core-params.oem4f            72      0         0      
       Gate.oem4f                   28      0         0      
       Registry.oem4f               28      0         0      
    +--+----------------------------+-------+---------+---------+
       Total:                       3859    0         0      
                                                             
       Stack:                       0       0         2048   
       Linker Generated:            0       538       0      
    +--+----------------------------+-------+---------+---------+
       Grand Total:                 21557   8154      17264  


LINKER GENERATED COPY TABLES

__TI_cinit_table @ 000074c0 records: 2, size/record: 8, table size: 16
	.data: load addr=000072b0, load size=000001f6 bytes, run addr=20009850, run size=00000568 bytes, compression=lzss
	.bss: load addr=000074b8, load size=00000008 bytes, run addr=20008140, run size=00001710 bytes, compression=zero_init


LINKER GENERATED HANDLER TABLE

__TI_handler_table @ 000074a8 records: 3, size/record: 4, table size: 12
	index: 0, handler: __TI_decompress_lzss
	index: 1, handler: __TI_decompress_none
	index: 2, handler: __TI_zero_init


GLOBAL SYMBOLS: SORTED ALPHABETICALLY BY Name 

address   name                                                            
-------   ----                                                            
000053cf  Board_init                                                      
00000d33  Board_initHook                                                  
00001135  C$$EXIT                                                         
000042d3  C$$IO$$                                                         
000053db  CPU_cpsid                                                       
000053e7  CPU_cpsie                                                       
00000fbd  CPU_wfi                                                         
00004d91  CS_setExternalClockSourceFrequency                              
00001e55  CS_startHFXTWithTimeout                                         
00001f39  CS_startLFXTWithTimeout                                         
00004069  GPIO_setAsOutputPin                                             
000049ed  GPIO_setOutputLowOnPin                                          
00004a15  GPIO_toggleOutputOnPin                                          
00008000  HEAPSIZE                                                        
000037d9  HOSTwrite                                                       
0000523d  HwiP_Params_init                                                
000040a9  HwiP_create                                                     
000035a1  PCM_getCoreVoltageLevel                                         
0000377d  PCM_getPowerMode                                                
00005189  PCM_getPowerState                                               
00004a3d  PCM_gotoLPM0                                                    
00002c8d  PCM_gotoLPM3                                                    
0000524d  PCM_gotoLPM4                                                    
0000525d  PCM_setPowerMode                                                
0000526d  PCM_setPowerState                                               
00003991  PCM_shutdownDevice                                              
00006ea4  PowerMSP432_config                                              
00001a97  PowerMSP432_initPolicy                                          
20009c00  PowerMSP432_module                                              
20009850  PowerMSP432_perfLevels                                          
00003b81  PowerMSP432_sleepPolicy                                         
00004809  PowerMSP432_updateFreqs                                         
000053f5  Power_getConstraintMask                                         
0000519d  Power_idleFunc                                                  
000029a5  Power_init                                                      
000007b1  Power_sleep                                                     
00004835  RTC_C_holdClock                                                 
UNDEFED   SHT$$INIT_ARRAY$$Base                                           
UNDEFED   SHT$$INIT_ARRAY$$Limit                                          
00005035  SysCtl_A_disableNMISource                                       
0000504d  SysCtl_A_enableNMISource                                        
0000527d  SysCtl_A_getNMISourceStatus                                     
0000528d  SysCtl_getNMISourceStatus                                       
4000480c  WDTCTL_SYM                                                      
00004bf5  WDT_A_holdTimer                                                 
00000000  __ASM__                                                         
20009680  __CIOBUF_                                                       
0000007b  __ISA__                                                         
0000008e  __PLAT__                                                        
20010000  __STACK_END                                                     
00000400  __STACK_SIZE                                                    
000000b1  __TARG__                                                        
000074c0  __TI_CINIT_Base                                                 
000074d0  __TI_CINIT_Limit                                                
000074a8  __TI_Handler_Table_Base                                         
000074b4  __TI_Handler_Table_Limit                                        
00002905  __TI_auto_init                                                  
00003345  __TI_decompress_lzss                                            
000053a1  __TI_decompress_none                                            
ffffffff  __TI_pprof_out_hndl                                             
ffffffff  __TI_prof_data_size                                             
ffffffff  __TI_prof_data_start                                            
00004389  __TI_readmsg                                                    
000072b0  __TI_static_base__                                              
000042a5  __TI_writemsg                                                   
00005419  __TI_zero_init                                                  
000000d7  __TRDR__                                                        
00003027  __aeabi_idiv0                                                   
00003027  __aeabi_ldiv0                                                   
00002f29  __aeabi_memclr                                                  
00002f29  __aeabi_memclr4                                                 
00002f29  __aeabi_memclr8                                                 
00002a41  __aeabi_memcpy                                                  
00002a41  __aeabi_memcpy4                                                 
00002a41  __aeabi_memcpy8                                                 
00002f2b  __aeabi_memset                                                  
00002f2b  __aeabi_memset4                                                 
00002f2b  __aeabi_memset8                                                 
000040e9  __aeabi_uidiv                                                   
000040e9  __aeabi_uidivmod                                                
ffffffff  __binit__                                                       
ffffffff  __c_args__                                                      
20008140  __primary_heap_end__                                            
20000140  __primary_heap_start__                                          
2000fc00  __stack                                                         
20000000  __start___llvm_prf_cnts                                         
20000000  __stop___llvm_prf_cnts                                          
00005065  _args_main                                                      
00003831  _c_int00                                                        
20009d3c  _lock                                                           
00002903  _nop                                                            
00005401  _register_lock                                                  
0000540d  _register_unlock                                                
20009d40  _unlock                                                         
00001135  abort                                                           
ffffffff  binit                                                           
00003bcd  copy_in                                                         
00003889  main                                                            
20009d9c  main_func_sp                                                    
00002a41  memcpy                                                          
00002f31  memset                                                          
20009848  parmbuf                                                         
000051b1  strlen                                                          
00004ab5  task1                                                           
20008140  task1Stack                                                      
200097a0  task1Struct                                                     
00004add  task2                                                           
20008940  task2Stack                                                      
200097f0  task2Struct                                                     
20009c58  ti_sysbios_BIOS_Module__state__V                                
000048b9  ti_sysbios_BIOS_RtsGateProxy_Handle__label__S                   
000024cd  ti_sysbios_BIOS_RtsGateProxy_enter__E                           
0000258d  ti_sysbios_BIOS_RtsGateProxy_leave__E                           
00005509  ti_sysbios_BIOS_RtsGateProxy_query__E                           
00004535  ti_sysbios_BIOS_atExitFunc__I                                   
00004c19  ti_sysbios_BIOS_errorRaiseHook__I                               
00005141  ti_sysbios_BIOS_exitFunc__I                                     
000052a1  ti_sysbios_BIOS_exit__E                                         
00005519  ti_sysbios_BIOS_linkedWithIncorrectBootLibrary__E               
000032d7  ti_sysbios_BIOS_nullFunc__I                                     
00004c3d  ti_sysbios_BIOS_registerRTSLock__I                              
00004c61  ti_sysbios_BIOS_removeRTSLock__I                                
00004db1  ti_sysbios_BIOS_rtsLock__I                                      
0000507d  ti_sysbios_BIOS_rtsUnlock__I                                    
000052b1  ti_sysbios_BIOS_setCpuFreq__E                                   
000052c1  ti_sysbios_BIOS_setThreadType__E                                
00004565  ti_sysbios_BIOS_startFunc__I                                    
000052d1  ti_sysbios_BIOS_start__E                                        
00007180  ti_sysbios_family_arm_m3_Hwi_E_NMI__C                           
00007184  ti_sysbios_family_arm_m3_Hwi_E_alreadyDefined__C                
00007188  ti_sysbios_family_arm_m3_Hwi_E_badIntNum__C                     
0000718c  ti_sysbios_family_arm_m3_Hwi_E_busFault__C                      
00007190  ti_sysbios_family_arm_m3_Hwi_E_debugMon__C                      
00007194  ti_sysbios_family_arm_m3_Hwi_E_hardFault__C                     
00007198  ti_sysbios_family_arm_m3_Hwi_E_memFault__C                      
0000719c  ti_sysbios_family_arm_m3_Hwi_E_noIsr__C                         
000071a0  ti_sysbios_family_arm_m3_Hwi_E_reserved__C                      
000071a4  ti_sysbios_family_arm_m3_Hwi_E_svCall__C                        
000071a8  ti_sysbios_family_arm_m3_Hwi_E_usageFault__C                    
00004861  ti_sysbios_family_arm_m3_Hwi_Handle__label__S                   
000041e9  ti_sysbios_family_arm_m3_Hwi_Instance_finalize__E               
00002709  ti_sysbios_family_arm_m3_Hwi_Instance_init__E                   
20009db4  ti_sysbios_family_arm_m3_Hwi_Module_State_0_excActive__A        
20009da0  ti_sysbios_family_arm_m3_Hwi_Module_State_0_excContext__A       
20009da4  ti_sysbios_family_arm_m3_Hwi_Module_State_0_excStack__A         
00007290  ti_sysbios_family_arm_m3_Hwi_Module__id__C                      
20009d44  ti_sysbios_family_arm_m3_Hwi_Module__root__V                    
00005095  ti_sysbios_family_arm_m3_Hwi_Module__startupDone__F             
00005095  ti_sysbios_family_arm_m3_Hwi_Module__startupDone__S             
20009b9c  ti_sysbios_family_arm_m3_Hwi_Module__state__V                   
00003a91  ti_sysbios_family_arm_m3_Hwi_Module_startup__E                  
000071ac  ti_sysbios_family_arm_m3_Hwi_NUM_INTERRUPTS__C                  
00006ff4  ti_sysbios_family_arm_m3_Hwi_Object__DESC__C                    
00006f0c  ti_sysbios_family_arm_m3_Hwi_Object__PARAMS__C                  
000071b0  ti_sysbios_family_arm_m3_Hwi_Object__count__C                   
000051c5  ti_sysbios_family_arm_m3_Hwi_Object__get__S                     
20009cd8  ti_sysbios_family_arm_m3_Hwi_Object__table__V                   
00005425  ti_sysbios_family_arm_m3_Hwi_Params__init__S                    
000071b4  ti_sysbios_family_arm_m3_Hwi_ccr__C                             
000039e5  ti_sysbios_family_arm_m3_Hwi_create                             
00003df1  ti_sysbios_family_arm_m3_Hwi_disableInterrupt__E                
00003419  ti_sysbios_family_arm_m3_Hwi_dispatchC__I                       
20009540  ti_sysbios_family_arm_m3_Hwi_dispatchTable                      
00001b95  ti_sysbios_family_arm_m3_Hwi_dispatch__I                        
000054c9  ti_sysbios_family_arm_m3_Hwi_doSwiRestore__I                    
000054d9  ti_sysbios_family_arm_m3_Hwi_doTaskRestore__I                   
00003e39  ti_sysbios_family_arm_m3_Hwi_enableInterrupt__E                 
00000fc1  ti_sysbios_family_arm_m3_Hwi_excBusFault__I                     
00002411  ti_sysbios_family_arm_m3_Hwi_excDebugMon__I                     
00000041  ti_sysbios_family_arm_m3_Hwi_excDumpRegs__I                     
00001781  ti_sysbios_family_arm_m3_Hwi_excFillContext__I                  
00004b05  ti_sysbios_family_arm_m3_Hwi_excHandlerAsm__I                   
000071b8  ti_sysbios_family_arm_m3_Hwi_excHandlerFunc__C                  
00001889  ti_sysbios_family_arm_m3_Hwi_excHandlerMax__I                   
00004e91  ti_sysbios_family_arm_m3_Hwi_excHandler__I                      
000024d1  ti_sysbios_family_arm_m3_Hwi_excHardFault__I                    
00007158  ti_sysbios_family_arm_m3_Hwi_excHookFuncs__A                    
000071bc  ti_sysbios_family_arm_m3_Hwi_excHookFuncs__C                    
000013f9  ti_sysbios_family_arm_m3_Hwi_excMemFault__I                     
000043c1  ti_sysbios_family_arm_m3_Hwi_excNmi__I                          
00004319  ti_sysbios_family_arm_m3_Hwi_excNoIsr__I                        
00003e81  ti_sysbios_family_arm_m3_Hwi_excReserved__I                     
00004229  ti_sysbios_family_arm_m3_Hwi_excSvCall__I                       
00001139  ti_sysbios_family_arm_m3_Hwi_excUsageFault__I                   
00003f11  ti_sysbios_family_arm_m3_Hwi_getStackInfo__E                    
00002ae1  ti_sysbios_family_arm_m3_Hwi_initNVIC__E                        
000038e1  ti_sysbios_family_arm_m3_Hwi_initStacks__E                      
00001c69  ti_sysbios_family_arm_m3_Hwi_interruptsAreDisabledButShouldNotBe
000071c0  ti_sysbios_family_arm_m3_Hwi_nullIsrFunc__C                     
e000e000  ti_sysbios_family_arm_m3_Hwi_nvic                               
00004ba9  ti_sysbios_family_arm_m3_Hwi_pendSV__I                          
00002d99  ti_sysbios_family_arm_m3_Hwi_postInit__I                        
000071c4  ti_sysbios_family_arm_m3_Hwi_priGroup__C                        
20000000  ti_sysbios_family_arm_m3_Hwi_ramVectors                         
00000000  ti_sysbios_family_arm_m3_Hwi_resetVectors                       
00004bcd  ti_sysbios_family_arm_m3_Hwi_return                             
000054d1  ti_sysbios_family_arm_m3_Hwi_startup__E                         
000071c8  ti_sysbios_family_arm_m3_Hwi_swiDisable__C                      
000071cc  ti_sysbios_family_arm_m3_Hwi_swiRestore__C                      
000051d9  ti_sysbios_family_arm_m3_Hwi_switchFromBootStack__E             
0000264d  ti_sysbios_family_arm_m3_TaskSupport_Module__startupDone__S     
00002b75  ti_sysbios_family_arm_m3_TaskSupport_buildTaskStack             
00005431  ti_sysbios_family_arm_m3_TaskSupport_checkStack__E              
00005441  ti_sysbios_family_arm_m3_TaskSupport_getStackAlignment__E       
000052e1  ti_sysbios_family_arm_m3_TaskSupport_glue                       
000071d0  ti_sysbios_family_arm_m3_TaskSupport_stackAlignment__C          
00004599  ti_sysbios_family_arm_m3_TaskSupport_start__E                   
000050ad  ti_sysbios_family_arm_m3_TaskSupport_swap__E                    
20009d18  ti_sysbios_family_arm_msp432_ClockFreqs_Module__state__V        
[...]
00005189  PCM_getPowerState                                               
0000519d  Power_idleFunc                                                  
000051b1  strlen                                                          
000051c5  ti_sysbios_family_arm_m3_Hwi_Object__get__S                     
000051d9  ti_sysbios_family_arm_m3_Hwi_switchFromBootStack__E             
000051d9  ti_sysbios_hal_Hwi_HwiProxy_switchFromBootStack__E              
000051d9  ti_sysbios_hal_Hwi_switchFromBootStack__E                       
000051ed  ti_sysbios_heaps_HeapMem_Object__get__S                         
00005201  ti_sysbios_knl_Swi_Object__get__S                               
00005219  ti_sysbios_hal_Hwi_Module_startup__E                            
0000522b  xdc_runtime_Startup_exec__I                                     
0000523d  HwiP_Params_init                                                
0000524d  PCM_gotoLPM4                                                    
0000525d  PCM_setPowerMode                                                
0000526d  PCM_setPowerState                                               
0000527d  SysCtl_A_getNMISourceStatus                                     
0000528d  SysCtl_getNMISourceStatus                                       
000052a1  ti_sysbios_BIOS_exit__E                                         
000052b1  ti_sysbios_BIOS_setCpuFreq__E                                   
000052c1  ti_sysbios_BIOS_setThreadType__E                                
000052d1  ti_sysbios_BIOS_start__E                                        
000052e1  ti_sysbios_family_arm_m3_TaskSupport_glue                       
000052f1  ti_sysbios_family_arm_msp432_init_Boot_disableWatchdog          
00005301  ti_sysbios_gates_GateMutex_Instance_finalize__E                 
00005311  ti_sysbios_knl_Semaphore_Instance_finalize__E                   
00005321  ti_sysbios_knl_Swi_disable__E                                   
00005331  ti_sysbios_knl_Task_Object__get__S                              
00005341  ti_sysbios_knl_Task_disable__E                                  
00005351  xdc_runtime_Gate_leaveSystem__E                                 
00005361  xdc_runtime_Memory_free__E                                      
00005371  xdc_runtime_SysMin_ready__E                                     
00005371  xdc_runtime_System_SupportProxy_ready__E                        
00005381  xdc_runtime_System_vsnprintf__E                                 
00005391  xdc_runtime_Text_visitRope__I                                   
000053a1  __TI_decompress_none                                            
000053b1  ti_sysbios_knl_Idle_loop__E                                     
000053c1  ti_sysbios_knl_Queue_empty__E                                   
000053cf  Board_init                                                      
000053db  CPU_cpsid                                                       
000053e7  CPU_cpsie                                                       
000053f5  Power_getConstraintMask                                         
00005401  _register_lock                                                  
0000540d  _register_unlock                                                
00005419  __TI_zero_init                                                  
00005425  ti_sysbios_family_arm_m3_Hwi_Params__init__S                    
00005425  ti_sysbios_hal_Hwi_HwiProxy_Params__init__S                     
00005431  ti_sysbios_family_arm_m3_TaskSupport_checkStack__E              
00005431  ti_sysbios_knl_Task_SupportProxy_checkStack__E                  
00005441  ti_sysbios_family_arm_m3_TaskSupport_getStackAlignment__E       
00005441  ti_sysbios_knl_Task_SupportProxy_getStackAlignment__E           
00005451  ti_sysbios_family_arm_msp432_Timer_getMaxTicks__E               
00005461  ti_sysbios_gates_GateHwi_enter__E                               
0000546d  ti_sysbios_knl_Queue_Object__get__S                             
00005479  ti_sysbios_knl_Task_Params__init__S                             
00005485  xdc_runtime_Gate_enterSystem__E                                 
00005491  xdc_runtime_Memory_calloc__E                                    
0000549d  xdc_runtime_Memory_getMaxDefaultTypeAlign__E                    
000054a9  xdc_runtime_Startup_rtsDone__E                                  
000054b5  xdc_runtime_Memory_HeapProxy_alloc__E                           
000054bf  xdc_runtime_Memory_HeapProxy_free__E                            
000054c9  ti_sysbios_family_arm_m3_Hwi_doSwiRestore__I                    
000054d1  ti_sysbios_family_arm_m3_Hwi_startup__E                         
000054d1  ti_sysbios_hal_Hwi_HwiProxy_startup__E                          
000054d1  ti_sysbios_hal_Hwi_startup__E                                   
000054d9  ti_sysbios_family_arm_m3_Hwi_doTaskRestore__I                   
000054e1  ti_sysbios_gates_GateHwi_leave__E                               
000054e9  ti_sysbios_heaps_HeapMem_isBlocking__E                          
000054f1  ti_sysbios_knl_Queue_Instance_init__E                           
000054f9  ti_sysbios_knl_Swi_startup__E                                   
00005501  ti_sysbios_gates_GateHwi_query__E                               
00005501  xdc_runtime_Main_Module_GateProxy_query__E                      
00005501  xdc_runtime_System_Module_GateProxy_query__E                    
00005509  ti_sysbios_BIOS_RtsGateProxy_query__E                           
00005509  ti_sysbios_gates_GateMutex_query__E                             
00005509  ti_sysbios_heaps_HeapMem_Module_GateProxy_query__E              
00005511  ti_sysbios_knl_Task_startup__E                                  
00005519  ti_sysbios_BIOS_linkedWithIncorrectBootLibrary__E               
00005521  ti_sysbios_gates_GateHwi_Instance_init__E                       
00005529  ti_sysbios_knl_Clock_logTick__E                                 
0000552c  xdc_runtime_Text_charTab__A                                     
00006db3  xdc_runtime_Error_policy__C                                     
00006db4  xdc_runtime_Text_nodeTab__A                                     
00006e68  ti_sysbios_knl_Task_Object__PARAMS__C                           
00006ea4  PowerMSP432_config                                              
00006f0c  ti_sysbios_family_arm_m3_Hwi_Object__PARAMS__C                  
00006f3c  ti_sysbios_heaps_HeapMem_Module__FXNS__C                        
00006f64  ti_sysbios_gates_GateHwi_Module__FXNS__C                        
00006f88  ti_sysbios_gates_GateMutex_Module__FXNS__C                      
00006fac  ti_sysbios_heaps_HeapMem_Object__PARAMS__C                      
00006fd0  ti_sysbios_knl_Semaphore_Object__PARAMS__C                      
00006ff4  ti_sysbios_family_arm_m3_Hwi_Object__DESC__C                    
00007014  ti_sysbios_gates_GateHwi_Object__DESC__C                        
00007034  ti_sysbios_gates_GateMutex_Object__DESC__C                      
00007054  ti_sysbios_heaps_HeapMem_Object__DESC__C                        
00007074  ti_sysbios_knl_Queue_Object__DESC__C                            
00007094  ti_sysbios_knl_Semaphore_Object__DESC__C                        
000070b4  ti_sysbios_knl_Task_Object__DESC__C                             
000070d4  xdc_runtime_Startup_sfxnTab__A                                  
000070f4  ti_sysbios_gates_GateHwi_Object__PARAMS__C                      
0000710c  ti_sysbios_gates_GateMutex_Object__PARAMS__C                    
00007124  ti_sysbios_knl_Queue_Object__PARAMS__C                          
0000713c  xdc_runtime_Startup_sfxnRts__A                                  
0000714c  xdc_runtime_Startup_firstFxns__A                                
00007158  ti_sysbios_family_arm_m3_Hwi_excHookFuncs__A                    
00007160  ti_sysbios_knl_Idle_funcList__A                                 
00007168  ti_sysbios_knl_Idle_funcList__C                                 
00007170  xdc_runtime_Startup_firstFxns__C                                
00007178  xdc_runtime_Startup_lastFxns__C                                 
00007180  ti_sysbios_family_arm_m3_Hwi_E_NMI__C                           
00007184  ti_sysbios_family_arm_m3_Hwi_E_alreadyDefined__C                
00007188  ti_sysbios_family_arm_m3_Hwi_E_badIntNum__C                     
0000718c  ti_sysbios_family_arm_m3_Hwi_E_busFault__C                      
00007190  ti_sysbios_family_arm_m3_Hwi_E_debugMon__C                      
00007194  ti_sysbios_family_arm_m3_Hwi_E_hardFault__C                     
00007198  ti_sysbios_family_arm_m3_Hwi_E_memFault__C                      
0000719c  ti_sysbios_family_arm_m3_Hwi_E_noIsr__C                         
000071a0  ti_sysbios_family_arm_m3_Hwi_E_reserved__C                      
000071a4  ti_sysbios_family_arm_m3_Hwi_E_svCall__C                        
000071a8  ti_sysbios_family_arm_m3_Hwi_E_usageFault__C                    
000071ac  ti_sysbios_family_arm_m3_Hwi_NUM_INTERRUPTS__C                  
000071b0  ti_sysbios_family_arm_m3_Hwi_Object__count__C                   
000071b4  ti_sysbios_family_arm_m3_Hwi_ccr__C                             
000071b8  ti_sysbios_family_arm_m3_Hwi_excHandlerFunc__C                  
000071bc  ti_sysbios_family_arm_m3_Hwi_excHookFuncs__C                    
000071c0  ti_sysbios_family_arm_m3_Hwi_nullIsrFunc__C                     
000071c4  ti_sysbios_family_arm_m3_Hwi_priGroup__C                        
000071c8  ti_sysbios_family_arm_m3_Hwi_swiDisable__C                      
000071cc  ti_sysbios_family_arm_m3_Hwi_swiRestore__C                      
000071d0  ti_sysbios_family_arm_m3_TaskSupport_stackAlignment__C          
000071d4  ti_sysbios_family_arm_msp432_Timer_numTimerDevices__C           
000071d8  ti_sysbios_family_arm_msp432_Timer_startupNeeded__C             
000071dc  ti_sysbios_gates_GateMutex_Instance_State_sem__O                
000071e0  ti_sysbios_hal_Hwi_E_stackOverflow__C                           
000071e4  ti_sysbios_heaps_HeapMem_E_memory__C                            
000071e8  ti_sysbios_heaps_HeapMem_Module__gateObj__C                     
000071ec  ti_sysbios_heaps_HeapMem_Object__count__C                       
000071f0  ti_sysbios_heaps_HeapMem_primaryHeapBaseAddr__C                 
000071f4  ti_sysbios_heaps_HeapMem_primaryHeapEndAddr__C                  
000071f8  ti_sysbios_heaps_HeapMem_reqAlign__C                            
000071fc  ti_sysbios_knl_Clock_Module_State_clockQ__O                     
00007200  ti_sysbios_knl_Semaphore_Instance_State_pendQ__O                
00007204  ti_sysbios_knl_Swi_Object__count__C                             
00007208  ti_sysbios_knl_Task_E_spOutOfBounds__C                          
0000720c  ti_sysbios_knl_Task_E_stackOverflow__C                          
00007210  ti_sysbios_knl_Task_Module_State_inactiveQ__O                   
00007214  ti_sysbios_knl_Task_Object__count__C                            
00007218  ti_sysbios_knl_Task_allBlockedFunc__C                           
0000721c  ti_sysbios_knl_Task_defaultStackHeap__C                         
00007220  ti_sysbios_knl_Task_defaultStackSize__C                         
00007224  ti_sysbios_knl_Task_numConstructedTasks__C                      
00007228  xdc_runtime_Assert_E_assertFailed__C                            
0000722c  xdc_runtime_Core_A_initializedParams__C                         
00007230  xdc_runtime_Core_Module__diagsEnabled__C                        
00007234  xdc_runtime_Core_Module__diagsIncluded__C                       
00007238  xdc_runtime_Core_Module__diagsMask__C                           
0000723c  xdc_runtime_Error_E_memory__C                                   
00007240  xdc_runtime_Error_policyFxn__C                                  
00007244  xdc_runtime_Error_raiseHook__C                                  
00007248  xdc_runtime_IGateProvider_Interface__BASE__C                    
0000724c  xdc_runtime_IHeap_Interface__BASE__C                            
00007250  xdc_runtime_IModule_Interface__BASE__C                          
00007254  xdc_runtime_Memory_defaultHeapInstance__C                       
00007258  xdc_runtime_Startup_execImpl__C                                 
0000725c  xdc_runtime_Startup_maxPasses__C                                
00007260  xdc_runtime_Startup_sfxnRts__C                                  
00007264  xdc_runtime_Startup_sfxnTab__C                                  
00007268  xdc_runtime_SysMin_bufSize__C                                   
0000726c  xdc_runtime_SysMin_outputFunc__C                                
00007270  xdc_runtime_System_Module__gateObj__C                           
00007274  xdc_runtime_System_abortFxn__C                                  
00007278  xdc_runtime_System_exitFxn__C                                   
0000727c  xdc_runtime_System_extendFxn__C                                 
00007280  xdc_runtime_System_maxAtexitHandlers__C                         
00007284  xdc_runtime_Text_charTab__C                                     
00007288  xdc_runtime_Text_nodeTab__C                                     
0000728c  xdc_runtime_Text_visitRopeFxn__C                                
00007290  ti_sysbios_family_arm_m3_Hwi_Module__id__C                      
00007292  ti_sysbios_family_arm_msp432_init_Boot_bypassHFXT__C            
00007294  ti_sysbios_family_arm_msp432_init_Boot_bypassLFXT__C            
00007296  ti_sysbios_family_arm_msp432_init_Boot_enableHFXT__C            
00007298  ti_sysbios_family_arm_msp432_init_Boot_enableLFXT__C            
0000729a  ti_sysbios_hal_Hwi_Module__id__C                                
0000729c  ti_sysbios_heaps_HeapMem_Module__id__C                          
0000729e  ti_sysbios_knl_Task_Module__id__C                               
000072a0  xdc_runtime_Core_Module__id__C                                  
000072a2  xdc_runtime_Error_Module__loggerDefined__C                      
000072a4  xdc_runtime_Error_maxDepth__C                                   
000072a6  xdc_runtime_Memory_Module__id__C                                
000072a8  xdc_runtime_SysMin_flushAtExit__C                               
000072aa  xdc_runtime_Text_isLoaded__C                                    
000072ac  xdc_runtime_Text_registryModsLastId__C                          
000072ae  xdc_runtime_Text_unnamedModsLastId__C                           
000072b0  __TI_static_base__                                              
000074a8  __TI_Handler_Table_Base                                         
000074b4  __TI_Handler_Table_Limit                                        
000074c0  __TI_CINIT_Base                                                 
000074d0  __TI_CINIT_Limit                                                
00008000  HEAPSIZE                                                        
20000000  __start___llvm_prf_cnts                                         
20000000  __stop___llvm_prf_cnts                                          
20000000  ti_sysbios_family_arm_m3_Hwi_ramVectors                         
20000140  __primary_heap_start__                                          
20008140  __primary_heap_end__                                            
20008140  task1Stack                                                      
20008940  task2Stack                                                      
20009140  ti_sysbios_knl_Task_Instance_State_0_stack__A                   
20009340  xdc_runtime_SysMin_Module_State_0_outbuf__A                     
20009540  ti_sysbios_family_arm_m3_Hwi_dispatchTable                      
20009680  __CIOBUF_                                                       
200097a0  task1Struct                                                     
200097f0  task2Struct                                                     
20009848  parmbuf                                                         
20009850  PowerMSP432_perfLevels                                          
20009990  ti_sysbios_knl_Swi_Module_State_0_readyQ__A                     
20009a10  ti_sysbios_knl_Task_Module_State_0_readyQ__A                    
20009a90  ti_sysbios_knl_Task_Object__table__V                            
20009adc  ti_sysbios_family_arm_msp432_Timer_Object__table__V             
20009b20  ti_sysbios_knl_Task_Module__state__V                            
20009b64  ti_sysbios_gates_GateMutex_Object__table__V                     
20009b9c  ti_sysbios_family_arm_m3_Hwi_Module__state__V                   
20009bd0  ti_sysbios_knl_Swi_Object__table__V                             
20009c00  PowerMSP432_module                                              
20009c2c  ti_sysbios_knl_Clock_Module__state__V                           
20009c58  ti_sysbios_BIOS_Module__state__V                                
20009c7c  ti_sysbios_family_arm_msp432_Timer_Module_State_0_device__A     
20009c9c  xdc_runtime_Error_IgnoreBlock                                   
20009cbc  ti_sysbios_knl_Swi_Module__state__V                             
20009cd8  ti_sysbios_family_arm_m3_Hwi_Object__table__V                   
20009cf0  ti_sysbios_heaps_HeapMem_Object__table__V                       
20009d08  ti_sysbios_family_arm_msp432_Timer_Module_State_0_handles__A    
20009d18  ti_sysbios_family_arm_msp432_ClockFreqs_Module__state__V        
20009d24  ti_sysbios_family_arm_msp432_Timer_Module__state__V             
20009d30  xdc_runtime_SysMin_Module__state__V                             
20009d3c  _lock                                                           
20009d40  _unlock                                                         
20009d44  ti_sysbios_family_arm_m3_Hwi_Module__root__V                    
20009d4c  ti_sysbios_gates_GateHwi_Module__root__V                        
20009d54  ti_sysbios_gates_GateMutex_Module__root__V                      
20009d5c  ti_sysbios_heaps_HeapMem_Module__root__V                        
20009d64  ti_sysbios_knl_Queue_Module__root__V                            
20009d6c  ti_sysbios_knl_Semaphore_Module__root__V                        
20009d74  ti_sysbios_knl_Task_Module__root__V                             
20009d7c  xdc_runtime_Registry_Module__state__V                           
20009d84  xdc_runtime_Startup_Module__state__V                            
20009d8c  xdc_runtime_System_Module_State_0_atexitHandlers__A             
20009d94  xdc_runtime_System_Module__state__V                             
20009d9c  main_func_sp                                                    
20009da0  ti_sysbios_family_arm_m3_Hwi_Module_State_0_excContext__A       
20009da4  ti_sysbios_family_arm_m3_Hwi_Module_State_0_excStack__A         
20009da8  ti_sysbios_gates_GateHwi_Object__table__V                       
20009dac  ti_sysbios_knl_Task_Module_State_0_idleTask__A                  
20009db0  xdc_runtime_Memory_Module__state__V                             
20009db4  ti_sysbios_family_arm_m3_Hwi_Module_State_0_excActive__A        
20009db6  xdc_runtime_Error_Module__state__V                              
2000fc00  __stack                                                         
20010000  __STACK_END                                                     
4000480c  WDTCTL_SYM                                                      
e000e000  ti_sysbios_family_arm_m3_Hwi_nvic                               
ffffffff  __TI_pprof_out_hndl                                             
ffffffff  __TI_prof_data_size                                             
ffffffff  __TI_prof_data_start                                            
ffffffff  __binit__                                                       
ffffffff  __c_args__                                                      
ffffffff  binit                                                           
UNDEFED   SHT$$INIT_ARRAY$$Base                                           
UNDEFED   SHT$$INIT_ARRAY$$Limit                                          

[530 symbols]
