******************************************************************************
                  TI ARM Linker PC v20.2.5                     
******************************************************************************
>> Linked Sun Nov 27 23:22:56 2022

OUTPUT FILE NAME:   <adc14_single_conversion_repeat_timera_source_MSP_EXP432P401R_nortos_ccs.out>
ENTRY POINT SYMBOL: "_c_int00_noargs"  address: 00003be9


MEMORY CONFIGURATION

         name            origin    length      used     unused   attr    fill
----------------------  --------  ---------  --------  --------  ----  --------
  MAIN                  00000000   00040000  00004174  0003be8c  R  X
  INFO                  00200000   00004000  00000000  00004000  R  X
  SRAM_CODE             01000000   00010000  00000dbd  0000f243  RW X
  SRAM_DATA             20000000   00010000  00000dbd  0000f243  RW  


SEGMENT ALLOCATION MAP

run origin  load origin   length   init length attrs members
----------  ----------- ---------- ----------- ----- -------
00000000    00000000    00004178   00004178    r-x
  00000000    00000000    000000e4   000000e4    r-- .intvecs
  000000e4    000000e4    00003e20   00003e20    r-x .text
  00003f08    00003f08    000001e0   000001e0    r-- .const
  000040e8    000040e8    00000090   00000090    r-- .cinit
20000000    20000000    00000bbd   00000000    rw-
  20000000    20000000    00000800   00000000    rw- .sysmem
  20000800    20000800    000001e8   00000000    rw- .data
  200009e8    200009e8    000001d5   00000000    rw- .bss
2000fe00    2000fe00    00000200   00000000    rw-
  2000fe00    2000fe00    00000200   00000000    rw- .stack


SECTION ALLOCATION MAP

 output                                  attributes/
section   page    origin      length       input sections
--------  ----  ----------  ----------   ----------------
.intvecs   0    00000000    000000e4     
                  00000000    000000e4     startup_msp432p401r_ccs.obj (.intvecs:retain)

.text      0    000000e4    00003e20     
                  000000e4    00000a4e     rtsv7M4_T_le_v4SPD16_eabi.lib : _printfi.c.obj (.text:__TI_printfi)
                  00000b32    00000002     startup_msp432p401r_ccs.obj (.text:Default_Handler)
                  00000b34    000009d0     rtsv7M4_T_le_v4SPD16_eabi.lib : e_pow.c.obj (.text:pow)
                  00001504    00000270                                   : _printfi.c.obj (.text:_pconv_a)
                  00001774    000001d0                                   : _printfi.c.obj (.text:_pconv_g)
                  00001944    000001b6                                   : fd_add_t2.asm.obj (.text)
                  00001afa    00000002                                   : _lock.c.obj (.text:_nop)
                  00001afc    00000160     msp432p4xx_driverlib.lib : adc14.o (.text:_getIndexForMemRegister)
                  00001c5c    00000158     rtsv7M4_T_le_v4SPD16_eabi.lib : e_sqrt.c.obj (.text:sqrt)
                  00001db4    00000154     adc14_single_conversion_repeat_timera_source.obj (.text:main)
                  00001f08    0000013c     rtsv7M4_T_le_v4SPD16_eabi.lib : _printfi.c.obj (.text:_pconv_e)
                  00002044    00000136                                   : fd_div_t2.asm.obj (.text)
                  0000217a    00000002                                   : div0.asm.obj (.text)
                  0000217c    00000124                                   : _printfi.c.obj (.text:fcvt)
                  000022a0    00000114                                   : fputs.c.obj (.text:fputs)
                  000023b4    00000110                                   : s_scalbn.c.obj (.text:scalbn)
                  000024c4    00000104     msp432p4xx_driverlib.lib : cs.o (.text:_CSComputeCLKFrequency)
                  000025c8    00000100     rtsv7M4_T_le_v4SPD16_eabi.lib : memory.c.obj (.text:aligned_alloc)
                  000026c8    000000fc                                   : fd_mul_t2.asm.obj (.text)
                  000027c4    000000f8     msp432p4xx_driverlib.lib : cs.o (.text:CS_getDCOFrequency)
                  000028bc    000000e4     rtsv7M4_T_le_v4SPD16_eabi.lib : memory.c.obj (.text:free)
                  000029a0    000000dc                                   : setvbuf.c.obj (.text:setvbuf)
                  00002a7c    000000b4     msp432p4xx_driverlib.lib : adc14.o (.text:ADC14_configureConversionMemory)
                  00002b30    000000b1     rtsv7M4_T_le_v4SPD16_eabi.lib : _printfi.c.obj (.text:_ltostr)
                  00002be1    00000001     --HOLE-- [fill = 0]
                  00002be2    0000009c                                   : memcpy_t2.asm.obj (.text)
                  00002c7e    00000096                                   : ull_div_t2.asm.obj (.text)
                  00002d14    00000094     msp432p4xx_driverlib.lib : sysctl_a.o (.text:SysCtl_A_getTLVInfo)
                  00002da8    0000008c     adc14_single_conversion_repeat_timera_source.obj (.text:ADC14_IRQHandler)
                  00002e34    0000008c     rtsv7M4_T_le_v4SPD16_eabi.lib : fputc.c.obj (.text:fputc)
                  00002ec0    00000086                                   : fd_cmp_t2.asm.obj (.text:__aeabi_cdcmple)
                  00002f46    00000086                                   : fd_cmp_t2.asm.obj (.text:__aeabi_cdrcmple)
                  00002fcc    0000007c     msp432p4xx_driverlib.lib : cs.o (.text:_CSGetDOCFrequency)
                  00003048    0000007a     rtsv7M4_T_le_v4SPD16_eabi.lib : memset_t2.asm.obj (.text)
                  000030c2    00000002     --HOLE-- [fill = 0]
                  000030c4    00000078     system_msp432p401r.obj (.text:SystemInit)
                  0000313c    00000074     rtsv7M4_T_le_v4SPD16_eabi.lib : fclose.c.obj (.text:__TI_closefile)
                  000031b0    00000070     adc14_single_conversion_repeat_timera_source.obj (.text:digitizedToAnalog)
                  00003220    00000070     rtsv7M4_T_le_v4SPD16_eabi.lib : memory.c.obj (.text:split)
                  00003290    0000006e                                   : _printfi.c.obj (.text:_mcpy)
                  000032fe    00000002     --HOLE-- [fill = 0]
                  00003300    0000006c                                   : hostrename.c.obj (.text:HOSTrename)
                  0000336c    00000068                                   : hostlseek.c.obj (.text:HOSTlseek)
                  000033d4    00000068                                   : copy_decompress_lzss.c.obj (.text:decompress:lzss:__TI_decompress_lzss)
                  0000343c    00000068                                   : printf.c.obj (.text:printf)
                  000034a4    00000064                                   : s_frexp.c.obj (.text:frexp)
                  00003508    00000064                                   : fseek.c.obj (.text:fseek)
                  0000356c    00000062     msp432p4xx_driverlib.lib : cs.o (.text:_CSGetDividerValue)
                  000035ce    00000062     rtsv7M4_T_le_v4SPD16_eabi.lib : _io_perm.c.obj (.text:__TI_wrt_ok)
                  00003630    00000060                                   : hostopen.c.obj (.text:HOSTopen)
                  00003690    0000005c                                   : close.c.obj (.text:close)
                  000036ec    00000058                                   : hostread.c.obj (.text:HOSTread)
                  00003744    00000058                                   : hostwrite.c.obj (.text:HOSTwrite)
                  0000379c    00000056                                   : _printfi.c.obj (.text:_pconv_f)
                  000037f2    00000054                                   : _ltoa.c.obj (.text:__TI_ltoa)
                  00003846    00000052                                   : _printfi.c.obj (.text:_ecpy)
                  00003898    0000004c                                   : fflush.c.obj (.text:__TI_doflush)
                  000038e4    0000004c                                   : atoi.c.obj (.text:atoi)
                  00003930    00000048                                   : exit.c.obj (.text:exit)
                  00003978    00000048                                   : fd_toi_t2.asm.obj (.text)
                  000039c0    00000044                                   : hostclose.c.obj (.text:HOSTclose)
                  00003a04    00000044                                   : hostunlink.c.obj (.text:HOSTunlink)
                  00003a48    00000044                                   : autoinit.c.obj (.text:__TI_auto_init_nobinit_nopinit:__TI_auto_init_nobinit_nopinit)
                  00003a8c    00000044                                   : getdevice.c.obj (.text:getdevice)
                  00003ad0    0000003e                                   : _printfi.c.obj (.text:_fcpy)
                  00003b0e    00000002     --HOLE-- [fill = 0]
                  00003b10    00000038                                   : trgmsg.c.obj (.text:__TI_writemsg)
                  00003b48    00000036                                   : strncpy.c.obj (.text:strncpy)
                  00003b7e    00000002     --HOLE-- [fill = 0]
                  00003b80    00000034                                   : fopen.c.obj (.text:__TI_cleanup)
                  00003bb4    00000034                                   : trgmsg.c.obj (.text:__TI_readmsg)
                  00003be8    00000034                                   : boot_cortex_m.c.obj (.text:_c_int00_noargs:_c_int00_noargs)
                  00003c1c    00000030     msp432p4xx_driverlib.lib : cs.o (.text:CS_clearInterruptFlag)
                  00003c4c    00000030     rtsv7M4_T_le_v4SPD16_eabi.lib : getdevice.c.obj (.text:finddevice)
                  00003c7c    0000002e                                   : i_tofd_t2.asm.obj (.text)
                  00003caa    00000002     --HOLE-- [fill = 0]
                  00003cac    0000002c                                   : unlink.c.obj (.text:unlink)
                  00003cd8    00000028     msp432p4xx_driverlib.lib : adc14.o (.text:ADC14_getResult)
                  00003d00    00000028                              : cs.o (.text:CS_getMCLK)
                  00003d28    00000028     rtsv7M4_T_le_v4SPD16_eabi.lib : memory.c.obj (.text:free_list_insert)
                  00003d50    00000028                                   : lseek.c.obj (.text:lseek)
                  00003d78    00000028                                   : write.c.obj (.text:write)
                  00003da0    00000020                                   : memchr.c.obj (.text:memchr)
                  00003dc0    00000020                                   : u_tofd_t2.asm.obj (.text)
                  00003de0    0000001c                                   : copy_zero_init.c.obj (.text:decompress:ZI:__TI_zero_init_nomemset:__TI_zero_init_nomemset)
                  00003dfc    0000001c                                   : memory.c.obj (.text:free_list_remove)
                  00003e18    0000001c                                   : memccpy.c.obj (.text:memccpy)
                  00003e34    0000001a                                   : s_copysign.c.obj (.text:copysign)
                  00003e4e    00000018                                   : strcmp.c.obj (.text:strcmp)
                  00003e66    00000016                                   : strchr.c.obj (.text:strchr)
                  00003e7c    00000014                                   : strcpy.c.obj (.text:strcpy)
                  00003e90    00000014                                   : strlen.c.obj (.text:strlen)
                  00003ea4    00000012                                   : wcslen.c.obj (.text:wcslen)
                  00003eb6    00000002     --HOLE-- [fill = 0]
                  00003eb8    00000010     msp432p4xx_driverlib.lib : adc14.o (.text:ADCIsConversionRunning)
                  00003ec8    0000000e     rtsv7M4_T_le_v4SPD16_eabi.lib : copy_decompress_none.c.obj (.text:decompress:none:__TI_decompress_none)
                  00003ed6    0000000c     startup_msp432p401r_ccs.obj (.text:Reset_Handler)
                  00003ee2    00000002     --HOLE-- [fill = 0]
                  00003ee4    00000008     rtsv7M4_T_le_v4SPD16_eabi.lib : errno.c.obj (.text:__aeabi_errno_addr)
                  00003eec    00000008                                   : memory.c.obj (.text:malloc)
                  00003ef4    00000004                                   : printf.c.obj (.text:_outc)
                  00003ef8    00000004                                   : printf.c.obj (.text:_outs)
                  00003efc    00000004                                   : pre_init.c.obj (.text:_system_pre_init)
                  00003f00    00000004                                   : exit.c.obj (.text:abort:abort)

.const     0    00003f08    000001e0     
                  00003f08    00000101     rtsv7M4_T_le_v4SPD16_eabi.lib : ctype.c.obj (.const:.string:_ctypes_)
                  00004009    00000003     --HOLE-- [fill = 0]
                  0000400c    00000080     msp432p4xx_driverlib.lib : adc14.o (.const:_ctlRegs)
                  0000408c    00000004     --HOLE-- [fill = 0]
                  00004090    00000030     rtsv7M4_T_le_v4SPD16_eabi.lib : e_pow.c.obj (.const:$O1$$)
                  000040c0    00000018     adc14_single_conversion_repeat_timera_source.obj (.const:upModeConfig)
                  000040d8    00000010     adc14_single_conversion_repeat_timera_source.obj (.const:compareConfig)

.cinit     0    000040e8    00000090     
                  000040e8    00000068     (.cinit..data.load) [load image, compression = lzss]
                  00004150    0000000c     (__TI_handler_table)
                  0000415c    00000004     --HOLE-- [fill = 0]
                  00004160    00000008     (.cinit..bss.load) [load image, compression = zero_init]
                  00004168    00000010     (__TI_cinit_table)

.init_array 
*          0    00000000    00000000     UNINITIALIZED

.binit     0    00000000    00000000     

.sysmem    0    20000000    00000800     UNINITIALIZED
                  20000000    00000010     rtsv7M4_T_le_v4SPD16_eabi.lib : memory.c.obj (.sysmem)
                  20000010    000007f0     --HOLE--

.data      0    20000800    000001e8     UNINITIALIZED
                  20000800    000000f0     rtsv7M4_T_le_v4SPD16_eabi.lib : defs.c.obj (.data:_ftable)
                  200008f0    00000078                                   : host_device.c.obj (.data:_device)
                  20000968    00000050                                   : host_device.c.obj (.data:_stream)
                  200009b8    00000010                                   : defs.c.obj (.data)
                  200009c8    0000000c                                   : exit.c.obj (.data:$O1$$)
                  200009d4    00000008                                   : _lock.c.obj (.data:$O1$$)
                  200009dc    00000008                                   : memory.c.obj (.data:$O1$$)
                  200009e4    00000004                                   : errno.c.obj (.data)

.bss       0    200009e8    000001d5     UNINITIALIZED
                  200009e8    00000120     rtsv7M4_T_le_v4SPD16_eabi.lib : trgmsg.c.obj (.bss:_CIOBUF_)
                  20000b08    000000a0     (.common:__TI_tmpnams)
                  20000ba8    00000008     msp432p4xx_driverlib.lib : cs.o (.bss)
                  20000bb0    00000008     (.common:parmbuf)
                  20000bb8    00000004     (.common:adc_value)
                  20000bbc    00000001     adc14_single_conversion_repeat_timera_source.obj (.bss)

.stack     0    2000fe00    00000200     UNINITIALIZED
                  2000fe00    00000004     rtsv7M4_T_le_v4SPD16_eabi.lib : boot_cortex_m.c.obj (.stack)
                  2000fe04    000001fc     --HOLE--

__llvm_prf_cnts 
*          0    20000000    00000000     UNINITIALIZED

MODULE SUMMARY

       Module                                             code    ro data   rw data
       ------                                             ----    -------   -------
    .\
       adc14_single_conversion_repeat_timera_source.obj   592     40        10     
       system_msp432p401r.obj                             120     0         0      
    +--+--------------------------------------------------+-------+---------+---------+
       Total:                                             712     40        10     
                                                                                   
    .\ccs\
       startup_msp432p401r_ccs.obj                        14      228       0      
    +--+--------------------------------------------------+-------+---------+---------+
       Total:                                             14      228       0      
                                                                                   
    C:/ti/simplelink_msp432p4_sdk_3_40_01_02/source/ti/devices/msp432p4xx/driverlib/ccs/msp432p4xx_driverlib.lib
       cs.o                                               818     0         16     
       adc14.o                                            588     128       0      
       sysctl_a.o                                         148     0         0      
    +--+--------------------------------------------------+-------+---------+---------+
       Total:                                             1554    128       16     
                                                                                   
    C:\Software\ti\ccs1040\ccs\tools\compiler\ti-cgt-arm_20.2.5.LTS\lib\rtsv7M4_T_le_v4SPD16_eabi.lib
       _printfi.c.obj                                     4851    0         0      
       e_pow.c.obj                                        2512    48        0      
       defs.c.obj                                         0       0         832    
       memory.c.obj                                       672     0         16     
       trgmsg.c.obj                                       108     0         576    
       fd_add_t2.asm.obj                                  438     0         0      
       host_device.c.obj                                  0       0         400    
       e_sqrt.c.obj                                       344     0         0      
       fd_div_t2.asm.obj                                  310     0         0      
       fputs.c.obj                                        276     0         0      
       s_scalbn.c.obj                                     272     0         0      
       fd_cmp_t2.asm.obj                                  268     0         0      
       ctype.c.obj                                        0       257       0      
       fd_mul_t2.asm.obj                                  252     0         0      
       setvbuf.c.obj                                      220     0         0      
       memcpy_t2.asm.obj                                  156     0         0      
       ull_div_t2.asm.obj                                 150     0         0      
       fputc.c.obj                                        140     0         0      
       memset_t2.asm.obj                                  122     0         0      
       fclose.c.obj                                       116     0         0      
       getdevice.c.obj                                    116     0         0      
       hostopen.c.obj                                     96      0         16     
       printf.c.obj                                       112     0         0      
       hostrename.c.obj                                   108     0         0      
       copy_decompress_lzss.c.obj                         104     0         0      
       hostlseek.c.obj                                    104     0         0      
       exit.c.obj                                         76      0         24     
       fseek.c.obj                                        100     0         0      
       s_frexp.c.obj                                      100     0         0      
       _io_perm.c.obj                                     98      0         0      
       close.c.obj                                        92      0         0      
       hostread.c.obj                                     88      0         0      
       hostwrite.c.obj                                    88      0         0      
       _ltoa.c.obj                                        84      0         0      
       atoi.c.obj                                         76      0         0      
       fflush.c.obj                                       76      0         0      
       fd_toi_t2.asm.obj                                  72      0         0      
       autoinit.c.obj                                     68      0         0      
       hostclose.c.obj                                    68      0         0      
       hostunlink.c.obj                                   68      0         0      
       strncpy.c.obj                                      54      0         0      
       boot_cortex_m.c.obj                                52      0         0      
       fopen.c.obj                                        52      0         0      
       i_tofd_t2.asm.obj                                  46      0         0      
       unlink.c.obj                                       44      0         0      
       lseek.c.obj                                        40      0         0      
       write.c.obj                                        40      0         0      
       memchr.c.obj                                       32      0         0      
       u_tofd_t2.asm.obj                                  32      0         0      
       copy_zero_init.c.obj                               28      0         0      
       memccpy.c.obj                                      28      0         0      
       s_copysign.c.obj                                   26      0         0      
       strcmp.c.obj                                       24      0         0      
       strchr.c.obj                                       22      0         0      
       strcpy.c.obj                                       20      0         0      
       strlen.c.obj                                       20      0         0      
       _lock.c.obj                                        2       0         16     
       wcslen.c.obj                                       18      0         0      
       errno.c.obj                                        8       0         8      
       copy_decompress_none.c.obj                         14      0         0      
       pre_init.c.obj                                     4       0         0      
       div0.asm.obj                                       2       0         0      
    +--+--------------------------------------------------+-------+---------+---------+
       Total:                                             13609   305       1888   
                                                                                   
       Heap:                                              0       0         4096   
       Stack:                                             0       0         1024   
       Linker Generated:                                  0       140       0      
    +--+--------------------------------------------------+-------+---------+---------+
       Grand Total:                                       15889   841       7034   


LINKER GENERATED COPY TABLES

__TI_cinit_table @ 00004168 records: 2, size/record: 8, table size: 16
	.data: load addr=000040e8, load size=00000068 bytes, run addr=20000800, run size=000001e8 bytes, compression=lzss
	.bss: load addr=00004160, load size=00000008 bytes, run addr=200009e8, run size=000001d5 bytes, compression=zero_init


LINKER GENERATED HANDLER TABLE

__TI_handler_table @ 00004150 records: 3, size/record: 4, table size: 12
	index: 0, handler: __TI_decompress_lzss
	index: 1, handler: __TI_decompress_none
	index: 2, handler: __TI_zero_init


GLOBAL SYMBOLS: SORTED ALPHABETICALLY BY Name 

address   name                           
-------   ----                           
00002da9  ADC14_IRQHandler               
00002da9  ADC14_IRQHandler               
00002a7d  ADC14_configureConversionMemory
00003cd9  ADC14_getResult                
00000b33  AES256_IRQHandler              
00000b33  BusFault_Handler               
00003f01  C$$EXIT                        
00003b3f  C$$IO$$                        
00000b33  COMP_E0_IRQHandler             
00000b33  COMP_E1_IRQHandler             
00000b33  CS_IRQHandler                  
00003c1d  CS_clearInterruptFlag          
000027c5  CS_getDCOFrequency             
00003d01  CS_getMCLK                     
00000b33  DMA_ERR_IRQHandler             
00000b33  DMA_INT0_IRQHandler            
00000b33  DMA_INT1_IRQHandler            
00000b33  DMA_INT2_IRQHandler            
00000b33  DMA_INT3_IRQHandler            
00000b33  DebugMon_Handler               
00000b33  Default_Handler                
00000b33  EUSCIA0_IRQHandler             
00000b33  EUSCIA1_IRQHandler             
00000b33  EUSCIA2_IRQHandler             
00000b33  EUSCIA3_IRQHandler             
00000b33  EUSCIB0_IRQHandler             
00000b33  EUSCIB1_IRQHandler             
00000b33  EUSCIB2_IRQHandler             
00000b33  EUSCIB3_IRQHandler             
00000b33  FLCTL_IRQHandler               
00000b33  FPU_IRQHandler                 
000039c1  HOSTclose                      
0000336d  HOSTlseek                      
00003631  HOSTopen                       
000036ed  HOSTread                       
00003301  HOSTrename                     
00003a05  HOSTunlink                     
00003745  HOSTwrite                      
00000b33  HardFault_Handler              
00000b33  MemManage_Handler              
00000b33  NMI_Handler                    
00000b33  PCM_IRQHandler                 
00000b33  PORT1_IRQHandler               
00000b33  PORT2_IRQHandler               
00000b33  PORT3_IRQHandler               
00000b33  PORT4_IRQHandler               
00000b33  PORT5_IRQHandler               
00000b33  PORT6_IRQHandler               
00000b33  PSS_IRQHandler                 
00000b33  PendSV_Handler                 
00000b33  RTC_C_IRQHandler               
00003ed7  Reset_Handler                  
00000b33  SVC_Handler                    
00002d15  SysCtl_A_getTLVInfo            
00000b33  SysTick_Handler                
000030c5  SystemInit                     
00000b33  T32_INT1_IRQHandler            
00000b33  T32_INT2_IRQHandler            
00000b33  T32_INTC_IRQHandler            
00000b33  TA0_0_IRQHandler               
00000b33  TA0_N_IRQHandler               
00000b33  TA1_0_IRQHandler               
00000b33  TA1_N_IRQHandler               
00000b33  TA2_0_IRQHandler               
00000b33  TA2_N_IRQHandler               
00000b33  TA3_0_IRQHandler               
00000b33  TA3_N_IRQHandler               
00000b33  UsageFault_Handler             
4000480c  WDTCTL_SYM                     
00000b33  WDT_A_IRQHandler               
200009e8  __CIOBUF_                      
20010000  __STACK_END                    
00000200  __STACK_SIZE                   
00000800  __SYSMEM_SIZE                  
00004168  __TI_CINIT_Base                
00004178  __TI_CINIT_Limit               
00004150  __TI_Handler_Table_Base        
0000415c  __TI_Handler_Table_Limit       
00003a49  __TI_auto_init_nobinit_nopinit 
00003b81  __TI_cleanup                   
200009c8  __TI_cleanup_ptr               
0000313d  __TI_closefile                 
000033d5  __TI_decompress_lzss           
00003ec9  __TI_decompress_none           
00003899  __TI_doflush                   
200009cc  __TI_dtors_ptr                 
200009d0  __TI_enable_exit_profile_output
200009b8  __TI_ft_end                    
000037f3  __TI_ltoa                      
ffffffff  __TI_pprof_out_hndl            
000000e5  __TI_printfi                   
ffffffff  __TI_prof_data_size            
ffffffff  __TI_prof_data_start           
00003bb5  __TI_readmsg                   
00000000  __TI_static_base__             
20000b08  __TI_tmpnams                   
00003b11  __TI_writemsg                  
000035cf  __TI_wrt_ok                    
00003de1  __TI_zero_init_nomemset        
00002ec1  __aeabi_cdcmpeq                
00002ec1  __aeabi_cdcmple                
00002f47  __aeabi_cdrcmple               
00003979  __aeabi_d2iz                   
0000194f  __aeabi_dadd                   
00002045  __aeabi_ddiv                   
000026c9  __aeabi_dmul                   
00001945  __aeabi_dsub                   
00003ee5  __aeabi_errno_addr             
00003c7d  __aeabi_i2d                    
0000217b  __aeabi_idiv0                  
0000217b  __aeabi_ldiv0                  
00003049  __aeabi_memclr                 
00003049  __aeabi_memclr4                
00003049  __aeabi_memclr8                
00002be3  __aeabi_memcpy                 
00002be3  __aeabi_memcpy4                
00002be3  __aeabi_memcpy8                
0000304b  __aeabi_memset                 
0000304b  __aeabi_memset4                
0000304b  __aeabi_memset8                
200009c4  __aeabi_stderr                 
200009bc  __aeabi_stdin                  
200009c0  __aeabi_stdout                 
00003dc1  __aeabi_ui2d                   
00002c7f  __aeabi_uldivmod               
ffffffff  __binit__                      
ffffffff  __c_args__                     
UNDEFED   __mpu_init                     
2000fe00  __stack                        
20000000  __start___llvm_prf_cnts        
20000000  __stop___llvm_prf_cnts         
00003be9  _c_int00_noargs                
00003f08  _ctypes_                       
200008f0  _device                        
20000800  _ftable                        
200009d4  _lock                          
00001afb  _nop                           
20000968  _stream                        
20000000  _sys_memory                    
UNDEFED   _system_post_cinit             
00003efd  _system_pre_init               
200009d8  _unlock                        
00003f01  abort                          
20000bb8  adc_value                      
000025c9  aligned_alloc                  
000038e5  atoi                           
ffffffff  binit                          
00003691  close                          
000040d8  compareConfig                  
00003e35  copysign                       
00003e35  copysignl                      
000031b1  digitizedToAnalog              
200009e4  errno                          
00003931  exit                           
00003c4d  finddevice                     
00002e35  fputc                          
000022a1  fputs                          
000028bd  free                           
000034a5  frexp                          
000034a5  frexpl                         
00003509  fseek                          
00003a8d  getdevice                      
00000000  interruptVectors               
000023b5  ldexp                          
000023b5  ldexpl                         
00003d51  lseek                          
00001db5  main                           
00003eed  malloc                         
000025c9  memalign                       
00003e19  memccpy                        
00003da1  memchr                         
00002be3  memcpy                         
00003051  memset                         
20000bb0  parmbuf                        
00000b35  pow                            
00000b35  powl                           
0000343d  printf                         
00002e35  putc                           
00003cad  remove                         
000023b5  scalbn                         
000023b5  scalbnl                        
000029a1  setvbuf                        
00001c5d  sqrt                           
00001c5d  sqrtl                          
00003e67  strchr                         
00003e4f  strcmp                         
00003e7d  strcpy                         
00003e91  strlen                         
00003b49  strncpy                        
00003cad  unlink                         
000040c0  upModeConfig                   
00003ea5  wcslen                         
00003d79  write                          


GLOBAL SYMBOLS: SORTED BY Symbol Address 

address   name                           
-------   ----                           
00000000  __TI_static_base__             
00000000  interruptVectors               
000000e5  __TI_printfi                   
00000200  __STACK_SIZE                   
00000800  __SYSMEM_SIZE                  
00000b33  AES256_IRQHandler              
00000b33  BusFault_Handler               
00000b33  COMP_E0_IRQHandler             
00000b33  COMP_E1_IRQHandler             
00000b33  CS_IRQHandler                  
00000b33  DMA_ERR_IRQHandler             
00000b33  DMA_INT0_IRQHandler            
00000b33  DMA_INT1_IRQHandler            
00000b33  DMA_INT2_IRQHandler            
00000b33  DMA_INT3_IRQHandler            
00000b33  DebugMon_Handler               
00000b33  Default_Handler                
00000b33  EUSCIA0_IRQHandler             
00000b33  EUSCIA1_IRQHandler             
00000b33  EUSCIA2_IRQHandler             
00000b33  EUSCIA3_IRQHandler             
00000b33  EUSCIB0_IRQHandler             
00000b33  EUSCIB1_IRQHandler             
00000b33  EUSCIB2_IRQHandler             
00000b33  EUSCIB3_IRQHandler             
00000b33  FLCTL_IRQHandler               
00000b33  FPU_IRQHandler                 
00000b33  HardFault_Handler              
00000b33  MemManage_Handler              
00000b33  NMI_Handler                    
00000b33  PCM_IRQHandler                 
00000b33  PORT1_IRQHandler               
00000b33  PORT2_IRQHandler               
00000b33  PORT3_IRQHandler               
00000b33  PORT4_IRQHandler               
00000b33  PORT5_IRQHandler               
00000b33  PORT6_IRQHandler               
00000b33  PSS_IRQHandler                 
00000b33  PendSV_Handler                 
00000b33  RTC_C_IRQHandler               
00000b33  SVC_Handler                    
00000b33  SysTick_Handler                
00000b33  T32_INT1_IRQHandler            
00000b33  T32_INT2_IRQHandler            
00000b33  T32_INTC_IRQHandler            
00000b33  TA0_0_IRQHandler               
00000b33  TA0_N_IRQHandler               
00000b33  TA1_0_IRQHandler               
00000b33  TA1_N_IRQHandler               
00000b33  TA2_0_IRQHandler               
00000b33  TA2_N_IRQHandler               
00000b33  TA3_0_IRQHandler               
00000b33  TA3_N_IRQHandler               
00000b33  UsageFault_Handler             
00000b33  WDT_A_IRQHandler               
00000b35  pow                            
00000b35  powl                           
00001945  __aeabi_dsub                   
0000194f  __aeabi_dadd                   
00001afb  _nop                           
00001c5d  sqrt                           
00001c5d  sqrtl                          
00001db5  main                           
00002045  __aeabi_ddiv                   
0000217b  __aeabi_idiv0                  
0000217b  __aeabi_ldiv0                  
000022a1  fputs                          
000023b5  ldexp                          
000023b5  ldexpl                         
000023b5  scalbn                         
000023b5  scalbnl                        
000025c9  aligned_alloc                  
000025c9  memalign                       
000026c9  __aeabi_dmul                   
000027c5  CS_getDCOFrequency             
000028bd  free                           
000029a1  setvbuf                        
00002a7d  ADC14_configureConversionMemory
00002be3  __aeabi_memcpy                 
00002be3  __aeabi_memcpy4                
00002be3  __aeabi_memcpy8                
00002be3  memcpy                         
00002c7f  __aeabi_uldivmod               
00002d15  SysCtl_A_getTLVInfo            
00002da9  ADC14_IRQHandler               
00002da9  ADC14_IRQHandler               
00002e35  fputc                          
00002e35  putc                           
00002ec1  __aeabi_cdcmpeq                
00002ec1  __aeabi_cdcmple                
00002f47  __aeabi_cdrcmple               
00003049  __aeabi_memclr                 
00003049  __aeabi_memclr4                
00003049  __aeabi_memclr8                
0000304b  __aeabi_memset                 
0000304b  __aeabi_memset4                
0000304b  __aeabi_memset8                
00003051  memset                         
000030c5  SystemInit                     
0000313d  __TI_closefile                 
000031b1  digitizedToAnalog              
00003301  HOSTrename                     
0000336d  HOSTlseek                      
000033d5  __TI_decompress_lzss           
0000343d  printf                         
000034a5  frexp                          
000034a5  frexpl                         
00003509  fseek                          
000035cf  __TI_wrt_ok                    
00003631  HOSTopen                       
00003691  close                          
000036ed  HOSTread                       
00003745  HOSTwrite                      
000037f3  __TI_ltoa                      
00003899  __TI_doflush                   
000038e5  atoi                           
00003931  exit                           
00003979  __aeabi_d2iz                   
000039c1  HOSTclose                      
00003a05  HOSTunlink                     
00003a49  __TI_auto_init_nobinit_nopinit 
00003a8d  getdevice                      
00003b11  __TI_writemsg                  
00003b3f  C$$IO$$                        
00003b49  strncpy                        
00003b81  __TI_cleanup                   
00003bb5  __TI_readmsg                   
00003be9  _c_int00_noargs                
00003c1d  CS_clearInterruptFlag          
00003c4d  finddevice                     
00003c7d  __aeabi_i2d                    
00003cad  remove                         
00003cad  unlink                         
00003cd9  ADC14_getResult                
00003d01  CS_getMCLK                     
00003d51  lseek                          
00003d79  write                          
00003da1  memchr                         
00003dc1  __aeabi_ui2d                   
00003de1  __TI_zero_init_nomemset        
00003e19  memccpy                        
00003e35  copysign                       
00003e35  copysignl                      
00003e4f  strcmp                         
00003e67  strchr                         
00003e7d  strcpy                         
00003e91  strlen                         
00003ea5  wcslen                         
00003ec9  __TI_decompress_none           
00003ed7  Reset_Handler                  
00003ee5  __aeabi_errno_addr             
00003eed  malloc                         
00003efd  _system_pre_init               
00003f01  C$$EXIT                        
00003f01  abort                          
00003f08  _ctypes_                       
000040c0  upModeConfig                   
000040d8  compareConfig                  
00004150  __TI_Handler_Table_Base        
0000415c  __TI_Handler_Table_Limit       
00004168  __TI_CINIT_Base                
00004178  __TI_CINIT_Limit               
20000000  __start___llvm_prf_cnts        
20000000  __stop___llvm_prf_cnts         
20000000  _sys_memory                    
20000800  _ftable                        
200008f0  _device                        
20000968  _stream                        
200009b8  __TI_ft_end                    
200009bc  __aeabi_stdin                  
200009c0  __aeabi_stdout                 
200009c4  __aeabi_stderr                 
200009c8  __TI_cleanup_ptr               
200009cc  __TI_dtors_ptr                 
200009d0  __TI_enable_exit_profile_output
200009d4  _lock                          
200009d8  _unlock                        
200009e4  errno                          
200009e8  __CIOBUF_                      
20000b08  __TI_tmpnams                   
20000bb0  parmbuf                        
20000bb8  adc_value                      
2000fe00  __stack                        
20010000  __STACK_END                    
4000480c  WDTCTL_SYM                     
ffffffff  __TI_pprof_out_hndl            
ffffffff  __TI_prof_data_size            
ffffffff  __TI_prof_data_start           
ffffffff  __binit__                      
ffffffff  __c_args__                     
ffffffff  binit                          
UNDEFED   __mpu_init                     
UNDEFED   _system_post_cinit             

[193 symbols]
