******************************************************************************
                  TI ARM Linker PC v20.2.5                     
******************************************************************************
>> Linked Sat Nov 26 13:51:52 2022

OUTPUT FILE NAME:   <empty_MSP_EXP432P401R_nortos_ccs.out>
ENTRY POINT SYMBOL: "_c_int00_noinit_noargs"  address: 0000015d


MEMORY CONFIGURATION

         name            origin    length      used     unused   attr    fill
----------------------  --------  ---------  --------  --------  ----  --------
  MAIN                  00000000   00040000  000001a0  0003fe60  R  X
  INFO                  00200000   00004000  00000000  00004000  R  X
  SRAM_CODE             01000000   00010000  00000200  0000fe00  RW X
  SRAM_DATA             20000000   00010000  00000200  0000fe00  RW  


SEGMENT ALLOCATION MAP

run origin  load origin   length   init length attrs members
----------  ----------- ---------- ----------- ----- -------
00000000    00000000    000001a0   000001a0    r-x
  00000000    00000000    000000e4   000000e4    r-- .intvecs
  000000e4    000000e4    000000bc   000000bc    r-x .text
2000fe00    2000fe00    00000200   00000000    rw-
  2000fe00    2000fe00    00000200   00000000    rw- .stack


SECTION ALLOCATION MAP

 output                                  attributes/
section   page    origin      length       input sections
--------  ----  ----------  ----------   ----------------
.intvecs   0    00000000    000000e4     
                  00000000    000000e4     startup_msp432p401r_ccs.obj (.intvecs:retain)

.text      0    000000e4    000000bc     
                  000000e4    00000078     system_msp432p401r.obj (.text:SystemInit)
                  0000015c    0000002c     rtsv7M4_T_le_v4SPD16_eabi.lib : boot_cortex_m.c.obj (.text:_c_int00_noinit_noargs:_c_int00_noinit_noargs)
                  00000188    0000000c     startup_msp432p401r_ccs.obj (.text:Reset_Handler)
                  00000194    00000004     rtsv7M4_T_le_v4SPD16_eabi.lib : pre_init.c.obj (.text:_system_pre_init)
                  00000198    00000004                                   : exit.c.obj (.text:abort:abort)
                  0000019c    00000002     startup_msp432p401r_ccs.obj (.text:Default_Handler)
                  0000019e    00000002     main.obj (.text:main)

.cinit     0    00000000    00000000     UNINITIALIZED

.init_array 
*          0    00000000    00000000     UNINITIALIZED

.binit     0    00000000    00000000     

.stack     0    2000fe00    00000200     UNINITIALIZED
                  2000fe00    00000004     rtsv7M4_T_le_v4SPD16_eabi.lib : boot_cortex_m.c.obj (.stack)
                  2000fe04    000001fc     --HOLE--

__llvm_prf_cnts 
*          0    20000000    00000000     UNINITIALIZED

MODULE SUMMARY

       Module                        code   ro data   rw data
       ------                        ----   -------   -------
    .\
       system_msp432p401r.obj        120    0         0      
       main.obj                      2      0         0      
    +--+-----------------------------+------+---------+---------+
       Total:                        122    0         0      
                                                             
    .\ccs\
       startup_msp432p401r_ccs.obj   14     228       0      
    +--+-----------------------------+------+---------+---------+
       Total:                        14     228       0      
                                                             
    C:\Software\ti\ccs1040\ccs\tools\compiler\ti-cgt-arm_20.2.5.LTS\lib\rtsv7M4_T_le_v4SPD16_eabi.lib
       boot_cortex_m.c.obj           44     0         0      
       exit.c.obj                    4      0         0      
       pre_init.c.obj                4      0         0      
    +--+-----------------------------+------+---------+---------+
       Total:                        52     0         0      
                                                             
       Stack:                        0      0         1024   
    +--+-----------------------------+------+---------+---------+
       Grand Total:                  188    228       1024   


GLOBAL SYMBOLS: SORTED ALPHABETICALLY BY Name 

address   name                   
-------   ----                   
0000019d  ADC14_IRQHandler       
0000019d  AES256_IRQHandler      
0000019d  BusFault_Handler       
00000199  C$$EXIT                
0000019d  COMP_E0_IRQHandler     
0000019d  COMP_E1_IRQHandler     
0000019d  CS_IRQHandler          
0000019d  DMA_ERR_IRQHandler     
0000019d  DMA_INT0_IRQHandler    
0000019d  DMA_INT1_IRQHandler    
0000019d  DMA_INT2_IRQHandler    
0000019d  DMA_INT3_IRQHandler    
0000019d  DebugMon_Handler       
0000019d  Default_Handler        
0000019d  EUSCIA0_IRQHandler     
0000019d  EUSCIA1_IRQHandler     
0000019d  EUSCIA2_IRQHandler     
0000019d  EUSCIA3_IRQHandler     
0000019d  EUSCIB0_IRQHandler     
0000019d  EUSCIB1_IRQHandler     
0000019d  EUSCIB2_IRQHandler     
0000019d  EUSCIB3_IRQHandler     
0000019d  FLCTL_IRQHandler       
0000019d  FPU_IRQHandler         
0000019d  HardFault_Handler      
0000019d  MemManage_Handler      
0000019d  NMI_Handler            
0000019d  PCM_IRQHandler         
0000019d  PORT1_IRQHandler       
0000019d  PORT2_IRQHandler       
0000019d  PORT3_IRQHandler       
0000019d  PORT4_IRQHandler       
0000019d  PORT5_IRQHandler       
0000019d  PORT6_IRQHandler       
0000019d  PSS_IRQHandler         
0000019d  PendSV_Handler         
0000019d  RTC_C_IRQHandler       
00000189  Reset_Handler          
0000019d  SVC_Handler            
0000019d  SysTick_Handler        
000000e5  SystemInit             
0000019d  T32_INT1_IRQHandler    
0000019d  T32_INT2_IRQHandler    
0000019d  T32_INTC_IRQHandler    
0000019d  TA0_0_IRQHandler       
0000019d  TA0_N_IRQHandler       
0000019d  TA1_0_IRQHandler       
0000019d  TA1_N_IRQHandler       
0000019d  TA2_0_IRQHandler       
0000019d  TA2_N_IRQHandler       
0000019d  TA3_0_IRQHandler       
0000019d  TA3_N_IRQHandler       
0000019d  UsageFault_Handler     
4000480c  WDTCTL_SYM             
0000019d  WDT_A_IRQHandler       
20010000  __STACK_END            
00000200  __STACK_SIZE           
ffffffff  __TI_pprof_out_hndl    
ffffffff  __TI_prof_data_size    
ffffffff  __TI_prof_data_start   
00000000  __TI_static_base__     
ffffffff  __binit__              
ffffffff  __c_args__             
UNDEFED   __mpu_init             
2000fe00  __stack                
20000000  __start___llvm_prf_cnts
20000000  __stop___llvm_prf_cnts 
0000015d  _c_int00_noinit_noargs 
00000195  _system_pre_init       
00000199  abort                  
ffffffff  binit                  
00000000  interruptVectors       
0000019f  main                   


GLOBAL SYMBOLS: SORTED BY Symbol Address 

address   name                   
-------   ----                   
00000000  __TI_static_base__     
00000000  interruptVectors       
000000e5  SystemInit             
0000015d  _c_int00_noinit_noargs 
00000189  Reset_Handler          
00000195  _system_pre_init       
00000199  C$$EXIT                
00000199  abort                  
0000019d  ADC14_IRQHandler       
0000019d  AES256_IRQHandler      
0000019d  BusFault_Handler       
0000019d  COMP_E0_IRQHandler     
0000019d  COMP_E1_IRQHandler     
0000019d  CS_IRQHandler          
0000019d  DMA_ERR_IRQHandler     
0000019d  DMA_INT0_IRQHandler    
0000019d  DMA_INT1_IRQHandler    
0000019d  DMA_INT2_IRQHandler    
0000019d  DMA_INT3_IRQHandler    
0000019d  DebugMon_Handler       
0000019d  Default_Handler        
0000019d  EUSCIA0_IRQHandler     
0000019d  EUSCIA1_IRQHandler     
0000019d  EUSCIA2_IRQHandler     
0000019d  EUSCIA3_IRQHandler     
0000019d  EUSCIB0_IRQHandler     
0000019d  EUSCIB1_IRQHandler     
0000019d  EUSCIB2_IRQHandler     
0000019d  EUSCIB3_IRQHandler     
0000019d  FLCTL_IRQHandler       
0000019d  FPU_IRQHandler         
0000019d  HardFault_Handler      
0000019d  MemManage_Handler      
0000019d  NMI_Handler            
0000019d  PCM_IRQHandler         
0000019d  PORT1_IRQHandler       
0000019d  PORT2_IRQHandler       
0000019d  PORT3_IRQHandler       
0000019d  PORT4_IRQHandler       
0000019d  PORT5_IRQHandler       
0000019d  PORT6_IRQHandler       
0000019d  PSS_IRQHandler         
0000019d  PendSV_Handler         
0000019d  RTC_C_IRQHandler       
0000019d  SVC_Handler            
0000019d  SysTick_Handler        
0000019d  T32_INT1_IRQHandler    
0000019d  T32_INT2_IRQHandler    
0000019d  T32_INTC_IRQHandler    
0000019d  TA0_0_IRQHandler       
0000019d  TA0_N_IRQHandler       
0000019d  TA1_0_IRQHandler       
0000019d  TA1_N_IRQHandler       
0000019d  TA2_0_IRQHandler       
0000019d  TA2_N_IRQHandler       
0000019d  TA3_0_IRQHandler       
0000019d  TA3_N_IRQHandler       
0000019d  UsageFault_Handler     
0000019d  WDT_A_IRQHandler       
0000019f  main                   
00000200  __STACK_SIZE           
20000000  __start___llvm_prf_cnts
20000000  __stop___llvm_prf_cnts 
2000fe00  __stack                
20010000  __STACK_END            
4000480c  WDTCTL_SYM             
ffffffff  __TI_pprof_out_hndl    
ffffffff  __TI_prof_data_size    
ffffffff  __TI_prof_data_start   
ffffffff  __binit__              
ffffffff  __c_args__             
ffffffff  binit                  
UNDEFED   __mpu_init             

[73 symbols]
