******************************************************************************
                  TI ARM Linker PC v20.2.5                     
******************************************************************************
>> Linked Sun Oct 23 22:38:52 2022

OUTPUT FILE NAME:   <Lab5-5.1.out>
ENTRY POINT SYMBOL: "_c_int00_noargs"  address: 00002e41


MEMORY CONFIGURATION

         name            origin    length      used     unused   attr    fill
----------------------  --------  ---------  --------  --------  ----  --------
  MAIN                  00000000   00040000  00003291  0003cd6f  R  X
  INFO                  00200000   00004000  00000000  00004000  R  X
  SRAM_CODE             01000000   00010000  00000de8  0000f218  RW X
  SRAM_DATA             20000000   00010000  00000de8  0000f218  RW  


SEGMENT ALLOCATION MAP

run origin  load origin   length   init length attrs members
----------  ----------- ---------- ----------- ----- -------
00000000    00000000    00003298   00003298    r-x
  00000000    00000000    000000e4   000000e4    r-- .intvecs
  000000e4    000000e4    0000301c   0000301c    r-x .text
  00003100    00003100    00000101   00000101    r-- .const
  00003208    00003208    00000090   00000090    r-- .cinit
20000000    20000000    00000be8   00000000    rw-
  20000000    20000000    00000800   00000000    rw- .sysmem
  20000800    20000800    00000200   00000000    rw- .bss
  20000a00    20000a00    000001e8   00000000    rw- .data
2000fe00    2000fe00    00000200   00000000    rw-
  2000fe00    2000fe00    00000200   00000000    rw- .stack


SECTION ALLOCATION MAP

 output                                  attributes/
section   page    origin      length       input sections
--------  ----  ----------  ----------   ----------------
.intvecs   0    00000000    000000e4     
                  00000000    000000e4     startup_msp432p401r_ccs.obj (.intvecs:retain)

.text      0    000000e4    0000301c     
                  000000e4    00000a4e     rtsv7M4_T_le_v4SPD16_eabi.lib : _printfi.c.obj (.text:__TI_printfi)
                  00000b32    00000002     startup_msp432p401r_ccs.obj (.text:Default_Handler)
                  00000b34    00000270     rtsv7M4_T_le_v4SPD16_eabi.lib : _printfi.c.obj (.text:_pconv_a)
                  00000da4    000001d0                                   : _printfi.c.obj (.text:_pconv_g)
                  00000f74    000001b6                                   : fd_add_t2.asm.obj (.text)
                  0000112a    00000002                                   : _lock.c.obj (.text:_nop)
                  0000112c    0000013c                                   : _printfi.c.obj (.text:_pconv_e)
                  00001268    00000136                                   : fd_div_t2.asm.obj (.text)
                  0000139e    00000002                                   : div0.asm.obj (.text)
                  000013a0    00000124                                   : _printfi.c.obj (.text:fcvt)
                  000014c4    00000114                                   : fputs.c.obj (.text:fputs)
                  000015d8    00000110                                   : s_scalbn.c.obj (.text:scalbn)
                  000016e8    00000104     msp432p4xx_driverlib.lib : cs.o (.text:_CSComputeCLKFrequency)
                  000017ec    00000100     rtsv7M4_T_le_v4SPD16_eabi.lib : memory.c.obj (.text:aligned_alloc)
                  000018ec    000000fc                                   : fd_mul_t2.asm.obj (.text)
                  000019e8    000000f8     msp432p4xx_driverlib.lib : cs.o (.text:CS_getDCOFrequency)
                  00001ae0    000000e4     rtsv7M4_T_le_v4SPD16_eabi.lib : memory.c.obj (.text:free)
                  00001bc4    000000dc                                   : setvbuf.c.obj (.text:setvbuf)
                  00001ca0    000000c0     main.obj (.text:main)
                  00001d60    000000b1     rtsv7M4_T_le_v4SPD16_eabi.lib : _printfi.c.obj (.text:_ltostr)
                  00001e11    00000003     --HOLE-- [fill = 0]
                  00001e14    0000009c     main.obj (.text:getTen)
                  00001eb0    0000009c     rtsv7M4_T_le_v4SPD16_eabi.lib : memcpy_t2.asm.obj (.text)
                  00001f4c    00000096                                   : ull_div_t2.asm.obj (.text)
                  00001fe2    00000002     --HOLE-- [fill = 0]
                  00001fe4    00000094     msp432p4xx_driverlib.lib : sysctl_a.o (.text:SysCtl_A_getTLVInfo)
                  00002078    0000008c     rtsv7M4_T_le_v4SPD16_eabi.lib : fputc.c.obj (.text:fputc)
                  00002104    00000086                                   : fd_cmp_t2.asm.obj (.text:__aeabi_cdcmple)
                  0000218a    00000086                                   : fd_cmp_t2.asm.obj (.text:__aeabi_cdrcmple)
                  00002210    0000007c     msp432p4xx_driverlib.lib : cs.o (.text:_CSGetDOCFrequency)
                  0000228c    0000007a     rtsv7M4_T_le_v4SPD16_eabi.lib : memset_t2.asm.obj (.text)
                  00002306    00000002     --HOLE-- [fill = 0]
                  00002308    00000078     system_msp432p401r.obj (.text:SystemInit)
                  00002380    00000074     rtsv7M4_T_le_v4SPD16_eabi.lib : fclose.c.obj (.text:__TI_closefile)
                  000023f4    00000070                                   : memory.c.obj (.text:split)
                  00002464    0000006e                                   : _printfi.c.obj (.text:_mcpy)
                  000024d2    00000002     --HOLE-- [fill = 0]
                  000024d4    0000006c                                   : hostrename.c.obj (.text:HOSTrename)
                  00002540    00000068                                   : hostlseek.c.obj (.text:HOSTlseek)
                  000025a8    00000068                                   : copy_decompress_lzss.c.obj (.text:decompress:lzss:__TI_decompress_lzss)
                  00002610    00000068                                   : printf.c.obj (.text:printf)
                  00002678    00000064                                   : s_frexp.c.obj (.text:frexp)
                  000026dc    00000064                                   : fseek.c.obj (.text:fseek)
                  00002740    00000062     msp432p4xx_driverlib.lib : cs.o (.text:_CSGetDividerValue)
                  000027a2    00000062     rtsv7M4_T_le_v4SPD16_eabi.lib : _io_perm.c.obj (.text:__TI_wrt_ok)
                  00002804    00000060                                   : hostopen.c.obj (.text:HOSTopen)
                  00002864    0000005c                                   : close.c.obj (.text:close)
                  000028c0    00000058                                   : hostread.c.obj (.text:HOSTread)
                  00002918    00000058                                   : hostwrite.c.obj (.text:HOSTwrite)
                  00002970    00000056                                   : _printfi.c.obj (.text:_pconv_f)
                  000029c6    00000054                                   : _ltoa.c.obj (.text:__TI_ltoa)
                  00002a1a    00000052                                   : _printfi.c.obj (.text:_ecpy)
                  00002a6c    0000004c                                   : fflush.c.obj (.text:__TI_doflush)
                  00002ab8    0000004c                                   : atoi.c.obj (.text:atoi)
                  00002b04    0000004a     main.obj (.text:printAvg)
                  00002b4e    00000002     --HOLE-- [fill = 0]
                  00002b50    00000048     rtsv7M4_T_le_v4SPD16_eabi.lib : exit.c.obj (.text:exit)
                  00002b98    00000048                                   : fd_toi_t2.asm.obj (.text)
                  00002be0    00000044                                   : hostclose.c.obj (.text:HOSTclose)
                  00002c24    00000044                                   : hostunlink.c.obj (.text:HOSTunlink)
                  00002c68    00000044                                   : autoinit.c.obj (.text:__TI_auto_init_nobinit_nopinit:__TI_auto_init_nobinit_nopinit)
                  00002cac    00000044                                   : getdevice.c.obj (.text:getdevice)
                  00002cf0    0000003e                                   : _printfi.c.obj (.text:_fcpy)
                  00002d2e    00000002     --HOLE-- [fill = 0]
                  00002d30    00000038                                   : trgmsg.c.obj (.text:__TI_writemsg)
                  00002d68    00000038     main.obj (.text:setPin)
                  00002da0    00000036     rtsv7M4_T_le_v4SPD16_eabi.lib : strncpy.c.obj (.text:strncpy)
                  00002dd6    00000002     --HOLE-- [fill = 0]
                  00002dd8    00000034                                   : fopen.c.obj (.text:__TI_cleanup)
                  00002e0c    00000034                                   : trgmsg.c.obj (.text:__TI_readmsg)
                  00002e40    00000034                                   : boot_cortex_m.c.obj (.text:_c_int00_noargs:_c_int00_noargs)
                  00002e74    00000030     msp432p4xx_driverlib.lib : cs.o (.text:CS_clearInterruptFlag)
                  00002ea4    00000030     rtsv7M4_T_le_v4SPD16_eabi.lib : getdevice.c.obj (.text:finddevice)
                  00002ed4    0000002e                                   : i_tofd_t2.asm.obj (.text)
                  00002f02    00000002     --HOLE-- [fill = 0]
                  00002f04    0000002c                                   : unlink.c.obj (.text:unlink)
                  00002f30    00000028     msp432p4xx_driverlib.lib : cs.o (.text:CS_getMCLK)
                  00002f58    00000028     rtsv7M4_T_le_v4SPD16_eabi.lib : memory.c.obj (.text:free_list_insert)
                  00002f80    00000028                                   : lseek.c.obj (.text:lseek)
                  00002fa8    00000028                                   : write.c.obj (.text:write)
                  00002fd0    00000020                                   : memchr.c.obj (.text:memchr)
                  00002ff0    0000001c                                   : copy_zero_init.c.obj (.text:decompress:ZI:__TI_zero_init_nomemset:__TI_zero_init_nomemset)
                  0000300c    0000001c                                   : memory.c.obj (.text:free_list_remove)
                  00003028    0000001c                                   : memccpy.c.obj (.text:memccpy)
                  00003044    0000001a                                   : s_copysign.c.obj (.text:copysign)
                  0000305e    00000018                                   : strcmp.c.obj (.text:strcmp)
                  00003076    00000016                                   : strchr.c.obj (.text:strchr)
                  0000308c    00000014                                   : strcpy.c.obj (.text:strcpy)
                  000030a0    00000014                                   : strlen.c.obj (.text:strlen)
                  000030b4    00000012                                   : wcslen.c.obj (.text:wcslen)
                  000030c6    0000000e                                   : copy_decompress_none.c.obj (.text:decompress:none:__TI_decompress_none)
                  000030d4    0000000c     startup_msp432p401r_ccs.obj (.text:Reset_Handler)
                  000030e0    00000008     rtsv7M4_T_le_v4SPD16_eabi.lib : errno.c.obj (.text:__aeabi_errno_addr)
                  000030e8    00000008                                   : memory.c.obj (.text:malloc)
                  000030f0    00000004                                   : printf.c.obj (.text:_outc)
                  000030f4    00000004                                   : printf.c.obj (.text:_outs)
                  000030f8    00000004                                   : pre_init.c.obj (.text:_system_pre_init)
                  000030fc    00000004                                   : exit.c.obj (.text:abort:abort)

.const     0    00003100    00000101     
                  00003100    00000101     rtsv7M4_T_le_v4SPD16_eabi.lib : ctype.c.obj (.const:.string:_ctypes_)

.cinit     0    00003208    00000090     
                  00003208    00000067     (.cinit..data.load) [load image, compression = lzss]
                  0000326f    00000001     --HOLE-- [fill = 0]
                  00003270    0000000c     (__TI_handler_table)
                  0000327c    00000004     --HOLE-- [fill = 0]
                  00003280    00000008     (.cinit..bss.load) [load image, compression = zero_init]
                  00003288    00000010     (__TI_cinit_table)

.init_array 
*          0    00000000    00000000     UNINITIALIZED

.binit     0    00000000    00000000     

.sysmem    0    20000000    00000800     UNINITIALIZED
                  20000000    00000010     rtsv7M4_T_le_v4SPD16_eabi.lib : memory.c.obj (.sysmem)
                  20000010    000007f0     --HOLE--

.bss       0    20000800    00000200     UNINITIALIZED
                  20000800    00000120     rtsv7M4_T_le_v4SPD16_eabi.lib : trgmsg.c.obj (.bss:_CIOBUF_)
                  20000920    000000a0     (.common:__TI_tmpnams)
                  200009c0    00000028     main.obj (.bss:arr$1)
                  200009e8    00000008     msp432p4xx_driverlib.lib : cs.o (.bss)
                  200009f0    00000008     (.common:parmbuf)
                  200009f8    00000004     (.common:frequency)
                  200009fc    00000004     (.common:t0)

.data      0    20000a00    000001e8     UNINITIALIZED
                  20000a00    000000f0     rtsv7M4_T_le_v4SPD16_eabi.lib : defs.c.obj (.data:_ftable)
                  20000af0    00000078                                   : host_device.c.obj (.data:_device)
                  20000b68    00000050                                   : host_device.c.obj (.data:_stream)
                  20000bb8    00000010                                   : defs.c.obj (.data)
                  20000bc8    0000000c                                   : exit.c.obj (.data:$O1$$)
                  20000bd4    00000008                                   : _lock.c.obj (.data:$O1$$)
                  20000bdc    00000008                                   : memory.c.obj (.data:$O1$$)
                  20000be4    00000004                                   : errno.c.obj (.data)

.stack     0    2000fe00    00000200     UNINITIALIZED
                  2000fe00    00000004     rtsv7M4_T_le_v4SPD16_eabi.lib : boot_cortex_m.c.obj (.stack)
                  2000fe04    000001fc     --HOLE--

__llvm_prf_cnts 
*          0    20000000    00000000     UNINITIALIZED

MODULE SUMMARY

       Module                        code    ro data   rw data
       ------                        ----    -------   -------
    .\
       main.obj                      478     0         96     
       system_msp432p401r.obj        120     0         0      
    +--+-----------------------------+-------+---------+---------+
       Total:                        598     0         96     
                                                              
    .\ccs\
       startup_msp432p401r_ccs.obj   14      228       0      
    +--+-----------------------------+-------+---------+---------+
       Total:                        14      228       0      
                                                              
    C:/ti/simplelink_msp432p4_sdk_3_40_01_02/source/ti/devices/msp432p4xx/driverlib/ccs/msp432p4xx_driverlib.lib
       cs.o                          818     0         16     
       sysctl_a.o                    148     0         0      
    +--+-----------------------------+-------+---------+---------+
       Total:                        966     0         16     
                                                              
    C:\Software\ti\ccs1040\ccs\tools\compiler\ti-cgt-arm_20.2.5.LTS\lib\rtsv7M4_T_le_v4SPD16_eabi.lib
       _printfi.c.obj                4851    0         0      
       defs.c.obj                    0       0         832    
       memory.c.obj                  672     0         16     
       trgmsg.c.obj                  108     0         576    
       fd_add_t2.asm.obj             438     0         0      
       host_device.c.obj             0       0         400    
       fd_div_t2.asm.obj             310     0         0      
       fputs.c.obj                   276     0         0      
       s_scalbn.c.obj                272     0         0      
       fd_cmp_t2.asm.obj             268     0         0      
       ctype.c.obj                   0       257       0      
       fd_mul_t2.asm.obj             252     0         0      
       setvbuf.c.obj                 220     0         0      
       memcpy_t2.asm.obj             156     0         0      
       ull_div_t2.asm.obj            150     0         0      
       fputc.c.obj                   140     0         0      
       memset_t2.asm.obj             122     0         0      
       fclose.c.obj                  116     0         0      
       getdevice.c.obj               116     0         0      
       hostopen.c.obj                96      0         16     
       printf.c.obj                  112     0         0      
       hostrename.c.obj              108     0         0      
       copy_decompress_lzss.c.obj    104     0         0      
       hostlseek.c.obj               104     0         0      
       exit.c.obj                    76      0         24     
       fseek.c.obj                   100     0         0      
       s_frexp.c.obj                 100     0         0      
       _io_perm.c.obj                98      0         0      
       close.c.obj                   92      0         0      
       hostread.c.obj                88      0         0      
       hostwrite.c.obj               88      0         0      
       _ltoa.c.obj                   84      0         0      
       atoi.c.obj                    76      0         0      
       fflush.c.obj                  76      0         0      
       fd_toi_t2.asm.obj             72      0         0      
       autoinit.c.obj                68      0         0      
       hostclose.c.obj               68      0         0      
       hostunlink.c.obj              68      0         0      
       strncpy.c.obj                 54      0         0      
       boot_cortex_m.c.obj           52      0         0      
       fopen.c.obj                   52      0         0      
       i_tofd_t2.asm.obj             46      0         0      
       unlink.c.obj                  44      0         0      
       lseek.c.obj                   40      0         0      
       write.c.obj                   40      0         0      
       memchr.c.obj                  32      0         0      
       copy_zero_init.c.obj          28      0         0      
       memccpy.c.obj                 28      0         0      
       s_copysign.c.obj              26      0         0      
       strcmp.c.obj                  24      0         0      
       strchr.c.obj                  22      0         0      
       strcpy.c.obj                  20      0         0      
       strlen.c.obj                  20      0         0      
       _lock.c.obj                   2       0         16     
       wcslen.c.obj                  18      0         0      
       errno.c.obj                   8       0         8      
       copy_decompress_none.c.obj    14      0         0      
       pre_init.c.obj                4       0         0      
       div0.asm.obj                  2       0         0      
    +--+-----------------------------+-------+---------+---------+
       Total:                        10721   257       1888   
                                                              
       Heap:                         0       0         4096   
       Stack:                        0       0         1024   
       Linker Generated:             0       139       0      
    +--+-----------------------------+-------+---------+---------+
       Grand Total:                  12299   624       7120   


LINKER GENERATED COPY TABLES

__TI_cinit_table @ 00003288 records: 2, size/record: 8, table size: 16
	.data: load addr=00003208, load size=00000067 bytes, run addr=20000a00, run size=000001e8 bytes, compression=lzss
	.bss: load addr=00003280, load size=00000008 bytes, run addr=20000800, run size=00000200 bytes, compression=zero_init


LINKER GENERATED HANDLER TABLE

__TI_handler_table @ 00003270 records: 3, size/record: 4, table size: 12
	index: 0, handler: __TI_decompress_lzss
	index: 1, handler: __TI_decompress_none
	index: 2, handler: __TI_zero_init


GLOBAL SYMBOLS: SORTED ALPHABETICALLY BY Name 

address   name                           
-------   ----                           
00000b33  ADC14_IRQHandler               
00000b33  AES256_IRQHandler              
00000b33  BusFault_Handler               
000030fd  C$$EXIT                        
00002d5f  C$$IO$$                        
00000b33  COMP_E0_IRQHandler             
00000b33  COMP_E1_IRQHandler             
00000b33  CS_IRQHandler                  
00002e75  CS_clearInterruptFlag          
000019e9  CS_getDCOFrequency             
00002f31  CS_getMCLK                     
00000b33  DMA_ERR_IRQHandler             
00000b33  DMA_INT0_IRQHandler            
00000b33  DMA_INT1_IRQHandler            
00000b33  DMA_INT2_IRQHandler            
00000b33  DMA_INT3_IRQHandler            
00000b33  DebugMon_Handler               
00000b33  Default_Handler                
00000b33  EUSCIA0_IRQHandler             
00000b33  EUSCIA1_IRQHandler             
00000b33  EUSCIA2_IRQHandler             
00000b33  EUSCIA3_IRQHandler             
00000b33  EUSCIB0_IRQHandler             
00000b33  EUSCIB1_IRQHandler             
00000b33  EUSCIB2_IRQHandler             
00000b33  EUSCIB3_IRQHandler             
00000b33  FLCTL_IRQHandler               
00000b33  FPU_IRQHandler                 
00002be1  HOSTclose                      
00002541  HOSTlseek                      
00002805  HOSTopen                       
000028c1  HOSTread                       
000024d5  HOSTrename                     
00002c25  HOSTunlink                     
00002919  HOSTwrite                      
00000b33  HardFault_Handler              
00000b33  MemManage_Handler              
00000b33  NMI_Handler                    
00000b33  PCM_IRQHandler                 
00000b33  PORT1_IRQHandler               
00000b33  PORT2_IRQHandler               
00000b33  PORT3_IRQHandler               
00000b33  PORT4_IRQHandler               
00000b33  PORT5_IRQHandler               
00000b33  PORT6_IRQHandler               
00000b33  PSS_IRQHandler                 
00000b33  PendSV_Handler                 
00000b33  RTC_C_IRQHandler               
000030d5  Reset_Handler                  
00000b33  SVC_Handler                    
00001fe5  SysCtl_A_getTLVInfo            
00000b33  SysTick_Handler                
00002309  SystemInit                     
00000b33  T32_INT1_IRQHandler            
00000b33  T32_INT2_IRQHandler            
00000b33  T32_INTC_IRQHandler            
00000b33  TA0_0_IRQHandler               
00000b33  TA0_N_IRQHandler               
00000b33  TA1_0_IRQHandler               
00000b33  TA1_N_IRQHandler               
00000b33  TA2_0_IRQHandler               
00000b33  TA2_N_IRQHandler               
00000b33  TA3_0_IRQHandler               
00000b33  TA3_N_IRQHandler               
00000b33  UsageFault_Handler             
4000480c  WDTCTL_SYM                     
00000b33  WDT_A_IRQHandler               
20000800  __CIOBUF_                      
20010000  __STACK_END                    
00000200  __STACK_SIZE                   
00000800  __SYSMEM_SIZE                  
00003288  __TI_CINIT_Base                
00003298  __TI_CINIT_Limit               
00003270  __TI_Handler_Table_Base        
0000327c  __TI_Handler_Table_Limit       
00002c69  __TI_auto_init_nobinit_nopinit 
00002dd9  __TI_cleanup                   
20000bc8  __TI_cleanup_ptr               
00002381  __TI_closefile                 
000025a9  __TI_decompress_lzss           
000030c7  __TI_decompress_none           
00002a6d  __TI_doflush                   
20000bcc  __TI_dtors_ptr                 
20000bd0  __TI_enable_exit_profile_output
20000bb8  __TI_ft_end                    
000029c7  __TI_ltoa                      
ffffffff  __TI_pprof_out_hndl            
000000e5  __TI_printfi                   
ffffffff  __TI_prof_data_size            
ffffffff  __TI_prof_data_start           
00002e0d  __TI_readmsg                   
00000000  __TI_static_base__             
20000920  __TI_tmpnams                   
00002d31  __TI_writemsg                  
000027a3  __TI_wrt_ok                    
00002ff1  __TI_zero_init_nomemset        
00002105  __aeabi_cdcmpeq                
00002105  __aeabi_cdcmple                
0000218b  __aeabi_cdrcmple               
00002b99  __aeabi_d2iz                   
00000f7f  __aeabi_dadd                   
00001269  __aeabi_ddiv                   
000018ed  __aeabi_dmul                   
00000f75  __aeabi_dsub                   
000030e1  __aeabi_errno_addr             
00002ed5  __aeabi_i2d                    
0000139f  __aeabi_idiv0                  
0000139f  __aeabi_ldiv0                  
0000228d  __aeabi_memclr                 
0000228d  __aeabi_memclr4                
0000228d  __aeabi_memclr8                
00001eb1  __aeabi_memcpy                 
00001eb1  __aeabi_memcpy4                
00001eb1  __aeabi_memcpy8                
0000228f  __aeabi_memset                 
0000228f  __aeabi_memset4                
0000228f  __aeabi_memset8                
20000bc4  __aeabi_stderr                 
20000bbc  __aeabi_stdin                  
20000bc0  __aeabi_stdout                 
00001f4d  __aeabi_uldivmod               
ffffffff  __binit__                      
ffffffff  __c_args__                     
UNDEFED   __mpu_init                     
2000fe00  __stack                        
20000000  __start___llvm_prf_cnts        
20000000  __stop___llvm_prf_cnts         
00002e41  _c_int00_noargs                
00003100  _ctypes_                       
20000af0  _device                        
20000a00  _ftable                        
20000bd4  _lock                          
0000112b  _nop                           
20000b68  _stream                        
20000000  _sys_memory                    
UNDEFED   _system_post_cinit             
000030f9  _system_pre_init               
20000bd8  _unlock                        
000030fd  abort                          
000017ed  aligned_alloc                  
00002ab9  atoi                           
ffffffff  binit                          
00002865  close                          
00003045  copysign                       
00003045  copysignl                      
20000be4  errno                          
00002b51  exit                           
00002ea5  finddevice                     
00002079  fputc                          
000014c5  fputs                          
00001ae1  free                           
200009f8  frequency                      
00002679  frexp                          
00002679  frexpl                         
000026dd  fseek                          
00001e15  getTen                         
00002cad  getdevice                      
00000000  interruptVectors               
000015d9  ldexp                          
000015d9  ldexpl                         
00002f81  lseek                          
00001ca1  main                           
000030e9  malloc                         
000017ed  memalign                       
00003029  memccpy                        
00002fd1  memchr                         
00001eb1  memcpy                         
00002295  memset                         
200009f0  parmbuf                        
00002b05  printAvg                       
00002611  printf                         
00002079  putc                           
00002f05  remove                         
000015d9  scalbn                         
000015d9  scalbnl                        
00002d69  setPin                         
00001bc5  setvbuf                        
00003077  strchr                         
0000305f  strcmp                         
0000308d  strcpy                         
000030a1  strlen                         
00002da1  strncpy                        
200009fc  t0                             
00002f05  unlink                         
000030b5  wcslen                         
00002fa9  write                          


GLOBAL SYMBOLS: SORTED BY Symbol Address 

address   name                           
-------   ----                           
00000000  __TI_static_base__             
00000000  interruptVectors               
000000e5  __TI_printfi                   
00000200  __STACK_SIZE                   
00000800  __SYSMEM_SIZE                  
00000b33  ADC14_IRQHandler               
00000b33  AES256_IRQHandler              
00000b33  BusFault_Handler               
00000b33  COMP_E0_IRQHandler             
00000b33  COMP_E1_IRQHandler             
00000b33  CS_IRQHandler                  
00000b33  DMA_ERR_IRQHandler             
00000b33  DMA_INT0_IRQHandler            
00000b33  DMA_INT1_IRQHandler            
00000b33  DMA_INT2_IRQHandler            
00000b33  DMA_INT3_IRQHandler            
00000b33  DebugMon_Handler               
00000b33  Default_Handler                
00000b33  EUSCIA0_IRQHandler             
00000b33  EUSCIA1_IRQHandler             
00000b33  EUSCIA2_IRQHandler             
00000b33  EUSCIA3_IRQHandler             
00000b33  EUSCIB0_IRQHandler             
00000b33  EUSCIB1_IRQHandler             
00000b33  EUSCIB2_IRQHandler             
00000b33  EUSCIB3_IRQHandler             
00000b33  FLCTL_IRQHandler               
00000b33  FPU_IRQHandler                 
00000b33  HardFault_Handler              
00000b33  MemManage_Handler              
00000b33  NMI_Handler                    
00000b33  PCM_IRQHandler                 
00000b33  PORT1_IRQHandler               
00000b33  PORT2_IRQHandler               
00000b33  PORT3_IRQHandler               
00000b33  PORT4_IRQHandler               
00000b33  PORT5_IRQHandler               
00000b33  PORT6_IRQHandler               
00000b33  PSS_IRQHandler                 
00000b33  PendSV_Handler                 
00000b33  RTC_C_IRQHandler               
00000b33  SVC_Handler                    
00000b33  SysTick_Handler                
00000b33  T32_INT1_IRQHandler            
00000b33  T32_INT2_IRQHandler            
00000b33  T32_INTC_IRQHandler            
00000b33  TA0_0_IRQHandler               
00000b33  TA0_N_IRQHandler               
00000b33  TA1_0_IRQHandler               
00000b33  TA1_N_IRQHandler               
00000b33  TA2_0_IRQHandler               
00000b33  TA2_N_IRQHandler               
00000b33  TA3_0_IRQHandler               
00000b33  TA3_N_IRQHandler               
00000b33  UsageFault_Handler             
00000b33  WDT_A_IRQHandler               
00000f75  __aeabi_dsub                   
00000f7f  __aeabi_dadd                   
0000112b  _nop                           
00001269  __aeabi_ddiv                   
0000139f  __aeabi_idiv0                  
0000139f  __aeabi_ldiv0                  
000014c5  fputs                          
000015d9  ldexp                          
000015d9  ldexpl                         
000015d9  scalbn                         
000015d9  scalbnl                        
000017ed  aligned_alloc                  
000017ed  memalign                       
000018ed  __aeabi_dmul                   
000019e9  CS_getDCOFrequency             
00001ae1  free                           
00001bc5  setvbuf                        
00001ca1  main                           
00001e15  getTen                         
00001eb1  __aeabi_memcpy                 
00001eb1  __aeabi_memcpy4                
00001eb1  __aeabi_memcpy8                
00001eb1  memcpy                         
00001f4d  __aeabi_uldivmod               
00001fe5  SysCtl_A_getTLVInfo            
00002079  fputc                          
00002079  putc                           
00002105  __aeabi_cdcmpeq                
00002105  __aeabi_cdcmple                
0000218b  __aeabi_cdrcmple               
0000228d  __aeabi_memclr                 
0000228d  __aeabi_memclr4                
0000228d  __aeabi_memclr8                
0000228f  __aeabi_memset                 
0000228f  __aeabi_memset4                
0000228f  __aeabi_memset8                
00002295  memset                         
00002309  SystemInit                     
00002381  __TI_closefile                 
000024d5  HOSTrename                     
00002541  HOSTlseek                      
000025a9  __TI_decompress_lzss           
00002611  printf                         
00002679  frexp                          
00002679  frexpl                         
000026dd  fseek                          
000027a3  __TI_wrt_ok                    
00002805  HOSTopen                       
00002865  close                          
000028c1  HOSTread                       
00002919  HOSTwrite                      
000029c7  __TI_ltoa                      
00002a6d  __TI_doflush                   
00002ab9  atoi                           
00002b05  printAvg                       
00002b51  exit                           
00002b99  __aeabi_d2iz                   
00002be1  HOSTclose                      
00002c25  HOSTunlink                     
00002c69  __TI_auto_init_nobinit_nopinit 
00002cad  getdevice                      
00002d31  __TI_writemsg                  
00002d5f  C$$IO$$                        
00002d69  setPin                         
00002da1  strncpy                        
00002dd9  __TI_cleanup                   
00002e0d  __TI_readmsg                   
00002e41  _c_int00_noargs                
00002e75  CS_clearInterruptFlag          
00002ea5  finddevice                     
00002ed5  __aeabi_i2d                    
00002f05  remove                         
00002f05  unlink                         
00002f31  CS_getMCLK                     
00002f81  lseek                          
00002fa9  write                          
00002fd1  memchr                         
00002ff1  __TI_zero_init_nomemset        
00003029  memccpy                        
00003045  copysign                       
00003045  copysignl                      
0000305f  strcmp                         
00003077  strchr                         
0000308d  strcpy                         
000030a1  strlen                         
000030b5  wcslen                         
000030c7  __TI_decompress_none           
000030d5  Reset_Handler                  
000030e1  __aeabi_errno_addr             
000030e9  malloc                         
000030f9  _system_pre_init               
000030fd  C$$EXIT                        
000030fd  abort                          
00003100  _ctypes_                       
00003270  __TI_Handler_Table_Base        
0000327c  __TI_Handler_Table_Limit       
00003288  __TI_CINIT_Base                
00003298  __TI_CINIT_Limit               
20000000  __start___llvm_prf_cnts        
20000000  __stop___llvm_prf_cnts         
20000000  _sys_memory                    
20000800  __CIOBUF_                      
20000920  __TI_tmpnams                   
200009f0  parmbuf                        
200009f8  frequency                      
200009fc  t0                             
20000a00  _ftable                        
20000af0  _device                        
20000b68  _stream                        
20000bb8  __TI_ft_end                    
20000bbc  __aeabi_stdin                  
20000bc0  __aeabi_stdout                 
20000bc4  __aeabi_stderr                 
20000bc8  __TI_cleanup_ptr               
20000bcc  __TI_dtors_ptr                 
20000bd0  __TI_enable_exit_profile_output
20000bd4  _lock                          
20000bd8  _unlock                        
20000be4  errno                          
2000fe00  __stack                        
20010000  __STACK_END                    
4000480c  WDTCTL_SYM                     
ffffffff  __TI_pprof_out_hndl            
ffffffff  __TI_prof_data_size            
ffffffff  __TI_prof_data_start           
ffffffff  __binit__                      
ffffffff  __c_args__                     
ffffffff  binit                          
UNDEFED   __mpu_init                     
UNDEFED   _system_post_cinit             

[186 symbols]
