******************************************************************************
                  TI ARM Linker PC v20.2.5                     
******************************************************************************
>> Linked Sun Oct 23 17:35:37 2022

OUTPUT FILE NAME:   <Lab5-4.1.out>
ENTRY POINT SYMBOL: "_c_int00_noargs"  address: 00002b29


MEMORY CONFIGURATION

         name            origin    length      used     unused   attr    fill
----------------------  --------  ---------  --------  --------  ----  --------
  MAIN                  00000000   00040000  00002f21  0003d0df  R  X
  INFO                  00200000   00004000  00000000  00004000  R  X
  SRAM_CODE             01000000   00010000  00000dc0  0000f240  RW X
  SRAM_DATA             20000000   00010000  00000dc0  0000f240  RW  


SEGMENT ALLOCATION MAP

run origin  load origin   length   init length attrs members
----------  ----------- ---------- ----------- ----- -------
00000000    00000000    00002f28   00002f28    r-x
  00000000    00000000    000000e4   000000e4    r-- .intvecs
  000000e4    000000e4    00002cac   00002cac    r-x .text
  00002d90    00002d90    00000101   00000101    r-- .const
  00002e98    00002e98    00000090   00000090    r-- .cinit
20000000    20000000    00000bc0   00000000    rw-
  20000000    20000000    00000800   00000000    rw- .sysmem
  20000800    20000800    000001ec   00000000    rw- .data
  200009ec    200009ec    000001d4   00000000    rw- .bss
2000fe00    2000fe00    00000200   00000000    rw-
  2000fe00    2000fe00    00000200   00000000    rw- .stack


SECTION ALLOCATION MAP

 output                                  attributes/
section   page    origin      length       input sections
--------  ----  ----------  ----------   ----------------
.intvecs   0    00000000    000000e4     
                  00000000    000000e4     startup_msp432p401r_ccs.obj (.intvecs:retain)

.text      0    000000e4    00002cac     
                  000000e4    00000a4e     rtsv7M4_T_le_v4SPD16_eabi.lib : _printfi.c.obj (.text:__TI_printfi)
                  00000b32    00000002     startup_msp432p401r_ccs.obj (.text:Default_Handler)
                  00000b34    00000270     rtsv7M4_T_le_v4SPD16_eabi.lib : _printfi.c.obj (.text:_pconv_a)
                  00000da4    00000200     main.obj (.text:main)
                  00000fa4    000001d0     rtsv7M4_T_le_v4SPD16_eabi.lib : _printfi.c.obj (.text:_pconv_g)
                  00001174    000001b6                                   : fd_add_t2.asm.obj (.text)
                  0000132a    00000002                                   : _lock.c.obj (.text:_nop)
                  0000132c    0000013c                                   : _printfi.c.obj (.text:_pconv_e)
                  00001468    00000136                                   : fd_div_t2.asm.obj (.text)
                  0000159e    00000002                                   : div0.asm.obj (.text)
                  000015a0    00000124                                   : _printfi.c.obj (.text:fcvt)
                  000016c4    00000114                                   : fputs.c.obj (.text:fputs)
                  000017d8    00000110                                   : s_scalbn.c.obj (.text:scalbn)
                  000018e8    00000100                                   : memory.c.obj (.text:aligned_alloc)
                  000019e8    000000fc                                   : fd_mul_t2.asm.obj (.text)
                  00001ae4    000000e4                                   : memory.c.obj (.text:free)
                  00001bc8    000000dc                                   : setvbuf.c.obj (.text:setvbuf)
                  00001ca4    000000b1                                   : _printfi.c.obj (.text:_ltostr)
                  00001d55    00000001     --HOLE-- [fill = 0]
                  00001d56    0000009c                                   : memcpy_t2.asm.obj (.text)
                  00001df2    00000096                                   : ull_div_t2.asm.obj (.text)
                  00001e88    0000008c                                   : fputc.c.obj (.text:fputc)
                  00001f14    00000086                                   : fd_cmp_t2.asm.obj (.text:__aeabi_cdcmple)
                  00001f9a    00000086                                   : fd_cmp_t2.asm.obj (.text:__aeabi_cdrcmple)
                  00002020    0000007a                                   : memset_t2.asm.obj (.text)
                  0000209a    00000002     --HOLE-- [fill = 0]
                  0000209c    00000078     system_msp432p401r.obj (.text:SystemInit)
                  00002114    00000074     rtsv7M4_T_le_v4SPD16_eabi.lib : fclose.c.obj (.text:__TI_closefile)
                  00002188    00000070                                   : memory.c.obj (.text:split)
                  000021f8    0000006e                                   : _printfi.c.obj (.text:_mcpy)
                  00002266    00000002     --HOLE-- [fill = 0]
                  00002268    0000006c                                   : hostrename.c.obj (.text:HOSTrename)
                  000022d4    00000068                                   : hostlseek.c.obj (.text:HOSTlseek)
                  0000233c    00000068                                   : copy_decompress_lzss.c.obj (.text:decompress:lzss:__TI_decompress_lzss)
                  000023a4    00000068                                   : printf.c.obj (.text:printf)
                  0000240c    00000064                                   : s_frexp.c.obj (.text:frexp)
                  00002470    00000064                                   : fseek.c.obj (.text:fseek)
                  000024d4    00000062                                   : _io_perm.c.obj (.text:__TI_wrt_ok)
                  00002536    00000002     --HOLE-- [fill = 0]
                  00002538    00000060                                   : hostopen.c.obj (.text:HOSTopen)
                  00002598    0000005c                                   : close.c.obj (.text:close)
                  000025f4    00000058                                   : hostread.c.obj (.text:HOSTread)
                  0000264c    00000058                                   : hostwrite.c.obj (.text:HOSTwrite)
                  000026a4    00000056                                   : _printfi.c.obj (.text:_pconv_f)
                  000026fa    00000054                                   : _ltoa.c.obj (.text:__TI_ltoa)
                  0000274e    00000052                                   : _printfi.c.obj (.text:_ecpy)
                  000027a0    0000004c                                   : fflush.c.obj (.text:__TI_doflush)
                  000027ec    0000004c                                   : atoi.c.obj (.text:atoi)
                  00002838    00000048                                   : exit.c.obj (.text:exit)
                  00002880    00000048                                   : fd_toi_t2.asm.obj (.text)
                  000028c8    00000044                                   : hostclose.c.obj (.text:HOSTclose)
                  0000290c    00000044                                   : hostunlink.c.obj (.text:HOSTunlink)
                  00002950    00000044                                   : autoinit.c.obj (.text:__TI_auto_init_nobinit_nopinit:__TI_auto_init_nobinit_nopinit)
                  00002994    00000044                                   : getdevice.c.obj (.text:getdevice)
                  000029d8    0000003e                                   : _printfi.c.obj (.text:_fcpy)
                  00002a16    00000002     --HOLE-- [fill = 0]
                  00002a18    00000038                                   : trgmsg.c.obj (.text:__TI_writemsg)
                  00002a50    00000038                                   : fs_tod_t2.asm.obj (.text)
                  00002a88    00000036                                   : strncpy.c.obj (.text:strncpy)
                  00002abe    00000002     --HOLE-- [fill = 0]
                  00002ac0    00000034                                   : fopen.c.obj (.text:__TI_cleanup)
                  00002af4    00000034                                   : trgmsg.c.obj (.text:__TI_readmsg)
                  00002b28    00000034                                   : boot_cortex_m.c.obj (.text:_c_int00_noargs:_c_int00_noargs)
                  00002b5c    00000030                                   : getdevice.c.obj (.text:finddevice)
                  00002b8c    0000002e                                   : i_tofd_t2.asm.obj (.text)
                  00002bba    00000002     --HOLE-- [fill = 0]
                  00002bbc    0000002c                                   : unlink.c.obj (.text:unlink)
                  00002be8    00000028                                   : memory.c.obj (.text:free_list_insert)
                  00002c10    00000028                                   : lseek.c.obj (.text:lseek)
                  00002c38    00000028                                   : write.c.obj (.text:write)
                  00002c60    00000020                                   : memchr.c.obj (.text:memchr)
                  00002c80    0000001c                                   : copy_zero_init.c.obj (.text:decompress:ZI:__TI_zero_init_nomemset:__TI_zero_init_nomemset)
                  00002c9c    0000001c                                   : memory.c.obj (.text:free_list_remove)
                  00002cb8    0000001c                                   : memccpy.c.obj (.text:memccpy)
                  00002cd4    0000001a                                   : s_copysign.c.obj (.text:copysign)
                  00002cee    00000018                                   : strcmp.c.obj (.text:strcmp)
                  00002d06    00000016                                   : strchr.c.obj (.text:strchr)
                  00002d1c    00000014                                   : strcpy.c.obj (.text:strcpy)
                  00002d30    00000014                                   : strlen.c.obj (.text:strlen)
                  00002d44    00000012                                   : wcslen.c.obj (.text:wcslen)
                  00002d56    0000000e                                   : copy_decompress_none.c.obj (.text:decompress:none:__TI_decompress_none)
                  00002d64    0000000c     startup_msp432p401r_ccs.obj (.text:Reset_Handler)
                  00002d70    00000008     rtsv7M4_T_le_v4SPD16_eabi.lib : errno.c.obj (.text:__aeabi_errno_addr)
                  00002d78    00000008                                   : memory.c.obj (.text:malloc)
                  00002d80    00000004                                   : printf.c.obj (.text:_outc)
                  00002d84    00000004                                   : printf.c.obj (.text:_outs)
                  00002d88    00000004                                   : pre_init.c.obj (.text:_system_pre_init)
                  00002d8c    00000004                                   : exit.c.obj (.text:abort:abort)

.const     0    00002d90    00000101     
                  00002d90    00000101     rtsv7M4_T_le_v4SPD16_eabi.lib : ctype.c.obj (.const:.string:_ctypes_)

.cinit     0    00002e98    00000090     
                  00002e98    0000006a     (.cinit..data.load) [load image, compression = lzss]
                  00002f02    00000002     --HOLE-- [fill = 0]
                  00002f04    0000000c     (__TI_handler_table)
                  00002f10    00000008     (.cinit..bss.load) [load image, compression = zero_init]
                  00002f18    00000010     (__TI_cinit_table)

.init_array 
*          0    00000000    00000000     UNINITIALIZED

.binit     0    00000000    00000000     

.sysmem    0    20000000    00000800     UNINITIALIZED
                  20000000    00000010     rtsv7M4_T_le_v4SPD16_eabi.lib : memory.c.obj (.sysmem)
                  20000010    000007f0     --HOLE--

.data      0    20000800    000001ec     UNINITIALIZED
                  20000800    000000f0     rtsv7M4_T_le_v4SPD16_eabi.lib : defs.c.obj (.data:_ftable)
                  200008f0    00000078                                   : host_device.c.obj (.data:_device)
                  20000968    00000050                                   : host_device.c.obj (.data:_stream)
                  200009b8    00000010                                   : defs.c.obj (.data)
                  200009c8    0000000c                                   : exit.c.obj (.data:$O1$$)
                  200009d4    00000008                                   : _lock.c.obj (.data:$O1$$)
                  200009dc    00000008                                   : memory.c.obj (.data:$O1$$)
                  200009e4    00000004     main.obj (.data)
                  200009e8    00000004     rtsv7M4_T_le_v4SPD16_eabi.lib : errno.c.obj (.data)

.bss       0    200009ec    000001d4     UNINITIALIZED
                  200009ec    00000120     rtsv7M4_T_le_v4SPD16_eabi.lib : trgmsg.c.obj (.bss:_CIOBUF_)
                  20000b0c    000000a0     (.common:__TI_tmpnams)
                  20000bac    00000008     (.common:parmbuf)
                  20000bb4    00000004     (.common:frequency)
                  20000bb8    00000004     (.common:reference)
                  20000bbc    00000004     (.common:t0)

.stack     0    2000fe00    00000200     UNINITIALIZED
                  2000fe00    00000004     rtsv7M4_T_le_v4SPD16_eabi.lib : boot_cortex_m.c.obj (.stack)
                  2000fe04    000001fc     --HOLE--

__llvm_prf_cnts 
*          0    20000000    00000000     UNINITIALIZED

MODULE SUMMARY

       Module                        code    ro data   rw data
       ------                        ----    -------   -------
    .\
       main.obj                      512     0         32     
       system_msp432p401r.obj        120     0         0      
    +--+-----------------------------+-------+---------+---------+
       Total:                        632     0         32     
                                                              
    .\ccs\
       startup_msp432p401r_ccs.obj   14      228       0      
    +--+-----------------------------+-------+---------+---------+
       Total:                        14      228       0      
                                                              
    C:\Software\ti\ccs1040\ccs\tools\compiler\ti-cgt-arm_20.2.5.LTS\lib\rtsv7M4_T_le_v4SPD16_eabi.lib
       _printfi.c.obj                4851    0         0      
       defs.c.obj                    0       0         832    
       memory.c.obj                  672     0         16     
       trgmsg.c.obj                  108     0         576    
       fd_add_t2.asm.obj             438     0         0      
       host_device.c.obj             0       0         400    
       fd_div_t2.asm.obj             310     0         0      
       fputs.c.obj                   276     0         0      
       s_scalbn.c.obj                272     0         0      
       fd_cmp_t2.asm.obj             268     0         0      
       ctype.c.obj                   0       257       0      
       fd_mul_t2.asm.obj             252     0         0      
       setvbuf.c.obj                 220     0         0      
       memcpy_t2.asm.obj             156     0         0      
       ull_div_t2.asm.obj            150     0         0      
       fputc.c.obj                   140     0         0      
       memset_t2.asm.obj             122     0         0      
       fclose.c.obj                  116     0         0      
       getdevice.c.obj               116     0         0      
       hostopen.c.obj                96      0         16     
       printf.c.obj                  112     0         0      
       hostrename.c.obj              108     0         0      
       copy_decompress_lzss.c.obj    104     0         0      
       hostlseek.c.obj               104     0         0      
       exit.c.obj                    76      0         24     
       fseek.c.obj                   100     0         0      
       s_frexp.c.obj                 100     0         0      
       _io_perm.c.obj                98      0         0      
       close.c.obj                   92      0         0      
       hostread.c.obj                88      0         0      
       hostwrite.c.obj               88      0         0      
       _ltoa.c.obj                   84      0         0      
       atoi.c.obj                    76      0         0      
       fflush.c.obj                  76      0         0      
       fd_toi_t2.asm.obj             72      0         0      
       autoinit.c.obj                68      0         0      
       hostclose.c.obj               68      0         0      
       hostunlink.c.obj              68      0         0      
       fs_tod_t2.asm.obj             56      0         0      
       strncpy.c.obj                 54      0         0      
       boot_cortex_m.c.obj           52      0         0      
       fopen.c.obj                   52      0         0      
       i_tofd_t2.asm.obj             46      0         0      
       unlink.c.obj                  44      0         0      
       lseek.c.obj                   40      0         0      
       write.c.obj                   40      0         0      
       memchr.c.obj                  32      0         0      
       copy_zero_init.c.obj          28      0         0      
       memccpy.c.obj                 28      0         0      
       s_copysign.c.obj              26      0         0      
       strcmp.c.obj                  24      0         0      
       strchr.c.obj                  22      0         0      
       strcpy.c.obj                  20      0         0      
       strlen.c.obj                  20      0         0      
       _lock.c.obj                   2       0         16     
       wcslen.c.obj                  18      0         0      
       errno.c.obj                   8       0         8      
       copy_decompress_none.c.obj    14      0         0      
       pre_init.c.obj                4       0         0      
       div0.asm.obj                  2       0         0      
    +--+-----------------------------+-------+---------+---------+
       Total:                        10777   257       1888   
                                                              
       Heap:                         0       0         4096   
       Stack:                        0       0         1024   
       Linker Generated:             0       142       0      
    +--+-----------------------------+-------+---------+---------+
       Grand Total:                  11423   627       7040   


LINKER GENERATED COPY TABLES

__TI_cinit_table @ 00002f18 records: 2, size/record: 8, table size: 16
	.data: load addr=00002e98, load size=0000006a bytes, run addr=20000800, run size=000001ec bytes, compression=lzss
	.bss: load addr=00002f10, load size=00000008 bytes, run addr=200009ec, run size=000001d4 bytes, compression=zero_init


LINKER GENERATED HANDLER TABLE

__TI_handler_table @ 00002f04 records: 3, size/record: 4, table size: 12
	index: 0, handler: __TI_decompress_lzss
	index: 1, handler: __TI_decompress_none
	index: 2, handler: __TI_zero_init


GLOBAL SYMBOLS: SORTED ALPHABETICALLY BY Name 

address   name                           
-------   ----                           
00000b33  ADC14_IRQHandler               
00000b33  AES256_IRQHandler              
00000b33  BusFault_Handler               
00002d8d  C$$EXIT                        
00002a47  C$$IO$$                        
00000b33  COMP_E0_IRQHandler             
00000b33  COMP_E1_IRQHandler             
00000b33  CS_IRQHandler                  
00000b33  DMA_ERR_IRQHandler             
00000b33  DMA_INT0_IRQHandler            
00000b33  DMA_INT1_IRQHandler            
00000b33  DMA_INT2_IRQHandler            
00000b33  DMA_INT3_IRQHandler            
00000b33  DebugMon_Handler               
00000b33  Default_Handler                
00000b33  EUSCIA0_IRQHandler             
00000b33  EUSCIA1_IRQHandler             
00000b33  EUSCIA2_IRQHandler             
00000b33  EUSCIA3_IRQHandler             
00000b33  EUSCIB0_IRQHandler             
00000b33  EUSCIB1_IRQHandler             
00000b33  EUSCIB2_IRQHandler             
00000b33  EUSCIB3_IRQHandler             
00000b33  FLCTL_IRQHandler               
00000b33  FPU_IRQHandler                 
000028c9  HOSTclose                      
000022d5  HOSTlseek                      
00002539  HOSTopen                       
000025f5  HOSTread                       
00002269  HOSTrename                     
0000290d  HOSTunlink                     
0000264d  HOSTwrite                      
00000b33  HardFault_Handler              
00000b33  MemManage_Handler              
00000b33  NMI_Handler                    
00000b33  PCM_IRQHandler                 
00000b33  PORT1_IRQHandler               
00000b33  PORT2_IRQHandler               
00000b33  PORT3_IRQHandler               
00000b33  PORT4_IRQHandler               
00000b33  PORT5_IRQHandler               
00000b33  PORT6_IRQHandler               
00000b33  PSS_IRQHandler                 
00000b33  PendSV_Handler                 
00000b33  RTC_C_IRQHandler               
00002d65  Reset_Handler                  
00000b33  SVC_Handler                    
00000b33  SysTick_Handler                
0000209d  SystemInit                     
00000b33  T32_INT1_IRQHandler            
00000b33  T32_INT2_IRQHandler            
00000b33  T32_INTC_IRQHandler            
00000b33  TA0_0_IRQHandler               
00000b33  TA0_N_IRQHandler               
00000b33  TA1_0_IRQHandler               
00000b33  TA1_N_IRQHandler               
00000b33  TA2_0_IRQHandler               
00000b33  TA2_N_IRQHandler               
00000b33  TA3_0_IRQHandler               
00000b33  TA3_N_IRQHandler               
00000b33  UsageFault_Handler             
4000480c  WDTCTL_SYM                     
00000b33  WDT_A_IRQHandler               
200009ec  __CIOBUF_                      
20010000  __STACK_END                    
00000200  __STACK_SIZE                   
00000800  __SYSMEM_SIZE                  
00002f18  __TI_CINIT_Base                
00002f28  __TI_CINIT_Limit               
00002f04  __TI_Handler_Table_Base        
00002f10  __TI_Handler_Table_Limit       
00002951  __TI_auto_init_nobinit_nopinit 
00002ac1  __TI_cleanup                   
200009c8  __TI_cleanup_ptr               
00002115  __TI_closefile                 
0000233d  __TI_decompress_lzss           
00002d57  __TI_decompress_none           
000027a1  __TI_doflush                   
200009cc  __TI_dtors_ptr                 
200009d0  __TI_enable_exit_profile_output
200009b8  __TI_ft_end                    
000026fb  __TI_ltoa                      
ffffffff  __TI_pprof_out_hndl            
000000e5  __TI_printfi                   
ffffffff  __TI_prof_data_size            
ffffffff  __TI_prof_data_start           
00002af5  __TI_readmsg                   
00000000  __TI_static_base__             
20000b0c  __TI_tmpnams                   
00002a19  __TI_writemsg                  
000024d5  __TI_wrt_ok                    
00002c81  __TI_zero_init_nomemset        
00001f15  __aeabi_cdcmpeq                
00001f15  __aeabi_cdcmple                
00001f9b  __aeabi_cdrcmple               
00002881  __aeabi_d2iz                   
0000117f  __aeabi_dadd                   
00001469  __aeabi_ddiv                   
000019e9  __aeabi_dmul                   
00001175  __aeabi_dsub                   
00002d71  __aeabi_errno_addr             
00002a51  __aeabi_f2d                    
00002b8d  __aeabi_i2d                    
0000159f  __aeabi_idiv0                  
0000159f  __aeabi_ldiv0                  
00002021  __aeabi_memclr                 
00002021  __aeabi_memclr4                
00002021  __aeabi_memclr8                
00001d57  __aeabi_memcpy                 
00001d57  __aeabi_memcpy4                
00001d57  __aeabi_memcpy8                
00002023  __aeabi_memset                 
00002023  __aeabi_memset4                
00002023  __aeabi_memset8                
200009c4  __aeabi_stderr                 
200009bc  __aeabi_stdin                  
200009c0  __aeabi_stdout                 
00001df3  __aeabi_uldivmod               
ffffffff  __binit__                      
ffffffff  __c_args__                     
UNDEFED   __mpu_init                     
2000fe00  __stack                        
20000000  __start___llvm_prf_cnts        
20000000  __stop___llvm_prf_cnts         
00002b29  _c_int00_noargs                
00002d90  _ctypes_                       
200008f0  _device                        
20000800  _ftable                        
200009d4  _lock                          
0000132b  _nop                           
20000968  _stream                        
20000000  _sys_memory                    
UNDEFED   _system_post_cinit             
00002d89  _system_pre_init               
200009d8  _unlock                        
00002d8d  abort                          
000018e9  aligned_alloc                  
000027ed  atoi                           
ffffffff  binit                          
00002599  close                          
00002cd5  copysign                       
00002cd5  copysignl                      
200009e8  errno                          
00002839  exit                           
00002b5d  finddevice                     
00001e89  fputc                          
000016c5  fputs                          
00001ae5  free                           
20000bb4  frequency                      
0000240d  frexp                          
0000240d  frexpl                         
00002471  fseek                          
00002995  getdevice                      
00000000  interruptVectors               
000017d9  ldexp                          
000017d9  ldexpl                         
00002c11  lseek                          
00000da5  main                           
00002d79  malloc                         
000018e9  memalign                       
00002cb9  memccpy                        
00002c61  memchr                         
00001d57  memcpy                         
00002029  memset                         
20000bac  parmbuf                        
200009e4  pressed                        
000023a5  printf                         
00001e89  putc                           
20000bb8  reference                      
00002bbd  remove                         
000017d9  scalbn                         
000017d9  scalbnl                        
00001bc9  setvbuf                        
00002d07  strchr                         
00002cef  strcmp                         
00002d1d  strcpy                         
00002d31  strlen                         
00002a89  strncpy                        
20000bbc  t0                             
00002bbd  unlink                         
00002d45  wcslen                         
00002c39  write                          


GLOBAL SYMBOLS: SORTED BY Symbol Address 

address   name                           
-------   ----                           
00000000  __TI_static_base__             
00000000  interruptVectors               
000000e5  __TI_printfi                   
00000200  __STACK_SIZE                   
00000800  __SYSMEM_SIZE                  
00000b33  ADC14_IRQHandler               
00000b33  AES256_IRQHandler              
00000b33  BusFault_Handler               
00000b33  COMP_E0_IRQHandler             
00000b33  COMP_E1_IRQHandler             
00000b33  CS_IRQHandler                  
00000b33  DMA_ERR_IRQHandler             
00000b33  DMA_INT0_IRQHandler            
00000b33  DMA_INT1_IRQHandler            
00000b33  DMA_INT2_IRQHandler            
00000b33  DMA_INT3_IRQHandler            
00000b33  DebugMon_Handler               
00000b33  Default_Handler                
00000b33  EUSCIA0_IRQHandler             
00000b33  EUSCIA1_IRQHandler             
00000b33  EUSCIA2_IRQHandler             
00000b33  EUSCIA3_IRQHandler             
00000b33  EUSCIB0_IRQHandler             
00000b33  EUSCIB1_IRQHandler             
00000b33  EUSCIB2_IRQHandler             
00000b33  EUSCIB3_IRQHandler             
00000b33  FLCTL_IRQHandler               
00000b33  FPU_IRQHandler                 
00000b33  HardFault_Handler              
00000b33  MemManage_Handler              
00000b33  NMI_Handler                    
00000b33  PCM_IRQHandler                 
00000b33  PORT1_IRQHandler               
00000b33  PORT2_IRQHandler               
00000b33  PORT3_IRQHandler               
00000b33  PORT4_IRQHandler               
00000b33  PORT5_IRQHandler               
00000b33  PORT6_IRQHandler               
00000b33  PSS_IRQHandler                 
00000b33  PendSV_Handler                 
00000b33  RTC_C_IRQHandler               
00000b33  SVC_Handler                    
00000b33  SysTick_Handler                
00000b33  T32_INT1_IRQHandler            
00000b33  T32_INT2_IRQHandler            
00000b33  T32_INTC_IRQHandler            
00000b33  TA0_0_IRQHandler               
00000b33  TA0_N_IRQHandler               
00000b33  TA1_0_IRQHandler               
00000b33  TA1_N_IRQHandler               
00000b33  TA2_0_IRQHandler               
00000b33  TA2_N_IRQHandler               
00000b33  TA3_0_IRQHandler               
00000b33  TA3_N_IRQHandler               
00000b33  UsageFault_Handler             
00000b33  WDT_A_IRQHandler               
00000da5  main                           
00001175  __aeabi_dsub                   
0000117f  __aeabi_dadd                   
0000132b  _nop                           
00001469  __aeabi_ddiv                   
0000159f  __aeabi_idiv0                  
0000159f  __aeabi_ldiv0                  
000016c5  fputs                          
000017d9  ldexp                          
000017d9  ldexpl                         
000017d9  scalbn                         
000017d9  scalbnl                        
000018e9  aligned_alloc                  
000018e9  memalign                       
000019e9  __aeabi_dmul                   
00001ae5  free                           
00001bc9  setvbuf                        
00001d57  __aeabi_memcpy                 
00001d57  __aeabi_memcpy4                
00001d57  __aeabi_memcpy8                
00001d57  memcpy                         
00001df3  __aeabi_uldivmod               
00001e89  fputc                          
00001e89  putc                           
00001f15  __aeabi_cdcmpeq                
00001f15  __aeabi_cdcmple                
00001f9b  __aeabi_cdrcmple               
00002021  __aeabi_memclr                 
00002021  __aeabi_memclr4                
00002021  __aeabi_memclr8                
00002023  __aeabi_memset                 
00002023  __aeabi_memset4                
00002023  __aeabi_memset8                
00002029  memset                         
0000209d  SystemInit                     
00002115  __TI_closefile                 
00002269  HOSTrename                     
000022d5  HOSTlseek                      
0000233d  __TI_decompress_lzss           
000023a5  printf                         
0000240d  frexp                          
0000240d  frexpl                         
00002471  fseek                          
000024d5  __TI_wrt_ok                    
00002539  HOSTopen                       
00002599  close                          
000025f5  HOSTread                       
0000264d  HOSTwrite                      
000026fb  __TI_ltoa                      
000027a1  __TI_doflush                   
000027ed  atoi                           
00002839  exit                           
00002881  __aeabi_d2iz                   
000028c9  HOSTclose                      
0000290d  HOSTunlink                     
00002951  __TI_auto_init_nobinit_nopinit 
00002995  getdevice                      
00002a19  __TI_writemsg                  
00002a47  C$$IO$$                        
00002a51  __aeabi_f2d                    
00002a89  strncpy                        
00002ac1  __TI_cleanup                   
00002af5  __TI_readmsg                   
00002b29  _c_int00_noargs                
00002b5d  finddevice                     
00002b8d  __aeabi_i2d                    
00002bbd  remove                         
00002bbd  unlink                         
00002c11  lseek                          
00002c39  write                          
00002c61  memchr                         
00002c81  __TI_zero_init_nomemset        
00002cb9  memccpy                        
00002cd5  copysign                       
00002cd5  copysignl                      
00002cef  strcmp                         
00002d07  strchr                         
00002d1d  strcpy                         
00002d31  strlen                         
00002d45  wcslen                         
00002d57  __TI_decompress_none           
00002d65  Reset_Handler                  
00002d71  __aeabi_errno_addr             
00002d79  malloc                         
00002d89  _system_pre_init               
00002d8d  C$$EXIT                        
00002d8d  abort                          
00002d90  _ctypes_                       
00002f04  __TI_Handler_Table_Base        
00002f10  __TI_Handler_Table_Limit       
00002f18  __TI_CINIT_Base                
00002f28  __TI_CINIT_Limit               
20000000  __start___llvm_prf_cnts        
20000000  __stop___llvm_prf_cnts         
20000000  _sys_memory                    
20000800  _ftable                        
200008f0  _device                        
20000968  _stream                        
200009b8  __TI_ft_end                    
200009bc  __aeabi_stdin                  
200009c0  __aeabi_stdout                 
200009c4  __aeabi_stderr                 
200009c8  __TI_cleanup_ptr               
200009cc  __TI_dtors_ptr                 
200009d0  __TI_enable_exit_profile_output
200009d4  _lock                          
200009d8  _unlock                        
200009e4  pressed                        
200009e8  errno                          
200009ec  __CIOBUF_                      
20000b0c  __TI_tmpnams                   
20000bac  parmbuf                        
20000bb4  frequency                      
20000bb8  reference                      
20000bbc  t0                             
2000fe00  __stack                        
20010000  __STACK_END                    
4000480c  WDTCTL_SYM                     
ffffffff  __TI_pprof_out_hndl            
ffffffff  __TI_prof_data_size            
ffffffff  __TI_prof_data_start           
ffffffff  __binit__                      
ffffffff  __c_args__                     
ffffffff  binit                          
UNDEFED   __mpu_init                     
UNDEFED   _system_post_cinit             

[182 symbols]
