******************************************************************************
                  TI ARM Linker PC v20.2.5                     
******************************************************************************
>> Linked Sun Nov 27 19:57:26 2022

OUTPUT FILE NAME:   <Lab7-1.1.out>
ENTRY POINT SYMBOL: "_c_int00_noargs"  address: 0000323d


MEMORY CONFIGURATION

         name            origin    length      used     unused   attr    fill
----------------------  --------  ---------  --------  --------  ----  --------
  MAIN                  00000000   00040000  00003954  0003c6ac  R  X
  INFO                  00200000   00004000  00000000  00004000  R  X
  SRAM_CODE             01000000   00010000  00000db9  0000f247  RW X
  SRAM_DATA             20000000   00010000  00000db9  0000f247  RW  


SEGMENT ALLOCATION MAP

run origin  load origin   length   init length attrs members
----------  ----------- ---------- ----------- ----- -------
00000000    00000000    00003958   00003958    r-x
  00000000    00000000    000000e4   000000e4    r-- .intvecs
  000000e4    000000e4    00003654   00003654    r-x .text
  00003738    00003738    0000018c   0000018c    r-- .const
  000038c8    000038c8    00000090   00000090    r-- .cinit
20000000    20000000    00000bb9   00000000    rw-
  20000000    20000000    00000800   00000000    rw- .sysmem
  20000800    20000800    000001e8   00000000    rw- .data
  200009e8    200009e8    000001d1   00000000    rw- .bss
2000fe00    2000fe00    00000200   00000000    rw-
  2000fe00    2000fe00    00000200   00000000    rw- .stack


SECTION ALLOCATION MAP

 output                                  attributes/
section   page    origin      length       input sections
--------  ----  ----------  ----------   ----------------
.intvecs   0    00000000    000000e4     
                  00000000    000000e4     startup_msp432p401r_ccs.obj (.intvecs:retain)

.text      0    000000e4    00003654     
                  000000e4    00000a4e     rtsv7M4_T_le_v4SPD16_eabi.lib : _printfi.c.obj (.text:__TI_printfi)
                  00000b32    00000002     startup_msp432p401r_ccs.obj (.text:Default_Handler)
                  00000b34    00000270     rtsv7M4_T_le_v4SPD16_eabi.lib : _printfi.c.obj (.text:_pconv_a)
                  00000da4    000001d0                                   : _printfi.c.obj (.text:_pconv_g)
                  00000f74    000001b6                                   : fd_add_t2.asm.obj (.text)
                  0000112a    00000002                                   : _lock.c.obj (.text:_nop)
                  0000112c    00000160     msp432p4xx_driverlib.lib : adc14.o (.text:_getIndexForMemRegister)
                  0000128c    0000013c     rtsv7M4_T_le_v4SPD16_eabi.lib : _printfi.c.obj (.text:_pconv_e)
                  000013c8    00000136                                   : fd_div_t2.asm.obj (.text)
                  000014fe    00000002                                   : div0.asm.obj (.text)
                  00001500    00000124                                   : _printfi.c.obj (.text:fcvt)
                  00001624    00000114                                   : fputs.c.obj (.text:fputs)
                  00001738    00000110                                   : s_scalbn.c.obj (.text:scalbn)
                  00001848    00000104     msp432p4xx_driverlib.lib : cs.o (.text:_CSComputeCLKFrequency)
                  0000194c    00000100     rtsv7M4_T_le_v4SPD16_eabi.lib : memory.c.obj (.text:aligned_alloc)
                  00001a4c    000000fc                                   : fd_mul_t2.asm.obj (.text)
                  00001b48    000000f8     msp432p4xx_driverlib.lib : cs.o (.text:CS_getDCOFrequency)
                  00001c40    000000e4     rtsv7M4_T_le_v4SPD16_eabi.lib : memory.c.obj (.text:free)
                  00001d24    000000dc                                   : setvbuf.c.obj (.text:setvbuf)
                  00001e00    000000d8     main.obj (.text:main)
                  00001ed8    000000b4     msp432p4xx_driverlib.lib : adc14.o (.text:ADC14_configureConversionMemory)
                  00001f8c    000000b1     rtsv7M4_T_le_v4SPD16_eabi.lib : _printfi.c.obj (.text:_ltostr)
                  0000203d    00000003     --HOLE-- [fill = 0]
                  00002040    000000b0     main.obj (.text:calcTempF)
                  000020f0    0000009c     rtsv7M4_T_le_v4SPD16_eabi.lib : memcpy_t2.asm.obj (.text)
                  0000218c    00000096                                   : ull_div_t2.asm.obj (.text)
                  00002222    00000002     --HOLE-- [fill = 0]
                  00002224    00000094     msp432p4xx_driverlib.lib : sysctl_a.o (.text:SysCtl_A_getTLVInfo)
                  000022b8    0000008c     rtsv7M4_T_le_v4SPD16_eabi.lib : fputc.c.obj (.text:fputc)
                  00002344    00000086                                   : fd_cmp_t2.asm.obj (.text:__aeabi_cdcmple)
                  000023ca    00000086                                   : fd_cmp_t2.asm.obj (.text:__aeabi_cdrcmple)
                  00002450    00000080     msp432p4xx_driverlib.lib : interrupt.o (.text:Interrupt_enableInterrupt)
                  000024d0    0000007c                              : cs.o (.text:_CSGetDOCFrequency)
                  0000254c    0000007a     rtsv7M4_T_le_v4SPD16_eabi.lib : memset_t2.asm.obj (.text)
                  000025c6    00000002     --HOLE-- [fill = 0]
                  000025c8    00000078     system_msp432p401r.obj (.text:SystemInit)
                  00002640    00000074     rtsv7M4_T_le_v4SPD16_eabi.lib : fclose.c.obj (.text:__TI_closefile)
                  000026b4    00000070                                   : memory.c.obj (.text:split)
                  00002724    0000006e                                   : _printfi.c.obj (.text:_mcpy)
                  00002792    0000006e                                   : fd_tos_t2.asm.obj (.text)
                  00002800    0000006c                                   : hostrename.c.obj (.text:HOSTrename)
                  0000286c    00000068                                   : hostlseek.c.obj (.text:HOSTlseek)
                  000028d4    00000068                                   : copy_decompress_lzss.c.obj (.text:decompress:lzss:__TI_decompress_lzss)
                  0000293c    00000068                                   : printf.c.obj (.text:printf)
                  000029a4    00000064                                   : s_frexp.c.obj (.text:frexp)
                  00002a08    00000064                                   : fseek.c.obj (.text:fseek)
                  00002a6c    00000062     msp432p4xx_driverlib.lib : cs.o (.text:_CSGetDividerValue)
                  00002ace    00000062     rtsv7M4_T_le_v4SPD16_eabi.lib : _io_perm.c.obj (.text:__TI_wrt_ok)
                  00002b30    00000060                                   : hostopen.c.obj (.text:HOSTopen)
                  00002b90    0000005c                                   : close.c.obj (.text:close)
                  00002bec    00000058     msp432p4xx_driverlib.lib : adc14.o (.text:ADC14_configureSingleSampleMode)
                  00002c44    00000058     rtsv7M4_T_le_v4SPD16_eabi.lib : hostread.c.obj (.text:HOSTread)
                  00002c9c    00000058                                   : hostwrite.c.obj (.text:HOSTwrite)
                  00002cf4    00000056                                   : _printfi.c.obj (.text:_pconv_f)
                  00002d4a    00000002     --HOLE-- [fill = 0]
                  00002d4c    00000054     msp432p4xx_driverlib.lib : adc14.o (.text:ADC14_initModule)
                  00002da0    00000054     rtsv7M4_T_le_v4SPD16_eabi.lib : _ltoa.c.obj (.text:__TI_ltoa)
                  00002df4    00000052                                   : _printfi.c.obj (.text:_ecpy)
                  00002e46    0000004c                                   : fflush.c.obj (.text:__TI_doflush)
                  00002e92    00000002     --HOLE-- [fill = 0]
                  00002e94    0000004c                                   : atoi.c.obj (.text:atoi)
                  00002ee0    00000048                                   : exit.c.obj (.text:exit)
                  00002f28    00000048                                   : fd_toi_t2.asm.obj (.text)
                  00002f70    00000044                                   : hostclose.c.obj (.text:HOSTclose)
                  00002fb4    00000044                                   : hostunlink.c.obj (.text:HOSTunlink)
                  00002ff8    00000044                                   : autoinit.c.obj (.text:__TI_auto_init_nobinit_nopinit:__TI_auto_init_nobinit_nopinit)
                  0000303c    00000044                                   : getdevice.c.obj (.text:getdevice)
                  00003080    0000003e                                   : _printfi.c.obj (.text:_fcpy)
                  000030be    00000002     --HOLE-- [fill = 0]
                  000030c0    00000038     msp432p4xx_driverlib.lib : adc14.o (.text:ADC14_getEnabledInterruptStatus)
                  000030f8    00000038     rtsv7M4_T_le_v4SPD16_eabi.lib : trgmsg.c.obj (.text:__TI_writemsg)
                  00003130    00000038                                   : fs_tod_t2.asm.obj (.text)
                  00003168    00000036                                   : strncpy.c.obj (.text:strncpy)
                  0000319e    00000002     --HOLE-- [fill = 0]
                  000031a0    00000034     msp432p4xx_driverlib.lib : adc14.o (.text:ADC14_enableSampleTimer)
                  000031d4    00000034     rtsv7M4_T_le_v4SPD16_eabi.lib : fopen.c.obj (.text:__TI_cleanup)
                  00003208    00000034                                   : trgmsg.c.obj (.text:__TI_readmsg)
                  0000323c    00000034                                   : boot_cortex_m.c.obj (.text:_c_int00_noargs:_c_int00_noargs)
                  00003270    00000030     main.obj (.text:ADC14_IRQHandler)
                  000032a0    00000030     msp432p4xx_driverlib.lib : adc14.o (.text:ADC14_clearInterruptFlag)
                  000032d0    00000030                              : adc14.o (.text:ADC14_enableInterrupt)
                  00003300    00000030                              : adc14.o (.text:ADC14_setSampleHoldTime)
                  00003330    00000030                              : cs.o (.text:CS_clearInterruptFlag)
                  00003360    00000030     rtsv7M4_T_le_v4SPD16_eabi.lib : getdevice.c.obj (.text:finddevice)
                  00003390    0000002e                                   : i_tofd_t2.asm.obj (.text)
                  000033be    00000002     --HOLE-- [fill = 0]
                  000033c0    0000002c     msp432p4xx_driverlib.lib : adc14.o (.text:ADC14_getInterruptStatus)
                  000033ec    0000002c                              : adc14.o (.text:ADC14_toggleConversionTrigger)
                  00003418    0000002c     rtsv7M4_T_le_v4SPD16_eabi.lib : unlink.c.obj (.text:unlink)
                  00003444    00000028     msp432p4xx_driverlib.lib : adc14.o (.text:ADC14_enableConversion)
                  0000346c    00000028                              : adc14.o (.text:ADC14_getResult)
                  00003494    00000028                              : cs.o (.text:CS_getMCLK)
                  000034bc    00000028     rtsv7M4_T_le_v4SPD16_eabi.lib : memory.c.obj (.text:free_list_insert)
                  000034e4    00000028                                   : lseek.c.obj (.text:lseek)
                  0000350c    00000028                                   : write.c.obj (.text:write)
                  00003534    00000024     msp432p4xx_driverlib.lib : wdt_a.o (.text:WDT_A_holdTimer)
                  00003558    00000020                              : adc14.o (.text:ADC14_setResolution)
                  00003578    00000020                              : ref_a.o (.text:REF_A_setReferenceVoltage)
                  00003598    00000020     rtsv7M4_T_le_v4SPD16_eabi.lib : memchr.c.obj (.text:memchr)
                  000035b8    0000001c     msp432p4xx_driverlib.lib : sysctl.o (.text:SysCtl_getTempCalibrationConstant)
                  000035d4    0000001c     rtsv7M4_T_le_v4SPD16_eabi.lib : copy_zero_init.c.obj (.text:decompress:ZI:__TI_zero_init_nomemset:__TI_zero_init_nomemset)
                  000035f0    0000001c                                   : memory.c.obj (.text:free_list_remove)
                  0000360c    0000001c                                   : memccpy.c.obj (.text:memccpy)
                  00003628    0000001a                                   : s_copysign.c.obj (.text:copysign)
                  00003642    00000018                                   : strcmp.c.obj (.text:strcmp)
                  0000365a    00000016                                   : strchr.c.obj (.text:strchr)
                  00003670    00000014                                   : strcpy.c.obj (.text:strcpy)
                  00003684    00000014                                   : strlen.c.obj (.text:strlen)
                  00003698    00000012                                   : wcslen.c.obj (.text:wcslen)
                  000036aa    00000002     --HOLE-- [fill = 0]
                  000036ac    00000010     msp432p4xx_driverlib.lib : adc14.o (.text:ADCIsConversionRunning)
                  000036bc    00000010                              : interrupt.o (.text:Interrupt_enableMaster)
                  000036cc    0000000e     rtsv7M4_T_le_v4SPD16_eabi.lib : copy_decompress_none.c.obj (.text:decompress:none:__TI_decompress_none)
                  000036da    00000002     --HOLE-- [fill = 0]
                  000036dc    0000000c     msp432p4xx_driverlib.lib : adc14.o (.text:ADC14_enableModule)
                  000036e8    0000000c                              : cpu.o (.text:CPU_cpsie)
                  000036f4    0000000c                              : ref_a.o (.text:REF_A_enableReferenceVoltage)
                  00003700    0000000c                              : ref_a.o (.text:REF_A_enableTempSensor)
                  0000370c    0000000c     startup_msp432p401r_ccs.obj (.text:Reset_Handler)
                  00003718    00000008     rtsv7M4_T_le_v4SPD16_eabi.lib : errno.c.obj (.text:__aeabi_errno_addr)
                  00003720    00000008                                   : memory.c.obj (.text:malloc)
                  00003728    00000004                                   : printf.c.obj (.text:_outc)
                  0000372c    00000004                                   : printf.c.obj (.text:_outs)
                  00003730    00000004                                   : pre_init.c.obj (.text:_system_pre_init)
                  00003734    00000004                                   : exit.c.obj (.text:abort:abort)

.const     0    00003738    0000018c     
                  00003738    00000101     rtsv7M4_T_le_v4SPD16_eabi.lib : ctype.c.obj (.const:.string:_ctypes_)
                  00003839    00000003     --HOLE-- [fill = 0]
                  0000383c    00000080     msp432p4xx_driverlib.lib : adc14.o (.const:_ctlRegs)
                  000038bc    00000008                              : interrupt.o (.const:g_pulEnRegs)

.cinit     0    000038c8    00000090     
                  000038c8    00000068     (.cinit..data.load) [load image, compression = lzss]
                  00003930    0000000c     (__TI_handler_table)
                  0000393c    00000004     --HOLE-- [fill = 0]
                  00003940    00000008     (.cinit..bss.load) [load image, compression = zero_init]
                  00003948    00000010     (__TI_cinit_table)

.init_array 
*          0    00000000    00000000     UNINITIALIZED

.binit     0    00000000    00000000     

.sysmem    0    20000000    00000800     UNINITIALIZED
                  20000000    00000010     rtsv7M4_T_le_v4SPD16_eabi.lib : memory.c.obj (.sysmem)
                  20000010    000007f0     --HOLE--

.data      0    20000800    000001e8     UNINITIALIZED
                  20000800    000000f0     rtsv7M4_T_le_v4SPD16_eabi.lib : defs.c.obj (.data:_ftable)
                  200008f0    00000078                                   : host_device.c.obj (.data:_device)
                  20000968    00000050                                   : host_device.c.obj (.data:_stream)
                  200009b8    00000010                                   : defs.c.obj (.data)
                  200009c8    0000000c                                   : exit.c.obj (.data:$O1$$)
                  200009d4    00000008                                   : _lock.c.obj (.data:$O1$$)
                  200009dc    00000008                                   : memory.c.obj (.data:$O1$$)
                  200009e4    00000004                                   : errno.c.obj (.data)

.bss       0    200009e8    000001d1     UNINITIALIZED
                  200009e8    00000120     rtsv7M4_T_le_v4SPD16_eabi.lib : trgmsg.c.obj (.bss:_CIOBUF_)
                  20000b08    000000a0     (.common:__TI_tmpnams)
                  20000ba8    00000008     msp432p4xx_driverlib.lib : cs.o (.bss)
                  20000bb0    00000008     (.common:parmbuf)
                  20000bb8    00000001     (.common:adc_done)

.stack     0    2000fe00    00000200     UNINITIALIZED
                  2000fe00    00000004     rtsv7M4_T_le_v4SPD16_eabi.lib : boot_cortex_m.c.obj (.stack)
                  2000fe04    000001fc     --HOLE--

__llvm_prf_cnts 
*          0    20000000    00000000     UNINITIALIZED

MODULE SUMMARY

       Module                        code    ro data   rw data
       ------                        ----    -------   -------
    .\
       main.obj                      440     0         2      
       system_msp432p401r.obj        120     0         0      
    +--+-----------------------------+-------+---------+---------+
       Total:                        560     0         2      
                                                              
    .\ccs\
       startup_msp432p401r_ccs.obj   14      228       0      
    +--+-----------------------------+-------+---------+---------+
       Total:                        14      228       0      
                                                              
    C:/ti/simplelink_msp432p4_sdk_3_40_01_02/source/ti/devices/msp432p4xx/driverlib/ccs/msp432p4xx_driverlib.lib
       adc14.o                       1184    128       0      
       cs.o                          818     0         16     
       interrupt.o                   144     8         0      
       sysctl_a.o                    148     0         0      
       ref_a.o                       56      0         0      
       wdt_a.o                       36      0         0      
       sysctl.o                      28      0         0      
       cpu.o                         12      0         0      
    +--+-----------------------------+-------+---------+---------+
       Total:                        2426    136       16     
                                                              
    C:\Software\ti\ccs1040\ccs\tools\compiler\ti-cgt-arm_20.2.5.LTS\lib\rtsv7M4_T_le_v4SPD16_eabi.lib
       _printfi.c.obj                4851    0         0      
       defs.c.obj                    0       0         832    
       memory.c.obj                  672     0         16     
       trgmsg.c.obj                  108     0         576    
       fd_add_t2.asm.obj             438     0         0      
       host_device.c.obj             0       0         400    
       fd_div_t2.asm.obj             310     0         0      
       fputs.c.obj                   276     0         0      
       s_scalbn.c.obj                272     0         0      
       fd_cmp_t2.asm.obj             268     0         0      
       ctype.c.obj                   0       257       0      
       fd_mul_t2.asm.obj             252     0         0      
       setvbuf.c.obj                 220     0         0      
       memcpy_t2.asm.obj             156     0         0      
       ull_div_t2.asm.obj            150     0         0      
       fputc.c.obj                   140     0         0      
       memset_t2.asm.obj             122     0         0      
       fclose.c.obj                  116     0         0      
       getdevice.c.obj               116     0         0      
       hostopen.c.obj                96      0         16     
       printf.c.obj                  112     0         0      
       fd_tos_t2.asm.obj             110     0         0      
       hostrename.c.obj              108     0         0      
       copy_decompress_lzss.c.obj    104     0         0      
       hostlseek.c.obj               104     0         0      
       exit.c.obj                    76      0         24     
       fseek.c.obj                   100     0         0      
       s_frexp.c.obj                 100     0         0      
       _io_perm.c.obj                98      0         0      
       close.c.obj                   92      0         0      
       hostread.c.obj                88      0         0      
       hostwrite.c.obj               88      0         0      
       _ltoa.c.obj                   84      0         0      
       atoi.c.obj                    76      0         0      
       fflush.c.obj                  76      0         0      
       fd_toi_t2.asm.obj             72      0         0      
       autoinit.c.obj                68      0         0      
       hostclose.c.obj               68      0         0      
       hostunlink.c.obj              68      0         0      
       fs_tod_t2.asm.obj             56      0         0      
       strncpy.c.obj                 54      0         0      
       boot_cortex_m.c.obj           52      0         0      
       fopen.c.obj                   52      0         0      
       i_tofd_t2.asm.obj             46      0         0      
       unlink.c.obj                  44      0         0      
       lseek.c.obj                   40      0         0      
       write.c.obj                   40      0         0      
       memchr.c.obj                  32      0         0      
       copy_zero_init.c.obj          28      0         0      
       memccpy.c.obj                 28      0         0      
       s_copysign.c.obj              26      0         0      
       strcmp.c.obj                  24      0         0      
       strchr.c.obj                  22      0         0      
       strcpy.c.obj                  20      0         0      
       strlen.c.obj                  20      0         0      
       _lock.c.obj                   2       0         16     
       wcslen.c.obj                  18      0         0      
       errno.c.obj                   8       0         8      
       copy_decompress_none.c.obj    14      0         0      
       pre_init.c.obj                4       0         0      
       div0.asm.obj                  2       0         0      
    +--+-----------------------------+-------+---------+---------+
       Total:                        10887   257       1888   
                                                              
       Heap:                         0       0         4096   
       Stack:                        0       0         1024   
       Linker Generated:             0       140       0      
    +--+-----------------------------+-------+---------+---------+
       Grand Total:                  13887   761       7026   


LINKER GENERATED COPY TABLES

__TI_cinit_table @ 00003948 records: 2, size/record: 8, table size: 16
	.data: load addr=000038c8, load size=00000068 bytes, run addr=20000800, run size=000001e8 bytes, compression=lzss
	.bss: load addr=00003940, load size=00000008 bytes, run addr=200009e8, run size=000001d1 bytes, compression=zero_init


LINKER GENERATED HANDLER TABLE

__TI_handler_table @ 00003930 records: 3, size/record: 4, table size: 12
	index: 0, handler: __TI_decompress_lzss
	index: 1, handler: __TI_decompress_none
	index: 2, handler: __TI_zero_init


GLOBAL SYMBOLS: SORTED ALPHABETICALLY BY Name 

address   name                             
-------   ----                             
00003271  ADC14_IRQHandler                 
00003271  ADC14_IRQHandler                 
000032a1  ADC14_clearInterruptFlag         
00001ed9  ADC14_configureConversionMemory  
00002bed  ADC14_configureSingleSampleMode  
00003445  ADC14_enableConversion           
000032d1  ADC14_enableInterrupt            
000036dd  ADC14_enableModule               
000031a1  ADC14_enableSampleTimer          
000030c1  ADC14_getEnabledInterruptStatus  
000033c1  ADC14_getInterruptStatus         
0000346d  ADC14_getResult                  
00002d4d  ADC14_initModule                 
00003559  ADC14_setResolution              
00003301  ADC14_setSampleHoldTime          
000033ed  ADC14_toggleConversionTrigger    
00000b33  AES256_IRQHandler                
00000b33  BusFault_Handler                 
00003735  C$$EXIT                          
00003127  C$$IO$$                          
00000b33  COMP_E0_IRQHandler               
00000b33  COMP_E1_IRQHandler               
000036e9  CPU_cpsie                        
00000b33  CS_IRQHandler                    
00003331  CS_clearInterruptFlag            
00001b49  CS_getDCOFrequency               
00003495  CS_getMCLK                       
00000b33  DMA_ERR_IRQHandler               
00000b33  DMA_INT0_IRQHandler              
00000b33  DMA_INT1_IRQHandler              
00000b33  DMA_INT2_IRQHandler              
00000b33  DMA_INT3_IRQHandler              
00000b33  DebugMon_Handler                 
00000b33  Default_Handler                  
00000b33  EUSCIA0_IRQHandler               
00000b33  EUSCIA1_IRQHandler               
00000b33  EUSCIA2_IRQHandler               
00000b33  EUSCIA3_IRQHandler               
00000b33  EUSCIB0_IRQHandler               
00000b33  EUSCIB1_IRQHandler               
00000b33  EUSCIB2_IRQHandler               
00000b33  EUSCIB3_IRQHandler               
00000b33  FLCTL_IRQHandler                 
00000b33  FPU_IRQHandler                   
00002f71  HOSTclose                        
0000286d  HOSTlseek                        
00002b31  HOSTopen                         
00002c45  HOSTread                         
00002801  HOSTrename                       
00002fb5  HOSTunlink                       
00002c9d  HOSTwrite                        
00000b33  HardFault_Handler                
00002451  Interrupt_enableInterrupt        
000036bd  Interrupt_enableMaster           
00000b33  MemManage_Handler                
00000b33  NMI_Handler                      
00000b33  PCM_IRQHandler                   
00000b33  PORT1_IRQHandler                 
00000b33  PORT2_IRQHandler                 
00000b33  PORT3_IRQHandler                 
00000b33  PORT4_IRQHandler                 
00000b33  PORT5_IRQHandler                 
00000b33  PORT6_IRQHandler                 
00000b33  PSS_IRQHandler                   
00000b33  PendSV_Handler                   
000036f5  REF_A_enableReferenceVoltage     
00003701  REF_A_enableTempSensor           
00003579  REF_A_setReferenceVoltage        
00000b33  RTC_C_IRQHandler                 
0000370d  Reset_Handler                    
00000b33  SVC_Handler                      
00002225  SysCtl_A_getTLVInfo              
000035b9  SysCtl_getTempCalibrationConstant
00000b33  SysTick_Handler                  
000025c9  SystemInit                       
00000b33  T32_INT1_IRQHandler              
00000b33  T32_INT2_IRQHandler              
00000b33  T32_INTC_IRQHandler              
00000b33  TA0_0_IRQHandler                 
00000b33  TA0_N_IRQHandler                 
00000b33  TA1_0_IRQHandler                 
00000b33  TA1_N_IRQHandler                 
00000b33  TA2_0_IRQHandler                 
00000b33  TA2_N_IRQHandler                 
00000b33  TA3_0_IRQHandler                 
00000b33  TA3_N_IRQHandler                 
00000b33  UsageFault_Handler               
4000480c  WDTCTL_SYM                       
00000b33  WDT_A_IRQHandler                 
00003535  WDT_A_holdTimer                  
200009e8  __CIOBUF_                        
20010000  __STACK_END                      
00000200  __STACK_SIZE                     
00000800  __SYSMEM_SIZE                    
00003948  __TI_CINIT_Base                  
00003958  __TI_CINIT_Limit                 
00003930  __TI_Handler_Table_Base          
0000393c  __TI_Handler_Table_Limit         
00002ff9  __TI_auto_init_nobinit_nopinit   
000031d5  __TI_cleanup                     
200009c8  __TI_cleanup_ptr                 
00002641  __TI_closefile                   
000028d5  __TI_decompress_lzss             
000036cd  __TI_decompress_none             
00002e47  __TI_doflush                     
200009cc  __TI_dtors_ptr                   
200009d0  __TI_enable_exit_profile_output  
200009b8  __TI_ft_end                      
00002da1  __TI_ltoa                        
ffffffff  __TI_pprof_out_hndl              
000000e5  __TI_printfi                     
ffffffff  __TI_prof_data_size              
ffffffff  __TI_prof_data_start             
00003209  __TI_readmsg                     
00000000  __TI_static_base__               
20000b08  __TI_tmpnams                     
000030f9  __TI_writemsg                    
00002acf  __TI_wrt_ok                      
000035d5  __TI_zero_init_nomemset          
00002345  __aeabi_cdcmpeq                  
00002345  __aeabi_cdcmple                  
000023cb  __aeabi_cdrcmple                 
00002793  __aeabi_d2f                      
00002f29  __aeabi_d2iz                     
00000f7f  __aeabi_dadd                     
000013c9  __aeabi_ddiv                     
00001a4d  __aeabi_dmul                     
00000f75  __aeabi_dsub                     
00003719  __aeabi_errno_addr               
00003131  __aeabi_f2d                      
00003391  __aeabi_i2d                      
000014ff  __aeabi_idiv0                    
000014ff  __aeabi_ldiv0                    
0000254d  __aeabi_memclr                   
0000254d  __aeabi_memclr4                  
0000254d  __aeabi_memclr8                  
000020f1  __aeabi_memcpy                   
000020f1  __aeabi_memcpy4                  
000020f1  __aeabi_memcpy8                  
0000254f  __aeabi_memset                   
0000254f  __aeabi_memset4                  
0000254f  __aeabi_memset8                  
200009c4  __aeabi_stderr                   
200009bc  __aeabi_stdin                    
200009c0  __aeabi_stdout                   
0000218d  __aeabi_uldivmod                 
ffffffff  __binit__                        
ffffffff  __c_args__                       
UNDEFED   __mpu_init                       
2000fe00  __stack                          
20000000  __start___llvm_prf_cnts          
20000000  __stop___llvm_prf_cnts           
0000323d  _c_int00_noargs                  
00003738  _ctypes_                         
200008f0  _device                          
20000800  _ftable                          
200009d4  _lock                            
0000112b  _nop                             
20000968  _stream                          
20000000  _sys_memory                      
UNDEFED   _system_post_cinit               
00003731  _system_pre_init                 
200009d8  _unlock                          
00003735  abort                            
20000bb8  adc_done                         
0000194d  aligned_alloc                    
00002e95  atoi                             
ffffffff  binit                            
00002041  calcTempF                        
00002b91  close                            
00003629  copysign                         
00003629  copysignl                        
200009e4  errno                            
00002ee1  exit                             
00003361  finddevice                       
000022b9  fputc                            
00001625  fputs                            
00001c41  free                             
000029a5  frexp                            
000029a5  frexpl                           
00002a09  fseek                            
0000303d  getdevice                        
00000000  interruptVectors                 
00001739  ldexp                            
00001739  ldexpl                           
000034e5  lseek                            
00001e01  main                             
00003721  malloc                           
0000194d  memalign                         
0000360d  memccpy                          
00003599  memchr                           
000020f1  memcpy                           
00002555  memset                           
20000bb0  parmbuf                          
0000293d  printf                           
000022b9  putc                             
00003419  remove                           
00001739  scalbn                           
00001739  scalbnl                          
00001d25  setvbuf                          
0000365b  strchr                           
00003643  strcmp                           
00003671  strcpy                           
00003685  strlen                           
00003169  strncpy                          
00003419  unlink                           
00003699  wcslen                           
0000350d  write                            


GLOBAL SYMBOLS: SORTED BY Symbol Address 

address   name                             
-------   ----                             
00000000  __TI_static_base__               
00000000  interruptVectors                 
000000e5  __TI_printfi                     
00000200  __STACK_SIZE                     
00000800  __SYSMEM_SIZE                    
00000b33  AES256_IRQHandler                
00000b33  BusFault_Handler                 
00000b33  COMP_E0_IRQHandler               
00000b33  COMP_E1_IRQHandler               
00000b33  CS_IRQHandler                    
00000b33  DMA_ERR_IRQHandler               
00000b33  DMA_INT0_IRQHandler              
00000b33  DMA_INT1_IRQHandler              
00000b33  DMA_INT2_IRQHandler              
00000b33  DMA_INT3_IRQHandler              
00000b33  DebugMon_Handler                 
00000b33  Default_Handler                  
00000b33  EUSCIA0_IRQHandler               
00000b33  EUSCIA1_IRQHandler               
00000b33  EUSCIA2_IRQHandler               
00000b33  EUSCIA3_IRQHandler               
00000b33  EUSCIB0_IRQHandler               
00000b33  EUSCIB1_IRQHandler               
00000b33  EUSCIB2_IRQHandler               
00000b33  EUSCIB3_IRQHandler               
00000b33  FLCTL_IRQHandler                 
00000b33  FPU_IRQHandler                   
00000b33  HardFault_Handler                
00000b33  MemManage_Handler                
00000b33  NMI_Handler                      
00000b33  PCM_IRQHandler                   
00000b33  PORT1_IRQHandler                 
00000b33  PORT2_IRQHandler                 
00000b33  PORT3_IRQHandler                 
00000b33  PORT4_IRQHandler                 
00000b33  PORT5_IRQHandler                 
00000b33  PORT6_IRQHandler                 
00000b33  PSS_IRQHandler                   
00000b33  PendSV_Handler                   
00000b33  RTC_C_IRQHandler                 
00000b33  SVC_Handler                      
00000b33  SysTick_Handler                  
00000b33  T32_INT1_IRQHandler              
00000b33  T32_INT2_IRQHandler              
00000b33  T32_INTC_IRQHandler              
00000b33  TA0_0_IRQHandler                 
00000b33  TA0_N_IRQHandler                 
00000b33  TA1_0_IRQHandler                 
00000b33  TA1_N_IRQHandler                 
00000b33  TA2_0_IRQHandler                 
00000b33  TA2_N_IRQHandler                 
00000b33  TA3_0_IRQHandler                 
00000b33  TA3_N_IRQHandler                 
00000b33  UsageFault_Handler               
00000b33  WDT_A_IRQHandler                 
00000f75  __aeabi_dsub                     
00000f7f  __aeabi_dadd                     
0000112b  _nop                             
000013c9  __aeabi_ddiv                     
000014ff  __aeabi_idiv0                    
000014ff  __aeabi_ldiv0                    
00001625  fputs                            
00001739  ldexp                            
00001739  ldexpl                           
00001739  scalbn                           
00001739  scalbnl                          
0000194d  aligned_alloc                    
0000194d  memalign                         
00001a4d  __aeabi_dmul                     
00001b49  CS_getDCOFrequency               
00001c41  free                             
00001d25  setvbuf                          
00001e01  main                             
00001ed9  ADC14_configureConversionMemory  
00002041  calcTempF                        
000020f1  __aeabi_memcpy                   
000020f1  __aeabi_memcpy4                  
000020f1  __aeabi_memcpy8                  
000020f1  memcpy                           
0000218d  __aeabi_uldivmod                 
00002225  SysCtl_A_getTLVInfo              
000022b9  fputc                            
000022b9  putc                             
00002345  __aeabi_cdcmpeq                  
00002345  __aeabi_cdcmple                  
000023cb  __aeabi_cdrcmple                 
00002451  Interrupt_enableInterrupt        
0000254d  __aeabi_memclr                   
0000254d  __aeabi_memclr4                  
0000254d  __aeabi_memclr8                  
0000254f  __aeabi_memset                   
0000254f  __aeabi_memset4                  
0000254f  __aeabi_memset8                  
00002555  memset                           
000025c9  SystemInit                       
00002641  __TI_closefile                   
00002793  __aeabi_d2f                      
00002801  HOSTrename                       
0000286d  HOSTlseek                        
000028d5  __TI_decompress_lzss             
0000293d  printf                           
000029a5  frexp                            
000029a5  frexpl                           
00002a09  fseek                            
00002acf  __TI_wrt_ok                      
00002b31  HOSTopen                         
00002b91  close                            
00002bed  ADC14_configureSingleSampleMode  
00002c45  HOSTread                         
00002c9d  HOSTwrite                        
00002d4d  ADC14_initModule                 
00002da1  __TI_ltoa                        
00002e47  __TI_doflush                     
00002e95  atoi                             
00002ee1  exit                             
00002f29  __aeabi_d2iz                     
00002f71  HOSTclose                        
00002fb5  HOSTunlink                       
00002ff9  __TI_auto_init_nobinit_nopinit   
0000303d  getdevice                        
000030c1  ADC14_getEnabledInterruptStatus  
000030f9  __TI_writemsg                    
00003127  C$$IO$$                          
00003131  __aeabi_f2d                      
00003169  strncpy                          
000031a1  ADC14_enableSampleTimer          
000031d5  __TI_cleanup                     
00003209  __TI_readmsg                     
0000323d  _c_int00_noargs                  
00003271  ADC14_IRQHandler                 
00003271  ADC14_IRQHandler                 
000032a1  ADC14_clearInterruptFlag         
000032d1  ADC14_enableInterrupt            
00003301  ADC14_setSampleHoldTime          
00003331  CS_clearInterruptFlag            
00003361  finddevice                       
00003391  __aeabi_i2d                      
000033c1  ADC14_getInterruptStatus         
000033ed  ADC14_toggleConversionTrigger    
00003419  remove                           
00003419  unlink                           
00003445  ADC14_enableConversion           
0000346d  ADC14_getResult                  
00003495  CS_getMCLK                       
000034e5  lseek                            
0000350d  write                            
00003535  WDT_A_holdTimer                  
00003559  ADC14_setResolution              
00003579  REF_A_setReferenceVoltage        
00003599  memchr                           
000035b9  SysCtl_getTempCalibrationConstant
000035d5  __TI_zero_init_nomemset          
0000360d  memccpy                          
00003629  copysign                         
00003629  copysignl                        
00003643  strcmp                           
0000365b  strchr                           
00003671  strcpy                           
00003685  strlen                           
00003699  wcslen                           
000036bd  Interrupt_enableMaster           
000036cd  __TI_decompress_none             
000036dd  ADC14_enableModule               
000036e9  CPU_cpsie                        
000036f5  REF_A_enableReferenceVoltage     
00003701  REF_A_enableTempSensor           
0000370d  Reset_Handler                    
00003719  __aeabi_errno_addr               
00003721  malloc                           
00003731  _system_pre_init                 
00003735  C$$EXIT                          
00003735  abort                            
00003738  _ctypes_                         
00003930  __TI_Handler_Table_Base          
0000393c  __TI_Handler_Table_Limit         
00003948  __TI_CINIT_Base                  
00003958  __TI_CINIT_Limit                 
20000000  __start___llvm_prf_cnts          
20000000  __stop___llvm_prf_cnts           
20000000  _sys_memory                      
20000800  _ftable                          
200008f0  _device                          
20000968  _stream                          
200009b8  __TI_ft_end                      
200009bc  __aeabi_stdin                    
200009c0  __aeabi_stdout                   
200009c4  __aeabi_stderr                   
200009c8  __TI_cleanup_ptr                 
200009cc  __TI_dtors_ptr                   
200009d0  __TI_enable_exit_profile_output  
200009d4  _lock                            
200009d8  _unlock                          
200009e4  errno                            
200009e8  __CIOBUF_                        
20000b08  __TI_tmpnams                     
20000bb0  parmbuf                          
20000bb8  adc_done                         
2000fe00  __stack                          
20010000  __STACK_END                      
4000480c  WDTCTL_SYM                       
ffffffff  __TI_pprof_out_hndl              
ffffffff  __TI_prof_data_size              
ffffffff  __TI_prof_data_start             
ffffffff  __binit__                        
ffffffff  __c_args__                       
ffffffff  binit                            
UNDEFED   __mpu_init                       
UNDEFED   _system_post_cinit               

[208 symbols]
